[INFO] Flow: ('10.0.2.20', '10.0.2.30', 53, 44639, 'UDP'), Data Transferred: 44023 bytes
[WARNING] Decoding issue: Non-ASCII character found in DNS query name.
[WARNING] Decoding issue: DNS tunneling detection proceeded with potential partial query.
[INFO] Flow: ('10.0.2.30', '10.0.2.20', 44639, 53, 'UDP'), Data Transferred: 26136 bytes
[INFO] Flow: ('10.0.2.20', '10.0.2.30', 53, 44639, 'UDP'), Data Transferred: 44116 bytes
[INFO] Packet dropped: Invalid TCP packet characteristics
[INFO] Flow: ('192.168.38.105', '192.168.38.104', 8412, 63631, 'TCP'), Data Transferred: 78 bytes
[INFO] Packet dropped: Invalid TCP packet characteristics
[INFO] Packet dropped: Invalid TCP packet characteristics
[INFO] Flow: ('192.168.38.104', '192.168.38.105', 63633, 8412, 'TCP'), Data Transferred: 66 bytes
{"message": "Traffic Anomaly Detected: 192.168.38.104 shows sudden traffic spike. Current: 691, Avg: 292.3333333333333", "timestamp": 1726413832.4779167, "attack_type": "Traffic Anomaly"}
{"message": "Traffic Anomaly Detected: 192.168.38.105 shows sudden traffic spike. Current: 1474, Avg: 535.3333333333334", "timestamp": 1726413832.6435814, "attack_type": "Traffic Anomaly"}
{"message": "Traffic Anomaly Detected: 192.168.38.104 shows sudden traffic spike. Current: 1304, Avg: 598.0", "timestamp": 1726413832.7544074, "attack_type": "Traffic Anomaly"}
[INFO] Packet dropped: Invalid TCP packet characteristics
[INFO] Flow: ('192.168.38.104', '192.168.38.105', 63633, 8412, 'TCP'), Data Transferred: 120 bytes
[INFO] Flow: ('192.168.38.104', '192.168.38.105', 63633, 8412, 'TCP'), Data Transferred: 691 bytes
[INFO] Flow: ('192.168.38.105', '192.168.38.104', 8412, 63633, 'TCP'), Data Transferred: 54 bytes
[INFO] Flow: ('192.168.38.105', '192.168.38.104', 8412, 63633, 'TCP'), Data Transferred: 1474 bytes
[INFO] Flow: ('192.168.38.104', '192.168.38.105', 63633, 8412, 'TCP'), Data Transferred: 809 bytes
[INFO] Flow: ('192.168.38.105', '192.168.38.104', 8412, 63633, 'TCP'), Data Transferred: 1528 bytes
[INFO] Flow: ('192.168.38.104', '192.168.38.105', 63633, 8412, 'TCP'), Data Transferred: 1304 bytes
[INFO] Flow: ('192.168.38.105', '192.168.38.104', 8412, 63633, 'TCP'), Data Transferred: 1582 bytes
[INFO] Flow: ('192.168.38.105', '192.168.38.104', 8412, 63633, 'TCP'), Data Transferred: 1801 bytes
{"message": "Traffic Anomaly Detected: 192.168.38.104 shows sudden traffic spike. Current: 3066, Avg: 809.8", "timestamp": 1726413832.8775222, "attack_type": "Traffic Anomaly"}
[INFO] Flow: ('192.168.38.104', '192.168.38.105', 63633, 8412, 'TCP'), Data Transferred: 1358 bytes
[INFO] Packet dropped: Invalid TCP packet characteristics
[INFO] Flow: ('192.168.38.104', '192.168.38.103', 63634, 5985, 'TCP'), Data Transferred: 66 bytes
[INFO] Packet dropped: Invalid TCP packet characteristics
[INFO] Flow: ('192.168.38.104', '192.168.38.103', 63570, 5985, 'TCP'), Data Transferred: 54 bytes
[INFO] Packet dropped: Invalid TCP packet characteristics
[INFO] Flow: ('192.168.38.104', '192.168.38.103', 63634, 5985, 'TCP'), Data Transferred: 120 bytes
[INFO] Flow: ('192.168.38.104', '192.168.38.103', 63634, 5985, 'TCP'), Data Transferred: 510 bytes
[INFO] Flow: ('192.168.38.104', '192.168.38.103', 63634, 5985, 'TCP'), Data Transferred: 3066 bytes
[INFO] Flow: ('192.168.38.103', '192.168.38.104', 5985, 63634, 'TCP'), Data Transferred: 54 bytes
{"message": "Traffic Anomaly Detected: 192.168.38.104 shows sudden traffic spike. Current: 3120, Avg: 1109.8", "timestamp": 1726413833.0186288, "attack_type": "Traffic Anomaly"}
{"message": "Traffic Anomaly Detected: 192.168.38.104 shows sudden traffic spike. Current: 2664, Avg: 1114.4", "timestamp": 1726413833.1775284, "attack_type": "Traffic Anomaly"}
[INFO] Packet dropped: Invalid TCP packet characteristics
[INFO] Flow: ('192.168.38.104', '192.168.38.103', 63634, 5985, 'TCP'), Data Transferred: 3120 bytes
[INFO] Packet dropped: Invalid TCP packet characteristics
[INFO] Flow: ('192.168.38.103', '192.168.38.104', 5985, 63634, 'TCP'), Data Transferred: 108 bytes
[INFO] Flow: ('192.168.38.104', '192.168.38.103', 63635, 5985, 'TCP'), Data Transferred: 66 bytes
[INFO] Packet dropped: Invalid TCP packet characteristics
[INFO] Flow: ('192.168.38.104', '192.168.38.103', 63635, 5985, 'TCP'), Data Transferred: 120 bytes
[INFO] Flow: ('192.168.38.104', '192.168.38.103', 63635, 5985, 'TCP'), Data Transferred: 2664 bytes
[INFO] Flow: ('192.168.38.103', '192.168.38.104', 5985, 63635, 'TCP'), Data Transferred: 54 bytes
[INFO] Flow: ('192.168.38.103', '192.168.38.104', 5985, 63635, 'TCP'), Data Transferred: 449 bytes
{"message": "Traffic Anomaly Detected: 192.168.38.103 shows sudden traffic spike. Current: 449, Avg: 166.25", "timestamp": 1726413833.3273933, "attack_type": "Traffic Anomaly"}
{"message": "Traffic Anomaly Detected: 192.168.38.104 shows sudden traffic spike. Current: 3054, Avg: 1284.0", "timestamp": 1726413833.5371838, "attack_type": "Traffic Anomaly"}
{"message": "Traffic Anomaly Detected: 192.168.38.104 shows sudden traffic spike. Current: 5610, Avg: 1838.4", "timestamp": 1726413833.6433694, "attack_type": "Traffic Anomaly"}
{"message": "Traffic Anomaly Detected: 192.168.38.103 shows sudden traffic spike. Current: 503, Avg: 233.6", "timestamp": 1726413833.7952983, "attack_type": "Traffic Anomaly"}
{"message": "Traffic Anomaly Detected: 192.168.38.103 shows sudden traffic spike. Current: 2017, Avg: 530.8333333333334", "timestamp": 1726413833.962372, "attack_type": "Traffic Anomaly"}
{"message": "Traffic Anomaly Detected: 192.168.38.103 shows sudden traffic spike. Current: 2570, Avg: 822.1428571428571", "timestamp": 1726413834.1210082, "attack_type": "Traffic Anomaly"}
{"message": "Traffic Anomaly Detected: 192.168.38.104 shows sudden traffic spike. Current: 5664, Avg: 2399.4", "timestamp": 1726413834.2627726, "attack_type": "Traffic Anomaly"}
{"message": "Traffic Anomaly Detected: 192.168.38.104 shows sudden traffic spike. Current: 6054, Avg: 2992.8", "timestamp": 1726413834.3978908, "attack_type": "Traffic Anomaly"}
{"message": "Traffic Anomaly Detected: 192.168.38.104 shows sudden traffic spike. Current: 8606, Avg: 3802.4", "timestamp": 1726413834.5371299, "attack_type": "Traffic Anomaly"}
{"message": "Traffic Anomaly Detected: 192.168.38.103 shows sudden traffic spike. Current: 2624, Avg: 1047.375", "timestamp": 1726413834.6800997, "attack_type": "Traffic Anomaly"}
[INFO] Flow: ('192.168.38.104', '192.168.38.103', 63635, 5985, 'TCP'), Data Transferred: 3054 bytes
[INFO] Flow: ('192.168.38.104', '192.168.38.103', 63635, 5985, 'TCP'), Data Transferred: 5610 bytes
[INFO] Flow: ('192.168.38.103', '192.168.38.104', 5985, 63635, 'TCP'), Data Transferred: 503 bytes
[INFO] Flow: ('192.168.38.103', '192.168.38.104', 5985, 63635, 'TCP'), Data Transferred: 2017 bytes
[INFO] Flow: ('192.168.38.103', '192.168.38.104', 5985, 63635, 'TCP'), Data Transferred: 2570 bytes
[INFO] Flow: ('192.168.38.104', '192.168.38.103', 63635, 5985, 'TCP'), Data Transferred: 5664 bytes
[INFO] Flow: ('192.168.38.104', '192.168.38.103', 63635, 5985, 'TCP'), Data Transferred: 6054 bytes
[INFO] Flow: ('192.168.38.104', '192.168.38.103', 63635, 5985, 'TCP'), Data Transferred: 8606 bytes
[INFO] Flow: ('192.168.38.103', '192.168.38.104', 5985, 63635, 'TCP'), Data Transferred: 2624 bytes
[INFO] Flow: ('192.168.38.103', '192.168.38.104', 5985, 63635, 'TCP'), Data Transferred: 4138 bytes
{"message": "Traffic Anomaly Detected: 192.168.38.103 shows sudden traffic spike. Current: 4138, Avg: 1390.7777777777778", "timestamp": 1726413834.8213918, "attack_type": "Traffic Anomaly"}
{"message": "Traffic Anomaly Detected: 192.168.38.103 shows sudden traffic spike. Current: 4691, Avg: 1720.8", "timestamp": 1726413834.9794538, "attack_type": "Traffic Anomaly"}
{"message": "Intrusion Detected: HTTP Covert Channel Detected in User-Agent: Mozilla/5.0 (Windows NT 10.0; Win64; x64) AppleWebKit/537.36 (KHTML, like Gecko) Chrome/84.0.4147.105 Safari/537.36", "timestamp": 1726413835.1044247, "attack_type": "HTTP Covert Channel"}
[INFO] Flow: ('192.168.38.103', '192.168.38.104', 5985, 63635, 'TCP'), Data Transferred: 4691 bytes
[INFO] Flow: ('192.168.38.104', '192.168.38.103', 63635, 5985, 'TCP'), Data Transferred: 8660 bytes
[INFO] Flow: ('192.168.38.104', '18.217.1.57', 63636, 80, 'TCP'), Data Transferred: 66 bytes
[INFO] Flow: ('192.168.38.104', '18.217.1.57', 63637, 80, 'TCP'), Data Transferred: 66 bytes
[INFO] Packet dropped: Invalid TCP packet characteristics
[INFO] Flow: ('192.168.38.104', '18.217.1.57', 63636, 80, 'TCP'), Data Transferred: 120 bytes
[INFO] Flow: ('192.168.38.104', '18.217.1.57', 63636, 80, 'TCP'), Data Transferred: 619 bytes
[INFO] Packet dropped: Invalid TCP packet characteristics
[INFO] Flow: ('192.168.38.104', '18.217.1.57', 63637, 80, 'TCP'), Data Transferred: 120 bytes
[INFO] Flow: ('18.217.1.57', '192.168.38.104', 80, 63636, 'TCP'), Data Transferred: 54 bytes
{"message": "Traffic Anomaly Detected: 192.168.38.104 shows sudden traffic spike. Current: 7947, Avg: 2726.7", "timestamp": 1726413835.1962595, "attack_type": "Traffic Anomaly"}
[INFO] Flow: ('18.217.1.57', '192.168.38.104', 80, 63636, 'TCP'), Data Transferred: 125 bytes
[INFO] Packet dropped: Invalid TCP packet characteristics
[INFO] Flow: ('192.168.38.104', '18.217.1.57', 63636, 80, 'TCP'), Data Transferred: 673 bytes
[INFO] Packet dropped: Invalid TCP packet characteristics
[INFO] Flow: ('18.217.1.57', '192.168.38.104', 80, 63636, 'TCP'), Data Transferred: 179 bytes
[INFO] Flow: ('192.168.38.104', '192.168.38.103', 63580, 5985, 'TCP'), Data Transferred: 390 bytes
[INFO] Flow: ('192.168.38.104', '192.168.38.103', 63580, 5985, 'TCP'), Data Transferred: 7947 bytes
[INFO] Flow: ('192.168.38.103', '192.168.38.104', 5985, 63580, 'TCP'), Data Transferred: 54 bytes
[INFO] Flow: ('192.168.38.103', '192.168.38.104', 5985, 63580, 'TCP'), Data Transferred: 1568 bytes
[INFO] Flow: ('192.168.38.103', '192.168.38.104', 5985, 63580, 'TCP'), Data Transferred: 2121 bytes
{"message": "Traffic Anomaly Detected: 192.168.38.104 shows sudden traffic spike. Current: 8001, Avg: 2666.2", "timestamp": 1726413835.3369596, "attack_type": "Traffic Anomaly"}
{"message": "Traffic Anomaly Detected: 192.168.38.104 shows sudden traffic spike. Current: 8391, Avg: 2639.3", "timestamp": 1726413835.4705117, "attack_type": "Traffic Anomaly"}
{"message": "Traffic Anomaly Detected: 192.168.38.104 shows sudden traffic spike. Current: 16002, Avg: 4232.9", "timestamp": 1726413835.604556, "attack_type": "Traffic Anomaly"}
{"message": "Traffic Anomaly Detected: 192.168.38.104 shows sudden traffic spike. Current: 16056, Avg: 5831.9", "timestamp": 1726413835.6799343, "attack_type": "Traffic Anomaly"}
{"message": "Traffic Anomaly Detected: 192.168.38.104 shows sudden traffic spike. Current: 16446, Avg: 7464.5", "timestamp": 1726413835.837013, "attack_type": "Traffic Anomaly"}
{"message": "Traffic Anomaly Detected: 192.168.38.104 shows sudden traffic spike. Current: 24069, Avg: 9809.5", "timestamp": 1726413835.9708562, "attack_type": "Traffic Anomaly"}
[INFO] Flow: ('192.168.38.104', '192.168.38.103', 63580, 5985, 'TCP'), Data Transferred: 8001 bytes
[INFO] Flow: ('192.168.38.104', '192.168.38.103', 63580, 5985, 'TCP'), Data Transferred: 8391 bytes
[INFO] Flow: ('192.168.38.104', '192.168.38.103', 63580, 5985, 'TCP'), Data Transferred: 16002 bytes
[INFO] Flow: ('192.168.38.103', '192.168.38.104', 5985, 63580, 'TCP'), Data Transferred: 2175 bytes
[INFO] Flow: ('192.168.38.103', '192.168.38.104', 5985, 63580, 'TCP'), Data Transferred: 3689 bytes
[INFO] Flow: ('192.168.38.103', '192.168.38.104', 5985, 63580, 'TCP'), Data Transferred: 4242 bytes
[INFO] Flow: ('192.168.38.104', '192.168.38.103', 63580, 5985, 'TCP'), Data Transferred: 16056 bytes
[INFO] Flow: ('192.168.38.104', '192.168.38.103', 63580, 5985, 'TCP'), Data Transferred: 16446 bytes
[INFO] Flow: ('192.168.38.104', '192.168.38.103', 63580, 5985, 'TCP'), Data Transferred: 24069 bytes
[INFO] Flow: ('192.168.38.103', '192.168.38.104', 5985, 63580, 'TCP'), Data Transferred: 4296 bytes
[INFO] Flow: ('192.168.38.103', '192.168.38.104', 5985, 63580, 'TCP'), Data Transferred: 5810 bytes
[INFO] Flow: ('192.168.38.103', '192.168.38.104', 5985, 63580, 'TCP'), Data Transferred: 6363 bytes
[INFO] Flow: ('192.168.38.104', '192.168.38.103', 63580, 5985, 'TCP'), Data Transferred: 24123 bytes
[INFO] Flow: ('192.168.38.104', '192.168.38.103', 63580, 5985, 'TCP'), Data Transferred: 24513 bytes
[INFO] Flow: ('192.168.38.104', '192.168.38.103', 63580, 5985, 'TCP'), Data Transferred: 32140 bytes
[INFO] Flow: ('192.168.38.103', '192.168.38.104', 5985, 63580, 'TCP'), Data Transferred: 6417 bytes
[INFO] Flow: ('192.168.38.103', '192.168.38.104', 5985, 63580, 'TCP'), Data Transferred: 7931 bytes
[INFO] Flow: ('192.168.38.103', '192.168.38.104', 5985, 63580, 'TCP'), Data Transferred: 8484 bytes
[INFO] Flow: ('192.168.38.104', '192.168.38.103', 63580, 5985, 'TCP'), Data Transferred: 32194 bytes
[INFO] Flow: ('192.168.38.104', '192.168.38.103', 63580, 5985, 'TCP'), Data Transferred: 32584 bytes
[INFO] Flow: ('192.168.38.104', '192.168.38.103', 63580, 5985, 'TCP'), Data Transferred: 40195 bytes
[INFO] Flow: ('192.168.38.103', '192.168.38.104', 5985, 63580, 'TCP'), Data Transferred: 8538 bytes
[INFO] Flow: ('192.168.38.103', '192.168.38.104', 5985, 63580, 'TCP'), Data Transferred: 10052 bytes
[INFO] Flow: ('192.168.38.103', '192.168.38.104', 5985, 63580, 'TCP'), Data Transferred: 10605 bytes
[INFO] Flow: ('192.168.38.104', '192.168.38.103', 63580, 5985, 'TCP'), Data Transferred: 40249 bytes
[INFO] Flow: ('192.168.38.104', '192.168.38.103', 63580, 5985, 'TCP'), Data Transferred: 40639 bytes
[INFO] Flow: ('192.168.38.104', '192.168.38.103', 63580, 5985, 'TCP'), Data Transferred: 48250 bytes
[INFO] Flow: ('192.168.38.103', '192.168.38.104', 5985, 63580, 'TCP'), Data Transferred: 10659 bytes
[INFO] Flow: ('192.168.38.103', '192.168.38.104', 5985, 63580, 'TCP'), Data Transferred: 12173 bytes
[INFO] Flow: ('192.168.38.103', '192.168.38.104', 5985, 63580, 'TCP'), Data Transferred: 12726 bytes
[INFO] Flow: ('192.168.38.104', '192.168.38.103', 63580, 5985, 'TCP'), Data Transferred: 48304 bytes
[INFO] Flow: ('192.168.38.104', '192.168.38.103', 63580, 5985, 'TCP'), Data Transferred: 48694 bytes
[INFO] Flow: ('192.168.38.104', '192.168.38.103', 63580, 5985, 'TCP'), Data Transferred: 56313 bytes
[INFO] Flow: ('192.168.38.103', '192.168.38.104', 5985, 63580, 'TCP'), Data Transferred: 12780 bytes
[INFO] Flow: ('192.168.38.103', '192.168.38.104', 5985, 63580, 'TCP'), Data Transferred: 14294 bytes
[INFO] Flow: ('192.168.38.103', '192.168.38.104', 5985, 63580, 'TCP'), Data Transferred: 14847 bytes
[INFO] Flow: ('192.168.38.104', '192.168.38.103', 63580, 5985, 'TCP'), Data Transferred: 56367 bytes
[INFO] Flow: ('192.168.38.104', '192.168.38.103', 63580, 5985, 'TCP'), Data Transferred: 56757 bytes
[INFO] Flow: ('192.168.38.104', '192.168.38.103', 63580, 5985, 'TCP'), Data Transferred: 64360 bytes
[INFO] Flow: ('192.168.38.103', '192.168.38.104', 5985, 63580, 'TCP'), Data Transferred: 14901 bytes
[INFO] Flow: ('192.168.38.103', '192.168.38.104', 5985, 63580, 'TCP'), Data Transferred: 16415 bytes
[INFO] Flow: ('192.168.38.103', '192.168.38.104', 5985, 63580, 'TCP'), Data Transferred: 16968 bytes
[INFO] Flow: ('192.168.38.104', '192.168.38.103', 63580, 5985, 'TCP'), Data Transferred: 64414 bytes
[INFO] Flow: ('192.168.38.104', '192.168.38.103', 63580, 5985, 'TCP'), Data Transferred: 64804 bytes
[INFO] Flow: ('192.168.38.104', '192.168.38.103', 63580, 5985, 'TCP'), Data Transferred: 72415 bytes
[INFO] Flow: ('192.168.38.103', '192.168.38.104', 5985, 63580, 'TCP'), Data Transferred: 17022 bytes
[INFO] Flow: ('192.168.38.103', '192.168.38.104', 5985, 63580, 'TCP'), Data Transferred: 18536 bytes
[INFO] Flow: ('192.168.38.103', '192.168.38.104', 5985, 63580, 'TCP'), Data Transferred: 19089 bytes
[INFO] Flow: ('192.168.38.104', '192.168.38.103', 63580, 5985, 'TCP'), Data Transferred: 72469 bytes
[INFO] Flow: ('192.168.38.104', '192.168.38.103', 63580, 5985, 'TCP'), Data Transferred: 72859 bytes
[INFO] Flow: ('192.168.38.104', '192.168.38.103', 63580, 5985, 'TCP'), Data Transferred: 80462 bytes
[INFO] Flow: ('192.168.38.103', '192.168.38.104', 5985, 63580, 'TCP'), Data Transferred: 19143 bytes
[INFO] Flow: ('192.168.38.103', '192.168.38.104', 5985, 63580, 'TCP'), Data Transferred: 20657 bytes
[INFO] Flow: ('192.168.38.103', '192.168.38.104', 5985, 63580, 'TCP'), Data Transferred: 21210 bytes
[INFO] Flow: ('192.168.38.104', '192.168.38.103', 63580, 5985, 'TCP'), Data Transferred: 80516 bytes
[INFO] Flow: ('192.168.38.104', '192.168.38.103', 63580, 5985, 'TCP'), Data Transferred: 80906 bytes
[INFO] Flow: ('192.168.38.104', '192.168.38.103', 63580, 5985, 'TCP'), Data Transferred: 88517 bytes
[INFO] Flow: ('192.168.38.103', '192.168.38.104', 5985, 63580, 'TCP'), Data Transferred: 21264 bytes
[INFO] Flow: ('192.168.38.103', '192.168.38.104', 5985, 63580, 'TCP'), Data Transferred: 22778 bytes
[INFO] Flow: ('192.168.38.103', '192.168.38.104', 5985, 63580, 'TCP'), Data Transferred: 23331 bytes
[INFO] Flow: ('192.168.38.104', '192.168.38.103', 63580, 5985, 'TCP'), Data Transferred: 88571 bytes
[INFO] Flow: ('192.168.38.104', '192.168.38.103', 63580, 5985, 'TCP'), Data Transferred: 88961 bytes
[INFO] Flow: ('192.168.38.104', '192.168.38.103', 63580, 5985, 'TCP'), Data Transferred: 96572 bytes
[INFO] Flow: ('192.168.38.103', '192.168.38.104', 5985, 63580, 'TCP'), Data Transferred: 23385 bytes
[INFO] Flow: ('192.168.38.103', '192.168.38.104', 5985, 63580, 'TCP'), Data Transferred: 24899 bytes
[INFO] Flow: ('192.168.38.103', '192.168.38.104', 5985, 63580, 'TCP'), Data Transferred: 25452 bytes
[INFO] Flow: ('192.168.38.104', '192.168.38.103', 63580, 5985, 'TCP'), Data Transferred: 96626 bytes
[INFO] Flow: ('192.168.38.104', '192.168.38.103', 63580, 5985, 'TCP'), Data Transferred: 97016 bytes
[INFO] Flow: ('192.168.38.104', '192.168.38.103', 63580, 5985, 'TCP'), Data Transferred: 104623 bytes
[INFO] Flow: ('192.168.38.103', '192.168.38.104', 5985, 63580, 'TCP'), Data Transferred: 25506 bytes
[INFO] Flow: ('192.168.38.103', '192.168.38.104', 5985, 63580, 'TCP'), Data Transferred: 27020 bytes
[INFO] Flow: ('192.168.38.103', '192.168.38.104', 5985, 63580, 'TCP'), Data Transferred: 27573 bytes
[INFO] Flow: ('192.168.38.104', '192.168.38.103', 63580, 5985, 'TCP'), Data Transferred: 104677 bytes
[INFO] Flow: ('192.168.38.104', '192.168.38.103', 63580, 5985, 'TCP'), Data Transferred: 105067 bytes
[INFO] Flow: ('192.168.38.104', '192.168.38.103', 63580, 5985, 'TCP'), Data Transferred: 112678 bytes
[INFO] Flow: ('192.168.38.103', '192.168.38.104', 5985, 63580, 'TCP'), Data Transferred: 27627 bytes
[INFO] Flow: ('192.168.38.103', '192.168.38.104', 5985, 63580, 'TCP'), Data Transferred: 29141 bytes
[INFO] Flow: ('192.168.38.103', '192.168.38.104', 5985, 63580, 'TCP'), Data Transferred: 29694 bytes
[INFO] Flow: ('192.168.38.104', '192.168.38.103', 63580, 5985, 'TCP'), Data Transferred: 112732 bytes
[INFO] Flow: ('192.168.38.104', '192.168.38.103', 63580, 5985, 'TCP'), Data Transferred: 113122 bytes
[INFO] Flow: ('192.168.38.104', '192.168.38.103', 63580, 5985, 'TCP'), Data Transferred: 120741 bytes
[INFO] Flow: ('192.168.38.103', '192.168.38.104', 5985, 63580, 'TCP'), Data Transferred: 29748 bytes
[INFO] Flow: ('192.168.38.103', '192.168.38.104', 5985, 63580, 'TCP'), Data Transferred: 31262 bytes
[INFO] Flow: ('192.168.38.103', '192.168.38.104', 5985, 63580, 'TCP'), Data Transferred: 31815 bytes
[INFO] Flow: ('192.168.38.104', '192.168.38.103', 63580, 5985, 'TCP'), Data Transferred: 120795 bytes
[INFO] Flow: ('192.168.38.104', '192.168.38.103', 63580, 5985, 'TCP'), Data Transferred: 121185 bytes
[INFO] Flow: ('192.168.38.104', '192.168.38.103', 63580, 5985, 'TCP'), Data Transferred: 128804 bytes
[INFO] Flow: ('192.168.38.103', '192.168.38.104', 5985, 63580, 'TCP'), Data Transferred: 31869 bytes
[INFO] Flow: ('192.168.38.103', '192.168.38.104', 5985, 63580, 'TCP'), Data Transferred: 33383 bytes
[INFO] Flow: ('192.168.38.103', '192.168.38.104', 5985, 63580, 'TCP'), Data Transferred: 33936 bytes
[INFO] Flow: ('192.168.38.104', '192.168.38.103', 63580, 5985, 'TCP'), Data Transferred: 128858 bytes
[INFO] Flow: ('192.168.38.104', '192.168.38.103', 63580, 5985, 'TCP'), Data Transferred: 129248 bytes
[INFO] Flow: ('192.168.38.104', '192.168.38.103', 63580, 5985, 'TCP'), Data Transferred: 136863 bytes
[INFO] Flow: ('192.168.38.103', '192.168.38.104', 5985, 63580, 'TCP'), Data Transferred: 33990 bytes
[INFO] Flow: ('192.168.38.103', '192.168.38.104', 5985, 63580, 'TCP'), Data Transferred: 35504 bytes
[INFO] Flow: ('192.168.38.103', '192.168.38.104', 5985, 63580, 'TCP'), Data Transferred: 36057 bytes
[INFO] Flow: ('192.168.38.104', '192.168.38.103', 63580, 5985, 'TCP'), Data Transferred: 136917 bytes
[INFO] Flow: ('192.168.38.104', '192.168.38.103', 63580, 5985, 'TCP'), Data Transferred: 137307 bytes
[INFO] Flow: ('192.168.38.104', '192.168.38.103', 63580, 5985, 'TCP'), Data Transferred: 144914 bytes
[INFO] Flow: ('192.168.38.103', '192.168.38.104', 5985, 63580, 'TCP'), Data Transferred: 36111 bytes
[INFO] Flow: ('192.168.38.103', '192.168.38.104', 5985, 63580, 'TCP'), Data Transferred: 37625 bytes
[INFO] Flow: ('192.168.38.103', '192.168.38.104', 5985, 63580, 'TCP'), Data Transferred: 38178 bytes
[INFO] Flow: ('192.168.38.104', '192.168.38.103', 63580, 5985, 'TCP'), Data Transferred: 144968 bytes
[INFO] Flow: ('192.168.38.104', '192.168.38.103', 63580, 5985, 'TCP'), Data Transferred: 145358 bytes
[INFO] Flow: ('192.168.38.104', '192.168.38.103', 63580, 5985, 'TCP'), Data Transferred: 152965 bytes
[INFO] Flow: ('192.168.38.103', '192.168.38.104', 5985, 63580, 'TCP'), Data Transferred: 38232 bytes
[INFO] Flow: ('192.168.38.103', '192.168.38.104', 5985, 63580, 'TCP'), Data Transferred: 39746 bytes
[INFO] Flow: ('192.168.38.103', '192.168.38.104', 5985, 63580, 'TCP'), Data Transferred: 40299 bytes
[INFO] Flow: ('192.168.38.104', '192.168.38.103', 63580, 5985, 'TCP'), Data Transferred: 153019 bytes
[INFO] Flow: ('192.168.38.104', '216.58.194.196', 63638, 443, 'TCP'), Data Transferred: 66 bytes
{"message": "Traffic Anomaly Detected: 192.168.38.104 shows sudden traffic spike. Current: 153409, Avg: 60897.2", "timestamp": 1726413836.7101767, "attack_type": "Traffic Anomaly"}
[INFO] Packet dropped: Invalid TCP packet characteristics
[INFO] Flow: ('192.168.38.104', '216.58.194.196', 63638, 443, 'TCP'), Data Transferred: 120 bytes
[INFO] Flow: ('192.168.38.104', '216.58.194.196', 63638, 443, 'TCP'), Data Transferred: 754 bytes
[INFO] Flow: ('216.58.194.196', '192.168.38.104', 443, 63638, 'TCP'), Data Transferred: 54 bytes
[INFO] Flow: ('216.58.194.196', '192.168.38.104', 443, 63638, 'TCP'), Data Transferred: 320 bytes
[INFO] Flow: ('192.168.38.104', '216.58.194.196', 63638, 443, 'TCP'), Data Transferred: 872 bytes
[INFO] Flow: ('192.168.38.104', '216.58.194.196', 63638, 443, 'TCP'), Data Transferred: 1018 bytes
[INFO] Flow: ('192.168.38.104', '216.58.194.196', 63638, 443, 'TCP'), Data Transferred: 1391 bytes
[INFO] Flow: ('192.168.38.104', '192.168.38.103', 63580, 5985, 'TCP'), Data Transferred: 153409 bytes
[INFO] Flow: ('192.168.38.104', '192.168.38.103', 63580, 5985, 'TCP'), Data Transferred: 161024 bytes
{"message": "Traffic Anomaly Detected: 192.168.38.104 shows sudden traffic spike. Current: 161024, Avg: 62463.8", "timestamp": 1726413836.813114, "attack_type": "Traffic Anomaly"}
{"message": "Traffic Anomaly Detected: 216.58.194.196 shows sudden traffic spike. Current: 1008, Avg: 439.0", "timestamp": 1726413837.0381198, "attack_type": "Traffic Anomaly"}
{"message": "Traffic Anomaly Detected: 192.168.38.104 shows sudden traffic spike. Current: 161078, Avg: 48264.1", "timestamp": 1726413837.221427, "attack_type": "Traffic Anomaly"}
[INFO] Flow: ('192.168.38.103', '192.168.38.104', 5985, 63580, 'TCP'), Data Transferred: 40353 bytes
[INFO] Flow: ('216.58.194.196', '192.168.38.104', 443, 63638, 'TCP'), Data Transferred: 374 bytes
[INFO] Flow: ('216.58.194.196', '192.168.38.104', 443, 63638, 'TCP'), Data Transferred: 1008 bytes
[INFO] Flow: ('216.58.194.196', '192.168.38.104', 443, 63638, 'TCP'), Data Transferred: 1093 bytes
[INFO] Flow: ('192.168.38.104', '216.58.194.196', 63638, 443, 'TCP'), Data Transferred: 1445 bytes
[INFO] Flow: ('192.168.38.104', '216.58.194.196', 63638, 443, 'TCP'), Data Transferred: 1530 bytes
[INFO] Flow: ('192.168.38.103', '192.168.38.104', 5985, 63580, 'TCP'), Data Transferred: 41867 bytes
[INFO] Flow: ('192.168.38.103', '192.168.38.104', 5985, 63580, 'TCP'), Data Transferred: 42420 bytes
[INFO] Flow: ('192.168.38.104', '192.168.38.103', 63580, 5985, 'TCP'), Data Transferred: 161078 bytes
[INFO] Flow: ('216.58.194.196', '192.168.38.104', 443, 63638, 'TCP'), Data Transferred: 1147 bytes
{"message": "Traffic Anomaly Detected: 192.168.38.104 shows sudden traffic spike. Current: 161468, Avg: 64398.9", "timestamp": 1726413837.3870258, "attack_type": "Traffic Anomaly"}
{"message": "Traffic Anomaly Detected: 192.168.38.104 shows sudden traffic spike. Current: 169083, Avg: 81231.8", "timestamp": 1726413837.5621798, "attack_type": "Traffic Anomaly"}
[INFO] Flow: ('192.168.38.104', '192.168.38.103', 63580, 5985, 'TCP'), Data Transferred: 161468 bytes
[INFO] Flow: ('192.168.38.104', '192.168.38.103', 63580, 5985, 'TCP'), Data Transferred: 169083 bytes
[INFO] Flow: ('192.168.38.103', '192.168.38.104', 5985, 63580, 'TCP'), Data Transferred: 42474 bytes
[INFO] Flow: ('192.168.38.103', '192.168.38.104', 5985, 63580, 'TCP'), Data Transferred: 43988 bytes
[INFO] Flow: ('192.168.38.103', '192.168.38.104', 5985, 63580, 'TCP'), Data Transferred: 44541 bytes
[INFO] Flow: ('192.168.38.104', '192.168.38.103', 63580, 5985, 'TCP'), Data Transferred: 169137 bytes
[INFO] Flow: ('192.168.38.104', '192.168.38.103', 63580, 5985, 'TCP'), Data Transferred: 169527 bytes
[INFO] Flow: ('192.168.38.104', '192.168.38.103', 63580, 5985, 'TCP'), Data Transferred: 177134 bytes
[INFO] Flow: ('192.168.38.103', '192.168.38.104', 5985, 63580, 'TCP'), Data Transferred: 44595 bytes
[INFO] Flow: ('192.168.38.103', '192.168.38.104', 5985, 63580, 'TCP'), Data Transferred: 46109 bytes
[INFO] Flow: ('192.168.38.103', '192.168.38.104', 5985, 63580, 'TCP'), Data Transferred: 46662 bytes
[INFO] Flow: ('192.168.38.104', '192.168.38.103', 63580, 5985, 'TCP'), Data Transferred: 177188 bytes
[INFO] Flow: ('192.168.38.104', '192.168.38.103', 63580, 5985, 'TCP'), Data Transferred: 177578 bytes
[INFO] Flow: ('192.168.38.104', '192.168.38.103', 63580, 5985, 'TCP'), Data Transferred: 185189 bytes
[INFO] Flow: ('192.168.38.103', '192.168.38.104', 5985, 63580, 'TCP'), Data Transferred: 46716 bytes
[INFO] Flow: ('192.168.38.103', '192.168.38.104', 5985, 63580, 'TCP'), Data Transferred: 48230 bytes
[INFO] Flow: ('192.168.38.103', '192.168.38.104', 5985, 63580, 'TCP'), Data Transferred: 48783 bytes
[INFO] Flow: ('192.168.38.104', '192.168.38.103', 63580, 5985, 'TCP'), Data Transferred: 185243 bytes
[INFO] Flow: ('192.168.38.104', '192.168.38.103', 63580, 5985, 'TCP'), Data Transferred: 185633 bytes
[INFO] Flow: ('192.168.38.104', '192.168.38.103', 63580, 5985, 'TCP'), Data Transferred: 193252 bytes
[INFO] Flow: ('192.168.38.103', '192.168.38.104', 5985, 63580, 'TCP'), Data Transferred: 48837 bytes
[INFO] Flow: ('192.168.38.103', '192.168.38.104', 5985, 63580, 'TCP'), Data Transferred: 50351 bytes
[INFO] Flow: ('192.168.38.103', '192.168.38.104', 5985, 63580, 'TCP'), Data Transferred: 50904 bytes
[INFO] Flow: ('192.168.38.104', '192.168.38.103', 63580, 5985, 'TCP'), Data Transferred: 193306 bytes
[INFO] Flow: ('192.168.38.104', '192.168.38.103', 63580, 5985, 'TCP'), Data Transferred: 193696 bytes
[INFO] Flow: ('192.168.38.104', '192.168.38.103', 63580, 5985, 'TCP'), Data Transferred: 201315 bytes
[INFO] Flow: ('192.168.38.103', '192.168.38.104', 5985, 63580, 'TCP'), Data Transferred: 50958 bytes
[INFO] Flow: ('192.168.38.103', '192.168.38.104', 5985, 63580, 'TCP'), Data Transferred: 52472 bytes
[INFO] Flow: ('192.168.38.103', '192.168.38.104', 5985, 63580, 'TCP'), Data Transferred: 53025 bytes
[INFO] Flow: ('192.168.38.104', '192.168.38.103', 63580, 5985, 'TCP'), Data Transferred: 201369 bytes
[INFO] Flow: ('192.168.38.104', '192.168.38.103', 63580, 5985, 'TCP'), Data Transferred: 201759 bytes
[INFO] Flow: ('192.168.38.104', '192.168.38.103', 63580, 5985, 'TCP'), Data Transferred: 209374 bytes
[INFO] Flow: ('192.168.38.103', '192.168.38.104', 5985, 63580, 'TCP'), Data Transferred: 53079 bytes
[INFO] Flow: ('216.58.194.196', '192.168.38.104', 443, 63638, 'TCP'), Data Transferred: 1568 bytes
[INFO] Flow: ('192.168.38.103', '192.168.38.104', 5985, 63580, 'TCP'), Data Transferred: 54593 bytes
[INFO] Flow: ('192.168.38.103', '192.168.38.104', 5985, 63580, 'TCP'), Data Transferred: 55146 bytes
[INFO] Flow: ('216.58.194.196', '192.168.38.104', 443, 63638, 'TCP'), Data Transferred: 1747 bytes
[INFO] Flow: ('192.168.38.104', '192.168.38.103', 63580, 5985, 'TCP'), Data Transferred: 209428 bytes
[INFO] Flow: ('192.168.38.104', '216.58.194.196', 63638, 443, 'TCP'), Data Transferred: 1584 bytes
[INFO] Flow: ('216.58.194.196', '192.168.38.104', 443, 63638, 'TCP'), Data Transferred: 1833 bytes
[INFO] Flow: ('216.58.194.196', '192.168.38.104', 443, 63638, 'TCP'), Data Transferred: 1918 bytes
[INFO] Flow: ('192.168.38.104', '216.58.194.196', 63638, 443, 'TCP'), Data Transferred: 1638 bytes
[INFO] Flow: ('216.58.194.196', '192.168.38.104', 443, 63638, 'TCP'), Data Transferred: 2011 bytes
[INFO] Flow: ('192.168.38.104', '216.58.194.196', 63638, 443, 'TCP'), Data Transferred: 1731 bytes
[INFO] Flow: ('216.58.194.196', '192.168.38.104', 443, 63638, 'TCP'), Data Transferred: 2065 bytes
[INFO] Flow: ('192.168.38.104', '192.168.38.103', 63580, 5985, 'TCP'), Data Transferred: 209818 bytes
[INFO] Flow: ('192.168.38.104', '192.168.38.103', 63580, 5985, 'TCP'), Data Transferred: 217453 bytes
[INFO] Flow: ('192.168.38.103', '192.168.38.104', 5985, 63580, 'TCP'), Data Transferred: 55200 bytes
[INFO] Flow: ('192.168.38.103', '192.168.38.104', 5985, 63580, 'TCP'), Data Transferred: 56714 bytes
[INFO] Flow: ('192.168.38.103', '192.168.38.104', 5985, 63580, 'TCP'), Data Transferred: 57267 bytes
[INFO] Flow: ('192.168.38.104', '192.168.38.103', 63580, 5985, 'TCP'), Data Transferred: 217507 bytes
[INFO] Flow: ('192.168.38.104', '192.168.38.103', 63580, 5985, 'TCP'), Data Transferred: 217897 bytes
[INFO] Flow: ('192.168.38.104', '192.168.38.103', 63580, 5985, 'TCP'), Data Transferred: 225520 bytes
[INFO] Flow: ('192.168.38.103', '192.168.38.104', 5985, 63580, 'TCP'), Data Transferred: 57321 bytes
[INFO] Flow: ('192.168.38.103', '192.168.38.104', 5985, 63580, 'TCP'), Data Transferred: 58835 bytes
[INFO] Flow: ('192.168.38.103', '192.168.38.104', 5985, 63580, 'TCP'), Data Transferred: 59388 bytes
[INFO] Flow: ('192.168.38.104', '192.168.38.103', 63580, 5985, 'TCP'), Data Transferred: 225574 bytes
[INFO] Flow: ('192.168.38.104', '192.168.38.103', 63580, 5985, 'TCP'), Data Transferred: 225964 bytes
[INFO] Flow: ('192.168.38.104', '192.168.38.103', 63580, 5985, 'TCP'), Data Transferred: 233587 bytes
[INFO] Flow: ('192.168.38.103', '192.168.38.104', 5985, 63580, 'TCP'), Data Transferred: 59442 bytes
[INFO] Flow: ('192.168.38.103', '192.168.38.104', 5985, 63580, 'TCP'), Data Transferred: 60956 bytes
[INFO] Flow: ('192.168.38.103', '192.168.38.104', 5985, 63580, 'TCP'), Data Transferred: 61509 bytes
[INFO] Flow: ('192.168.38.104', '192.168.38.103', 63580, 5985, 'TCP'), Data Transferred: 233641 bytes
[INFO] Flow: ('192.168.38.104', '192.168.38.103', 63580, 5985, 'TCP'), Data Transferred: 234031 bytes
[INFO] Flow: ('192.168.38.104', '192.168.38.103', 63580, 5985, 'TCP'), Data Transferred: 241654 bytes
[INFO] Flow: ('192.168.38.103', '192.168.38.104', 5985, 63580, 'TCP'), Data Transferred: 61563 bytes
[INFO] Flow: ('192.168.38.103', '192.168.38.104', 5985, 63580, 'TCP'), Data Transferred: 63077 bytes
[INFO] Flow: ('192.168.38.103', '192.168.38.104', 5985, 63580, 'TCP'), Data Transferred: 63630 bytes
[INFO] Flow: ('192.168.38.104', '192.168.38.103', 63580, 5985, 'TCP'), Data Transferred: 241708 bytes
[INFO] Flow: ('192.168.38.104', '192.168.38.103', 63580, 5985, 'TCP'), Data Transferred: 242098 bytes
[INFO] Flow: ('192.168.38.104', '192.168.38.103', 63580, 5985, 'TCP'), Data Transferred: 249721 bytes
[INFO] Flow: ('192.168.38.103', '192.168.38.104', 5985, 63580, 'TCP'), Data Transferred: 63684 bytes
[INFO] Flow: ('192.168.38.103', '192.168.38.104', 5985, 63580, 'TCP'), Data Transferred: 65198 bytes
[INFO] Flow: ('192.168.38.103', '192.168.38.104', 5985, 63580, 'TCP'), Data Transferred: 65751 bytes
[INFO] Flow: ('192.168.38.104', '192.168.38.103', 63580, 5985, 'TCP'), Data Transferred: 249775 bytes
[INFO] Flow: ('192.168.38.104', '192.168.38.103', 63580, 5985, 'TCP'), Data Transferred: 250165 bytes
[INFO] Flow: ('192.168.38.104', '192.168.38.103', 63580, 5985, 'TCP'), Data Transferred: 257780 bytes
[INFO] Flow: ('192.168.38.103', '192.168.38.104', 5985, 63580, 'TCP'), Data Transferred: 65805 bytes
[INFO] Flow: ('192.168.38.103', '192.168.38.104', 5985, 63580, 'TCP'), Data Transferred: 67319 bytes
[INFO] Flow: ('192.168.38.103', '192.168.38.104', 5985, 63580, 'TCP'), Data Transferred: 67872 bytes
[INFO] Flow: ('192.168.38.104', '192.168.38.103', 63580, 5985, 'TCP'), Data Transferred: 257834 bytes
[INFO] Flow: ('192.168.38.104', '192.168.38.103', 63580, 5985, 'TCP'), Data Transferred: 258224 bytes
[INFO] Flow: ('192.168.38.104', '192.168.38.103', 63580, 5985, 'TCP'), Data Transferred: 265839 bytes
[INFO] Flow: ('192.168.38.103', '192.168.38.104', 5985, 63580, 'TCP'), Data Transferred: 67926 bytes
[INFO] Flow: ('192.168.38.103', '192.168.38.104', 5985, 63580, 'TCP'), Data Transferred: 69440 bytes
[INFO] Flow: ('192.168.38.103', '192.168.38.104', 5985, 63580, 'TCP'), Data Transferred: 69993 bytes
[INFO] Flow: ('192.168.38.104', '192.168.38.103', 63580, 5985, 'TCP'), Data Transferred: 265893 bytes
[INFO] Flow: ('192.168.38.104', '192.168.38.103', 63580, 5985, 'TCP'), Data Transferred: 266283 bytes
[INFO] Flow: ('192.168.38.104', '192.168.38.103', 63580, 5985, 'TCP'), Data Transferred: 273898 bytes
[INFO] Flow: ('192.168.38.103', '192.168.38.104', 5985, 63580, 'TCP'), Data Transferred: 70047 bytes
[INFO] Flow: ('192.168.38.103', '192.168.38.104', 5985, 63580, 'TCP'), Data Transferred: 71561 bytes
[INFO] Flow: ('192.168.38.103', '192.168.38.104', 5985, 63580, 'TCP'), Data Transferred: 72114 bytes
[INFO] Flow: ('192.168.38.104', '192.168.38.103', 63580, 5985, 'TCP'), Data Transferred: 273952 bytes
[INFO] Flow: ('192.168.38.104', '192.168.38.103', 63580, 5985, 'TCP'), Data Transferred: 274342 bytes
[INFO] Flow: ('192.168.38.104', '192.168.38.103', 63580, 5985, 'TCP'), Data Transferred: 281965 bytes
[INFO] Flow: ('192.168.38.103', '192.168.38.104', 5985, 63580, 'TCP'), Data Transferred: 72168 bytes
[INFO] Flow: ('192.168.38.103', '192.168.38.104', 5985, 63580, 'TCP'), Data Transferred: 73682 bytes
[INFO] Flow: ('192.168.38.103', '192.168.38.104', 5985, 63580, 'TCP'), Data Transferred: 74235 bytes
[INFO] Flow: ('192.168.38.104', '192.168.38.103', 63580, 5985, 'TCP'), Data Transferred: 282019 bytes
[INFO] Flow: ('192.168.38.104', '192.168.38.103', 63580, 5985, 'TCP'), Data Transferred: 282409 bytes
[INFO] Flow: ('192.168.38.104', '192.168.38.103', 63580, 5985, 'TCP'), Data Transferred: 290020 bytes
[INFO] Flow: ('192.168.38.103', '192.168.38.104', 5985, 63580, 'TCP'), Data Transferred: 74289 bytes
[INFO] Flow: ('192.168.38.103', '192.168.38.104', 5985, 63580, 'TCP'), Data Transferred: 75803 bytes
[INFO] Flow: ('192.168.38.103', '192.168.38.104', 5985, 63580, 'TCP'), Data Transferred: 76356 bytes
[INFO] Flow: ('192.168.38.104', '192.168.38.103', 63580, 5985, 'TCP'), Data Transferred: 290074 bytes
[INFO] Flow: ('192.168.38.104', '192.168.38.103', 63580, 5985, 'TCP'), Data Transferred: 290464 bytes
[INFO] Flow: ('192.168.38.104', '192.168.38.103', 63580, 5985, 'TCP'), Data Transferred: 298075 bytes
[INFO] Flow: ('192.168.38.103', '192.168.38.104', 5985, 63580, 'TCP'), Data Transferred: 76410 bytes
[INFO] Flow: ('192.168.38.103', '192.168.38.104', 5985, 63580, 'TCP'), Data Transferred: 77924 bytes
[INFO] Flow: ('192.168.38.103', '192.168.38.104', 5985, 63580, 'TCP'), Data Transferred: 78477 bytes
[INFO] Flow: ('192.168.38.104', '192.168.38.103', 63580, 5985, 'TCP'), Data Transferred: 298129 bytes
[INFO] Flow: ('192.168.38.104', '192.168.38.103', 63580, 5985, 'TCP'), Data Transferred: 298519 bytes
[INFO] Flow: ('192.168.38.104', '192.168.38.103', 63580, 5985, 'TCP'), Data Transferred: 306126 bytes
[INFO] Flow: ('192.168.38.103', '192.168.38.104', 5985, 63580, 'TCP'), Data Transferred: 78531 bytes
[INFO] Flow: ('192.168.38.103', '192.168.38.104', 5985, 63580, 'TCP'), Data Transferred: 80045 bytes
[INFO] Flow: ('192.168.38.103', '192.168.38.104', 5985, 63580, 'TCP'), Data Transferred: 80598 bytes
[INFO] Flow: ('192.168.38.104', '192.168.38.103', 63580, 5985, 'TCP'), Data Transferred: 306180 bytes
[INFO] Flow: ('192.168.38.104', '192.168.38.103', 63580, 5985, 'TCP'), Data Transferred: 306570 bytes
[INFO] Flow: ('192.168.38.104', '192.168.38.103', 63580, 5985, 'TCP'), Data Transferred: 314185 bytes
[INFO] Flow: ('192.168.38.103', '192.168.38.104', 5985, 63580, 'TCP'), Data Transferred: 80652 bytes
[INFO] Flow: ('192.168.38.103', '192.168.38.104', 5985, 63580, 'TCP'), Data Transferred: 82166 bytes
[INFO] Flow: ('192.168.38.103', '192.168.38.104', 5985, 63580, 'TCP'), Data Transferred: 82719 bytes
[INFO] Flow: ('192.168.38.104', '192.168.38.103', 63580, 5985, 'TCP'), Data Transferred: 314239 bytes
[INFO] Flow: ('192.168.38.104', '192.168.38.103', 63580, 5985, 'TCP'), Data Transferred: 314629 bytes
[INFO] Flow: ('192.168.38.104', '192.168.38.103', 63580, 5985, 'TCP'), Data Transferred: 322244 bytes
[INFO] Flow: ('192.168.38.103', '192.168.38.104', 5985, 63580, 'TCP'), Data Transferred: 82773 bytes
[INFO] Flow: ('192.168.38.103', '192.168.38.104', 5985, 63580, 'TCP'), Data Transferred: 84287 bytes
[INFO] Flow: ('192.168.38.103', '192.168.38.104', 5985, 63580, 'TCP'), Data Transferred: 84840 bytes
[INFO] Flow: ('192.168.38.104', '192.168.38.103', 63580, 5985, 'TCP'), Data Transferred: 322298 bytes
[INFO] Flow: ('192.168.38.104', '192.168.38.103', 63580, 5985, 'TCP'), Data Transferred: 322688 bytes
[INFO] Flow: ('192.168.38.104', '192.168.38.103', 63580, 5985, 'TCP'), Data Transferred: 330311 bytes
[INFO] Flow: ('192.168.38.103', '192.168.38.104', 5985, 63580, 'TCP'), Data Transferred: 84894 bytes
[INFO] Flow: ('192.168.38.103', '192.168.38.104', 5985, 63580, 'TCP'), Data Transferred: 86408 bytes
[INFO] Flow: ('192.168.38.103', '192.168.38.104', 5985, 63580, 'TCP'), Data Transferred: 86961 bytes
[INFO] Flow: ('192.168.38.104', '192.168.38.103', 63580, 5985, 'TCP'), Data Transferred: 330365 bytes
[INFO] Flow: ('192.168.38.104', '192.168.38.103', 63580, 5985, 'TCP'), Data Transferred: 330755 bytes
[INFO] Flow: ('192.168.38.104', '192.168.38.103', 63580, 5985, 'TCP'), Data Transferred: 338386 bytes
[INFO] Flow: ('192.168.38.103', '192.168.38.104', 5985, 63580, 'TCP'), Data Transferred: 87015 bytes
[INFO] Flow: ('192.168.38.103', '192.168.38.104', 5985, 63580, 'TCP'), Data Transferred: 88529 bytes
[INFO] Flow: ('192.168.38.103', '192.168.38.104', 5985, 63580, 'TCP'), Data Transferred: 89082 bytes
[INFO] Flow: ('192.168.38.104', '192.168.38.103', 63580, 5985, 'TCP'), Data Transferred: 338440 bytes
[INFO] Flow: ('192.168.38.104', '192.168.38.103', 63580, 5985, 'TCP'), Data Transferred: 338830 bytes
[INFO] Flow: ('192.168.38.104', '192.168.38.103', 63580, 5985, 'TCP'), Data Transferred: 346441 bytes
[INFO] Flow: ('192.168.38.103', '192.168.38.104', 5985, 63580, 'TCP'), Data Transferred: 89136 bytes
[INFO] Flow: ('192.168.38.103', '192.168.38.104', 5985, 63580, 'TCP'), Data Transferred: 90650 bytes
[INFO] Flow: ('192.168.38.103', '192.168.38.104', 5985, 63580, 'TCP'), Data Transferred: 91203 bytes
[INFO] Flow: ('192.168.38.104', '192.168.38.103', 63580, 5985, 'TCP'), Data Transferred: 346495 bytes
[INFO] Flow: ('192.168.38.104', '192.168.38.103', 63580, 5985, 'TCP'), Data Transferred: 346885 bytes
[INFO] Flow: ('192.168.38.104', '192.168.38.103', 63580, 5985, 'TCP'), Data Transferred: 354504 bytes
[INFO] Flow: ('192.168.38.103', '192.168.38.104', 5985, 63580, 'TCP'), Data Transferred: 91257 bytes
[INFO] Flow: ('192.168.38.103', '192.168.38.104', 5985, 63580, 'TCP'), Data Transferred: 92771 bytes
[INFO] Flow: ('192.168.38.103', '192.168.38.104', 5985, 63580, 'TCP'), Data Transferred: 93324 bytes
[INFO] Flow: ('192.168.38.104', '192.168.38.103', 63580, 5985, 'TCP'), Data Transferred: 354558 bytes
[INFO] Flow: ('192.168.38.104', '192.168.38.103', 63580, 5985, 'TCP'), Data Transferred: 354948 bytes
[INFO] Flow: ('192.168.38.104', '192.168.38.103', 63580, 5985, 'TCP'), Data Transferred: 362567 bytes
[INFO] Flow: ('192.168.38.103', '192.168.38.104', 5985, 63580, 'TCP'), Data Transferred: 93378 bytes
[INFO] Flow: ('192.168.38.103', '192.168.38.104', 5985, 63580, 'TCP'), Data Transferred: 94892 bytes
[INFO] Flow: ('192.168.38.103', '192.168.38.104', 5985, 63580, 'TCP'), Data Transferred: 95445 bytes
[INFO] Flow: ('192.168.38.104', '192.168.38.103', 63580, 5985, 'TCP'), Data Transferred: 362621 bytes
[INFO] Flow: ('192.168.38.104', '192.168.38.103', 63580, 5985, 'TCP'), Data Transferred: 363011 bytes
[INFO] Flow: ('192.168.38.104', '192.168.38.103', 63580, 5985, 'TCP'), Data Transferred: 370626 bytes
[INFO] Flow: ('192.168.38.103', '192.168.38.104', 5985, 63580, 'TCP'), Data Transferred: 95499 bytes
[INFO] Flow: ('192.168.38.103', '192.168.38.104', 5985, 63580, 'TCP'), Data Transferred: 97013 bytes
[INFO] Flow: ('192.168.38.103', '192.168.38.104', 5985, 63580, 'TCP'), Data Transferred: 97566 bytes
[INFO] Flow: ('192.168.38.104', '192.168.38.103', 63580, 5985, 'TCP'), Data Transferred: 370680 bytes
[INFO] Flow: ('192.168.38.104', '192.168.38.103', 63580, 5985, 'TCP'), Data Transferred: 371070 bytes
[INFO] Flow: ('192.168.38.104', '192.168.38.103', 63580, 5985, 'TCP'), Data Transferred: 378685 bytes
[INFO] Flow: ('192.168.38.103', '192.168.38.104', 5985, 63580, 'TCP'), Data Transferred: 97620 bytes
[INFO] Flow: ('192.168.38.103', '192.168.38.104', 5985, 63580, 'TCP'), Data Transferred: 99134 bytes
[INFO] Flow: ('192.168.38.103', '192.168.38.104', 5985, 63580, 'TCP'), Data Transferred: 99687 bytes
[INFO] Flow: ('192.168.38.104', '192.168.38.103', 63580, 5985, 'TCP'), Data Transferred: 378739 bytes
[INFO] Flow: ('192.168.38.104', '192.168.38.103', 63580, 5985, 'TCP'), Data Transferred: 379129 bytes
[INFO] Flow: ('192.168.38.104', '192.168.38.103', 63580, 5985, 'TCP'), Data Transferred: 386740 bytes
[INFO] Flow: ('192.168.38.103', '192.168.38.104', 5985, 63580, 'TCP'), Data Transferred: 99741 bytes
[INFO] Flow: ('192.168.38.103', '192.168.38.104', 5985, 63580, 'TCP'), Data Transferred: 101255 bytes
[INFO] Flow: ('192.168.38.103', '192.168.38.104', 5985, 63580, 'TCP'), Data Transferred: 101808 bytes
[INFO] Flow: ('192.168.38.104', '192.168.38.103', 63580, 5985, 'TCP'), Data Transferred: 386794 bytes
[INFO] Flow: ('192.168.38.104', '192.168.38.103', 63580, 5985, 'TCP'), Data Transferred: 387184 bytes
[INFO] Flow: ('192.168.38.104', '192.168.38.103', 63580, 5985, 'TCP'), Data Transferred: 394799 bytes
[INFO] Flow: ('192.168.38.103', '192.168.38.104', 5985, 63580, 'TCP'), Data Transferred: 101862 bytes
[INFO] Flow: ('192.168.38.103', '192.168.38.104', 5985, 63580, 'TCP'), Data Transferred: 103376 bytes
[INFO] Flow: ('192.168.38.103', '192.168.38.104', 5985, 63580, 'TCP'), Data Transferred: 103929 bytes
[INFO] Flow: ('192.168.38.104', '192.168.38.103', 63580, 5985, 'TCP'), Data Transferred: 394853 bytes
[INFO] Flow: ('192.168.38.104', '192.168.38.103', 63580, 5985, 'TCP'), Data Transferred: 395243 bytes
[INFO] Flow: ('192.168.38.104', '192.168.38.103', 63580, 5985, 'TCP'), Data Transferred: 402862 bytes
[INFO] Flow: ('192.168.38.103', '192.168.38.104', 5985, 63580, 'TCP'), Data Transferred: 103983 bytes
[INFO] Flow: ('192.168.38.103', '192.168.38.104', 5985, 63580, 'TCP'), Data Transferred: 105497 bytes
[INFO] Flow: ('192.168.38.103', '192.168.38.104', 5985, 63580, 'TCP'), Data Transferred: 106050 bytes
[INFO] Flow: ('192.168.38.104', '192.168.38.103', 63580, 5985, 'TCP'), Data Transferred: 402916 bytes
[INFO] Flow: ('192.168.38.104', '192.168.38.103', 63580, 5985, 'TCP'), Data Transferred: 403306 bytes
[INFO] Flow: ('192.168.38.104', '192.168.38.103', 63580, 5985, 'TCP'), Data Transferred: 410929 bytes
[INFO] Flow: ('192.168.38.103', '192.168.38.104', 5985, 63580, 'TCP'), Data Transferred: 106104 bytes
[INFO] Flow: ('192.168.38.103', '192.168.38.104', 5985, 63580, 'TCP'), Data Transferred: 107618 bytes
[INFO] Flow: ('192.168.38.103', '192.168.38.104', 5985, 63580, 'TCP'), Data Transferred: 108171 bytes
[INFO] Flow: ('192.168.38.104', '192.168.38.103', 63580, 5985, 'TCP'), Data Transferred: 410983 bytes
[INFO] Flow: ('192.168.38.104', '192.168.38.103', 63580, 5985, 'TCP'), Data Transferred: 411373 bytes
[INFO] Flow: ('192.168.38.104', '192.168.38.103', 63580, 5985, 'TCP'), Data Transferred: 418984 bytes
[INFO] Flow: ('192.168.38.103', '192.168.38.104', 5985, 63580, 'TCP'), Data Transferred: 108225 bytes
[INFO] Flow: ('192.168.38.103', '192.168.38.104', 5985, 63580, 'TCP'), Data Transferred: 108279 bytes
[INFO] Flow: ('192.168.38.103', '192.168.38.104', 5985, 63580, 'TCP'), Data Transferred: 109793 bytes
[INFO] Flow: ('192.168.38.103', '192.168.38.104', 5985, 63580, 'TCP'), Data Transferred: 110346 bytes
[INFO] Flow: ('192.168.38.104', '192.168.38.103', 63580, 5985, 'TCP'), Data Transferred: 419038 bytes
[INFO] Flow: ('192.168.38.104', '192.168.38.103', 63580, 5985, 'TCP'), Data Transferred: 419428 bytes
[INFO] Flow: ('192.168.38.104', '192.168.38.103', 63580, 5985, 'TCP'), Data Transferred: 427043 bytes
[INFO] Flow: ('192.168.38.103', '192.168.38.104', 5985, 63580, 'TCP'), Data Transferred: 110400 bytes
[INFO] Flow: ('192.168.38.103', '192.168.38.104', 5985, 63580, 'TCP'), Data Transferred: 111914 bytes
[INFO] Flow: ('192.168.38.103', '192.168.38.104', 5985, 63580, 'TCP'), Data Transferred: 112467 bytes
[INFO] Flow: ('192.168.38.104', '192.168.38.103', 63580, 5985, 'TCP'), Data Transferred: 427097 bytes
[INFO] Flow: ('192.168.38.104', '192.168.38.103', 63580, 5985, 'TCP'), Data Transferred: 427487 bytes
[INFO] Flow: ('192.168.38.104', '192.168.38.103', 63580, 5985, 'TCP'), Data Transferred: 435106 bytes
[INFO] Flow: ('192.168.38.103', '192.168.38.104', 5985, 63580, 'TCP'), Data Transferred: 112521 bytes
[INFO] Flow: ('192.168.38.103', '192.168.38.104', 5985, 63580, 'TCP'), Data Transferred: 114035 bytes
[INFO] Flow: ('192.168.38.103', '192.168.38.104', 5985, 63580, 'TCP'), Data Transferred: 114588 bytes
[INFO] Flow: ('192.168.38.104', '192.168.38.103', 63580, 5985, 'TCP'), Data Transferred: 435160 bytes
[INFO] Flow: ('192.168.38.104', '192.168.38.103', 63580, 5985, 'TCP'), Data Transferred: 435550 bytes
[INFO] Flow: ('192.168.38.104', '192.168.38.103', 63580, 5985, 'TCP'), Data Transferred: 443165 bytes
[INFO] Flow: ('192.168.38.103', '192.168.38.104', 5985, 63580, 'TCP'), Data Transferred: 114642 bytes
[INFO] Flow: ('192.168.38.103', '192.168.38.104', 5985, 63580, 'TCP'), Data Transferred: 116156 bytes
[INFO] Flow: ('192.168.38.103', '192.168.38.104', 5985, 63580, 'TCP'), Data Transferred: 116709 bytes
[INFO] Flow: ('192.168.38.104', '192.168.38.103', 63580, 5985, 'TCP'), Data Transferred: 443219 bytes
[INFO] Flow: ('192.168.38.104', '192.168.38.103', 63580, 5985, 'TCP'), Data Transferred: 443609 bytes
[INFO] Flow: ('192.168.38.104', '192.168.38.103', 63580, 5985, 'TCP'), Data Transferred: 451228 bytes
[INFO] Flow: ('192.168.38.103', '192.168.38.104', 5985, 63580, 'TCP'), Data Transferred: 116763 bytes
[INFO] Flow: ('192.168.38.103', '192.168.38.104', 5985, 63580, 'TCP'), Data Transferred: 118277 bytes
[INFO] Flow: ('192.168.38.103', '192.168.38.104', 5985, 63580, 'TCP'), Data Transferred: 118830 bytes
[INFO] Flow: ('192.168.38.104', '192.168.38.103', 63580, 5985, 'TCP'), Data Transferred: 451282 bytes
[INFO] Flow: ('192.168.38.104', '192.168.38.103', 63580, 5985, 'TCP'), Data Transferred: 451672 bytes
[INFO] Flow: ('192.168.38.104', '192.168.38.103', 63580, 5985, 'TCP'), Data Transferred: 459283 bytes
[INFO] Flow: ('192.168.38.103', '192.168.38.104', 5985, 63580, 'TCP'), Data Transferred: 118884 bytes
[INFO] Flow: ('192.168.38.103', '192.168.38.104', 5985, 63580, 'TCP'), Data Transferred: 120398 bytes
[INFO] Flow: ('192.168.38.103', '192.168.38.104', 5985, 63580, 'TCP'), Data Transferred: 120951 bytes
[INFO] Flow: ('192.168.38.104', '192.168.38.103', 63580, 5985, 'TCP'), Data Transferred: 459337 bytes
[INFO] Flow: ('192.168.38.104', '192.168.38.103', 63580, 5985, 'TCP'), Data Transferred: 459727 bytes
[INFO] Flow: ('192.168.38.104', '192.168.38.103', 63580, 5985, 'TCP'), Data Transferred: 467342 bytes
[INFO] Flow: ('192.168.38.103', '192.168.38.104', 5985, 63580, 'TCP'), Data Transferred: 121005 bytes
[INFO] Flow: ('192.168.38.103', '192.168.38.104', 5985, 63580, 'TCP'), Data Transferred: 122519 bytes
[INFO] Flow: ('192.168.38.103', '192.168.38.104', 5985, 63580, 'TCP'), Data Transferred: 123072 bytes
[INFO] Flow: ('192.168.38.104', '192.168.38.103', 63580, 5985, 'TCP'), Data Transferred: 467396 bytes
[INFO] Flow: ('192.168.38.104', '192.168.38.103', 63580, 5985, 'TCP'), Data Transferred: 467786 bytes
[INFO] Flow: ('192.168.38.104', '192.168.38.103', 63580, 5985, 'TCP'), Data Transferred: 475401 bytes
[INFO] Flow: ('192.168.38.103', '192.168.38.104', 5985, 63580, 'TCP'), Data Transferred: 123126 bytes
[INFO] Flow: ('192.168.38.103', '192.168.38.104', 5985, 63580, 'TCP'), Data Transferred: 124640 bytes
[INFO] Flow: ('192.168.38.103', '192.168.38.104', 5985, 63580, 'TCP'), Data Transferred: 125193 bytes
[INFO] Flow: ('192.168.38.104', '192.168.38.103', 63580, 5985, 'TCP'), Data Transferred: 475455 bytes
[INFO] Flow: ('192.168.38.104', '192.168.38.103', 63580, 5985, 'TCP'), Data Transferred: 475845 bytes
[INFO] Flow: ('192.168.38.104', '192.168.38.103', 63580, 5985, 'TCP'), Data Transferred: 483440 bytes
[INFO] Flow: ('192.168.38.103', '192.168.38.104', 5985, 63580, 'TCP'), Data Transferred: 125247 bytes
[INFO] Flow: ('192.168.38.103', '192.168.38.104', 5985, 63580, 'TCP'), Data Transferred: 126761 bytes
[INFO] Flow: ('192.168.38.103', '192.168.38.104', 5985, 63580, 'TCP'), Data Transferred: 127314 bytes
[INFO] Flow: ('192.168.38.104', '192.168.38.103', 63580, 5985, 'TCP'), Data Transferred: 483494 bytes
[INFO] Flow: ('192.168.38.104', '192.168.38.103', 63580, 5985, 'TCP'), Data Transferred: 483884 bytes
[INFO] Flow: ('192.168.38.104', '192.168.38.103', 63580, 5985, 'TCP'), Data Transferred: 491487 bytes
[INFO] Flow: ('192.168.38.103', '192.168.38.104', 5985, 63580, 'TCP'), Data Transferred: 127368 bytes
[INFO] Flow: ('192.168.38.103', '192.168.38.104', 5985, 63580, 'TCP'), Data Transferred: 128882 bytes
[INFO] Flow: ('192.168.38.103', '192.168.38.104', 5985, 63580, 'TCP'), Data Transferred: 129435 bytes
[INFO] Flow: ('192.168.38.104', '192.168.38.103', 63580, 5985, 'TCP'), Data Transferred: 491541 bytes
[INFO] Flow: ('192.168.38.104', '192.168.38.103', 63580, 5985, 'TCP'), Data Transferred: 491931 bytes
[INFO] Flow: ('192.168.38.104', '192.168.38.103', 63580, 5985, 'TCP'), Data Transferred: 499546 bytes
[INFO] Flow: ('192.168.38.103', '192.168.38.104', 5985, 63580, 'TCP'), Data Transferred: 129489 bytes
[INFO] Flow: ('192.168.38.103', '192.168.38.104', 5985, 63580, 'TCP'), Data Transferred: 131003 bytes
[INFO] Flow: ('192.168.38.103', '192.168.38.104', 5985, 63580, 'TCP'), Data Transferred: 131556 bytes
[INFO] Flow: ('192.168.38.104', '192.168.38.103', 63580, 5985, 'TCP'), Data Transferred: 499600 bytes
[INFO] Flow: ('192.168.38.104', '192.168.38.103', 63580, 5985, 'TCP'), Data Transferred: 499990 bytes
[INFO] Flow: ('192.168.38.104', '192.168.38.103', 63580, 5985, 'TCP'), Data Transferred: 507605 bytes
[INFO] Flow: ('192.168.38.103', '192.168.38.104', 5985, 63580, 'TCP'), Data Transferred: 131610 bytes
[INFO] Flow: ('192.168.38.103', '192.168.38.104', 5985, 63580, 'TCP'), Data Transferred: 133124 bytes
[INFO] Flow: ('192.168.38.103', '192.168.38.104', 5985, 63580, 'TCP'), Data Transferred: 133677 bytes
[INFO] Flow: ('192.168.38.104', '192.168.38.103', 63580, 5985, 'TCP'), Data Transferred: 507659 bytes
[INFO] Flow: ('192.168.38.104', '192.168.38.103', 63580, 5985, 'TCP'), Data Transferred: 508049 bytes
[INFO] Flow: ('192.168.38.104', '192.168.38.103', 63580, 5985, 'TCP'), Data Transferred: 515668 bytes
[INFO] Flow: ('192.168.38.103', '192.168.38.104', 5985, 63580, 'TCP'), Data Transferred: 133731 bytes
[INFO] Flow: ('192.168.38.103', '192.168.38.104', 5985, 63580, 'TCP'), Data Transferred: 135245 bytes
[INFO] Flow: ('192.168.38.103', '192.168.38.104', 5985, 63580, 'TCP'), Data Transferred: 135798 bytes
[INFO] Flow: ('192.168.38.104', '192.168.38.103', 63580, 5985, 'TCP'), Data Transferred: 515722 bytes
[INFO] Flow: ('192.168.38.104', '192.168.38.103', 63580, 5985, 'TCP'), Data Transferred: 516112 bytes
[INFO] Flow: ('192.168.38.104', '192.168.38.103', 63580, 5985, 'TCP'), Data Transferred: 523723 bytes
[INFO] Flow: ('192.168.38.103', '192.168.38.104', 5985, 63580, 'TCP'), Data Transferred: 135852 bytes
[INFO] Flow: ('192.168.38.103', '192.168.38.104', 5985, 63580, 'TCP'), Data Transferred: 137366 bytes
[INFO] Flow: ('192.168.38.103', '192.168.38.104', 5985, 63580, 'TCP'), Data Transferred: 137919 bytes
[INFO] Flow: ('192.168.38.104', '192.168.38.103', 63580, 5985, 'TCP'), Data Transferred: 523777 bytes
[INFO] Flow: ('192.168.38.104', '192.168.38.103', 63580, 5985, 'TCP'), Data Transferred: 524167 bytes
[INFO] Flow: ('192.168.38.104', '192.168.38.103', 63580, 5985, 'TCP'), Data Transferred: 531778 bytes
[INFO] Flow: ('192.168.38.103', '192.168.38.104', 5985, 63580, 'TCP'), Data Transferred: 137973 bytes
[INFO] Flow: ('192.168.38.103', '192.168.38.104', 5985, 63580, 'TCP'), Data Transferred: 139487 bytes
[INFO] Flow: ('192.168.38.103', '192.168.38.104', 5985, 63580, 'TCP'), Data Transferred: 140040 bytes
[INFO] Flow: ('192.168.38.104', '192.168.38.103', 63580, 5985, 'TCP'), Data Transferred: 531832 bytes
[INFO] Flow: ('192.168.38.104', '192.168.38.103', 63580, 5985, 'TCP'), Data Transferred: 532222 bytes
[INFO] Flow: ('192.168.38.104', '192.168.38.103', 63580, 5985, 'TCP'), Data Transferred: 539845 bytes
[INFO] Flow: ('192.168.38.103', '192.168.38.104', 5985, 63580, 'TCP'), Data Transferred: 140094 bytes
[INFO] Flow: ('192.168.38.103', '192.168.38.104', 5985, 63580, 'TCP'), Data Transferred: 141608 bytes
[INFO] Flow: ('192.168.38.103', '192.168.38.104', 5985, 63580, 'TCP'), Data Transferred: 142161 bytes
[INFO] Flow: ('192.168.38.104', '192.168.38.103', 63580, 5985, 'TCP'), Data Transferred: 539899 bytes
[INFO] Flow: ('192.168.38.104', '192.168.38.103', 63580, 5985, 'TCP'), Data Transferred: 540289 bytes
[INFO] Flow: ('192.168.38.104', '192.168.38.103', 63580, 5985, 'TCP'), Data Transferred: 547908 bytes
[INFO] Flow: ('192.168.38.103', '192.168.38.104', 5985, 63580, 'TCP'), Data Transferred: 142215 bytes
[INFO] Flow: ('192.168.38.103', '192.168.38.104', 5985, 63580, 'TCP'), Data Transferred: 143729 bytes
[INFO] Flow: ('192.168.38.103', '192.168.38.104', 5985, 63580, 'TCP'), Data Transferred: 144282 bytes
[INFO] Flow: ('192.168.38.104', '192.168.38.103', 63580, 5985, 'TCP'), Data Transferred: 547962 bytes
[INFO] Flow: ('192.168.38.104', '192.168.38.103', 63580, 5985, 'TCP'), Data Transferred: 548352 bytes
[INFO] Flow: ('192.168.38.104', '192.168.38.103', 63580, 5985, 'TCP'), Data Transferred: 555975 bytes
[INFO] Flow: ('192.168.38.103', '192.168.38.104', 5985, 63580, 'TCP'), Data Transferred: 144336 bytes
[INFO] Flow: ('192.168.38.103', '192.168.38.104', 5985, 63580, 'TCP'), Data Transferred: 145850 bytes
[INFO] Flow: ('192.168.38.103', '192.168.38.104', 5985, 63580, 'TCP'), Data Transferred: 146403 bytes
[INFO] Flow: ('192.168.38.104', '192.168.38.103', 63580, 5985, 'TCP'), Data Transferred: 556029 bytes
[INFO] Flow: ('192.168.38.104', '192.168.38.103', 63580, 5985, 'TCP'), Data Transferred: 556419 bytes
[INFO] Flow: ('192.168.38.104', '192.168.38.103', 63580, 5985, 'TCP'), Data Transferred: 564030 bytes
[INFO] Flow: ('192.168.38.103', '192.168.38.104', 5985, 63580, 'TCP'), Data Transferred: 146457 bytes
[INFO] Flow: ('192.168.38.103', '192.168.38.104', 5985, 63580, 'TCP'), Data Transferred: 147971 bytes
[INFO] Flow: ('192.168.38.103', '192.168.38.104', 5985, 63580, 'TCP'), Data Transferred: 148524 bytes
[INFO] Flow: ('192.168.38.104', '192.168.38.103', 63580, 5985, 'TCP'), Data Transferred: 564084 bytes
[INFO] Flow: ('192.168.38.104', '192.168.38.103', 63580, 5985, 'TCP'), Data Transferred: 564474 bytes
[INFO] Flow: ('192.168.38.104', '192.168.38.103', 63580, 5985, 'TCP'), Data Transferred: 572081 bytes
[INFO] Flow: ('192.168.38.103', '192.168.38.104', 5985, 63580, 'TCP'), Data Transferred: 148578 bytes
[INFO] Flow: ('192.168.38.103', '192.168.38.104', 5985, 63580, 'TCP'), Data Transferred: 150092 bytes
[INFO] Flow: ('192.168.38.103', '192.168.38.104', 5985, 63580, 'TCP'), Data Transferred: 150645 bytes
[INFO] Flow: ('192.168.38.104', '192.168.38.103', 63580, 5985, 'TCP'), Data Transferred: 572135 bytes
[INFO] Flow: ('192.168.38.104', '192.168.38.103', 63580, 5985, 'TCP'), Data Transferred: 572525 bytes
[INFO] Flow: ('192.168.38.104', '192.168.38.103', 63580, 5985, 'TCP'), Data Transferred: 580124 bytes
[INFO] Flow: ('192.168.38.103', '192.168.38.104', 5985, 63580, 'TCP'), Data Transferred: 150699 bytes
[INFO] Flow: ('192.168.38.103', '192.168.38.104', 5985, 63580, 'TCP'), Data Transferred: 152213 bytes
[INFO] Flow: ('192.168.38.103', '192.168.38.104', 5985, 63580, 'TCP'), Data Transferred: 152766 bytes
[INFO] Flow: ('192.168.38.104', '192.168.38.103', 63580, 5985, 'TCP'), Data Transferred: 580178 bytes
[INFO] Flow: ('192.168.38.104', '192.168.38.103', 63580, 5985, 'TCP'), Data Transferred: 580568 bytes
[INFO] Flow: ('192.168.38.104', '192.168.38.103', 63580, 5985, 'TCP'), Data Transferred: 588183 bytes
[INFO] Flow: ('192.168.38.103', '192.168.38.104', 5985, 63580, 'TCP'), Data Transferred: 152820 bytes
[INFO] Flow: ('192.168.38.103', '192.168.38.104', 5985, 63580, 'TCP'), Data Transferred: 154334 bytes
[INFO] Flow: ('192.168.38.103', '192.168.38.104', 5985, 63580, 'TCP'), Data Transferred: 154887 bytes
[INFO] Flow: ('192.168.38.104', '192.168.38.103', 63580, 5985, 'TCP'), Data Transferred: 588237 bytes
[INFO] Flow: ('192.168.38.104', '192.168.38.103', 63580, 5985, 'TCP'), Data Transferred: 588627 bytes
[INFO] Flow: ('192.168.38.104', '192.168.38.103', 63580, 5985, 'TCP'), Data Transferred: 596250 bytes
[INFO] Flow: ('192.168.38.103', '192.168.38.104', 5985, 63580, 'TCP'), Data Transferred: 154941 bytes
[INFO] Flow: ('192.168.38.103', '192.168.38.104', 5985, 63580, 'TCP'), Data Transferred: 156455 bytes
[INFO] Flow: ('192.168.38.103', '192.168.38.104', 5985, 63580, 'TCP'), Data Transferred: 157008 bytes
[INFO] Flow: ('192.168.38.104', '192.168.38.103', 63580, 5985, 'TCP'), Data Transferred: 596304 bytes
[INFO] Flow: ('192.168.38.104', '192.168.38.103', 63580, 5985, 'TCP'), Data Transferred: 596694 bytes
[INFO] Flow: ('192.168.38.104', '192.168.38.103', 63580, 5985, 'TCP'), Data Transferred: 604309 bytes
[INFO] Flow: ('192.168.38.103', '192.168.38.104', 5985, 63580, 'TCP'), Data Transferred: 157062 bytes
[INFO] Flow: ('192.168.38.103', '192.168.38.104', 5985, 63580, 'TCP'), Data Transferred: 158576 bytes
[INFO] Flow: ('192.168.38.103', '192.168.38.104', 5985, 63580, 'TCP'), Data Transferred: 159129 bytes
[INFO] Flow: ('192.168.38.104', '192.168.38.103', 63580, 5985, 'TCP'), Data Transferred: 604363 bytes
[INFO] Flow: ('192.168.38.104', '192.168.38.103', 63580, 5985, 'TCP'), Data Transferred: 604753 bytes
[INFO] Flow: ('192.168.38.104', '192.168.38.103', 63580, 5985, 'TCP'), Data Transferred: 612372 bytes
[INFO] Flow: ('192.168.38.103', '192.168.38.104', 5985, 63580, 'TCP'), Data Transferred: 159183 bytes
[INFO] Flow: ('192.168.38.103', '192.168.38.104', 5985, 63580, 'TCP'), Data Transferred: 160697 bytes
[INFO] Flow: ('192.168.38.103', '192.168.38.104', 5985, 63580, 'TCP'), Data Transferred: 161250 bytes
[INFO] Flow: ('192.168.38.104', '192.168.38.103', 63580, 5985, 'TCP'), Data Transferred: 612426 bytes
[INFO] Flow: ('192.168.38.104', '192.168.38.103', 63580, 5985, 'TCP'), Data Transferred: 612816 bytes
[INFO] Flow: ('192.168.38.104', '192.168.38.103', 63580, 5985, 'TCP'), Data Transferred: 620439 bytes
[INFO] Flow: ('192.168.38.103', '192.168.38.104', 5985, 63580, 'TCP'), Data Transferred: 161304 bytes
[INFO] Flow: ('192.168.38.103', '192.168.38.104', 5985, 63580, 'TCP'), Data Transferred: 162818 bytes
[INFO] Flow: ('192.168.38.103', '192.168.38.104', 5985, 63580, 'TCP'), Data Transferred: 163371 bytes
[INFO] Flow: ('192.168.38.104', '192.168.38.103', 63580, 5985, 'TCP'), Data Transferred: 620493 bytes
[INFO] Flow: ('192.168.38.104', '192.168.38.103', 63580, 5985, 'TCP'), Data Transferred: 620883 bytes
[INFO] Flow: ('192.168.38.104', '192.168.38.103', 63580, 5985, 'TCP'), Data Transferred: 628510 bytes
[INFO] Flow: ('192.168.38.103', '192.168.38.104', 5985, 63580, 'TCP'), Data Transferred: 163425 bytes
[INFO] Flow: ('192.168.38.103', '192.168.38.104', 5985, 63580, 'TCP'), Data Transferred: 164939 bytes
[INFO] Flow: ('192.168.38.103', '192.168.38.104', 5985, 63580, 'TCP'), Data Transferred: 165492 bytes
[INFO] Flow: ('192.168.38.104', '192.168.38.103', 63580, 5985, 'TCP'), Data Transferred: 628564 bytes
[INFO] Flow: ('192.168.38.104', '192.168.38.103', 63580, 5985, 'TCP'), Data Transferred: 628954 bytes
[INFO] Flow: ('192.168.38.104', '192.168.38.103', 63580, 5985, 'TCP'), Data Transferred: 636577 bytes
[INFO] Flow: ('192.168.38.103', '192.168.38.104', 5985, 63580, 'TCP'), Data Transferred: 165546 bytes
[INFO] Flow: ('192.168.38.103', '192.168.38.104', 5985, 63580, 'TCP'), Data Transferred: 167060 bytes
[INFO] Flow: ('192.168.38.103', '192.168.38.104', 5985, 63580, 'TCP'), Data Transferred: 167613 bytes
[INFO] Flow: ('192.168.38.104', '192.168.38.103', 63580, 5985, 'TCP'), Data Transferred: 636631 bytes
[INFO] Flow: ('192.168.38.104', '192.168.38.103', 63580, 5985, 'TCP'), Data Transferred: 637021 bytes
[INFO] Flow: ('192.168.38.104', '192.168.38.103', 63580, 5985, 'TCP'), Data Transferred: 644636 bytes
[INFO] Flow: ('192.168.38.103', '192.168.38.104', 5985, 63580, 'TCP'), Data Transferred: 167667 bytes
[INFO] Flow: ('192.168.38.103', '192.168.38.104', 5985, 63580, 'TCP'), Data Transferred: 169181 bytes
[INFO] Flow: ('192.168.38.103', '192.168.38.104', 5985, 63580, 'TCP'), Data Transferred: 169734 bytes
[INFO] Flow: ('192.168.38.104', '192.168.38.103', 63580, 5985, 'TCP'), Data Transferred: 644690 bytes
[INFO] Flow: ('192.168.38.104', '192.168.38.103', 63580, 5985, 'TCP'), Data Transferred: 645080 bytes
[INFO] Flow: ('192.168.38.104', '192.168.38.103', 63580, 5985, 'TCP'), Data Transferred: 652695 bytes
[INFO] Flow: ('192.168.38.103', '192.168.38.104', 5985, 63580, 'TCP'), Data Transferred: 169788 bytes
[INFO] Flow: ('192.168.38.103', '192.168.38.104', 5985, 63580, 'TCP'), Data Transferred: 171302 bytes
[INFO] Flow: ('192.168.38.103', '192.168.38.104', 5985, 63580, 'TCP'), Data Transferred: 171855 bytes
[INFO] Flow: ('192.168.38.104', '192.168.38.103', 63580, 5985, 'TCP'), Data Transferred: 652749 bytes
[INFO] Flow: ('192.168.38.104', '192.168.38.103', 63580, 5985, 'TCP'), Data Transferred: 653139 bytes
[INFO] Flow: ('192.168.38.104', '192.168.38.103', 63580, 5985, 'TCP'), Data Transferred: 660762 bytes
[INFO] Flow: ('192.168.38.103', '192.168.38.104', 5985, 63580, 'TCP'), Data Transferred: 171909 bytes
[INFO] Flow: ('192.168.38.103', '192.168.38.104', 5985, 63580, 'TCP'), Data Transferred: 173423 bytes
[INFO] Flow: ('192.168.38.103', '192.168.38.104', 5985, 63580, 'TCP'), Data Transferred: 173976 bytes
[INFO] Flow: ('192.168.38.104', '192.168.38.103', 63580, 5985, 'TCP'), Data Transferred: 660816 bytes
[INFO] Flow: ('192.168.38.104', '192.168.38.103', 63580, 5985, 'TCP'), Data Transferred: 661206 bytes
[INFO] Flow: ('192.168.38.104', '192.168.38.103', 63580, 5985, 'TCP'), Data Transferred: 668821 bytes
[INFO] Flow: ('192.168.38.103', '192.168.38.104', 5985, 63580, 'TCP'), Data Transferred: 174030 bytes
[INFO] Flow: ('192.168.38.103', '192.168.38.104', 5985, 63580, 'TCP'), Data Transferred: 175544 bytes
[INFO] Flow: ('192.168.38.103', '192.168.38.104', 5985, 63580, 'TCP'), Data Transferred: 176097 bytes
[INFO] Flow: ('192.168.38.104', '192.168.38.103', 63580, 5985, 'TCP'), Data Transferred: 668875 bytes
[INFO] Flow: ('192.168.38.104', '192.168.38.103', 63580, 5985, 'TCP'), Data Transferred: 669265 bytes
[INFO] Flow: ('192.168.38.104', '192.168.38.103', 63580, 5985, 'TCP'), Data Transferred: 676880 bytes
[INFO] Flow: ('192.168.38.103', '192.168.38.104', 5985, 63580, 'TCP'), Data Transferred: 176151 bytes
[INFO] Flow: ('192.168.38.103', '192.168.38.104', 5985, 63580, 'TCP'), Data Transferred: 177665 bytes
[INFO] Flow: ('192.168.38.103', '192.168.38.104', 5985, 63580, 'TCP'), Data Transferred: 178218 bytes
[INFO] Flow: ('192.168.38.104', '192.168.38.103', 63580, 5985, 'TCP'), Data Transferred: 676934 bytes
[INFO] Flow: ('192.168.38.104', '192.168.38.103', 63580, 5985, 'TCP'), Data Transferred: 677324 bytes
[INFO] Flow: ('192.168.38.104', '192.168.38.103', 63580, 5985, 'TCP'), Data Transferred: 684931 bytes
[INFO] Flow: ('192.168.38.103', '192.168.38.104', 5985, 63580, 'TCP'), Data Transferred: 178272 bytes
[INFO] Flow: ('192.168.38.103', '192.168.38.104', 5985, 63580, 'TCP'), Data Transferred: 179786 bytes
[INFO] Flow: ('192.168.38.103', '192.168.38.104', 5985, 63580, 'TCP'), Data Transferred: 180339 bytes
[INFO] Flow: ('192.168.38.104', '192.168.38.103', 63580, 5985, 'TCP'), Data Transferred: 684985 bytes
[INFO] Flow: ('192.168.38.104', '192.168.38.103', 63580, 5985, 'TCP'), Data Transferred: 685375 bytes
[INFO] Flow: ('192.168.38.104', '192.168.38.103', 63580, 5985, 'TCP'), Data Transferred: 692998 bytes
[INFO] Flow: ('192.168.38.103', '192.168.38.104', 5985, 63580, 'TCP'), Data Transferred: 180393 bytes
[INFO] Flow: ('192.168.38.103', '192.168.38.104', 5985, 63580, 'TCP'), Data Transferred: 181907 bytes
[INFO] Flow: ('192.168.38.103', '192.168.38.104', 5985, 63580, 'TCP'), Data Transferred: 182460 bytes
[INFO] Flow: ('192.168.38.104', '192.168.38.103', 63580, 5985, 'TCP'), Data Transferred: 693052 bytes
[INFO] Flow: ('192.168.38.104', '192.168.38.103', 63580, 5985, 'TCP'), Data Transferred: 693442 bytes
[INFO] Flow: ('192.168.38.104', '192.168.38.103', 63580, 5985, 'TCP'), Data Transferred: 701061 bytes
[INFO] Flow: ('192.168.38.103', '192.168.38.104', 5985, 63580, 'TCP'), Data Transferred: 182514 bytes
[INFO] Flow: ('192.168.38.103', '192.168.38.104', 5985, 63580, 'TCP'), Data Transferred: 184028 bytes
[INFO] Flow: ('192.168.38.103', '192.168.38.104', 5985, 63580, 'TCP'), Data Transferred: 184581 bytes
[INFO] Flow: ('192.168.38.104', '192.168.38.103', 63580, 5985, 'TCP'), Data Transferred: 701115 bytes
[INFO] Flow: ('192.168.38.104', '192.168.38.103', 63580, 5985, 'TCP'), Data Transferred: 701505 bytes
[INFO] Flow: ('192.168.38.104', '192.168.38.103', 63580, 5985, 'TCP'), Data Transferred: 709128 bytes
[INFO] Flow: ('192.168.38.103', '192.168.38.104', 5985, 63580, 'TCP'), Data Transferred: 184635 bytes
[INFO] Flow: ('192.168.38.103', '192.168.38.104', 5985, 63580, 'TCP'), Data Transferred: 186149 bytes
[INFO] Flow: ('192.168.38.103', '192.168.38.104', 5985, 63580, 'TCP'), Data Transferred: 186702 bytes
[INFO] Flow: ('192.168.38.104', '192.168.38.103', 63580, 5985, 'TCP'), Data Transferred: 709182 bytes
[INFO] Flow: ('192.168.38.104', '192.168.38.103', 63580, 5985, 'TCP'), Data Transferred: 709572 bytes
[INFO] Flow: ('192.168.38.104', '192.168.38.103', 63580, 5985, 'TCP'), Data Transferred: 717191 bytes
[INFO] Flow: ('192.168.38.103', '192.168.38.104', 5985, 63580, 'TCP'), Data Transferred: 186756 bytes
[INFO] Flow: ('192.168.38.103', '192.168.38.104', 5985, 63580, 'TCP'), Data Transferred: 188270 bytes
[INFO] Flow: ('192.168.38.103', '192.168.38.104', 5985, 63580, 'TCP'), Data Transferred: 188823 bytes
[INFO] Flow: ('192.168.38.104', '192.168.38.103', 63580, 5985, 'TCP'), Data Transferred: 717245 bytes
[INFO] Flow: ('192.168.38.104', '192.168.38.103', 63580, 5985, 'TCP'), Data Transferred: 717635 bytes
[INFO] Flow: ('192.168.38.104', '192.168.38.103', 63580, 5985, 'TCP'), Data Transferred: 725254 bytes
[INFO] Flow: ('192.168.38.103', '192.168.38.104', 5985, 63580, 'TCP'), Data Transferred: 188877 bytes
[INFO] Flow: ('192.168.38.103', '192.168.38.104', 5985, 63580, 'TCP'), Data Transferred: 190391 bytes
[INFO] Flow: ('192.168.38.103', '192.168.38.104', 5985, 63580, 'TCP'), Data Transferred: 190944 bytes
[INFO] Flow: ('192.168.38.104', '192.168.38.103', 63580, 5985, 'TCP'), Data Transferred: 725308 bytes
[INFO] Flow: ('192.168.38.104', '192.168.38.103', 63580, 5985, 'TCP'), Data Transferred: 725698 bytes
[INFO] Flow: ('192.168.38.104', '192.168.38.103', 63580, 5985, 'TCP'), Data Transferred: 733317 bytes
[INFO] Flow: ('192.168.38.103', '192.168.38.104', 5985, 63580, 'TCP'), Data Transferred: 190998 bytes
[INFO] Flow: ('192.168.38.103', '192.168.38.104', 5985, 63580, 'TCP'), Data Transferred: 192512 bytes
[INFO] Flow: ('192.168.38.103', '192.168.38.104', 5985, 63580, 'TCP'), Data Transferred: 193065 bytes
[INFO] Flow: ('192.168.38.104', '192.168.38.103', 63580, 5985, 'TCP'), Data Transferred: 733371 bytes
[INFO] Flow: ('192.168.38.104', '192.168.38.103', 63580, 5985, 'TCP'), Data Transferred: 733761 bytes
[INFO] Flow: ('192.168.38.104', '192.168.38.103', 63580, 5985, 'TCP'), Data Transferred: 741376 bytes
[INFO] Flow: ('192.168.38.103', '192.168.38.104', 5985, 63580, 'TCP'), Data Transferred: 193119 bytes
[INFO] Flow: ('192.168.38.103', '192.168.38.104', 5985, 63580, 'TCP'), Data Transferred: 194633 bytes
[INFO] Flow: ('192.168.38.103', '192.168.38.104', 5985, 63580, 'TCP'), Data Transferred: 195186 bytes
[INFO] Flow: ('192.168.38.104', '192.168.38.103', 63580, 5985, 'TCP'), Data Transferred: 741430 bytes
[INFO] Flow: ('192.168.38.104', '192.168.38.103', 63580, 5985, 'TCP'), Data Transferred: 741820 bytes
[INFO] Flow: ('192.168.38.104', '192.168.38.103', 63580, 5985, 'TCP'), Data Transferred: 749439 bytes
[INFO] Flow: ('192.168.38.103', '192.168.38.104', 5985, 63580, 'TCP'), Data Transferred: 195240 bytes
[INFO] Flow: ('192.168.38.103', '192.168.38.104', 5985, 63580, 'TCP'), Data Transferred: 196754 bytes
[INFO] Flow: ('192.168.38.103', '192.168.38.104', 5985, 63580, 'TCP'), Data Transferred: 197307 bytes
[INFO] Flow: ('192.168.38.104', '192.168.38.103', 63580, 5985, 'TCP'), Data Transferred: 749493 bytes
[INFO] Flow: ('192.168.38.104', '192.168.38.103', 63580, 5985, 'TCP'), Data Transferred: 749883 bytes
[INFO] Flow: ('192.168.38.104', '192.168.38.103', 63580, 5985, 'TCP'), Data Transferred: 757502 bytes
[INFO] Flow: ('192.168.38.103', '192.168.38.104', 5985, 63580, 'TCP'), Data Transferred: 197361 bytes
[INFO] Flow: ('192.168.38.103', '192.168.38.104', 5985, 63580, 'TCP'), Data Transferred: 198875 bytes
[INFO] Flow: ('192.168.38.103', '192.168.38.104', 5985, 63580, 'TCP'), Data Transferred: 199428 bytes
[INFO] Flow: ('192.168.38.104', '192.168.38.103', 63580, 5985, 'TCP'), Data Transferred: 757556 bytes
[INFO] Flow: ('192.168.38.104', '192.168.38.103', 63580, 5985, 'TCP'), Data Transferred: 757946 bytes
[INFO] Flow: ('192.168.38.104', '192.168.38.103', 63580, 5985, 'TCP'), Data Transferred: 765561 bytes
[INFO] Flow: ('192.168.38.103', '192.168.38.104', 5985, 63580, 'TCP'), Data Transferred: 199482 bytes
[INFO] Flow: ('192.168.38.103', '192.168.38.104', 5985, 63580, 'TCP'), Data Transferred: 200996 bytes
[INFO] Flow: ('192.168.38.103', '192.168.38.104', 5985, 63580, 'TCP'), Data Transferred: 201549 bytes
[INFO] Flow: ('192.168.38.104', '192.168.38.103', 63580, 5985, 'TCP'), Data Transferred: 765615 bytes
[INFO] Flow: ('192.168.38.104', '192.168.38.103', 63580, 5985, 'TCP'), Data Transferred: 766005 bytes
[INFO] Flow: ('192.168.38.104', '192.168.38.103', 63580, 5985, 'TCP'), Data Transferred: 773628 bytes
[INFO] Flow: ('192.168.38.103', '192.168.38.104', 5985, 63580, 'TCP'), Data Transferred: 201603 bytes
[INFO] Flow: ('192.168.38.103', '192.168.38.104', 5985, 63580, 'TCP'), Data Transferred: 203117 bytes
[INFO] Flow: ('192.168.38.103', '192.168.38.104', 5985, 63580, 'TCP'), Data Transferred: 203670 bytes
[INFO] Flow: ('192.168.38.104', '192.168.38.103', 63580, 5985, 'TCP'), Data Transferred: 773682 bytes
[INFO] Flow: ('192.168.38.105', '192.168.38.104', 9000, 51315, 'TCP'), Data Transferred: 84 bytes
[INFO] Flow: ('192.168.38.104', '192.168.38.103', 63580, 5985, 'TCP'), Data Transferred: 774072 bytes
[INFO] Flow: ('192.168.38.104', '192.168.38.103', 63580, 5985, 'TCP'), Data Transferred: 781691 bytes
[INFO] Flow: ('192.168.38.103', '192.168.38.104', 5985, 63580, 'TCP'), Data Transferred: 203724 bytes
[INFO] Flow: ('192.168.38.103', '192.168.38.104', 5985, 63580, 'TCP'), Data Transferred: 205238 bytes
[INFO] Flow: ('192.168.38.103', '192.168.38.104', 5985, 63580, 'TCP'), Data Transferred: 205791 bytes
[INFO] Flow: ('192.168.38.104', '192.168.38.103', 63580, 5985, 'TCP'), Data Transferred: 781745 bytes
[INFO] Flow: ('192.168.38.104', '192.168.38.103', 63580, 5985, 'TCP'), Data Transferred: 782135 bytes
[INFO] Flow: ('192.168.38.104', '192.168.38.103', 63580, 5985, 'TCP'), Data Transferred: 789750 bytes
[INFO] Flow: ('192.168.38.103', '192.168.38.104', 5985, 63580, 'TCP'), Data Transferred: 205845 bytes
[INFO] Flow: ('192.168.38.103', '192.168.38.104', 5985, 63580, 'TCP'), Data Transferred: 207359 bytes
[INFO] Flow: ('192.168.38.103', '192.168.38.104', 5985, 63580, 'TCP'), Data Transferred: 207912 bytes
[INFO] Flow: ('192.168.38.104', '192.168.38.103', 63580, 5985, 'TCP'), Data Transferred: 789804 bytes
[INFO] Flow: ('192.168.38.104', '192.168.38.103', 63580, 5985, 'TCP'), Data Transferred: 790194 bytes
[INFO] Flow: ('192.168.38.104', '192.168.38.103', 63580, 5985, 'TCP'), Data Transferred: 797813 bytes
[INFO] Flow: ('192.168.38.103', '192.168.38.104', 5985, 63580, 'TCP'), Data Transferred: 207966 bytes
[INFO] Flow: ('192.168.38.103', '192.168.38.104', 5985, 63580, 'TCP'), Data Transferred: 209480 bytes
[INFO] Flow: ('192.168.38.103', '192.168.38.104', 5985, 63580, 'TCP'), Data Transferred: 210033 bytes
[INFO] Flow: ('192.168.38.104', '192.168.38.103', 63580, 5985, 'TCP'), Data Transferred: 797867 bytes
[INFO] Flow: ('192.168.38.104', '192.168.38.103', 63580, 5985, 'TCP'), Data Transferred: 798257 bytes
[INFO] Flow: ('192.168.38.104', '192.168.38.103', 63580, 5985, 'TCP'), Data Transferred: 805872 bytes
[INFO] Flow: ('192.168.38.103', '192.168.38.104', 5985, 63580, 'TCP'), Data Transferred: 210087 bytes
[INFO] Flow: ('192.168.38.103', '192.168.38.104', 5985, 63580, 'TCP'), Data Transferred: 211601 bytes
[INFO] Flow: ('192.168.38.103', '192.168.38.104', 5985, 63580, 'TCP'), Data Transferred: 212154 bytes
[INFO] Flow: ('192.168.38.104', '192.168.38.103', 63580, 5985, 'TCP'), Data Transferred: 805926 bytes
[INFO] Flow: ('192.168.38.104', '192.168.38.103', 63580, 5985, 'TCP'), Data Transferred: 806316 bytes
[INFO] Flow: ('192.168.38.104', '192.168.38.103', 63580, 5985, 'TCP'), Data Transferred: 813931 bytes
[INFO] Flow: ('192.168.38.103', '192.168.38.104', 5985, 63580, 'TCP'), Data Transferred: 212208 bytes
[INFO] Flow: ('192.168.38.103', '192.168.38.104', 5985, 63580, 'TCP'), Data Transferred: 213722 bytes
[INFO] Flow: ('192.168.38.103', '192.168.38.104', 5985, 63580, 'TCP'), Data Transferred: 214275 bytes
[INFO] Flow: ('192.168.38.104', '192.168.38.103', 63580, 5985, 'TCP'), Data Transferred: 813985 bytes
[INFO] Flow: ('192.168.38.104', '192.168.38.105', 51315, 9000, 'TCP'), Data Transferred: 54 bytes
[INFO] Packet dropped: Invalid TCP packet characteristics
[INFO] Packet dropped: Invalid TCP packet characteristics
{"message": "Traffic Anomaly Detected: 216.58.194.196 shows sudden traffic spike. Current: 4176, Avg: 2064.1", "timestamp": 1726413839.2575555, "attack_type": "Traffic Anomaly"}
[INFO] Flow: ('192.168.38.104', '192.168.38.103', 63594, 5985, 'TCP'), Data Transferred: 54 bytes
[INFO] Flow: ('192.168.38.104', '216.58.194.196', 65298, 443, 'UDP'), Data Transferred: 1392 bytes
[INFO] Flow: ('216.58.194.196', '192.168.38.104', 443, 65298, 'UDP'), Data Transferred: 1392 bytes
[INFO] Flow: ('216.58.194.196', '192.168.38.104', 443, 65298, 'UDP'), Data Transferred: 2784 bytes
[INFO] Flow: ('192.168.38.104', '216.58.194.196', 65298, 443, 'UDP'), Data Transferred: 2784 bytes
[INFO] Flow: ('192.168.38.104', '216.58.194.196', 65298, 443, 'UDP'), Data Transferred: 3193 bytes
[INFO] Flow: ('216.58.194.196', '192.168.38.104', 443, 65298, 'UDP'), Data Transferred: 4176 bytes
[INFO] Flow: ('192.168.38.104', '216.58.194.196', 65298, 443, 'UDP'), Data Transferred: 3263 bytes
[INFO] Flow: ('216.58.194.196', '192.168.38.104', 443, 65298, 'UDP'), Data Transferred: 4238 bytes
[INFO] Flow: ('216.58.194.196', '192.168.38.104', 443, 65298, 'UDP'), Data Transferred: 4742 bytes
[INFO] Flow: ('216.58.194.196', '192.168.38.104', 443, 65298, 'UDP'), Data Transferred: 4803 bytes
[INFO] Flow: ('192.168.38.104', '216.58.194.196', 65298, 443, 'UDP'), Data Transferred: 3333 bytes
[INFO] Flow: ('216.58.194.196', '192.168.38.104', 443, 65298, 'UDP'), Data Transferred: 4973 bytes
[INFO] Flow: ('192.168.38.104', '216.58.194.196', 65298, 443, 'UDP'), Data Transferred: 3403 bytes
[INFO] Flow: ('192.168.38.104', '216.58.194.196', 65298, 443, 'UDP'), Data Transferred: 3631 bytes
[INFO] Flow: ('216.58.194.196', '192.168.38.104', 443, 65298, 'UDP'), Data Transferred: 5035 bytes
[INFO] Flow: ('216.58.194.196', '192.168.38.104', 443, 65298, 'UDP'), Data Transferred: 5246 bytes
[INFO] Flow: ('216.58.194.196', '192.168.38.104', 443, 65298, 'UDP'), Data Transferred: 5307 bytes
[INFO] Flow: ('216.58.194.196', '192.168.38.104', 443, 65298, 'UDP'), Data Transferred: 5506 bytes
[INFO] Flow: ('192.168.38.104', '216.58.194.196', 65298, 443, 'UDP'), Data Transferred: 3701 bytes
[INFO] Flow: ('192.168.38.104', '216.58.194.196', 65298, 443, 'UDP'), Data Transferred: 3771 bytes
[INFO] Flow: ('192.168.38.104', '216.58.194.196', 65298, 443, 'UDP'), Data Transferred: 4000 bytes
[INFO] Flow: ('216.58.194.196', '192.168.38.104', 443, 65298, 'UDP'), Data Transferred: 5568 bytes
[INFO] Flow: ('216.58.194.196', '192.168.38.104', 443, 65298, 'UDP'), Data Transferred: 5756 bytes
[INFO] Flow: ('216.58.194.196', '192.168.38.104', 443, 65298, 'UDP'), Data Transferred: 5817 bytes
[INFO] Flow: ('216.58.194.196', '192.168.38.104', 443, 65298, 'UDP'), Data Transferred: 5920 bytes
[INFO] Flow: ('192.168.38.104', '216.58.194.196', 65298, 443, 'UDP'), Data Transferred: 4070 bytes
[INFO] Flow: ('192.168.38.104', '216.58.194.196', 65298, 443, 'UDP'), Data Transferred: 4140 bytes
[INFO] Flow: ('192.168.38.104', '216.58.194.196', 65298, 443, 'UDP'), Data Transferred: 4370 bytes
[INFO] Flow: ('216.58.194.196', '192.168.38.104', 443, 65298, 'UDP'), Data Transferred: 5982 bytes
[INFO] Flow: ('216.58.194.196', '192.168.38.104', 443, 65298, 'UDP'), Data Transferred: 6170 bytes
[INFO] Flow: ('216.58.194.196', '192.168.38.104', 443, 65298, 'UDP'), Data Transferred: 6231 bytes
[INFO] Flow: ('216.58.194.196', '192.168.38.104', 443, 65298, 'UDP'), Data Transferred: 6407 bytes
[INFO] Flow: ('192.168.38.104', '216.58.194.196', 65298, 443, 'UDP'), Data Transferred: 4440 bytes
[INFO] Flow: ('192.168.38.104', '216.58.194.196', 65298, 443, 'UDP'), Data Transferred: 4510 bytes
[INFO] Flow: ('192.168.38.104', '216.58.194.196', 65298, 443, 'UDP'), Data Transferred: 4741 bytes
[INFO] Flow: ('216.58.194.196', '192.168.38.104', 443, 65298, 'UDP'), Data Transferred: 6469 bytes
[INFO] Flow: ('216.58.194.196', '192.168.38.104', 443, 65298, 'UDP'), Data Transferred: 6658 bytes
[INFO] Flow: ('216.58.194.196', '192.168.38.104', 443, 65298, 'UDP'), Data Transferred: 6719 bytes
[INFO] Flow: ('192.168.38.104', '216.58.194.196', 65298, 443, 'UDP'), Data Transferred: 4811 bytes
{"message": "Intrusion Detected: HTTP Covert Channel Detected in User-Agent: Mozilla/5.0 (Windows NT 10.0; Win64; x64) AppleWebKit/537.36 (KHTML, like Gecko) Chrome/84.0.4147.105 Safari/537.36", "timestamp": 1726413839.334049, "attack_type": "HTTP Covert Channel"}
[INFO] Flow: ('216.58.194.196', '192.168.38.104', 443, 65298, 'UDP'), Data Transferred: 6787 bytes
[INFO] Flow: ('192.168.38.104', '216.58.194.196', 65298, 443, 'UDP'), Data Transferred: 4881 bytes
[INFO] Flow: ('192.168.38.104', '18.217.1.57', 63639, 80, 'TCP'), Data Transferred: 66 bytes
[INFO] Flow: ('192.168.38.104', '18.217.1.57', 63637, 80, 'TCP'), Data Transferred: 597 bytes
[INFO] Packet dropped: Invalid TCP packet characteristics
[INFO] Flow: ('192.168.38.104', '18.217.1.57', 63639, 80, 'TCP'), Data Transferred: 120 bytes
[INFO] Flow: ('18.217.1.57', '192.168.38.104', 80, 63637, 'TCP'), Data Transferred: 54 bytes
[INFO] Flow: ('18.217.1.57', '192.168.38.104', 80, 63637, 'TCP'), Data Transferred: 125 bytes
[INFO] Packet dropped: Invalid TCP packet characteristics
[INFO] Flow: ('192.168.38.104', '18.217.1.57', 63637, 80, 'TCP'), Data Transferred: 651 bytes
[INFO] Packet dropped: Invalid TCP packet characteristics
[INFO] Flow: ('18.217.1.57', '192.168.38.104', 80, 63637, 'TCP'), Data Transferred: 179 bytes
[INFO] Flow: ('192.168.38.105', '192.168.38.104', 9000, 58856, 'TCP'), Data Transferred: 54 bytes
[INFO] Flow: ('192.168.38.104', '192.168.38.105', 58856, 9000, 'TCP'), Data Transferred: 54 bytes
[INFO] Flow: ('192.168.38.105', '192.168.38.104', 8412, 63627, 'TCP'), Data Transferred: 54 bytes
[INFO] Flow: ('192.168.38.104', '192.168.38.105', 63627, 8412, 'TCP'), Data Transferred: 54 bytes
[INFO] Packet dropped: Invalid TCP packet characteristics
[INFO] Flow: ('192.168.38.105', '192.168.38.104', 8412, 63632, 'TCP'), Data Transferred: 78 bytes
[INFO] Packet dropped: Invalid TCP packet characteristics
[INFO] Packet dropped: Invalid TCP packet characteristics
{"message": "Traffic Anomaly Detected: 192.168.38.104 shows sudden traffic spike. Current: 809, Avg: 322.8", "timestamp": 1726413839.4692676, "attack_type": "Traffic Anomaly"}
[INFO] Flow: ('192.168.38.104', '192.168.38.105', 63640, 8412, 'TCP'), Data Transferred: 66 bytes
[INFO] Packet dropped: Invalid TCP packet characteristics
[INFO] Flow: ('192.168.38.104', '192.168.38.105', 63640, 8412, 'TCP'), Data Transferred: 120 bytes
[INFO] Flow: ('192.168.38.104', '192.168.38.105', 63640, 8412, 'TCP'), Data Transferred: 691 bytes
[INFO] Flow: ('192.168.38.105', '192.168.38.104', 8412, 63640, 'TCP'), Data Transferred: 54 bytes
[INFO] Flow: ('192.168.38.105', '192.168.38.104', 8412, 63640, 'TCP'), Data Transferred: 1474 bytes
[INFO] Flow: ('192.168.38.104', '192.168.38.105', 63640, 8412, 'TCP'), Data Transferred: 809 bytes
[INFO] Packet dropped: Invalid TCP packet characteristics
[INFO] Flow: ('192.168.38.105', '192.168.38.104', 8412, 63627, 'TCP'), Data Transferred: 132 bytes
[INFO] Packet dropped: Invalid TCP packet characteristics
{"message": "Traffic Anomaly Detected: 192.168.38.104 shows sudden traffic spike. Current: 691, Avg: 332.2", "timestamp": 1726413839.5877671, "attack_type": "Traffic Anomaly"}
{"message": "Traffic Anomaly Detected: 192.168.38.105 shows sudden traffic spike. Current: 1474, Avg: 525.9", "timestamp": 1726413839.7213554, "attack_type": "Traffic Anomaly"}
{"message": "Traffic Anomaly Detected: 192.168.38.104 shows sudden traffic spike. Current: 809, Avg: 348.0", "timestamp": 1726413839.7960517, "attack_type": "Traffic Anomaly"}
{"message": "Traffic Anomaly Detected: 192.168.38.104 shows sudden traffic spike. Current: 17631, Avg: 2105.7", "timestamp": 1726413839.9705472, "attack_type": "Traffic Anomaly"}
[INFO] Packet dropped: Invalid TCP packet characteristics
[INFO] Flow: ('192.168.38.104', '192.168.38.105', 63641, 8412, 'TCP'), Data Transferred: 66 bytes
[INFO] Packet dropped: Invalid TCP packet characteristics
[INFO] Flow: ('192.168.38.104', '192.168.38.105', 63641, 8412, 'TCP'), Data Transferred: 120 bytes
[INFO] Flow: ('192.168.38.104', '192.168.38.105', 63641, 8412, 'TCP'), Data Transferred: 691 bytes
[INFO] Flow: ('192.168.38.105', '192.168.38.104', 8412, 63641, 'TCP'), Data Transferred: 54 bytes
[INFO] Flow: ('192.168.38.105', '192.168.38.104', 8412, 63641, 'TCP'), Data Transferred: 1474 bytes
[INFO] Flow: ('192.168.38.104', '192.168.38.105', 63641, 8412, 'TCP'), Data Transferred: 809 bytes
[INFO] Flow: ('192.168.38.104', '192.168.38.105', 63641, 8412, 'TCP'), Data Transferred: 17631 bytes
[INFO] Flow: ('192.168.38.105', '192.168.38.104', 8412, 63641, 'TCP'), Data Transferred: 1528 bytes
{"message": "Traffic Anomaly Detected: 192.168.38.105 shows sudden traffic spike. Current: 1528, Avg: 498.6", "timestamp": 1726413840.1337988, "attack_type": "Traffic Anomaly"}
{"message": "Traffic Anomaly Detected: 192.168.38.104 shows sudden traffic spike. Current: 27868, Avg: 4887.1", "timestamp": 1726413840.3041964, "attack_type": "Traffic Anomaly"}
{"message": "Traffic Anomaly Detected: 192.168.38.105 shows sudden traffic spike. Current: 1582, Avg: 648.4", "timestamp": 1726413840.4789934, "attack_type": "Traffic Anomaly"}
{"message": "Traffic Anomaly Detected: 192.168.38.105 shows sudden traffic spike. Current: 2844, Avg: 1398.1", "timestamp": 1726413840.6212437, "attack_type": "Traffic Anomaly"}
{"message": "Traffic Anomaly Detected: 192.168.38.105 shows sudden traffic spike. Current: 11859, Avg: 2436.6", "timestamp": 1726413840.7462428, "attack_type": "Traffic Anomaly"}
{"message": "Traffic Anomaly Detected: 192.168.38.105 shows sudden traffic spike. Current: 16624, Avg: 4085.8", "timestamp": 1726413840.8786964, "attack_type": "Traffic Anomaly"}
[INFO] Flow: ('192.168.38.104', '192.168.38.105', 63641, 8412, 'TCP'), Data Transferred: 27868 bytes
[INFO] Flow: ('192.168.38.105', '192.168.38.104', 8412, 63641, 'TCP'), Data Transferred: 1582 bytes
[INFO] Flow: ('192.168.38.105', '192.168.38.104', 8412, 63640, 'TCP'), Data Transferred: 1528 bytes
[INFO] Flow: ('192.168.38.104', '192.168.38.105', 63640, 8412, 'TCP'), Data Transferred: 1294 bytes
[INFO] Flow: ('192.168.38.105', '192.168.38.104', 8412, 63640, 'TCP'), Data Transferred: 1582 bytes
[INFO] Flow: ('192.168.38.105', '192.168.38.104', 8412, 63641, 'TCP'), Data Transferred: 1783 bytes
[INFO] Flow: ('192.168.38.105', '192.168.38.104', 8412, 63640, 'TCP'), Data Transferred: 2844 bytes
[INFO] Flow: ('192.168.38.105', '192.168.38.104', 8412, 63640, 'TCP'), Data Transferred: 11859 bytes
[INFO] Flow: ('192.168.38.105', '192.168.38.104', 8412, 63640, 'TCP'), Data Transferred: 16624 bytes
[INFO] Flow: ('192.168.38.105', '192.168.38.104', 8412, 63640, 'TCP'), Data Transferred: 23816 bytes
{"message": "Traffic Anomaly Detected: 192.168.38.105 shows sudden traffic spike. Current: 23816, Avg: 6462.0", "timestamp": 1726413841.003818, "attack_type": "Traffic Anomaly"}
{"message": "Traffic Anomaly Detected: 192.168.38.105 shows sudden traffic spike. Current: 32085, Avg: 9523.1", "timestamp": 1726413841.0788043, "attack_type": "Traffic Anomaly"}
{"message": "Traffic Anomaly Detected: 192.168.38.105 shows sudden traffic spike. Current: 32168, Avg: 12587.1", "timestamp": 1726413841.2123077, "attack_type": "Traffic Anomaly"}
{"message": "Traffic Anomaly Detected: 192.168.38.104 shows sudden traffic spike. Current: 27922, Avg: 7915.1", "timestamp": 1726413841.345382, "attack_type": "Traffic Anomaly"}
{"message": "Detected DNS Query: b'lDqoR16q.madeupsetup.eu.' with encoding ascii", "timestamp": 1726413841.4702425, "attack_type": "DNS Query"}
{"message": "Decoded DNS Query: lDqoR16q.madeupsetup.eu.", "timestamp": 1726413841.594832, "attack_type": "DNS Query"}
{"message": "Detected DNS Query: b'lDqoR16q.madeupsetup.eu.' with encoding ascii", "timestamp": 1726413841.687451, "attack_type": "DNS Query"}
{"message": "Decoded DNS Query: lDqoR16q.madeupsetup.eu.", "timestamp": 1726413841.8447955, "attack_type": "DNS Query"}
{"message": "Detected DNS Query: b'lDqoR16q.madeupsetup.eu.us-west-1.ec2-utilities.amazonaws.com.' with encoding ascii", "timestamp": 1726413842.0546055, "attack_type": "DNS Query"}
{"message": "Decoded DNS Query: lDqoR16q.madeupsetup.eu.us-west-1.ec2-utilities.amazonaws.com.", "timestamp": 1726413842.2284002, "attack_type": "DNS Query"}
{"message": "Intrusion Detected: Possible DNS exfiltration in query lDqoR16q.madeupsetup.eu.us-west-1.ec2-utilities.amazonaws.com.", "timestamp": 1726413842.3039258, "attack_type": "DNS Exfiltration"}
{"message": "Detected DNS Query: b'lDqoR16q.madeupsetup.eu.us-west-1.ec2-utilities.amazonaws.com.' with encoding ascii", "timestamp": 1726413842.7957654, "attack_type": "DNS Query"}
{"message": "Decoded DNS Query: lDqoR16q.madeupsetup.eu.us-west-1.ec2-utilities.amazonaws.com.", "timestamp": 1726413842.9616046, "attack_type": "DNS Query"}
{"message": "Intrusion Detected: Possible DNS exfiltration in query lDqoR16q.madeupsetup.eu.us-west-1.ec2-utilities.amazonaws.com.", "timestamp": 1726413843.0703008, "attack_type": "DNS Exfiltration"}
[INFO] Flow: ('192.168.38.104', '192.168.38.105', 63640, 8412, 'TCP'), Data Transferred: 1348 bytes
[INFO] Flow: ('192.168.38.105', '192.168.38.104', 8412, 63640, 'TCP'), Data Transferred: 32085 bytes
[INFO] Flow: ('192.168.38.105', '192.168.38.104', 8412, 63640, 'TCP'), Data Transferred: 32168 bytes
[INFO] Flow: ('192.168.38.104', '192.168.38.105', 63640, 8412, 'TCP'), Data Transferred: 1402 bytes
[INFO] Flow: ('192.168.38.104', '192.168.38.105', 63641, 8412, 'TCP'), Data Transferred: 27922 bytes
[INFO] Flow: ('192.168.38.104', '8.8.8.8', 65299, 53, 'UDP'), Data Transferred: 83 bytes
[INFO] Flow: ('8.8.8.8', '192.168.38.104', 53, 65299, 'UDP'), Data Transferred: 162 bytes
[INFO] Flow: ('192.168.38.104', '8.8.8.8', 65300, 53, 'UDP'), Data Transferred: 121 bytes
[INFO] Flow: ('8.8.8.8', '192.168.38.104', 53, 65300, 'UDP'), Data Transferred: 209 bytes
[INFO] Flow: ('192.168.38.104', '8.8.8.8', 65301, 53, 'UDP'), Data Transferred: 99 bytes
{"message": "Detected DNS Query: b'lDqoR16q.madeupsetup.eu.windomain.local.' with encoding ascii", "timestamp": 1726413843.2126527, "attack_type": "DNS Query"}
{"message": "Decoded DNS Query: lDqoR16q.madeupsetup.eu.windomain.local.", "timestamp": 1726413843.3536952, "attack_type": "DNS Query"}
{"message": "Detected DNS Query: b'lDqoR16q.madeupsetup.eu.windomain.local.' with encoding ascii", "timestamp": 1726413843.487758, "attack_type": "DNS Query"}
{"message": "Decoded DNS Query: lDqoR16q.madeupsetup.eu.windomain.local.", "timestamp": 1726413843.6696997, "attack_type": "DNS Query"}
{"message": "Detected DNS Query: b'1Th0dQuT.madeupsetup.eu.' with encoding ascii", "timestamp": 1726413843.853818, "attack_type": "DNS Query"}
{"message": "Decoded DNS Query: 1Th0dQuT.madeupsetup.eu.", "timestamp": 1726413843.9866285, "attack_type": "DNS Query"}
{"message": "Detected DNS Query: b'1Th0dQuT.madeupsetup.eu.' with encoding ascii", "timestamp": 1726413844.137434, "attack_type": "DNS Query"}
{"message": "Decoded DNS Query: 1Th0dQuT.madeupsetup.eu.", "timestamp": 1726413844.32845, "attack_type": "DNS Query"}
{"message": "Detected DNS Query: b'1Th0dQuT.madeupsetup.eu.us-west-1.ec2-utilities.amazonaws.com.' with encoding ascii", "timestamp": 1726413844.6042244, "attack_type": "DNS Query"}
{"message": "Decoded DNS Query: 1Th0dQuT.madeupsetup.eu.us-west-1.ec2-utilities.amazonaws.com.", "timestamp": 1726413844.6865458, "attack_type": "DNS Query"}
{"message": "Intrusion Detected: Possible DNS exfiltration in query 1Th0dQuT.madeupsetup.eu.us-west-1.ec2-utilities.amazonaws.com.", "timestamp": 1726413844.8455136, "attack_type": "DNS Exfiltration"}
{"message": "Detected DNS Query: b'1Th0dQuT.madeupsetup.eu.us-west-1.ec2-utilities.amazonaws.com.' with encoding ascii", "timestamp": 1726413844.9701111, "attack_type": "DNS Query"}
{"message": "Decoded DNS Query: 1Th0dQuT.madeupsetup.eu.us-west-1.ec2-utilities.amazonaws.com.", "timestamp": 1726413845.1037946, "attack_type": "DNS Query"}
{"message": "Intrusion Detected: Possible DNS exfiltration in query 1Th0dQuT.madeupsetup.eu.us-west-1.ec2-utilities.amazonaws.com.", "timestamp": 1726413845.2366936, "attack_type": "DNS Exfiltration"}
{"message": "Detected DNS Query: b'1Th0dQuT.madeupsetup.eu.windomain.local.' with encoding ascii", "timestamp": 1726413845.3203008, "attack_type": "DNS Query"}
{"message": "Decoded DNS Query: 1Th0dQuT.madeupsetup.eu.windomain.local.", "timestamp": 1726413845.5619502, "attack_type": "DNS Query"}
{"message": "Detected DNS Query: b'1Th0dQuT.madeupsetup.eu.windomain.local.' with encoding ascii", "timestamp": 1726413845.7369597, "attack_type": "DNS Query"}
{"message": "Decoded DNS Query: 1Th0dQuT.madeupsetup.eu.windomain.local.", "timestamp": 1726413845.836205, "attack_type": "DNS Query"}
{"message": "Detected DNS Query: b'ysnuBebx.madeupsetup.eu.' with encoding ascii", "timestamp": 1726413845.9784198, "attack_type": "DNS Query"}
{"message": "Decoded DNS Query: ysnuBebx.madeupsetup.eu.", "timestamp": 1726413846.127852, "attack_type": "DNS Query"}
{"message": "Detected DNS Query: b'ysnuBebx.madeupsetup.eu.' with encoding ascii", "timestamp": 1726413846.2625468, "attack_type": "DNS Query"}
{"message": "Decoded DNS Query: ysnuBebx.madeupsetup.eu.", "timestamp": 1726413846.3946636, "attack_type": "DNS Query"}
[INFO] Flow: ('8.8.8.8', '192.168.38.104', 53, 65301, 'UDP'), Data Transferred: 174 bytes
[INFO] Flow: ('192.168.38.104', '8.8.8.8', 65302, 53, 'UDP'), Data Transferred: 83 bytes
[INFO] Flow: ('8.8.8.8', '192.168.38.104', 53, 65302, 'UDP'), Data Transferred: 162 bytes
[INFO] Flow: ('192.168.38.104', '8.8.8.8', 65303, 53, 'UDP'), Data Transferred: 121 bytes
[INFO] Flow: ('8.8.8.8', '192.168.38.104', 53, 65303, 'UDP'), Data Transferred: 221 bytes
[INFO] Flow: ('192.168.38.104', '8.8.8.8', 65304, 53, 'UDP'), Data Transferred: 99 bytes
[INFO] Flow: ('8.8.8.8', '192.168.38.104', 53, 65304, 'UDP'), Data Transferred: 174 bytes
[INFO] Flow: ('192.168.38.104', '8.8.8.8', 65305, 53, 'UDP'), Data Transferred: 83 bytes
[INFO] Flow: ('8.8.8.8', '192.168.38.104', 53, 65305, 'UDP'), Data Transferred: 162 bytes
[INFO] Flow: ('192.168.38.104', '8.8.8.8', 65306, 53, 'UDP'), Data Transferred: 121 bytes
{"message": "Detected DNS Query: b'ysnuBebx.madeupsetup.eu.us-west-1.ec2-utilities.amazonaws.com.' with encoding ascii", "timestamp": 1726413846.5377784, "attack_type": "DNS Query"}
{"message": "Decoded DNS Query: ysnuBebx.madeupsetup.eu.us-west-1.ec2-utilities.amazonaws.com.", "timestamp": 1726413846.6611836, "attack_type": "DNS Query"}
{"message": "Intrusion Detected: Possible DNS exfiltration in query ysnuBebx.madeupsetup.eu.us-west-1.ec2-utilities.amazonaws.com.", "timestamp": 1726413846.7365468, "attack_type": "DNS Exfiltration"}
{"message": "Detected DNS Query: b'ysnuBebx.madeupsetup.eu.us-west-1.ec2-utilities.amazonaws.com.' with encoding ascii", "timestamp": 1726413846.8700106, "attack_type": "DNS Query"}
{"message": "Decoded DNS Query: ysnuBebx.madeupsetup.eu.us-west-1.ec2-utilities.amazonaws.com.", "timestamp": 1726413847.020343, "attack_type": "DNS Query"}
{"message": "Intrusion Detected: Possible DNS exfiltration in query ysnuBebx.madeupsetup.eu.us-west-1.ec2-utilities.amazonaws.com.", "timestamp": 1726413847.1953115, "attack_type": "DNS Exfiltration"}
{"message": "Detected DNS Query: b'ysnuBebx.madeupsetup.eu.windomain.local.' with encoding ascii", "timestamp": 1726413847.3283505, "attack_type": "DNS Query"}
{"message": "Decoded DNS Query: ysnuBebx.madeupsetup.eu.windomain.local.", "timestamp": 1726413847.4216342, "attack_type": "DNS Query"}
{"message": "Detected DNS Query: b'ysnuBebx.madeupsetup.eu.windomain.local.' with encoding ascii", "timestamp": 1726413847.5450368, "attack_type": "DNS Query"}
{"message": "Decoded DNS Query: ysnuBebx.madeupsetup.eu.windomain.local.", "timestamp": 1726413847.7035668, "attack_type": "DNS Query"}
{"message": "Detected DNS Query: b'OKm0XI7q.madeupsetup.eu.' with encoding ascii", "timestamp": 1726413847.878407, "attack_type": "DNS Query"}
{"message": "Decoded DNS Query: OKm0XI7q.madeupsetup.eu.", "timestamp": 1726413848.0608683, "attack_type": "DNS Query"}
{"message": "Traffic Anomaly Detected: 192.168.38.104 shows sudden traffic spike. Current: 390, Avg: 129.9", "timestamp": 1726413848.2205856, "attack_type": "Traffic Anomaly"}
{"message": "Traffic Anomaly Detected: 192.168.38.104 shows sudden traffic spike. Current: 389, Avg: 156.7", "timestamp": 1726413848.3615043, "attack_type": "Traffic Anomaly"}
{"message": "Traffic Anomaly Detected: 192.168.38.104 shows sudden traffic spike. Current: 10041, Avg: 1150.9", "timestamp": 1726413848.4283583, "attack_type": "Traffic Anomaly"}
{"message": "Traffic Anomaly Detected: 192.168.38.104 shows sudden traffic spike. Current: 3061, Avg: 1448.7", "timestamp": 1726413848.5609844, "attack_type": "Traffic Anomaly"}
[INFO] Flow: ('8.8.8.8', '192.168.38.104', 53, 65306, 'UDP'), Data Transferred: 209 bytes
[INFO] Flow: ('192.168.38.104', '8.8.8.8', 65307, 53, 'UDP'), Data Transferred: 99 bytes
[INFO] Flow: ('8.8.8.8', '192.168.38.104', 53, 65307, 'UDP'), Data Transferred: 174 bytes
[INFO] Flow: ('192.168.38.104', '8.8.8.8', 65308, 53, 'UDP'), Data Transferred: 83 bytes
[INFO] Flow: ('192.168.38.104', '192.168.38.103', 63587, 5985, 'TCP'), Data Transferred: 390 bytes
[INFO] Flow: ('192.168.38.104', '192.168.38.103', 63602, 5985, 'TCP'), Data Transferred: 389 bytes
[INFO] Flow: ('192.168.38.104', '192.168.38.103', 63587, 5985, 'TCP'), Data Transferred: 10041 bytes
[INFO] Flow: ('192.168.38.104', '192.168.38.103', 63602, 5985, 'TCP'), Data Transferred: 3061 bytes
[INFO] Flow: ('192.168.38.103', '192.168.38.104', 5985, 63602, 'TCP'), Data Transferred: 54 bytes
[INFO] Flow: ('192.168.38.103', '192.168.38.104', 5985, 63587, 'TCP'), Data Transferred: 54 bytes
{"message": "Traffic Anomaly Detected: 192.168.38.104 shows sudden traffic spike. Current: 10095, Avg: 2747.7", "timestamp": 1726413848.7222698, "attack_type": "Traffic Anomaly"}
[INFO] Flow: ('192.168.38.103', '192.168.38.104', 5985, 63602, 'TCP'), Data Transferred: 1568 bytes
[INFO] Flow: ('192.168.38.103', '192.168.38.104', 5985, 63602, 'TCP'), Data Transferred: 2121 bytes
[INFO] Flow: ('192.168.38.104', '192.168.38.103', 63602, 5985, 'TCP'), Data Transferred: 3115 bytes
[INFO] Flow: ('192.168.38.103', '192.168.38.104', 5985, 63587, 'TCP'), Data Transferred: 1568 bytes
[INFO] Flow: ('192.168.38.103', '192.168.38.104', 5985, 63587, 'TCP'), Data Transferred: 2121 bytes
[INFO] Flow: ('192.168.38.104', '192.168.38.103', 63587, 5985, 'TCP'), Data Transferred: 10095 bytes
[INFO] Flow: ('192.168.38.104', '192.168.38.103', 63602, 5985, 'TCP'), Data Transferred: 3504 bytes
[INFO] Flow: ('192.168.38.104', '192.168.38.103', 63602, 5985, 'TCP'), Data Transferred: 6169 bytes
[INFO] Flow: ('192.168.38.103', '192.168.38.104', 5985, 63602, 'TCP'), Data Transferred: 2175 bytes
[INFO] Flow: ('192.168.38.103', '192.168.38.104', 5985, 63602, 'TCP'), Data Transferred: 3689 bytes
{"message": "Detected DNS Query: b'OKm0XI7q.madeupsetup.eu.' with encoding ascii", "timestamp": 1726413848.8791604, "attack_type": "DNS Query"}
{"message": "Decoded DNS Query: OKm0XI7q.madeupsetup.eu.", "timestamp": 1726413849.0114949, "attack_type": "DNS Query"}
{"message": "Detected DNS Query: b'OKm0XI7q.madeupsetup.eu.us-west-1.ec2-utilities.amazonaws.com.' with encoding ascii", "timestamp": 1726413849.0884898, "attack_type": "DNS Query"}
{"message": "Decoded DNS Query: OKm0XI7q.madeupsetup.eu.us-west-1.ec2-utilities.amazonaws.com.", "timestamp": 1726413849.2201853, "attack_type": "DNS Query"}
{"message": "Intrusion Detected: Possible DNS exfiltration in query OKm0XI7q.madeupsetup.eu.us-west-1.ec2-utilities.amazonaws.com.", "timestamp": 1726413849.370309, "attack_type": "DNS Exfiltration"}
{"message": "Traffic Anomaly Detected: 192.168.38.103 shows sudden traffic spike. Current: 5810, Avg: 2764.4", "timestamp": 1726413849.4953258, "attack_type": "Traffic Anomaly"}
[INFO] Flow: ('192.168.38.103', '192.168.38.104', 5985, 63602, 'TCP'), Data Transferred: 4242 bytes
[INFO] Flow: ('192.168.38.104', '192.168.38.103', 63602, 5985, 'TCP'), Data Transferred: 6223 bytes
[INFO] Flow: ('8.8.8.8', '192.168.38.104', 53, 65308, 'UDP'), Data Transferred: 162 bytes
[INFO] Flow: ('192.168.38.104', '8.8.8.8', 65309, 53, 'UDP'), Data Transferred: 121 bytes
[INFO] Flow: ('192.168.38.104', '192.168.38.103', 63602, 5985, 'TCP'), Data Transferred: 6612 bytes
[INFO] Flow: ('192.168.38.104', '192.168.38.103', 63602, 5985, 'TCP'), Data Transferred: 9268 bytes
[INFO] Flow: ('192.168.38.103', '192.168.38.104', 5985, 63602, 'TCP'), Data Transferred: 4296 bytes
[INFO] Flow: ('192.168.38.103', '192.168.38.104', 5985, 63602, 'TCP'), Data Transferred: 5810 bytes
[INFO] Flow: ('192.168.38.103', '192.168.38.104', 5985, 63602, 'TCP'), Data Transferred: 6363 bytes
[INFO] Flow: ('192.168.38.104', '192.168.38.103', 63602, 5985, 'TCP'), Data Transferred: 9322 bytes
[INFO] Flow: ('192.168.38.104', '192.168.38.103', 63602, 5985, 'TCP'), Data Transferred: 9711 bytes
[INFO] Flow: ('192.168.38.104', '192.168.38.103', 63602, 5985, 'TCP'), Data Transferred: 12378 bytes
[INFO] Flow: ('192.168.38.103', '192.168.38.104', 5985, 63602, 'TCP'), Data Transferred: 6417 bytes
[INFO] Flow: ('192.168.38.103', '192.168.38.104', 5985, 63602, 'TCP'), Data Transferred: 7931 bytes
[INFO] Flow: ('192.168.38.103', '192.168.38.104', 5985, 63602, 'TCP'), Data Transferred: 8484 bytes
[INFO] Flow: ('192.168.38.104', '192.168.38.103', 63602, 5985, 'TCP'), Data Transferred: 12432 bytes
[INFO] Flow: ('192.168.38.104', '192.168.38.103', 63602, 5985, 'TCP'), Data Transferred: 12821 bytes
[INFO] Flow: ('192.168.38.104', '192.168.38.103', 63602, 5985, 'TCP'), Data Transferred: 15498 bytes
[INFO] Flow: ('192.168.38.103', '192.168.38.104', 5985, 63602, 'TCP'), Data Transferred: 8538 bytes
[INFO] Flow: ('192.168.38.103', '192.168.38.104', 5985, 63602, 'TCP'), Data Transferred: 10052 bytes
[INFO] Flow: ('192.168.38.103', '192.168.38.104', 5985, 63602, 'TCP'), Data Transferred: 10605 bytes
[INFO] Flow: ('192.168.38.104', '192.168.38.103', 63602, 5985, 'TCP'), Data Transferred: 15552 bytes
[INFO] Flow: ('192.168.38.104', '192.168.38.103', 63602, 5985, 'TCP'), Data Transferred: 15941 bytes
[INFO] Flow: ('192.168.38.104', '192.168.38.103', 63602, 5985, 'TCP'), Data Transferred: 18617 bytes
[INFO] Flow: ('192.168.38.103', '192.168.38.104', 5985, 63602, 'TCP'), Data Transferred: 10659 bytes
[INFO] Flow: ('192.168.38.103', '192.168.38.104', 5985, 63602, 'TCP'), Data Transferred: 12173 bytes
[INFO] Flow: ('192.168.38.103', '192.168.38.104', 5985, 63602, 'TCP'), Data Transferred: 12726 bytes
[INFO] Flow: ('192.168.38.104', '192.168.38.103', 63602, 5985, 'TCP'), Data Transferred: 18671 bytes
[INFO] Flow: ('192.168.38.104', '192.168.38.103', 63602, 5985, 'TCP'), Data Transferred: 19060 bytes
[INFO] Flow: ('192.168.38.104', '192.168.38.103', 63602, 5985, 'TCP'), Data Transferred: 21733 bytes
{"message": "Detected DNS Query: b'OKm0XI7q.madeupsetup.eu.us-west-1.ec2-utilities.amazonaws.com.' with encoding ascii", "timestamp": 1726413849.6648774, "attack_type": "DNS Query"}
{"message": "Decoded DNS Query: OKm0XI7q.madeupsetup.eu.us-west-1.ec2-utilities.amazonaws.com.", "timestamp": 1726413849.7450254, "attack_type": "DNS Query"}
{"message": "Intrusion Detected: Possible DNS exfiltration in query OKm0XI7q.madeupsetup.eu.us-west-1.ec2-utilities.amazonaws.com.", "timestamp": 1726413849.9362576, "attack_type": "DNS Exfiltration"}
{"message": "Intrusion Detected: Port scanning detected from 8.8.8.8", "timestamp": 1726413850.0696912, "attack_type": "Port Scan"}
{"message": "Detected DNS Query: b'OKm0XI7q.madeupsetup.eu.windomain.local.' with encoding ascii", "timestamp": 1726413850.2037022, "attack_type": "DNS Query"}
{"message": "Decoded DNS Query: OKm0XI7q.madeupsetup.eu.windomain.local.", "timestamp": 1726413850.3356943, "attack_type": "DNS Query"}
[INFO] Flow: ('192.168.38.103', '192.168.38.104', 5985, 63602, 'TCP'), Data Transferred: 12780 bytes
[INFO] Flow: ('8.8.8.8', '192.168.38.104', 53, 65309, 'UDP'), Data Transferred: 221 bytes
[INFO] Flow: ('192.168.38.103', '192.168.38.104', 5985, 63602, 'TCP'), Data Transferred: 14294 bytes
[INFO] Flow: ('192.168.38.103', '192.168.38.104', 5985, 63602, 'TCP'), Data Transferred: 14847 bytes
[INFO] Flow: ('192.168.38.104', '192.168.38.103', 63602, 5985, 'TCP'), Data Transferred: 21787 bytes
[INFO] Flow: ('192.168.38.104', '8.8.8.8', 65310, 53, 'UDP'), Data Transferred: 99 bytes
[INFO] Flow: ('192.168.38.104', '192.168.38.103', 63602, 5985, 'TCP'), Data Transferred: 22176 bytes
[INFO] Flow: ('192.168.38.104', '192.168.38.103', 63602, 5985, 'TCP'), Data Transferred: 24832 bytes
[INFO] Flow: ('192.168.38.103', '192.168.38.104', 5985, 63602, 'TCP'), Data Transferred: 14901 bytes
[INFO] Flow: ('192.168.38.103', '192.168.38.104', 5985, 63602, 'TCP'), Data Transferred: 16415 bytes
[INFO] Flow: ('192.168.38.103', '192.168.38.104', 5985, 63602, 'TCP'), Data Transferred: 16968 bytes
[INFO] Flow: ('192.168.38.104', '192.168.38.103', 63602, 5985, 'TCP'), Data Transferred: 24886 bytes
[INFO] Flow: ('192.168.38.104', '192.168.38.103', 63602, 5985, 'TCP'), Data Transferred: 25275 bytes
[INFO] Flow: ('192.168.38.104', '192.168.38.103', 63602, 5985, 'TCP'), Data Transferred: 27934 bytes
[INFO] Flow: ('192.168.38.103', '192.168.38.104', 5985, 63602, 'TCP'), Data Transferred: 17022 bytes
[INFO] Flow: ('192.168.38.103', '192.168.38.104', 5985, 63602, 'TCP'), Data Transferred: 18536 bytes
[INFO] Flow: ('192.168.38.103', '192.168.38.104', 5985, 63602, 'TCP'), Data Transferred: 19089 bytes
[INFO] Flow: ('192.168.38.104', '192.168.38.103', 63602, 5985, 'TCP'), Data Transferred: 27988 bytes
[INFO] Flow: ('192.168.38.104', '192.168.38.103', 63602, 5985, 'TCP'), Data Transferred: 28377 bytes
[INFO] Flow: ('192.168.38.104', '192.168.38.103', 63602, 5985, 'TCP'), Data Transferred: 31046 bytes
[INFO] Flow: ('192.168.38.103', '192.168.38.104', 5985, 63602, 'TCP'), Data Transferred: 19143 bytes
[INFO] Flow: ('192.168.38.103', '192.168.38.104', 5985, 63602, 'TCP'), Data Transferred: 20657 bytes
[INFO] Flow: ('192.168.38.103', '192.168.38.104', 5985, 63602, 'TCP'), Data Transferred: 21210 bytes
[INFO] Flow: ('192.168.38.104', '192.168.38.103', 63602, 5985, 'TCP'), Data Transferred: 31100 bytes
[INFO] Flow: ('192.168.38.104', '192.168.38.103', 63602, 5985, 'TCP'), Data Transferred: 31489 bytes
[INFO] Flow: ('192.168.38.104', '192.168.38.103', 63602, 5985, 'TCP'), Data Transferred: 34161 bytes
[INFO] Flow: ('192.168.38.103', '192.168.38.104', 5985, 63602, 'TCP'), Data Transferred: 21264 bytes
[INFO] Flow: ('192.168.38.103', '192.168.38.104', 5985, 63602, 'TCP'), Data Transferred: 22778 bytes
[INFO] Flow: ('192.168.38.103', '192.168.38.104', 5985, 63602, 'TCP'), Data Transferred: 23331 bytes
[INFO] Flow: ('192.168.38.104', '192.168.38.103', 63602, 5985, 'TCP'), Data Transferred: 34215 bytes
{"message": "Detected DNS Query: b'OKm0XI7q.madeupsetup.eu.windomain.local.' with encoding ascii", "timestamp": 1726413850.4874082, "attack_type": "DNS Query"}
{"message": "Decoded DNS Query: OKm0XI7q.madeupsetup.eu.windomain.local.", "timestamp": 1726413850.6366858, "attack_type": "DNS Query"}
{"message": "Intrusion Detected: Port scanning detected from 8.8.8.8", "timestamp": 1726413850.7287076, "attack_type": "Port Scan"}
{"message": "Detected DNS Query: b'j/RVIHi2.madeupsetup.eu.' with encoding ascii", "timestamp": 1726413850.8534262, "attack_type": "DNS Query"}
{"message": "Decoded DNS Query: j/RVIHi2.madeupsetup.eu.", "timestamp": 1726413851.0114195, "attack_type": "DNS Query"}
[INFO] Flow: ('192.168.38.104', '192.168.38.103', 63602, 5985, 'TCP'), Data Transferred: 34604 bytes
[INFO] Flow: ('192.168.38.104', '192.168.38.103', 63602, 5985, 'TCP'), Data Transferred: 37269 bytes
[INFO] Flow: ('192.168.38.103', '192.168.38.104', 5985, 63602, 'TCP'), Data Transferred: 23385 bytes
[INFO] Flow: ('192.168.38.103', '192.168.38.104', 5985, 63602, 'TCP'), Data Transferred: 24899 bytes
[INFO] Flow: ('192.168.38.103', '192.168.38.104', 5985, 63602, 'TCP'), Data Transferred: 25452 bytes
[INFO] Flow: ('192.168.38.104', '192.168.38.103', 63602, 5985, 'TCP'), Data Transferred: 37323 bytes
[INFO] Flow: ('8.8.8.8', '192.168.38.104', 53, 65310, 'UDP'), Data Transferred: 174 bytes
[INFO] Flow: ('192.168.38.104', '8.8.8.8', 65311, 53, 'UDP'), Data Transferred: 83 bytes
[INFO] Flow: ('192.168.38.104', '192.168.38.103', 63602, 5985, 'TCP'), Data Transferred: 37712 bytes
[INFO] Flow: ('192.168.38.104', '192.168.38.103', 63602, 5985, 'TCP'), Data Transferred: 40376 bytes
[INFO] Flow: ('192.168.38.103', '192.168.38.104', 5985, 63602, 'TCP'), Data Transferred: 25506 bytes
[INFO] Flow: ('192.168.38.103', '192.168.38.104', 5985, 63602, 'TCP'), Data Transferred: 27020 bytes
[INFO] Flow: ('192.168.38.103', '192.168.38.104', 5985, 63602, 'TCP'), Data Transferred: 27573 bytes
[INFO] Flow: ('192.168.38.104', '192.168.38.103', 63602, 5985, 'TCP'), Data Transferred: 40430 bytes
[INFO] Flow: ('192.168.38.104', '192.168.38.103', 63602, 5985, 'TCP'), Data Transferred: 40819 bytes
[INFO] Flow: ('192.168.38.104', '192.168.38.103', 63602, 5985, 'TCP'), Data Transferred: 43478 bytes
[INFO] Flow: ('192.168.38.103', '192.168.38.104', 5985, 63602, 'TCP'), Data Transferred: 27627 bytes
[INFO] Flow: ('192.168.38.103', '192.168.38.104', 5985, 63602, 'TCP'), Data Transferred: 29141 bytes
[INFO] Flow: ('192.168.38.103', '192.168.38.104', 5985, 63602, 'TCP'), Data Transferred: 29694 bytes
[INFO] Flow: ('192.168.38.104', '192.168.38.103', 63602, 5985, 'TCP'), Data Transferred: 43532 bytes
[INFO] Flow: ('192.168.38.104', '192.168.38.103', 63602, 5985, 'TCP'), Data Transferred: 43921 bytes
[INFO] Flow: ('192.168.38.104', '192.168.38.103', 63602, 5985, 'TCP'), Data Transferred: 46598 bytes
[INFO] Flow: ('192.168.38.103', '192.168.38.104', 5985, 63602, 'TCP'), Data Transferred: 29748 bytes
[INFO] Flow: ('192.168.38.103', '192.168.38.104', 5985, 63602, 'TCP'), Data Transferred: 31262 bytes
[INFO] Flow: ('192.168.38.103', '192.168.38.104', 5985, 63602, 'TCP'), Data Transferred: 31815 bytes
[INFO] Flow: ('192.168.38.104', '192.168.38.103', 63602, 5985, 'TCP'), Data Transferred: 46652 bytes
[INFO] Flow: ('192.168.38.104', '192.168.38.103', 63602, 5985, 'TCP'), Data Transferred: 47041 bytes
[INFO] Flow: ('192.168.38.104', '192.168.38.103', 63602, 5985, 'TCP'), Data Transferred: 49721 bytes
[INFO] Flow: ('192.168.38.103', '192.168.38.104', 5985, 63602, 'TCP'), Data Transferred: 31869 bytes
[INFO] Flow: ('192.168.38.103', '192.168.38.104', 5985, 63602, 'TCP'), Data Transferred: 33383 bytes
[INFO] Flow: ('192.168.38.103', '192.168.38.104', 5985, 63602, 'TCP'), Data Transferred: 33936 bytes
[INFO] Flow: ('192.168.38.104', '192.168.38.103', 63602, 5985, 'TCP'), Data Transferred: 49775 bytes
[INFO] Flow: ('192.168.38.104', '192.168.38.103', 63602, 5985, 'TCP'), Data Transferred: 50164 bytes
[INFO] Flow: ('192.168.38.104', '192.168.38.103', 63602, 5985, 'TCP'), Data Transferred: 52829 bytes
[INFO] Flow: ('192.168.38.103', '192.168.38.104', 5985, 63602, 'TCP'), Data Transferred: 33990 bytes
[INFO] Flow: ('192.168.38.103', '192.168.38.104', 5985, 63602, 'TCP'), Data Transferred: 35504 bytes
[INFO] Flow: ('192.168.38.103', '192.168.38.104', 5985, 63602, 'TCP'), Data Transferred: 36057 bytes
[INFO] Flow: ('192.168.38.104', '192.168.38.103', 63602, 5985, 'TCP'), Data Transferred: 52883 bytes
[INFO] Flow: ('192.168.38.104', '192.168.38.103', 63635, 5985, 'TCP'), Data Transferred: 9050 bytes
[INFO] Flow: ('192.168.38.104', '192.168.38.103', 63635, 5985, 'TCP'), Data Transferred: 12938 bytes
[INFO] Flow: ('192.168.38.103', '192.168.38.104', 5985, 63635, 'TCP'), Data Transferred: 4745 bytes
[INFO] Flow: ('192.168.38.104', '192.168.38.103', 63602, 5985, 'TCP'), Data Transferred: 53272 bytes
[INFO] Flow: ('192.168.38.104', '192.168.38.103', 63602, 5985, 'TCP'), Data Transferred: 55928 bytes
[INFO] Flow: ('192.168.38.103', '192.168.38.104', 5985, 63602, 'TCP'), Data Transferred: 36111 bytes
[INFO] Flow: ('192.168.38.103', '192.168.38.104', 5985, 63635, 'TCP'), Data Transferred: 6259 bytes
[INFO] Flow: ('192.168.38.103', '192.168.38.104', 5985, 63635, 'TCP'), Data Transferred: 6812 bytes
[INFO] Flow: ('192.168.38.104', '192.168.38.103', 63635, 5985, 'TCP'), Data Transferred: 12992 bytes
[INFO] Flow: ('192.168.38.103', '192.168.38.104', 5985, 63602, 'TCP'), Data Transferred: 37625 bytes
[INFO] Flow: ('192.168.38.103', '192.168.38.104', 5985, 63602, 'TCP'), Data Transferred: 38178 bytes
[INFO] Flow: ('192.168.38.104', '192.168.38.103', 63602, 5985, 'TCP'), Data Transferred: 55982 bytes
[INFO] Flow: ('192.168.38.104', '192.168.38.103', 63635, 5985, 'TCP'), Data Transferred: 13382 bytes
[INFO] Flow: ('192.168.38.104', '192.168.38.103', 63635, 5985, 'TCP'), Data Transferred: 17399 bytes
[INFO] Flow: ('192.168.38.103', '192.168.38.104', 5985, 63635, 'TCP'), Data Transferred: 6866 bytes
[INFO] Flow: ('192.168.38.104', '192.168.38.103', 63602, 5985, 'TCP'), Data Transferred: 56371 bytes
[INFO] Flow: ('192.168.38.104', '192.168.38.103', 63602, 5985, 'TCP'), Data Transferred: 59030 bytes
[INFO] Flow: ('192.168.38.103', '192.168.38.104', 5985, 63602, 'TCP'), Data Transferred: 38232 bytes
[INFO] Flow: ('192.168.38.103', '192.168.38.104', 5985, 63635, 'TCP'), Data Transferred: 8380 bytes
[INFO] Flow: ('192.168.38.103', '192.168.38.104', 5985, 63635, 'TCP'), Data Transferred: 8933 bytes
[INFO] Flow: ('192.168.38.104', '192.168.38.103', 63635, 5985, 'TCP'), Data Transferred: 17453 bytes
[INFO] Flow: ('192.168.38.103', '192.168.38.104', 5985, 63602, 'TCP'), Data Transferred: 39746 bytes
[INFO] Flow: ('192.168.38.103', '192.168.38.104', 5985, 63602, 'TCP'), Data Transferred: 40299 bytes
[INFO] Flow: ('192.168.38.104', '192.168.38.103', 63602, 5985, 'TCP'), Data Transferred: 59084 bytes
[INFO] Flow: ('192.168.38.104', '192.168.38.103', 63635, 5985, 'TCP'), Data Transferred: 17843 bytes
[INFO] Flow: ('192.168.38.104', '192.168.38.103', 63635, 5985, 'TCP'), Data Transferred: 21239 bytes
[INFO] Flow: ('192.168.38.103', '192.168.38.104', 5985, 63635, 'TCP'), Data Transferred: 8987 bytes
[INFO] Flow: ('192.168.38.104', '192.168.38.103', 63602, 5985, 'TCP'), Data Transferred: 59473 bytes
[INFO] Flow: ('192.168.38.104', '192.168.38.103', 63602, 5985, 'TCP'), Data Transferred: 62154 bytes
[INFO] Flow: ('192.168.38.103', '192.168.38.104', 5985, 63602, 'TCP'), Data Transferred: 40353 bytes
[INFO] Flow: ('192.168.38.103', '192.168.38.104', 5985, 63635, 'TCP'), Data Transferred: 10501 bytes
[INFO] Flow: ('192.168.38.103', '192.168.38.104', 5985, 63635, 'TCP'), Data Transferred: 11054 bytes
[INFO] Flow: ('192.168.38.104', '192.168.38.103', 63635, 5985, 'TCP'), Data Transferred: 21293 bytes
[INFO] Flow: ('192.168.38.103', '192.168.38.104', 5985, 63602, 'TCP'), Data Transferred: 41867 bytes
[INFO] Flow: ('192.168.38.103', '192.168.38.104', 5985, 63602, 'TCP'), Data Transferred: 42420 bytes
[INFO] Flow: ('192.168.38.104', '192.168.38.103', 63602, 5985, 'TCP'), Data Transferred: 62208 bytes
[INFO] Flow: ('192.168.38.104', '192.168.38.103', 63635, 5985, 'TCP'), Data Transferred: 21683 bytes
[INFO] Flow: ('192.168.38.104', '192.168.38.103', 63635, 5985, 'TCP'), Data Transferred: 25241 bytes
[INFO] Flow: ('192.168.38.104', '192.168.38.103', 63602, 5985, 'TCP'), Data Transferred: 62597 bytes
[INFO] Flow: ('192.168.38.104', '192.168.38.103', 63602, 5985, 'TCP'), Data Transferred: 65269 bytes
[INFO] Flow: ('192.168.38.103', '192.168.38.104', 5985, 63635, 'TCP'), Data Transferred: 11108 bytes
[INFO] Flow: ('192.168.38.103', '192.168.38.104', 5985, 63602, 'TCP'), Data Transferred: 42474 bytes
{"message": "Detected DNS Query: b'j/RVIHi2.madeupsetup.eu.' with encoding ascii", "timestamp": 1726413851.4383159, "attack_type": "DNS Query"}
{"message": "Decoded DNS Query: j/RVIHi2.madeupsetup.eu.", "timestamp": 1726413851.5284274, "attack_type": "DNS Query"}
{"message": "Intrusion Detected: Port scanning detected from 8.8.8.8", "timestamp": 1726413851.661484, "attack_type": "Port Scan"}
[INFO] Flow: ('192.168.38.103', '192.168.38.104', 5985, 63635, 'TCP'), Data Transferred: 12622 bytes
[INFO] Flow: ('192.168.38.103', '192.168.38.104', 5985, 63635, 'TCP'), Data Transferred: 13175 bytes
[INFO] Flow: ('192.168.38.104', '192.168.38.103', 63635, 5985, 'TCP'), Data Transferred: 25295 bytes
[INFO] Flow: ('192.168.38.103', '192.168.38.104', 5985, 63602, 'TCP'), Data Transferred: 43988 bytes
[INFO] Flow: ('192.168.38.103', '192.168.38.104', 5985, 63602, 'TCP'), Data Transferred: 44541 bytes
[INFO] Flow: ('192.168.38.104', '192.168.38.103', 63602, 5985, 'TCP'), Data Transferred: 65323 bytes
[INFO] Flow: ('8.8.8.8', '192.168.38.104', 53, 65311, 'UDP'), Data Transferred: 162 bytes
[INFO] Flow: ('192.168.38.104', '192.168.38.103', 63602, 5985, 'TCP'), Data Transferred: 65712 bytes
[INFO] Flow: ('192.168.38.104', '192.168.38.103', 63602, 5985, 'TCP'), Data Transferred: 68385 bytes
[INFO] Flow: ('192.168.38.104', '192.168.38.103', 63635, 5985, 'TCP'), Data Transferred: 25685 bytes
[INFO] Flow: ('192.168.38.104', '192.168.38.103', 63635, 5985, 'TCP'), Data Transferred: 29094 bytes
[INFO] Flow: ('192.168.38.103', '192.168.38.104', 5985, 63602, 'TCP'), Data Transferred: 44595 bytes
[INFO] Flow: ('192.168.38.103', '192.168.38.104', 5985, 63635, 'TCP'), Data Transferred: 13229 bytes
[INFO] Flow: ('192.168.38.103', '192.168.38.104', 5985, 63602, 'TCP'), Data Transferred: 46109 bytes
[INFO] Flow: ('192.168.38.103', '192.168.38.104', 5985, 63602, 'TCP'), Data Transferred: 46662 bytes
[INFO] Flow: ('192.168.38.104', '192.168.38.103', 63602, 5985, 'TCP'), Data Transferred: 68439 bytes
[INFO] Flow: ('192.168.38.103', '192.168.38.104', 5985, 63635, 'TCP'), Data Transferred: 14743 bytes
[INFO] Flow: ('192.168.38.103', '192.168.38.104', 5985, 63635, 'TCP'), Data Transferred: 15296 bytes
[INFO] Flow: ('192.168.38.104', '192.168.38.103', 63635, 5985, 'TCP'), Data Transferred: 29148 bytes
[INFO] Flow: ('192.168.38.104', '8.8.8.8', 65312, 53, 'UDP'), Data Transferred: 121 bytes
{"message": "Detected DNS Query: b'j/RVIHi2.madeupsetup.eu.us-west-1.ec2-utilities.amazonaws.com.' with encoding ascii", "timestamp": 1726413851.7976513, "attack_type": "DNS Query"}
{"message": "Decoded DNS Query: j/RVIHi2.madeupsetup.eu.us-west-1.ec2-utilities.amazonaws.com.", "timestamp": 1726413851.9366312, "attack_type": "DNS Query"}
{"message": "Intrusion Detected: Possible DNS exfiltration in query j/RVIHi2.madeupsetup.eu.us-west-1.ec2-utilities.amazonaws.com.", "timestamp": 1726413852.0281703, "attack_type": "DNS Exfiltration"}
[INFO] Flow: ('192.168.38.104', '192.168.38.103', 63602, 5985, 'TCP'), Data Transferred: 68828 bytes
[INFO] Flow: ('192.168.38.104', '192.168.38.103', 63602, 5985, 'TCP'), Data Transferred: 71492 bytes
[INFO] Flow: ('192.168.38.103', '192.168.38.104', 5985, 63602, 'TCP'), Data Transferred: 46716 bytes
[INFO] Flow: ('192.168.38.103', '192.168.38.104', 5985, 63602, 'TCP'), Data Transferred: 48230 bytes
[INFO] Flow: ('192.168.38.103', '192.168.38.104', 5985, 63602, 'TCP'), Data Transferred: 48783 bytes
[INFO] Flow: ('192.168.38.104', '192.168.38.103', 63602, 5985, 'TCP'), Data Transferred: 71546 bytes
[INFO] Flow: ('192.168.38.104', '192.168.38.103', 63635, 5985, 'TCP'), Data Transferred: 29538 bytes
[INFO] Flow: ('192.168.38.104', '192.168.38.103', 63635, 5985, 'TCP'), Data Transferred: 32905 bytes
[INFO] Flow: ('192.168.38.104', '192.168.38.103', 63602, 5985, 'TCP'), Data Transferred: 71935 bytes
[INFO] Flow: ('192.168.38.104', '192.168.38.103', 63602, 5985, 'TCP'), Data Transferred: 74594 bytes
[INFO] Flow: ('192.168.38.103', '192.168.38.104', 5985, 63635, 'TCP'), Data Transferred: 15350 bytes
[INFO] Flow: ('192.168.38.103', '192.168.38.104', 5985, 63602, 'TCP'), Data Transferred: 48837 bytes
[INFO] Flow: ('192.168.38.103', '192.168.38.104', 5985, 63635, 'TCP'), Data Transferred: 16864 bytes
[INFO] Flow: ('192.168.38.103', '192.168.38.104', 5985, 63635, 'TCP'), Data Transferred: 17417 bytes
[INFO] Flow: ('192.168.38.104', '192.168.38.103', 63635, 5985, 'TCP'), Data Transferred: 32959 bytes
[INFO] Flow: ('192.168.38.103', '192.168.38.104', 5985, 63602, 'TCP'), Data Transferred: 50351 bytes
[INFO] Flow: ('192.168.38.103', '192.168.38.104', 5985, 63602, 'TCP'), Data Transferred: 50904 bytes
[INFO] Flow: ('192.168.38.104', '192.168.38.103', 63602, 5985, 'TCP'), Data Transferred: 74648 bytes
[INFO] Flow: ('192.168.38.104', '192.168.38.103', 63635, 5985, 'TCP'), Data Transferred: 33349 bytes
[INFO] Flow: ('192.168.38.104', '192.168.38.103', 63635, 5985, 'TCP'), Data Transferred: 36793 bytes
[INFO] Flow: ('192.168.38.103', '192.168.38.104', 5985, 63635, 'TCP'), Data Transferred: 17471 bytes
[INFO] Flow: ('192.168.38.104', '192.168.38.103', 63602, 5985, 'TCP'), Data Transferred: 75037 bytes
[INFO] Flow: ('192.168.38.104', '192.168.38.103', 63602, 5985, 'TCP'), Data Transferred: 77714 bytes
[INFO] Flow: ('192.168.38.103', '192.168.38.104', 5985, 63602, 'TCP'), Data Transferred: 50958 bytes
[INFO] Flow: ('192.168.38.103', '192.168.38.104', 5985, 63602, 'TCP'), Data Transferred: 52472 bytes
[INFO] Flow: ('192.168.38.103', '192.168.38.104', 5985, 63602, 'TCP'), Data Transferred: 53025 bytes
[INFO] Flow: ('192.168.38.104', '192.168.38.103', 63602, 5985, 'TCP'), Data Transferred: 77768 bytes
[INFO] Flow: ('192.168.38.103', '192.168.38.104', 5985, 63635, 'TCP'), Data Transferred: 18985 bytes
[INFO] Flow: ('192.168.38.103', '192.168.38.104', 5985, 63635, 'TCP'), Data Transferred: 19538 bytes
[INFO] Flow: ('192.168.38.104', '192.168.38.103', 63635, 5985, 'TCP'), Data Transferred: 36847 bytes
{"message": "Detected DNS Query: b'j/RVIHi2.madeupsetup.eu.us-west-1.ec2-utilities.amazonaws.com.' with encoding ascii", "timestamp": 1726413852.4667456, "attack_type": "DNS Query"}
{"message": "Decoded DNS Query: j/RVIHi2.madeupsetup.eu.us-west-1.ec2-utilities.amazonaws.com.", "timestamp": 1726413852.5532215, "attack_type": "DNS Query"}
{"message": "Intrusion Detected: Possible DNS exfiltration in query j/RVIHi2.madeupsetup.eu.us-west-1.ec2-utilities.amazonaws.com.", "timestamp": 1726413852.7114885, "attack_type": "DNS Exfiltration"}
{"message": "Intrusion Detected: Port scanning detected from 8.8.8.8", "timestamp": 1726413852.8693814, "attack_type": "Port Scan"}
{"message": "Detected DNS Query: b'j/RVIHi2.madeupsetup.eu.windomain.local.' with encoding ascii", "timestamp": 1726413853.0196419, "attack_type": "DNS Query"}
{"message": "Decoded DNS Query: j/RVIHi2.madeupsetup.eu.windomain.local.", "timestamp": 1726413853.1690192, "attack_type": "DNS Query"}
[INFO] Flow: ('8.8.8.8', '192.168.38.104', 53, 65312, 'UDP'), Data Transferred: 221 bytes
[INFO] Flow: ('192.168.38.104', '8.8.8.8', 65313, 53, 'UDP'), Data Transferred: 99 bytes
[INFO] Flow: ('192.168.38.104', '192.168.38.103', 63602, 5985, 'TCP'), Data Transferred: 78157 bytes
[INFO] Flow: ('192.168.38.104', '192.168.38.103', 63602, 5985, 'TCP'), Data Transferred: 80833 bytes
[INFO] Flow: ('192.168.38.103', '192.168.38.104', 5985, 63602, 'TCP'), Data Transferred: 53079 bytes
[INFO] Flow: ('192.168.38.104', '192.168.38.103', 63635, 5985, 'TCP'), Data Transferred: 37237 bytes
[INFO] Flow: ('192.168.38.104', '192.168.38.103', 63635, 5985, 'TCP'), Data Transferred: 40675 bytes
[INFO] Flow: ('192.168.38.103', '192.168.38.104', 5985, 63635, 'TCP'), Data Transferred: 19592 bytes
[INFO] Flow: ('192.168.38.103', '192.168.38.104', 5985, 63635, 'TCP'), Data Transferred: 21106 bytes
[INFO] Flow: ('192.168.38.103', '192.168.38.104', 5985, 63635, 'TCP'), Data Transferred: 21659 bytes
[INFO] Flow: ('192.168.38.104', '192.168.38.103', 63635, 5985, 'TCP'), Data Transferred: 40729 bytes
[INFO] Flow: ('192.168.38.104', '192.168.38.103', 63635, 5985, 'TCP'), Data Transferred: 41119 bytes
[INFO] Flow: ('192.168.38.104', '192.168.38.103', 63635, 5985, 'TCP'), Data Transferred: 44547 bytes
[INFO] Flow: ('192.168.38.103', '192.168.38.104', 5985, 63635, 'TCP'), Data Transferred: 21713 bytes
[INFO] Flow: ('192.168.38.103', '192.168.38.104', 5985, 63602, 'TCP'), Data Transferred: 54593 bytes
[INFO] Flow: ('192.168.38.103', '192.168.38.104', 5985, 63602, 'TCP'), Data Transferred: 55146 bytes
[INFO] Flow: ('192.168.38.104', '192.168.38.103', 63602, 5985, 'TCP'), Data Transferred: 80887 bytes
[INFO] Flow: ('192.168.38.103', '192.168.38.104', 5985, 63635, 'TCP'), Data Transferred: 23227 bytes
[INFO] Flow: ('192.168.38.103', '192.168.38.104', 5985, 63635, 'TCP'), Data Transferred: 23780 bytes
[INFO] Flow: ('192.168.38.104', '192.168.38.103', 63635, 5985, 'TCP'), Data Transferred: 44601 bytes
[INFO] Flow: ('192.168.38.104', '192.168.38.103', 63602, 5985, 'TCP'), Data Transferred: 81276 bytes
[INFO] Flow: ('192.168.38.104', '192.168.38.103', 63602, 5985, 'TCP'), Data Transferred: 83945 bytes
[INFO] Flow: ('192.168.38.103', '192.168.38.104', 5985, 63602, 'TCP'), Data Transferred: 55200 bytes
[INFO] Flow: ('192.168.38.103', '192.168.38.104', 5985, 63602, 'TCP'), Data Transferred: 56714 bytes
[INFO] Flow: ('192.168.38.103', '192.168.38.104', 5985, 63602, 'TCP'), Data Transferred: 57267 bytes
[INFO] Flow: ('192.168.38.104', '192.168.38.103', 63602, 5985, 'TCP'), Data Transferred: 83999 bytes
[INFO] Flow: ('192.168.38.104', '192.168.38.103', 63635, 5985, 'TCP'), Data Transferred: 44991 bytes
[INFO] Flow: ('192.168.38.104', '192.168.38.103', 63635, 5985, 'TCP'), Data Transferred: 48437 bytes
[INFO] Flow: ('192.168.38.103', '192.168.38.104', 5985, 63635, 'TCP'), Data Transferred: 23834 bytes
[INFO] Flow: ('192.168.38.104', '192.168.38.103', 63602, 5985, 'TCP'), Data Transferred: 84388 bytes
{"message": "Detected DNS Query: b'j/RVIHi2.madeupsetup.eu.windomain.local.' with encoding ascii", "timestamp": 1726413853.329136, "attack_type": "DNS Query"}
{"message": "Decoded DNS Query: j/RVIHi2.madeupsetup.eu.windomain.local.", "timestamp": 1726413853.4777296, "attack_type": "DNS Query"}
{"message": "Intrusion Detected: Port scanning detected from 8.8.8.8", "timestamp": 1726413853.6108875, "attack_type": "Port Scan"}
[INFO] Flow: ('192.168.38.104', '192.168.38.103', 63602, 5985, 'TCP'), Data Transferred: 87052 bytes
[INFO] Flow: ('192.168.38.103', '192.168.38.104', 5985, 63602, 'TCP'), Data Transferred: 57321 bytes
[INFO] Flow: ('192.168.38.103', '192.168.38.104', 5985, 63635, 'TCP'), Data Transferred: 25348 bytes
[INFO] Flow: ('192.168.38.103', '192.168.38.104', 5985, 63635, 'TCP'), Data Transferred: 25901 bytes
[INFO] Flow: ('192.168.38.104', '192.168.38.103', 63635, 5985, 'TCP'), Data Transferred: 48491 bytes
[INFO] Flow: ('192.168.38.103', '192.168.38.104', 5985, 63602, 'TCP'), Data Transferred: 58835 bytes
[INFO] Flow: ('192.168.38.103', '192.168.38.104', 5985, 63602, 'TCP'), Data Transferred: 59388 bytes
[INFO] Flow: ('192.168.38.104', '192.168.38.103', 63602, 5985, 'TCP'), Data Transferred: 87106 bytes
[INFO] Flow: ('8.8.8.8', '192.168.38.104', 53, 65313, 'UDP'), Data Transferred: 174 bytes
[INFO] Flow: ('192.168.38.104', '192.168.38.103', 63635, 5985, 'TCP'), Data Transferred: 48881 bytes
{"message": "Detected DNS Query: b'd+KVXhMV.madeupsetup.eu.' with encoding ascii", "timestamp": 1726413853.6953034, "attack_type": "DNS Query"}
{"message": "Decoded DNS Query: d+KVXhMV.madeupsetup.eu.", "timestamp": 1726413853.8282766, "attack_type": "DNS Query"}
[INFO] Flow: ('192.168.38.104', '192.168.38.103', 63635, 5985, 'TCP'), Data Transferred: 52462 bytes
[INFO] Flow: ('192.168.38.104', '8.8.8.8', 65314, 53, 'UDP'), Data Transferred: 83 bytes
[INFO] Flow: ('192.168.38.103', '192.168.38.104', 5985, 63635, 'TCP'), Data Transferred: 25955 bytes
[INFO] Flow: ('192.168.38.104', '192.168.38.103', 63602, 5985, 'TCP'), Data Transferred: 87495 bytes
[INFO] Flow: ('192.168.38.104', '192.168.38.103', 63602, 5985, 'TCP'), Data Transferred: 90154 bytes
[INFO] Flow: ('192.168.38.103', '192.168.38.104', 5985, 63602, 'TCP'), Data Transferred: 59442 bytes
[INFO] Flow: ('192.168.38.103', '192.168.38.104', 5985, 63635, 'TCP'), Data Transferred: 27469 bytes
[INFO] Flow: ('192.168.38.103', '192.168.38.104', 5985, 63635, 'TCP'), Data Transferred: 28022 bytes
[INFO] Flow: ('192.168.38.104', '192.168.38.103', 63635, 5985, 'TCP'), Data Transferred: 52516 bytes
[INFO] Flow: ('192.168.38.103', '192.168.38.104', 5985, 63602, 'TCP'), Data Transferred: 60956 bytes
[INFO] Flow: ('192.168.38.103', '192.168.38.104', 5985, 63602, 'TCP'), Data Transferred: 61509 bytes
[INFO] Flow: ('192.168.38.104', '192.168.38.103', 63602, 5985, 'TCP'), Data Transferred: 90208 bytes
[INFO] Flow: ('192.168.38.104', '192.168.38.103', 63635, 5985, 'TCP'), Data Transferred: 52906 bytes
[INFO] Flow: ('192.168.38.104', '192.168.38.103', 63635, 5985, 'TCP'), Data Transferred: 56352 bytes
[INFO] Flow: ('192.168.38.103', '192.168.38.104', 5985, 63635, 'TCP'), Data Transferred: 28076 bytes
[INFO] Flow: ('192.168.38.104', '192.168.38.103', 63602, 5985, 'TCP'), Data Transferred: 90597 bytes
[INFO] Flow: ('192.168.38.104', '192.168.38.103', 63602, 5985, 'TCP'), Data Transferred: 93274 bytes
[INFO] Flow: ('192.168.38.103', '192.168.38.104', 5985, 63602, 'TCP'), Data Transferred: 61563 bytes
[INFO] Flow: ('192.168.38.103', '192.168.38.104', 5985, 63635, 'TCP'), Data Transferred: 29590 bytes
[INFO] Flow: ('192.168.38.103', '192.168.38.104', 5985, 63635, 'TCP'), Data Transferred: 30143 bytes
[INFO] Flow: ('192.168.38.104', '192.168.38.103', 63635, 5985, 'TCP'), Data Transferred: 56406 bytes
[INFO] Flow: ('192.168.38.103', '192.168.38.104', 5985, 63602, 'TCP'), Data Transferred: 63077 bytes
[INFO] Flow: ('192.168.38.103', '192.168.38.104', 5985, 63602, 'TCP'), Data Transferred: 63630 bytes
[INFO] Flow: ('192.168.38.104', '192.168.38.103', 63602, 5985, 'TCP'), Data Transferred: 93328 bytes
[INFO] Flow: ('192.168.38.104', '192.168.38.103', 63635, 5985, 'TCP'), Data Transferred: 56796 bytes
[INFO] Flow: ('192.168.38.104', '192.168.38.103', 63635, 5985, 'TCP'), Data Transferred: 60363 bytes
[INFO] Flow: ('192.168.38.103', '192.168.38.104', 5985, 63635, 'TCP'), Data Transferred: 30197 bytes
[INFO] Flow: ('192.168.38.104', '192.168.38.103', 63602, 5985, 'TCP'), Data Transferred: 93717 bytes
[INFO] Flow: ('192.168.38.104', '192.168.38.103', 63602, 5985, 'TCP'), Data Transferred: 96393 bytes
[INFO] Flow: ('192.168.38.103', '192.168.38.104', 5985, 63602, 'TCP'), Data Transferred: 63684 bytes
[INFO] Flow: ('192.168.38.103', '192.168.38.104', 5985, 63635, 'TCP'), Data Transferred: 31711 bytes
[INFO] Flow: ('192.168.38.103', '192.168.38.104', 5985, 63635, 'TCP'), Data Transferred: 32264 bytes
[INFO] Flow: ('192.168.38.104', '192.168.38.103', 63635, 5985, 'TCP'), Data Transferred: 60417 bytes
[INFO] Flow: ('192.168.38.103', '192.168.38.104', 5985, 63602, 'TCP'), Data Transferred: 65198 bytes
[INFO] Flow: ('192.168.38.103', '192.168.38.104', 5985, 63602, 'TCP'), Data Transferred: 65751 bytes
[INFO] Flow: ('192.168.38.104', '192.168.38.103', 63602, 5985, 'TCP'), Data Transferred: 96447 bytes
[INFO] Flow: ('192.168.38.104', '192.168.38.103', 63602, 5985, 'TCP'), Data Transferred: 96836 bytes
[INFO] Flow: ('192.168.38.104', '192.168.38.103', 63602, 5985, 'TCP'), Data Transferred: 99501 bytes
[INFO] Flow: ('192.168.38.103', '192.168.38.104', 5985, 63602, 'TCP'), Data Transferred: 65805 bytes
[INFO] Flow: ('8.8.8.8', '192.168.38.104', 53, 65314, 'UDP'), Data Transferred: 162 bytes
{"message": "Detected DNS Query: b'd+KVXhMV.madeupsetup.eu.' with encoding ascii", "timestamp": 1726413854.3343225, "attack_type": "DNS Query"}
{"message": "Decoded DNS Query: d+KVXhMV.madeupsetup.eu.", "timestamp": 1726413854.4442303, "attack_type": "DNS Query"}
{"message": "Intrusion Detected: Port scanning detected from 8.8.8.8", "timestamp": 1726413854.5946062, "attack_type": "Port Scan"}
{"message": "Detected DNS Query: b'd+KVXhMV.madeupsetup.eu.us-west-1.ec2-utilities.amazonaws.com.' with encoding ascii", "timestamp": 1726413854.7534354, "attack_type": "DNS Query"}
{"message": "Decoded DNS Query: d+KVXhMV.madeupsetup.eu.us-west-1.ec2-utilities.amazonaws.com.", "timestamp": 1726413854.9190843, "attack_type": "DNS Query"}
{"message": "Intrusion Detected: Possible DNS exfiltration in query d+KVXhMV.madeupsetup.eu.us-west-1.ec2-utilities.amazonaws.com.", "timestamp": 1726413855.08586, "attack_type": "DNS Exfiltration"}
[INFO] Flow: ('192.168.38.104', '8.8.8.8', 65315, 53, 'UDP'), Data Transferred: 121 bytes
[INFO] Flow: ('192.168.38.103', '192.168.38.104', 5985, 63602, 'TCP'), Data Transferred: 67319 bytes
[INFO] Flow: ('192.168.38.103', '192.168.38.104', 5985, 63602, 'TCP'), Data Transferred: 67872 bytes
[INFO] Flow: ('192.168.38.104', '192.168.38.103', 63602, 5985, 'TCP'), Data Transferred: 99555 bytes
[INFO] Flow: ('192.168.38.104', '192.168.38.103', 63602, 5985, 'TCP'), Data Transferred: 99944 bytes
[INFO] Flow: ('192.168.38.104', '192.168.38.103', 63602, 5985, 'TCP'), Data Transferred: 102600 bytes
[INFO] Flow: ('192.168.38.103', '192.168.38.104', 5985, 63602, 'TCP'), Data Transferred: 67926 bytes
[INFO] Flow: ('192.168.38.103', '192.168.38.104', 5985, 63602, 'TCP'), Data Transferred: 69440 bytes
[INFO] Flow: ('192.168.38.103', '192.168.38.104', 5985, 63602, 'TCP'), Data Transferred: 69993 bytes
[INFO] Flow: ('192.168.38.104', '192.168.38.103', 63602, 5985, 'TCP'), Data Transferred: 102654 bytes
[INFO] Flow: ('192.168.38.104', '192.168.38.103', 63602, 5985, 'TCP'), Data Transferred: 103043 bytes
[INFO] Flow: ('192.168.38.104', '192.168.38.103', 63602, 5985, 'TCP'), Data Transferred: 105702 bytes
[INFO] Flow: ('192.168.38.103', '192.168.38.104', 5985, 63602, 'TCP'), Data Transferred: 70047 bytes
[INFO] Flow: ('192.168.38.103', '192.168.38.104', 5985, 63602, 'TCP'), Data Transferred: 71561 bytes
[INFO] Flow: ('192.168.38.103', '192.168.38.104', 5985, 63602, 'TCP'), Data Transferred: 72114 bytes
[INFO] Flow: ('192.168.38.104', '192.168.38.103', 63602, 5985, 'TCP'), Data Transferred: 105756 bytes
[INFO] Flow: ('192.168.38.104', '192.168.38.103', 63602, 5985, 'TCP'), Data Transferred: 106145 bytes
[INFO] Flow: ('192.168.38.104', '192.168.38.103', 63602, 5985, 'TCP'), Data Transferred: 108822 bytes
[INFO] Flow: ('192.168.38.103', '192.168.38.104', 5985, 63602, 'TCP'), Data Transferred: 72168 bytes
[INFO] Flow: ('192.168.38.103', '192.168.38.104', 5985, 63602, 'TCP'), Data Transferred: 73682 bytes
[INFO] Flow: ('192.168.38.103', '192.168.38.104', 5985, 63602, 'TCP'), Data Transferred: 74235 bytes
[INFO] Flow: ('192.168.38.104', '192.168.38.103', 63602, 5985, 'TCP'), Data Transferred: 108876 bytes
[INFO] Flow: ('192.168.38.104', '192.168.38.103', 63602, 5985, 'TCP'), Data Transferred: 109265 bytes
[INFO] Flow: ('192.168.38.104', '192.168.38.103', 63602, 5985, 'TCP'), Data Transferred: 111945 bytes
[INFO] Flow: ('192.168.38.103', '192.168.38.104', 5985, 63602, 'TCP'), Data Transferred: 74289 bytes
[INFO] Flow: ('192.168.38.103', '192.168.38.104', 5985, 63602, 'TCP'), Data Transferred: 75803 bytes
[INFO] Flow: ('192.168.38.103', '192.168.38.104', 5985, 63602, 'TCP'), Data Transferred: 76356 bytes
[INFO] Flow: ('192.168.38.104', '192.168.38.103', 63602, 5985, 'TCP'), Data Transferred: 111999 bytes
[INFO] Flow: ('192.168.38.104', '192.168.38.103', 63602, 5985, 'TCP'), Data Transferred: 112388 bytes
[INFO] Flow: ('192.168.38.104', '192.168.38.103', 63602, 5985, 'TCP'), Data Transferred: 115061 bytes
{"message": "Detected DNS Query: b'd+KVXhMV.madeupsetup.eu.us-west-1.ec2-utilities.amazonaws.com.' with encoding ascii", "timestamp": 1726413855.2486415, "attack_type": "DNS Query"}
{"message": "Decoded DNS Query: d+KVXhMV.madeupsetup.eu.us-west-1.ec2-utilities.amazonaws.com.", "timestamp": 1726413855.3938313, "attack_type": "DNS Query"}
{"message": "Intrusion Detected: Possible DNS exfiltration in query d+KVXhMV.madeupsetup.eu.us-west-1.ec2-utilities.amazonaws.com.", "timestamp": 1726413855.4943044, "attack_type": "DNS Exfiltration"}
{"message": "Intrusion Detected: Port scanning detected from 8.8.8.8", "timestamp": 1726413855.6276195, "attack_type": "Port Scan"}
[INFO] Flow: ('192.168.38.103', '192.168.38.104', 5985, 63602, 'TCP'), Data Transferred: 76410 bytes
[INFO] Flow: ('192.168.38.103', '192.168.38.104', 5985, 63602, 'TCP'), Data Transferred: 77924 bytes
[INFO] Flow: ('192.168.38.103', '192.168.38.104', 5985, 63602, 'TCP'), Data Transferred: 78477 bytes
[INFO] Flow: ('192.168.38.104', '192.168.38.103', 63602, 5985, 'TCP'), Data Transferred: 115115 bytes
[INFO] Flow: ('8.8.8.8', '192.168.38.104', 53, 65315, 'UDP'), Data Transferred: 209 bytes
[INFO] Flow: ('192.168.38.104', '192.168.38.103', 63602, 5985, 'TCP'), Data Transferred: 115504 bytes
[INFO] Flow: ('192.168.38.104', '192.168.38.103', 63602, 5985, 'TCP'), Data Transferred: 118168 bytes
[INFO] Flow: ('192.168.38.103', '192.168.38.104', 5985, 63602, 'TCP'), Data Transferred: 78531 bytes
[INFO] Flow: ('192.168.38.103', '192.168.38.104', 5985, 63602, 'TCP'), Data Transferred: 80045 bytes
[INFO] Flow: ('192.168.38.103', '192.168.38.104', 5985, 63602, 'TCP'), Data Transferred: 80598 bytes
{"message": "Detected DNS Query: b'd+KVXhMV.madeupsetup.eu.windomain.local.' with encoding ascii", "timestamp": 1726413855.7456539, "attack_type": "DNS Query"}
{"message": "Decoded DNS Query: d+KVXhMV.madeupsetup.eu.windomain.local.", "timestamp": 1726413855.8692214, "attack_type": "DNS Query"}
[INFO] Flow: ('192.168.38.104', '192.168.38.103', 63602, 5985, 'TCP'), Data Transferred: 118222 bytes
[INFO] Flow: ('192.168.38.104', '8.8.8.8', 65316, 53, 'UDP'), Data Transferred: 99 bytes
[INFO] Flow: ('192.168.38.104', '192.168.38.103', 63602, 5985, 'TCP'), Data Transferred: 118611 bytes
[INFO] Flow: ('192.168.38.104', '192.168.38.103', 63602, 5985, 'TCP'), Data Transferred: 121274 bytes
[INFO] Flow: ('192.168.38.103', '192.168.38.104', 5985, 63602, 'TCP'), Data Transferred: 80652 bytes
[INFO] Flow: ('192.168.38.103', '192.168.38.104', 5985, 63602, 'TCP'), Data Transferred: 82166 bytes
[INFO] Flow: ('192.168.38.103', '192.168.38.104', 5985, 63602, 'TCP'), Data Transferred: 82719 bytes
[INFO] Flow: ('192.168.38.104', '192.168.38.103', 63602, 5985, 'TCP'), Data Transferred: 121328 bytes
[INFO] Flow: ('192.168.38.104', '192.168.38.103', 63602, 5985, 'TCP'), Data Transferred: 121717 bytes
[INFO] Flow: ('192.168.38.104', '192.168.38.103', 63602, 5985, 'TCP'), Data Transferred: 124394 bytes
[INFO] Flow: ('192.168.38.103', '192.168.38.104', 5985, 63602, 'TCP'), Data Transferred: 82773 bytes
[INFO] Flow: ('192.168.38.103', '192.168.38.104', 5985, 63602, 'TCP'), Data Transferred: 84287 bytes
[INFO] Flow: ('192.168.38.103', '192.168.38.104', 5985, 63602, 'TCP'), Data Transferred: 84840 bytes
[INFO] Flow: ('192.168.38.104', '192.168.38.103', 63602, 5985, 'TCP'), Data Transferred: 124448 bytes
[INFO] Flow: ('192.168.38.104', '192.168.38.103', 63602, 5985, 'TCP'), Data Transferred: 124837 bytes
[INFO] Flow: ('192.168.38.104', '192.168.38.103', 63602, 5985, 'TCP'), Data Transferred: 127509 bytes
[INFO] Flow: ('192.168.38.103', '192.168.38.104', 5985, 63602, 'TCP'), Data Transferred: 84894 bytes
[INFO] Flow: ('192.168.38.103', '192.168.38.104', 5985, 63602, 'TCP'), Data Transferred: 86408 bytes
[INFO] Flow: ('192.168.38.103', '192.168.38.104', 5985, 63602, 'TCP'), Data Transferred: 86961 bytes
[INFO] Flow: ('192.168.38.104', '192.168.38.103', 63602, 5985, 'TCP'), Data Transferred: 127563 bytes
[INFO] Flow: ('192.168.38.104', '192.168.38.103', 63602, 5985, 'TCP'), Data Transferred: 127952 bytes
[INFO] Flow: ('192.168.38.104', '192.168.38.103', 63602, 5985, 'TCP'), Data Transferred: 130621 bytes
[INFO] Flow: ('192.168.38.103', '192.168.38.104', 5985, 63602, 'TCP'), Data Transferred: 87015 bytes
[INFO] Flow: ('192.168.38.103', '192.168.38.104', 5985, 63602, 'TCP'), Data Transferred: 88529 bytes
[INFO] Flow: ('192.168.38.103', '192.168.38.104', 5985, 63602, 'TCP'), Data Transferred: 89082 bytes
[INFO] Flow: ('192.168.38.104', '192.168.38.103', 63602, 5985, 'TCP'), Data Transferred: 130675 bytes
[INFO] Flow: ('192.168.38.104', '192.168.38.103', 63602, 5985, 'TCP'), Data Transferred: 131064 bytes
[INFO] Flow: ('192.168.38.104', '192.168.38.103', 63602, 5985, 'TCP'), Data Transferred: 133716 bytes
[INFO] Flow: ('192.168.38.103', '192.168.38.104', 5985, 63602, 'TCP'), Data Transferred: 89136 bytes
[INFO] Flow: ('192.168.38.103', '192.168.38.104', 5985, 63602, 'TCP'), Data Transferred: 90650 bytes
{"message": "Detected DNS Query: b'd+KVXhMV.madeupsetup.eu.windomain.local.' with encoding ascii", "timestamp": 1726413855.9671636, "attack_type": "DNS Query"}
{"message": "Decoded DNS Query: d+KVXhMV.madeupsetup.eu.windomain.local.", "timestamp": 1726413856.1107922, "attack_type": "DNS Query"}
{"message": "Intrusion Detected: Port scanning detected from 8.8.8.8", "timestamp": 1726413856.2443538, "attack_type": "Port Scan"}
[INFO] Flow: ('192.168.38.103', '192.168.38.104', 5985, 63602, 'TCP'), Data Transferred: 91203 bytes
[INFO] Flow: ('192.168.38.104', '192.168.38.103', 63602, 5985, 'TCP'), Data Transferred: 133770 bytes
[INFO] Flow: ('192.168.38.104', '192.168.38.103', 63602, 5985, 'TCP'), Data Transferred: 134159 bytes
[INFO] Flow: ('192.168.38.104', '192.168.38.103', 63602, 5985, 'TCP'), Data Transferred: 136822 bytes
[INFO] Flow: ('192.168.38.103', '192.168.38.104', 5985, 63602, 'TCP'), Data Transferred: 91257 bytes
[INFO] Flow: ('192.168.38.103', '192.168.38.104', 5985, 63602, 'TCP'), Data Transferred: 92771 bytes
[INFO] Flow: ('192.168.38.103', '192.168.38.104', 5985, 63602, 'TCP'), Data Transferred: 93324 bytes
[INFO] Flow: ('192.168.38.104', '192.168.38.103', 63602, 5985, 'TCP'), Data Transferred: 136876 bytes
[INFO] Flow: ('8.8.8.8', '192.168.38.104', 53, 65316, 'UDP'), Data Transferred: 174 bytes
[INFO] Flow: ('192.168.38.104', '192.168.38.103', 63602, 5985, 'TCP'), Data Transferred: 137265 bytes
{"message": "Detected DNS Query: b'ky0+eTqU.madeupsetup.eu.' with encoding ascii", "timestamp": 1726413856.397782, "attack_type": "DNS Query"}
{"message": "Decoded DNS Query: ky0+eTqU.madeupsetup.eu.", "timestamp": 1726413856.5362587, "attack_type": "DNS Query"}
[INFO] Flow: ('192.168.38.104', '192.168.38.103', 63602, 5985, 'TCP'), Data Transferred: 139946 bytes
[INFO] Flow: ('192.168.38.103', '192.168.38.104', 5985, 63602, 'TCP'), Data Transferred: 93378 bytes
[INFO] Flow: ('192.168.38.104', '8.8.8.8', 65317, 53, 'UDP'), Data Transferred: 83 bytes
[INFO] Flow: ('192.168.38.103', '192.168.38.104', 5985, 63602, 'TCP'), Data Transferred: 94892 bytes
[INFO] Flow: ('192.168.38.103', '192.168.38.104', 5985, 63602, 'TCP'), Data Transferred: 95445 bytes
[INFO] Flow: ('192.168.38.104', '192.168.38.103', 63602, 5985, 'TCP'), Data Transferred: 140000 bytes
[INFO] Flow: ('192.168.38.104', '192.168.38.103', 63602, 5985, 'TCP'), Data Transferred: 140389 bytes
[INFO] Flow: ('192.168.38.104', '192.168.38.103', 63602, 5985, 'TCP'), Data Transferred: 143057 bytes
[INFO] Flow: ('192.168.38.103', '192.168.38.104', 5985, 63602, 'TCP'), Data Transferred: 95499 bytes
[INFO] Flow: ('192.168.38.103', '192.168.38.104', 5985, 63602, 'TCP'), Data Transferred: 97013 bytes
[INFO] Flow: ('192.168.38.103', '192.168.38.104', 5985, 63602, 'TCP'), Data Transferred: 97566 bytes
[INFO] Flow: ('192.168.38.104', '192.168.38.103', 63602, 5985, 'TCP'), Data Transferred: 143111 bytes
[INFO] Flow: ('192.168.38.104', '192.168.38.103', 63602, 5985, 'TCP'), Data Transferred: 143500 bytes
[INFO] Flow: ('192.168.38.104', '192.168.38.103', 63602, 5985, 'TCP'), Data Transferred: 146181 bytes
[INFO] Flow: ('192.168.38.103', '192.168.38.104', 5985, 63602, 'TCP'), Data Transferred: 97620 bytes
[INFO] Flow: ('192.168.38.103', '192.168.38.104', 5985, 63602, 'TCP'), Data Transferred: 99134 bytes
[INFO] Flow: ('192.168.38.103', '192.168.38.104', 5985, 63602, 'TCP'), Data Transferred: 99687 bytes
[INFO] Flow: ('192.168.38.104', '192.168.38.103', 63602, 5985, 'TCP'), Data Transferred: 146235 bytes
[INFO] Flow: ('192.168.38.104', '192.168.38.103', 63602, 5985, 'TCP'), Data Transferred: 146624 bytes
[INFO] Flow: ('192.168.38.104', '192.168.38.103', 63602, 5985, 'TCP'), Data Transferred: 149288 bytes
[INFO] Flow: ('192.168.38.103', '192.168.38.104', 5985, 63602, 'TCP'), Data Transferred: 99741 bytes
[INFO] Flow: ('192.168.38.103', '192.168.38.104', 5985, 63602, 'TCP'), Data Transferred: 101255 bytes
[INFO] Flow: ('192.168.38.103', '192.168.38.104', 5985, 63602, 'TCP'), Data Transferred: 101808 bytes
[INFO] Flow: ('192.168.38.104', '192.168.38.103', 63602, 5985, 'TCP'), Data Transferred: 149342 bytes
[INFO] Flow: ('192.168.38.104', '192.168.38.103', 63602, 5985, 'TCP'), Data Transferred: 149731 bytes
[INFO] Flow: ('192.168.38.104', '192.168.38.103', 63602, 5985, 'TCP'), Data Transferred: 152394 bytes
[INFO] Flow: ('192.168.38.103', '192.168.38.104', 5985, 63602, 'TCP'), Data Transferred: 101862 bytes
[INFO] Flow: ('192.168.38.103', '192.168.38.104', 5985, 63602, 'TCP'), Data Transferred: 103376 bytes
[INFO] Flow: ('192.168.38.103', '192.168.38.104', 5985, 63602, 'TCP'), Data Transferred: 103929 bytes
[INFO] Flow: ('192.168.38.104', '192.168.38.103', 63602, 5985, 'TCP'), Data Transferred: 152448 bytes
[INFO] Flow: ('192.168.38.104', '192.168.38.103', 63602, 5985, 'TCP'), Data Transferred: 152837 bytes
[INFO] Flow: ('192.168.38.104', '192.168.38.103', 63602, 5985, 'TCP'), Data Transferred: 155522 bytes
[INFO] Flow: ('192.168.38.103', '192.168.38.104', 5985, 63602, 'TCP'), Data Transferred: 103983 bytes
[INFO] Flow: ('192.168.38.103', '192.168.38.104', 5985, 63602, 'TCP'), Data Transferred: 105497 bytes
[INFO] Flow: ('192.168.38.103', '192.168.38.104', 5985, 63602, 'TCP'), Data Transferred: 106050 bytes
[INFO] Flow: ('192.168.38.104', '192.168.38.103', 63602, 5985, 'TCP'), Data Transferred: 155576 bytes
[INFO] Flow: ('192.168.38.104', '192.168.38.103', 63602, 5985, 'TCP'), Data Transferred: 155965 bytes
[INFO] Flow: ('192.168.38.104', '192.168.38.103', 63602, 5985, 'TCP'), Data Transferred: 158641 bytes
[INFO] Flow: ('192.168.38.103', '192.168.38.104', 5985, 63602, 'TCP'), Data Transferred: 106104 bytes
[INFO] Flow: ('192.168.38.103', '192.168.38.104', 5985, 63602, 'TCP'), Data Transferred: 107618 bytes
[INFO] Flow: ('192.168.38.103', '192.168.38.104', 5985, 63602, 'TCP'), Data Transferred: 108171 bytes
[INFO] Flow: ('192.168.38.104', '192.168.38.103', 63602, 5985, 'TCP'), Data Transferred: 158695 bytes
[INFO] Flow: ('192.168.38.104', '192.168.38.103', 63602, 5985, 'TCP'), Data Transferred: 159084 bytes
[INFO] Flow: ('192.168.38.104', '192.168.38.103', 63602, 5985, 'TCP'), Data Transferred: 161753 bytes
[INFO] Flow: ('192.168.38.103', '192.168.38.104', 5985, 63602, 'TCP'), Data Transferred: 108225 bytes
[INFO] Flow: ('192.168.38.103', '192.168.38.104', 5985, 63602, 'TCP'), Data Transferred: 109739 bytes
[INFO] Flow: ('192.168.38.103', '192.168.38.104', 5985, 63602, 'TCP'), Data Transferred: 110292 bytes
[INFO] Flow: ('192.168.38.104', '192.168.38.103', 63602, 5985, 'TCP'), Data Transferred: 161807 bytes
[INFO] Flow: ('192.168.38.104', '192.168.38.103', 63602, 5985, 'TCP'), Data Transferred: 162196 bytes
[INFO] Flow: ('192.168.38.104', '192.168.38.103', 63602, 5985, 'TCP'), Data Transferred: 164860 bytes
[INFO] Flow: ('192.168.38.103', '192.168.38.104', 5985, 63602, 'TCP'), Data Transferred: 110346 bytes
[INFO] Flow: ('192.168.38.103', '192.168.38.104', 5985, 63602, 'TCP'), Data Transferred: 111860 bytes
[INFO] Flow: ('192.168.38.103', '192.168.38.104', 5985, 63602, 'TCP'), Data Transferred: 112413 bytes
[INFO] Flow: ('192.168.38.104', '192.168.38.103', 63602, 5985, 'TCP'), Data Transferred: 164914 bytes
[INFO] Flow: ('192.168.38.104', '192.168.38.103', 63602, 5985, 'TCP'), Data Transferred: 165303 bytes
[INFO] Flow: ('192.168.38.104', '192.168.38.103', 63602, 5985, 'TCP'), Data Transferred: 167966 bytes
[INFO] Flow: ('192.168.38.103', '192.168.38.104', 5985, 63602, 'TCP'), Data Transferred: 112467 bytes
[INFO] Flow: ('192.168.38.103', '192.168.38.104', 5985, 63602, 'TCP'), Data Transferred: 113981 bytes
[INFO] Flow: ('192.168.38.103', '192.168.38.104', 5985, 63602, 'TCP'), Data Transferred: 114534 bytes
[INFO] Flow: ('192.168.38.104', '192.168.38.103', 63602, 5985, 'TCP'), Data Transferred: 168020 bytes
[INFO] Flow: ('192.168.38.104', '192.168.38.103', 63602, 5985, 'TCP'), Data Transferred: 168409 bytes
[INFO] Flow: ('192.168.38.104', '192.168.38.103', 63602, 5985, 'TCP'), Data Transferred: 171090 bytes
[INFO] Flow: ('192.168.38.103', '192.168.38.104', 5985, 63602, 'TCP'), Data Transferred: 114588 bytes
[INFO] Flow: ('192.168.38.103', '192.168.38.104', 5985, 63602, 'TCP'), Data Transferred: 116102 bytes
[INFO] Flow: ('192.168.38.103', '192.168.38.104', 5985, 63602, 'TCP'), Data Transferred: 116655 bytes
[INFO] Flow: ('192.168.38.104', '192.168.38.103', 63602, 5985, 'TCP'), Data Transferred: 171144 bytes
[INFO] Flow: ('192.168.38.104', '192.168.38.103', 63602, 5985, 'TCP'), Data Transferred: 171533 bytes
[INFO] Flow: ('192.168.38.104', '192.168.38.103', 63602, 5985, 'TCP'), Data Transferred: 174213 bytes
[INFO] Flow: ('192.168.38.103', '192.168.38.104', 5985, 63602, 'TCP'), Data Transferred: 116709 bytes
[INFO] Flow: ('192.168.38.103', '192.168.38.104', 5985, 63602, 'TCP'), Data Transferred: 118223 bytes
[INFO] Flow: ('192.168.38.103', '192.168.38.104', 5985, 63602, 'TCP'), Data Transferred: 118776 bytes
[INFO] Flow: ('192.168.38.104', '192.168.38.103', 63602, 5985, 'TCP'), Data Transferred: 174267 bytes
[INFO] Flow: ('192.168.38.104', '192.168.38.103', 63602, 5985, 'TCP'), Data Transferred: 174656 bytes
[INFO] Flow: ('192.168.38.104', '192.168.38.103', 63602, 5985, 'TCP'), Data Transferred: 177325 bytes
[INFO] Flow: ('192.168.38.103', '192.168.38.104', 5985, 63602, 'TCP'), Data Transferred: 118830 bytes
[INFO] Flow: ('192.168.38.103', '192.168.38.104', 5985, 63602, 'TCP'), Data Transferred: 120344 bytes
[INFO] Flow: ('192.168.38.103', '192.168.38.104', 5985, 63602, 'TCP'), Data Transferred: 120897 bytes
[INFO] Flow: ('192.168.38.104', '192.168.38.103', 63602, 5985, 'TCP'), Data Transferred: 177379 bytes
[INFO] Flow: ('192.168.38.104', '192.168.38.103', 63602, 5985, 'TCP'), Data Transferred: 177768 bytes
[INFO] Flow: ('192.168.38.104', '192.168.38.103', 63602, 5985, 'TCP'), Data Transferred: 180428 bytes
[INFO] Flow: ('192.168.38.103', '192.168.38.104', 5985, 63602, 'TCP'), Data Transferred: 120951 bytes
[INFO] Flow: ('192.168.38.103', '192.168.38.104', 5985, 63602, 'TCP'), Data Transferred: 122465 bytes
[INFO] Flow: ('192.168.38.103', '192.168.38.104', 5985, 63602, 'TCP'), Data Transferred: 123018 bytes
[INFO] Flow: ('192.168.38.104', '192.168.38.103', 63602, 5985, 'TCP'), Data Transferred: 180482 bytes
[INFO] Flow: ('192.168.38.104', '192.168.38.103', 63602, 5985, 'TCP'), Data Transferred: 180871 bytes
[INFO] Flow: ('192.168.38.104', '192.168.38.103', 63602, 5985, 'TCP'), Data Transferred: 183530 bytes
[INFO] Flow: ('192.168.38.103', '192.168.38.104', 5985, 63602, 'TCP'), Data Transferred: 123072 bytes
[INFO] Flow: ('192.168.38.103', '192.168.38.104', 5985, 63602, 'TCP'), Data Transferred: 124586 bytes
[INFO] Flow: ('192.168.38.103', '192.168.38.104', 5985, 63602, 'TCP'), Data Transferred: 125139 bytes
[INFO] Flow: ('192.168.38.104', '192.168.38.103', 63602, 5985, 'TCP'), Data Transferred: 183584 bytes
[INFO] Flow: ('192.168.38.104', '192.168.38.103', 63602, 5985, 'TCP'), Data Transferred: 183973 bytes
[INFO] Flow: ('192.168.38.104', '192.168.38.103', 63602, 5985, 'TCP'), Data Transferred: 186650 bytes
[INFO] Flow: ('192.168.38.103', '192.168.38.104', 5985, 63602, 'TCP'), Data Transferred: 125193 bytes
[INFO] Flow: ('192.168.38.103', '192.168.38.104', 5985, 63602, 'TCP'), Data Transferred: 126707 bytes
[INFO] Flow: ('192.168.38.103', '192.168.38.104', 5985, 63602, 'TCP'), Data Transferred: 127260 bytes
[INFO] Flow: ('192.168.38.104', '192.168.38.103', 63602, 5985, 'TCP'), Data Transferred: 186704 bytes
[INFO] Flow: ('192.168.38.104', '192.168.38.103', 63602, 5985, 'TCP'), Data Transferred: 187093 bytes
[INFO] Flow: ('192.168.38.104', '192.168.38.103', 63602, 5985, 'TCP'), Data Transferred: 189773 bytes
[INFO] Flow: ('192.168.38.103', '192.168.38.104', 5985, 63602, 'TCP'), Data Transferred: 127314 bytes
[INFO] Flow: ('192.168.38.103', '192.168.38.104', 5985, 63602, 'TCP'), Data Transferred: 128828 bytes
[INFO] Flow: ('192.168.38.103', '192.168.38.104', 5985, 63602, 'TCP'), Data Transferred: 129381 bytes
[INFO] Flow: ('192.168.38.104', '192.168.38.103', 63602, 5985, 'TCP'), Data Transferred: 189827 bytes
[INFO] Flow: ('192.168.38.104', '192.168.38.103', 63602, 5985, 'TCP'), Data Transferred: 190216 bytes
[INFO] Flow: ('192.168.38.104', '192.168.38.103', 63602, 5985, 'TCP'), Data Transferred: 192881 bytes
[INFO] Flow: ('192.168.38.103', '192.168.38.104', 5985, 63602, 'TCP'), Data Transferred: 129435 bytes
[INFO] Flow: ('192.168.38.103', '192.168.38.104', 5985, 63602, 'TCP'), Data Transferred: 130949 bytes
[INFO] Flow: ('192.168.38.103', '192.168.38.104', 5985, 63602, 'TCP'), Data Transferred: 131502 bytes
[INFO] Flow: ('192.168.38.104', '192.168.38.103', 63602, 5985, 'TCP'), Data Transferred: 192935 bytes
[INFO] Flow: ('192.168.38.104', '192.168.38.103', 63602, 5985, 'TCP'), Data Transferred: 193324 bytes
[INFO] Flow: ('192.168.38.104', '192.168.38.103', 63602, 5985, 'TCP'), Data Transferred: 195980 bytes
[INFO] Flow: ('192.168.38.103', '192.168.38.104', 5985, 63602, 'TCP'), Data Transferred: 131556 bytes
[INFO] Flow: ('192.168.38.103', '192.168.38.104', 5985, 63602, 'TCP'), Data Transferred: 133070 bytes
[INFO] Flow: ('192.168.38.103', '192.168.38.104', 5985, 63602, 'TCP'), Data Transferred: 133623 bytes
[INFO] Flow: ('192.168.38.104', '192.168.38.103', 63602, 5985, 'TCP'), Data Transferred: 196034 bytes
[INFO] Flow: ('192.168.38.104', '192.168.38.103', 63602, 5985, 'TCP'), Data Transferred: 196423 bytes
[INFO] Flow: ('192.168.38.104', '192.168.38.103', 63602, 5985, 'TCP'), Data Transferred: 199082 bytes
[INFO] Flow: ('192.168.38.103', '192.168.38.104', 5985, 63602, 'TCP'), Data Transferred: 133677 bytes
[INFO] Flow: ('192.168.38.103', '192.168.38.104', 5985, 63602, 'TCP'), Data Transferred: 135191 bytes
[INFO] Flow: ('192.168.38.103', '192.168.38.104', 5985, 63602, 'TCP'), Data Transferred: 135744 bytes
[INFO] Flow: ('192.168.38.104', '192.168.38.103', 63602, 5985, 'TCP'), Data Transferred: 199136 bytes
[INFO] Flow: ('192.168.38.104', '192.168.38.103', 63602, 5985, 'TCP'), Data Transferred: 199525 bytes
[INFO] Flow: ('192.168.38.104', '192.168.38.103', 63602, 5985, 'TCP'), Data Transferred: 202206 bytes
[INFO] Flow: ('192.168.38.103', '192.168.38.104', 5985, 63602, 'TCP'), Data Transferred: 135798 bytes
[INFO] Flow: ('192.168.38.103', '192.168.38.104', 5985, 63602, 'TCP'), Data Transferred: 137312 bytes
[INFO] Flow: ('192.168.38.103', '192.168.38.104', 5985, 63602, 'TCP'), Data Transferred: 137865 bytes
[INFO] Flow: ('192.168.38.104', '192.168.38.103', 63602, 5985, 'TCP'), Data Transferred: 202260 bytes
[INFO] Flow: ('192.168.38.104', '192.168.38.103', 63602, 5985, 'TCP'), Data Transferred: 202649 bytes
[INFO] Flow: ('192.168.38.104', '192.168.38.103', 63602, 5985, 'TCP'), Data Transferred: 205325 bytes
[INFO] Flow: ('192.168.38.103', '192.168.38.104', 5985, 63602, 'TCP'), Data Transferred: 137919 bytes
[INFO] Flow: ('192.168.38.103', '192.168.38.104', 5985, 63602, 'TCP'), Data Transferred: 139433 bytes
{"message": "Detected DNS Query: b'ky0+eTqU.madeupsetup.eu.' with encoding ascii", "timestamp": 1726413857.1552465, "attack_type": "DNS Query"}
{"message": "Decoded DNS Query: ky0+eTqU.madeupsetup.eu.", "timestamp": 1726413857.2363014, "attack_type": "DNS Query"}
{"message": "Intrusion Detected: Port scanning detected from 8.8.8.8", "timestamp": 1726413857.4032898, "attack_type": "Port Scan"}
[INFO] Flow: ('192.168.38.103', '192.168.38.104', 5985, 63602, 'TCP'), Data Transferred: 139986 bytes
[INFO] Flow: ('192.168.38.104', '192.168.38.103', 63602, 5985, 'TCP'), Data Transferred: 205379 bytes
[INFO] Flow: ('192.168.38.104', '192.168.38.103', 63602, 5985, 'TCP'), Data Transferred: 205768 bytes
[INFO] Flow: ('192.168.38.104', '192.168.38.103', 63602, 5985, 'TCP'), Data Transferred: 208441 bytes
[INFO] Flow: ('192.168.38.103', '192.168.38.104', 5985, 63602, 'TCP'), Data Transferred: 140040 bytes
[INFO] Flow: ('8.8.8.8', '192.168.38.104', 53, 65317, 'UDP'), Data Transferred: 162 bytes
[INFO] Flow: ('192.168.38.103', '192.168.38.104', 5985, 63602, 'TCP'), Data Transferred: 141554 bytes
[INFO] Flow: ('192.168.38.103', '192.168.38.104', 5985, 63602, 'TCP'), Data Transferred: 142107 bytes
[INFO] Flow: ('192.168.38.104', '192.168.38.103', 63602, 5985, 'TCP'), Data Transferred: 208495 bytes
[INFO] Flow: ('192.168.38.104', '8.8.8.8', 65318, 53, 'UDP'), Data Transferred: 121 bytes
{"message": "Detected DNS Query: b'ky0+eTqU.madeupsetup.eu.us-west-1.ec2-utilities.amazonaws.com.' with encoding ascii", "timestamp": 1726413857.5534582, "attack_type": "DNS Query"}
{"message": "Decoded DNS Query: ky0+eTqU.madeupsetup.eu.us-west-1.ec2-utilities.amazonaws.com.", "timestamp": 1726413857.686221, "attack_type": "DNS Query"}
{"message": "Intrusion Detected: Possible DNS exfiltration in query ky0+eTqU.madeupsetup.eu.us-west-1.ec2-utilities.amazonaws.com.", "timestamp": 1726413857.8112588, "attack_type": "DNS Exfiltration"}
[INFO] Flow: ('192.168.38.104', '192.168.38.103', 63602, 5985, 'TCP'), Data Transferred: 208884 bytes
[INFO] Flow: ('192.168.38.104', '192.168.38.103', 63602, 5985, 'TCP'), Data Transferred: 211548 bytes
[INFO] Flow: ('192.168.38.103', '192.168.38.104', 5985, 63602, 'TCP'), Data Transferred: 142161 bytes
[INFO] Flow: ('192.168.38.103', '192.168.38.104', 5985, 63602, 'TCP'), Data Transferred: 143675 bytes
[INFO] Flow: ('192.168.38.103', '192.168.38.104', 5985, 63602, 'TCP'), Data Transferred: 144228 bytes
[INFO] Flow: ('192.168.38.104', '192.168.38.103', 63602, 5985, 'TCP'), Data Transferred: 211602 bytes
[INFO] Flow: ('192.168.38.104', '192.168.38.103', 63602, 5985, 'TCP'), Data Transferred: 211991 bytes
[INFO] Flow: ('192.168.38.104', '192.168.38.103', 63602, 5985, 'TCP'), Data Transferred: 214658 bytes
[INFO] Flow: ('192.168.38.103', '192.168.38.104', 5985, 63602, 'TCP'), Data Transferred: 144282 bytes
[INFO] Flow: ('192.168.38.103', '192.168.38.104', 5985, 63602, 'TCP'), Data Transferred: 145796 bytes
[INFO] Flow: ('192.168.38.103', '192.168.38.104', 5985, 63602, 'TCP'), Data Transferred: 146349 bytes
[INFO] Flow: ('192.168.38.104', '192.168.38.103', 63602, 5985, 'TCP'), Data Transferred: 214712 bytes
[INFO] Flow: ('192.168.38.104', '192.168.38.103', 63602, 5985, 'TCP'), Data Transferred: 215101 bytes
[INFO] Flow: ('192.168.38.104', '192.168.38.103', 63602, 5985, 'TCP'), Data Transferred: 217782 bytes
[INFO] Flow: ('192.168.38.103', '192.168.38.104', 5985, 63602, 'TCP'), Data Transferred: 146403 bytes
[INFO] Flow: ('192.168.38.103', '192.168.38.104', 5985, 63602, 'TCP'), Data Transferred: 147917 bytes
[INFO] Flow: ('192.168.38.103', '192.168.38.104', 5985, 63602, 'TCP'), Data Transferred: 148470 bytes
[INFO] Flow: ('192.168.38.104', '192.168.38.103', 63602, 5985, 'TCP'), Data Transferred: 217836 bytes
[INFO] Flow: ('192.168.38.104', '192.168.38.103', 63602, 5985, 'TCP'), Data Transferred: 218225 bytes
[INFO] Flow: ('192.168.38.104', '192.168.38.103', 63602, 5985, 'TCP'), Data Transferred: 220901 bytes
[INFO] Flow: ('192.168.38.103', '192.168.38.104', 5985, 63602, 'TCP'), Data Transferred: 148524 bytes
[INFO] Flow: ('192.168.38.103', '192.168.38.104', 5985, 63602, 'TCP'), Data Transferred: 150038 bytes
[INFO] Flow: ('192.168.38.103', '192.168.38.104', 5985, 63602, 'TCP'), Data Transferred: 150591 bytes
[INFO] Flow: ('192.168.38.104', '192.168.38.103', 63602, 5985, 'TCP'), Data Transferred: 220955 bytes
[INFO] Flow: ('192.168.38.104', '192.168.38.103', 63602, 5985, 'TCP'), Data Transferred: 221344 bytes
[INFO] Flow: ('192.168.38.104', '192.168.38.103', 63602, 5985, 'TCP'), Data Transferred: 224017 bytes
[INFO] Flow: ('192.168.38.103', '192.168.38.104', 5985, 63602, 'TCP'), Data Transferred: 150645 bytes
[INFO] Flow: ('192.168.38.103', '192.168.38.104', 5985, 63602, 'TCP'), Data Transferred: 152159 bytes
[INFO] Flow: ('192.168.38.103', '192.168.38.104', 5985, 63602, 'TCP'), Data Transferred: 152712 bytes
[INFO] Flow: ('192.168.38.104', '192.168.38.103', 63602, 5985, 'TCP'), Data Transferred: 224071 bytes
[INFO] Flow: ('192.168.38.104', '192.168.38.103', 63602, 5985, 'TCP'), Data Transferred: 224460 bytes
[INFO] Flow: ('192.168.38.104', '192.168.38.103', 63602, 5985, 'TCP'), Data Transferred: 227120 bytes
[INFO] Flow: ('192.168.38.103', '192.168.38.104', 5985, 63602, 'TCP'), Data Transferred: 152766 bytes
[INFO] Flow: ('192.168.38.103', '192.168.38.104', 5985, 63602, 'TCP'), Data Transferred: 154280 bytes
[INFO] Flow: ('192.168.38.103', '192.168.38.104', 5985, 63602, 'TCP'), Data Transferred: 154833 bytes
[INFO] Flow: ('192.168.38.104', '192.168.38.103', 63602, 5985, 'TCP'), Data Transferred: 227174 bytes
[INFO] Flow: ('192.168.38.104', '192.168.38.103', 63602, 5985, 'TCP'), Data Transferred: 227563 bytes
[INFO] Flow: ('192.168.38.104', '192.168.38.103', 63602, 5985, 'TCP'), Data Transferred: 230218 bytes
[INFO] Flow: ('192.168.38.103', '192.168.38.104', 5985, 63602, 'TCP'), Data Transferred: 154887 bytes
[INFO] Flow: ('192.168.38.103', '192.168.38.104', 5985, 63602, 'TCP'), Data Transferred: 156401 bytes
{"message": "Detected DNS Query: b'ky0+eTqU.madeupsetup.eu.us-west-1.ec2-utilities.amazonaws.com.' with encoding ascii", "timestamp": 1726413857.952392, "attack_type": "DNS Query"}
{"message": "Decoded DNS Query: ky0+eTqU.madeupsetup.eu.us-west-1.ec2-utilities.amazonaws.com.", "timestamp": 1726413858.102462, "attack_type": "DNS Query"}
{"message": "Intrusion Detected: Possible DNS exfiltration in query ky0+eTqU.madeupsetup.eu.us-west-1.ec2-utilities.amazonaws.com.", "timestamp": 1726413858.2353344, "attack_type": "DNS Exfiltration"}
{"message": "Intrusion Detected: Port scanning detected from 8.8.8.8", "timestamp": 1726413858.4102461, "attack_type": "Port Scan"}
[INFO] Flow: ('192.168.38.103', '192.168.38.104', 5985, 63602, 'TCP'), Data Transferred: 156954 bytes
[INFO] Flow: ('192.168.38.104', '192.168.38.103', 63602, 5985, 'TCP'), Data Transferred: 230272 bytes
[INFO] Flow: ('192.168.38.104', '192.168.38.103', 63602, 5985, 'TCP'), Data Transferred: 230661 bytes
[INFO] Flow: ('192.168.38.104', '192.168.38.103', 63602, 5985, 'TCP'), Data Transferred: 233342 bytes
[INFO] Flow: ('8.8.8.8', '192.168.38.104', 53, 65318, 'UDP'), Data Transferred: 209 bytes
[INFO] Flow: ('192.168.38.103', '192.168.38.104', 5985, 63602, 'TCP'), Data Transferred: 157008 bytes
[INFO] Flow: ('192.168.38.103', '192.168.38.104', 5985, 63602, 'TCP'), Data Transferred: 158522 bytes
[INFO] Flow: ('192.168.38.103', '192.168.38.104', 5985, 63602, 'TCP'), Data Transferred: 159075 bytes
[INFO] Flow: ('192.168.38.104', '192.168.38.103', 63602, 5985, 'TCP'), Data Transferred: 233396 bytes
[INFO] Flow: ('192.168.38.104', '8.8.8.8', 65319, 53, 'UDP'), Data Transferred: 99 bytes
{"message": "Detected DNS Query: b'ky0+eTqU.madeupsetup.eu.windomain.local.' with encoding ascii", "timestamp": 1726413858.5621946, "attack_type": "DNS Query"}
{"message": "Decoded DNS Query: ky0+eTqU.madeupsetup.eu.windomain.local.", "timestamp": 1726413858.7105095, "attack_type": "DNS Query"}
[INFO] Flow: ('192.168.38.104', '192.168.38.103', 63602, 5985, 'TCP'), Data Transferred: 233785 bytes
[INFO] Flow: ('192.168.38.104', '192.168.38.103', 63602, 5985, 'TCP'), Data Transferred: 236457 bytes
[INFO] Flow: ('192.168.38.103', '192.168.38.104', 5985, 63602, 'TCP'), Data Transferred: 159129 bytes
[INFO] Flow: ('192.168.38.103', '192.168.38.104', 5985, 63602, 'TCP'), Data Transferred: 160643 bytes
[INFO] Flow: ('192.168.38.103', '192.168.38.104', 5985, 63602, 'TCP'), Data Transferred: 161196 bytes
[INFO] Flow: ('192.168.38.104', '192.168.38.103', 63602, 5985, 'TCP'), Data Transferred: 236511 bytes
[INFO] Flow: ('192.168.38.104', '192.168.38.103', 63602, 5985, 'TCP'), Data Transferred: 236900 bytes
[INFO] Flow: ('192.168.38.104', '192.168.38.103', 63602, 5985, 'TCP'), Data Transferred: 239569 bytes
[INFO] Flow: ('192.168.38.103', '192.168.38.104', 5985, 63602, 'TCP'), Data Transferred: 161250 bytes
[INFO] Flow: ('192.168.38.103', '192.168.38.104', 5985, 63602, 'TCP'), Data Transferred: 162764 bytes
[INFO] Flow: ('192.168.38.103', '192.168.38.104', 5985, 63602, 'TCP'), Data Transferred: 163317 bytes
[INFO] Flow: ('192.168.38.104', '192.168.38.103', 63602, 5985, 'TCP'), Data Transferred: 239623 bytes
[INFO] Flow: ('192.168.38.104', '192.168.38.103', 63602, 5985, 'TCP'), Data Transferred: 240012 bytes
[INFO] Flow: ('192.168.38.104', '192.168.38.103', 63602, 5985, 'TCP'), Data Transferred: 242676 bytes
[INFO] Flow: ('192.168.38.103', '192.168.38.104', 5985, 63602, 'TCP'), Data Transferred: 163371 bytes
[INFO] Flow: ('192.168.38.103', '192.168.38.104', 5985, 63602, 'TCP'), Data Transferred: 164885 bytes
[INFO] Flow: ('192.168.38.103', '192.168.38.104', 5985, 63602, 'TCP'), Data Transferred: 165438 bytes
[INFO] Flow: ('192.168.38.104', '192.168.38.103', 63602, 5985, 'TCP'), Data Transferred: 242730 bytes
[INFO] Flow: ('192.168.38.104', '192.168.38.103', 63602, 5985, 'TCP'), Data Transferred: 243119 bytes
[INFO] Flow: ('192.168.38.104', '192.168.38.103', 63602, 5985, 'TCP'), Data Transferred: 245786 bytes
[INFO] Flow: ('192.168.38.103', '192.168.38.104', 5985, 63602, 'TCP'), Data Transferred: 165492 bytes
[INFO] Flow: ('192.168.38.103', '192.168.38.104', 5985, 63602, 'TCP'), Data Transferred: 167006 bytes
[INFO] Flow: ('192.168.38.103', '192.168.38.104', 5985, 63602, 'TCP'), Data Transferred: 167559 bytes
[INFO] Flow: ('192.168.38.104', '192.168.38.103', 63602, 5985, 'TCP'), Data Transferred: 245840 bytes
[INFO] Flow: ('192.168.38.104', '192.168.38.103', 63602, 5985, 'TCP'), Data Transferred: 246229 bytes
[INFO] Flow: ('192.168.38.104', '192.168.38.103', 63602, 5985, 'TCP'), Data Transferred: 248906 bytes
[INFO] Flow: ('192.168.38.103', '192.168.38.104', 5985, 63602, 'TCP'), Data Transferred: 167613 bytes
[INFO] Flow: ('192.168.38.103', '192.168.38.104', 5985, 63602, 'TCP'), Data Transferred: 169127 bytes
[INFO] Flow: ('192.168.38.103', '192.168.38.104', 5985, 63602, 'TCP'), Data Transferred: 169680 bytes
[INFO] Flow: ('192.168.38.104', '192.168.38.103', 63602, 5985, 'TCP'), Data Transferred: 248960 bytes
{"message": "Detected DNS Query: b'ky0+eTqU.madeupsetup.eu.windomain.local.' with encoding ascii", "timestamp": 1726413859.233934, "attack_type": "DNS Query"}
{"message": "Decoded DNS Query: ky0+eTqU.madeupsetup.eu.windomain.local.", "timestamp": 1726413859.3859024, "attack_type": "DNS Query"}
{"message": "Intrusion Detected: Port scanning detected from 8.8.8.8", "timestamp": 1726413859.4524052, "attack_type": "Port Scan"}
{"message": "Detected DNS Query: b'poybMrsl.madeupsetup.eu.' with encoding ascii", "timestamp": 1726413859.5962574, "attack_type": "DNS Query"}
{"message": "Decoded DNS Query: poybMrsl.madeupsetup.eu.", "timestamp": 1726413859.7115471, "attack_type": "DNS Query"}
[INFO] Flow: ('192.168.38.104', '192.168.38.103', 63602, 5985, 'TCP'), Data Transferred: 249349 bytes
[INFO] Flow: ('192.168.38.104', '192.168.38.103', 63602, 5985, 'TCP'), Data Transferred: 252029 bytes
[INFO] Flow: ('192.168.38.103', '192.168.38.104', 5985, 63602, 'TCP'), Data Transferred: 169734 bytes
[INFO] Flow: ('8.8.8.8', '192.168.38.104', 53, 65319, 'UDP'), Data Transferred: 174 bytes
[INFO] Flow: ('192.168.38.103', '192.168.38.104', 5985, 63602, 'TCP'), Data Transferred: 171248 bytes
[INFO] Flow: ('192.168.38.103', '192.168.38.104', 5985, 63602, 'TCP'), Data Transferred: 171801 bytes
[INFO] Flow: ('192.168.38.104', '192.168.38.103', 63602, 5985, 'TCP'), Data Transferred: 252083 bytes
[INFO] Flow: ('192.168.38.104', '8.8.8.8', 65320, 53, 'UDP'), Data Transferred: 83 bytes
[INFO] Flow: ('192.168.38.104', '192.168.38.103', 63602, 5985, 'TCP'), Data Transferred: 252472 bytes
[INFO] Flow: ('192.168.38.104', '192.168.38.103', 63602, 5985, 'TCP'), Data Transferred: 255145 bytes
[INFO] Flow: ('192.168.38.103', '192.168.38.104', 5985, 63602, 'TCP'), Data Transferred: 171855 bytes
[INFO] Flow: ('192.168.38.103', '192.168.38.104', 5985, 63602, 'TCP'), Data Transferred: 173369 bytes
[INFO] Flow: ('192.168.38.103', '192.168.38.104', 5985, 63602, 'TCP'), Data Transferred: 173922 bytes
[INFO] Flow: ('192.168.38.104', '192.168.38.103', 63602, 5985, 'TCP'), Data Transferred: 255199 bytes
[INFO] Flow: ('192.168.38.104', '192.168.38.103', 63602, 5985, 'TCP'), Data Transferred: 255588 bytes
[INFO] Flow: ('192.168.38.104', '192.168.38.103', 63602, 5985, 'TCP'), Data Transferred: 258252 bytes
[INFO] Flow: ('192.168.38.103', '192.168.38.104', 5985, 63602, 'TCP'), Data Transferred: 173976 bytes
[INFO] Flow: ('192.168.38.103', '192.168.38.104', 5985, 63602, 'TCP'), Data Transferred: 175490 bytes
[INFO] Flow: ('192.168.38.103', '192.168.38.104', 5985, 63602, 'TCP'), Data Transferred: 176043 bytes
[INFO] Flow: ('192.168.38.104', '192.168.38.103', 63602, 5985, 'TCP'), Data Transferred: 258306 bytes
[INFO] Flow: ('192.168.38.104', '192.168.38.103', 63602, 5985, 'TCP'), Data Transferred: 258695 bytes
[INFO] Flow: ('192.168.38.104', '192.168.38.103', 63602, 5985, 'TCP'), Data Transferred: 261358 bytes
[INFO] Flow: ('192.168.38.103', '192.168.38.104', 5985, 63602, 'TCP'), Data Transferred: 176097 bytes
[INFO] Flow: ('192.168.38.103', '192.168.38.104', 5985, 63602, 'TCP'), Data Transferred: 177611 bytes
[INFO] Flow: ('192.168.38.103', '192.168.38.104', 5985, 63602, 'TCP'), Data Transferred: 178164 bytes
[INFO] Flow: ('192.168.38.104', '192.168.38.103', 63602, 5985, 'TCP'), Data Transferred: 261412 bytes
[INFO] Flow: ('192.168.38.104', '192.168.38.103', 63602, 5985, 'TCP'), Data Transferred: 261801 bytes
[INFO] Flow: ('192.168.38.104', '192.168.38.103', 63602, 5985, 'TCP'), Data Transferred: 264482 bytes
[INFO] Flow: ('192.168.38.103', '192.168.38.104', 5985, 63602, 'TCP'), Data Transferred: 178218 bytes
[INFO] Flow: ('192.168.38.103', '192.168.38.104', 5985, 63602, 'TCP'), Data Transferred: 179732 bytes
[INFO] Flow: ('192.168.38.103', '192.168.38.104', 5985, 63602, 'TCP'), Data Transferred: 180285 bytes
[INFO] Flow: ('192.168.38.104', '192.168.38.103', 63602, 5985, 'TCP'), Data Transferred: 264536 bytes
[INFO] Flow: ('192.168.38.104', '192.168.38.103', 63602, 5985, 'TCP'), Data Transferred: 264925 bytes
[INFO] Flow: ('192.168.38.104', '192.168.38.103', 63602, 5985, 'TCP'), Data Transferred: 267601 bytes
[INFO] Flow: ('192.168.38.103', '192.168.38.104', 5985, 63602, 'TCP'), Data Transferred: 180339 bytes
[INFO] Flow: ('192.168.38.103', '192.168.38.104', 5985, 63602, 'TCP'), Data Transferred: 181853 bytes
[INFO] Flow: ('192.168.38.103', '192.168.38.104', 5985, 63602, 'TCP'), Data Transferred: 182406 bytes
[INFO] Flow: ('192.168.38.104', '192.168.38.103', 63602, 5985, 'TCP'), Data Transferred: 267655 bytes
[INFO] Flow: ('192.168.38.104', '192.168.38.103', 63602, 5985, 'TCP'), Data Transferred: 268044 bytes
[INFO] Flow: ('192.168.38.104', '192.168.38.103', 63602, 5985, 'TCP'), Data Transferred: 270709 bytes
{"message": "Detected DNS Query: b'poybMrsl.madeupsetup.eu.' with encoding ascii", "timestamp": 1726413859.8588395, "attack_type": "DNS Query"}
{"message": "Decoded DNS Query: poybMrsl.madeupsetup.eu.", "timestamp": 1726413859.9360132, "attack_type": "DNS Query"}
{"message": "Intrusion Detected: Port scanning detected from 8.8.8.8", "timestamp": 1726413860.0936885, "attack_type": "Port Scan"}
{"message": "Detected DNS Query: b'poybMrsl.madeupsetup.eu.us-west-1.ec2-utilities.amazonaws.com.' with encoding ascii", "timestamp": 1726413860.2712228, "attack_type": "DNS Query"}
{"message": "Decoded DNS Query: poybMrsl.madeupsetup.eu.us-west-1.ec2-utilities.amazonaws.com.", "timestamp": 1726413860.3938425, "attack_type": "DNS Query"}
{"message": "Intrusion Detected: Possible DNS exfiltration in query poybMrsl.madeupsetup.eu.us-west-1.ec2-utilities.amazonaws.com.", "timestamp": 1726413860.553388, "attack_type": "DNS Exfiltration"}
[INFO] Flow: ('192.168.38.103', '192.168.38.104', 5985, 63602, 'TCP'), Data Transferred: 182460 bytes
[INFO] Flow: ('192.168.38.103', '192.168.38.104', 5985, 63602, 'TCP'), Data Transferred: 183974 bytes
[INFO] Flow: ('192.168.38.103', '192.168.38.104', 5985, 63602, 'TCP'), Data Transferred: 184527 bytes
[INFO] Flow: ('192.168.38.104', '192.168.38.103', 63602, 5985, 'TCP'), Data Transferred: 270763 bytes
[INFO] Flow: ('8.8.8.8', '192.168.38.104', 53, 65320, 'UDP'), Data Transferred: 162 bytes
[INFO] Flow: ('192.168.38.104', '192.168.38.103', 63602, 5985, 'TCP'), Data Transferred: 271152 bytes
[INFO] Flow: ('192.168.38.104', '192.168.38.103', 63602, 5985, 'TCP'), Data Transferred: 273816 bytes
[INFO] Flow: ('192.168.38.103', '192.168.38.104', 5985, 63602, 'TCP'), Data Transferred: 184581 bytes
[INFO] Flow: ('192.168.38.104', '8.8.8.8', 65321, 53, 'UDP'), Data Transferred: 121 bytes
[INFO] Flow: ('192.168.38.103', '192.168.38.104', 5985, 63602, 'TCP'), Data Transferred: 186095 bytes
[INFO] Flow: ('192.168.38.103', '192.168.38.104', 5985, 63602, 'TCP'), Data Transferred: 186648 bytes
[INFO] Flow: ('192.168.38.104', '192.168.38.103', 63602, 5985, 'TCP'), Data Transferred: 273870 bytes
[INFO] Flow: ('192.168.38.104', '192.168.38.103', 63602, 5985, 'TCP'), Data Transferred: 274259 bytes
[INFO] Flow: ('192.168.38.104', '192.168.38.103', 63602, 5985, 'TCP'), Data Transferred: 276918 bytes
[INFO] Flow: ('192.168.38.103', '192.168.38.104', 5985, 63602, 'TCP'), Data Transferred: 186702 bytes
[INFO] Flow: ('192.168.38.103', '192.168.38.104', 5985, 63602, 'TCP'), Data Transferred: 188216 bytes
[INFO] Flow: ('192.168.38.103', '192.168.38.104', 5985, 63602, 'TCP'), Data Transferred: 188769 bytes
[INFO] Flow: ('192.168.38.104', '192.168.38.103', 63602, 5985, 'TCP'), Data Transferred: 276972 bytes
[INFO] Flow: ('192.168.38.104', '192.168.38.103', 63602, 5985, 'TCP'), Data Transferred: 277361 bytes
[INFO] Flow: ('192.168.38.104', '192.168.38.103', 63602, 5985, 'TCP'), Data Transferred: 280046 bytes
[INFO] Flow: ('192.168.38.103', '192.168.38.104', 5985, 63602, 'TCP'), Data Transferred: 188823 bytes
[INFO] Flow: ('192.168.38.103', '192.168.38.104', 5985, 63602, 'TCP'), Data Transferred: 190337 bytes
[INFO] Flow: ('192.168.38.103', '192.168.38.104', 5985, 63602, 'TCP'), Data Transferred: 190890 bytes
[INFO] Flow: ('192.168.38.104', '192.168.38.103', 63602, 5985, 'TCP'), Data Transferred: 280100 bytes
[INFO] Flow: ('192.168.38.104', '192.168.38.103', 63602, 5985, 'TCP'), Data Transferred: 280489 bytes
[INFO] Flow: ('192.168.38.104', '192.168.38.103', 63602, 5985, 'TCP'), Data Transferred: 283169 bytes
[INFO] Flow: ('192.168.38.103', '192.168.38.104', 5985, 63602, 'TCP'), Data Transferred: 190944 bytes
[INFO] Flow: ('192.168.38.103', '192.168.38.104', 5985, 63602, 'TCP'), Data Transferred: 192458 bytes
[INFO] Flow: ('192.168.38.103', '192.168.38.104', 5985, 63602, 'TCP'), Data Transferred: 193011 bytes
[INFO] Flow: ('192.168.38.104', '192.168.38.103', 63602, 5985, 'TCP'), Data Transferred: 283223 bytes
[INFO] Flow: ('192.168.38.104', '192.168.38.103', 63602, 5985, 'TCP'), Data Transferred: 283612 bytes
[INFO] Flow: ('192.168.38.104', '192.168.38.103', 63602, 5985, 'TCP'), Data Transferred: 286277 bytes
[INFO] Flow: ('192.168.38.103', '192.168.38.104', 5985, 63602, 'TCP'), Data Transferred: 193065 bytes
[INFO] Flow: ('192.168.38.103', '192.168.38.104', 5985, 63602, 'TCP'), Data Transferred: 194579 bytes
[INFO] Flow: ('192.168.38.103', '192.168.38.104', 5985, 63602, 'TCP'), Data Transferred: 195132 bytes
[INFO] Flow: ('192.168.38.104', '192.168.38.103', 63602, 5985, 'TCP'), Data Transferred: 286331 bytes
[INFO] Flow: ('192.168.38.104', '192.168.38.103', 63602, 5985, 'TCP'), Data Transferred: 286720 bytes
[INFO] Flow: ('192.168.38.104', '192.168.38.103', 63602, 5985, 'TCP'), Data Transferred: 289380 bytes
[INFO] Flow: ('192.168.38.103', '192.168.38.104', 5985, 63602, 'TCP'), Data Transferred: 195186 bytes
[INFO] Flow: ('192.168.38.103', '192.168.38.104', 5985, 63602, 'TCP'), Data Transferred: 196700 bytes
{"message": "Detected DNS Query: b'poybMrsl.madeupsetup.eu.us-west-1.ec2-utilities.amazonaws.com.' with encoding ascii", "timestamp": 1726413860.7623615, "attack_type": "DNS Query"}
{"message": "Decoded DNS Query: poybMrsl.madeupsetup.eu.us-west-1.ec2-utilities.amazonaws.com.", "timestamp": 1726413861.010847, "attack_type": "DNS Query"}
{"message": "Intrusion Detected: Possible DNS exfiltration in query poybMrsl.madeupsetup.eu.us-west-1.ec2-utilities.amazonaws.com.", "timestamp": 1726413861.1356006, "attack_type": "DNS Exfiltration"}
{"message": "Intrusion Detected: Port scanning detected from 8.8.8.8", "timestamp": 1726413861.31904, "attack_type": "Port Scan"}
[INFO] Flow: ('192.168.38.103', '192.168.38.104', 5985, 63602, 'TCP'), Data Transferred: 197253 bytes
[INFO] Flow: ('192.168.38.104', '192.168.38.103', 63602, 5985, 'TCP'), Data Transferred: 289434 bytes
[INFO] Flow: ('192.168.38.104', '192.168.38.103', 63602, 5985, 'TCP'), Data Transferred: 289823 bytes
[INFO] Flow: ('192.168.38.104', '192.168.38.103', 63602, 5985, 'TCP'), Data Transferred: 292486 bytes
[INFO] Flow: ('192.168.38.103', '192.168.38.104', 5985, 63602, 'TCP'), Data Transferred: 197307 bytes
[INFO] Flow: ('192.168.38.103', '192.168.38.104', 5985, 63602, 'TCP'), Data Transferred: 198821 bytes
[INFO] Flow: ('192.168.38.103', '192.168.38.104', 5985, 63602, 'TCP'), Data Transferred: 199374 bytes
[INFO] Flow: ('192.168.38.104', '192.168.38.103', 63602, 5985, 'TCP'), Data Transferred: 292540 bytes
[INFO] Flow: ('8.8.8.8', '192.168.38.104', 53, 65321, 'UDP'), Data Transferred: 221 bytes
[INFO] Flow: ('192.168.38.104', '192.168.38.103', 63602, 5985, 'TCP'), Data Transferred: 292929 bytes
{"message": "Detected DNS Query: b'poybMrsl.madeupsetup.eu.windomain.local.' with encoding ascii", "timestamp": 1726413861.4456382, "attack_type": "DNS Query"}
{"message": "Decoded DNS Query: poybMrsl.madeupsetup.eu.windomain.local.", "timestamp": 1726413861.544369, "attack_type": "DNS Query"}
[INFO] Flow: ('192.168.38.104', '192.168.38.103', 63602, 5985, 'TCP'), Data Transferred: 295606 bytes
[INFO] Flow: ('192.168.38.103', '192.168.38.104', 5985, 63602, 'TCP'), Data Transferred: 199428 bytes
[INFO] Flow: ('192.168.38.103', '192.168.38.104', 5985, 63602, 'TCP'), Data Transferred: 200942 bytes
[INFO] Flow: ('192.168.38.103', '192.168.38.104', 5985, 63602, 'TCP'), Data Transferred: 201495 bytes
[INFO] Flow: ('192.168.38.104', '192.168.38.103', 63602, 5985, 'TCP'), Data Transferred: 295660 bytes
[INFO] Flow: ('192.168.38.104', '8.8.8.8', 65322, 53, 'UDP'), Data Transferred: 99 bytes
[INFO] Flow: ('192.168.38.104', '192.168.38.103', 63602, 5985, 'TCP'), Data Transferred: 296049 bytes
[INFO] Flow: ('192.168.38.104', '192.168.38.103', 63602, 5985, 'TCP'), Data Transferred: 298721 bytes
[INFO] Flow: ('192.168.38.103', '192.168.38.104', 5985, 63602, 'TCP'), Data Transferred: 201549 bytes
[INFO] Flow: ('192.168.38.103', '192.168.38.104', 5985, 63602, 'TCP'), Data Transferred: 203063 bytes
[INFO] Flow: ('192.168.38.103', '192.168.38.104', 5985, 63602, 'TCP'), Data Transferred: 203616 bytes
[INFO] Flow: ('192.168.38.104', '192.168.38.103', 63602, 5985, 'TCP'), Data Transferred: 298775 bytes
[INFO] Flow: ('192.168.38.104', '192.168.38.103', 63602, 5985, 'TCP'), Data Transferred: 299164 bytes
[INFO] Flow: ('192.168.38.104', '192.168.38.103', 63602, 5985, 'TCP'), Data Transferred: 301833 bytes
[INFO] Flow: ('192.168.38.103', '192.168.38.104', 5985, 63602, 'TCP'), Data Transferred: 203670 bytes
[INFO] Flow: ('192.168.38.103', '192.168.38.104', 5985, 63602, 'TCP'), Data Transferred: 205184 bytes
[INFO] Flow: ('192.168.38.103', '192.168.38.104', 5985, 63602, 'TCP'), Data Transferred: 205737 bytes
[INFO] Flow: ('192.168.38.104', '192.168.38.103', 63602, 5985, 'TCP'), Data Transferred: 301887 bytes
[INFO] Flow: ('192.168.38.104', '192.168.38.103', 63602, 5985, 'TCP'), Data Transferred: 302276 bytes
[INFO] Flow: ('192.168.38.104', '192.168.38.103', 63602, 5985, 'TCP'), Data Transferred: 304936 bytes
[INFO] Flow: ('192.168.38.103', '192.168.38.104', 5985, 63602, 'TCP'), Data Transferred: 205791 bytes
[INFO] Flow: ('192.168.38.103', '192.168.38.104', 5985, 63602, 'TCP'), Data Transferred: 207305 bytes
[INFO] Flow: ('192.168.38.103', '192.168.38.104', 5985, 63602, 'TCP'), Data Transferred: 207858 bytes
[INFO] Flow: ('192.168.38.104', '192.168.38.103', 63602, 5985, 'TCP'), Data Transferred: 304990 bytes
[INFO] Flow: ('192.168.38.104', '192.168.38.103', 63602, 5985, 'TCP'), Data Transferred: 305379 bytes
[INFO] Flow: ('192.168.38.104', '192.168.38.103', 63602, 5985, 'TCP'), Data Transferred: 308038 bytes
[INFO] Flow: ('192.168.38.103', '192.168.38.104', 5985, 63602, 'TCP'), Data Transferred: 207912 bytes
[INFO] Flow: ('192.168.38.103', '192.168.38.104', 5985, 63602, 'TCP'), Data Transferred: 209426 bytes
[INFO] Flow: ('192.168.38.103', '192.168.38.104', 5985, 63602, 'TCP'), Data Transferred: 209979 bytes
[INFO] Flow: ('192.168.38.104', '192.168.38.103', 63602, 5985, 'TCP'), Data Transferred: 308092 bytes
{"message": "Detected DNS Query: b'poybMrsl.madeupsetup.eu.windomain.local.' with encoding ascii", "timestamp": 1726413862.0157192, "attack_type": "DNS Query"}
{"message": "Decoded DNS Query: poybMrsl.madeupsetup.eu.windomain.local.", "timestamp": 1726413862.1022935, "attack_type": "DNS Query"}
{"message": "Intrusion Detected: Port scanning detected from 8.8.8.8", "timestamp": 1726413862.227467, "attack_type": "Port Scan"}
{"message": "Detected DNS Query: b'jK2eAyOi.madeupsetup.eu.' with encoding ascii", "timestamp": 1726413862.362428, "attack_type": "DNS Query"}
{"message": "Decoded DNS Query: jK2eAyOi.madeupsetup.eu.", "timestamp": 1726413862.5113852, "attack_type": "DNS Query"}
{"message": "Detected DNS Query: b'jK2eAyOi.madeupsetup.eu.' with encoding ascii", "timestamp": 1726413862.662278, "attack_type": "DNS Query"}
{"message": "Decoded DNS Query: jK2eAyOi.madeupsetup.eu.", "timestamp": 1726413862.7437727, "attack_type": "DNS Query"}
{"message": "Intrusion Detected: Port scanning detected from 8.8.8.8", "timestamp": 1726413862.9044347, "attack_type": "Port Scan"}
[INFO] Flow: ('192.168.38.104', '192.168.38.103', 63602, 5985, 'TCP'), Data Transferred: 308481 bytes
[INFO] Flow: ('192.168.38.104', '192.168.38.103', 63602, 5985, 'TCP'), Data Transferred: 311150 bytes
[INFO] Flow: ('192.168.38.103', '192.168.38.104', 5985, 63602, 'TCP'), Data Transferred: 210033 bytes
[INFO] Flow: ('192.168.38.103', '192.168.38.104', 5985, 63602, 'TCP'), Data Transferred: 211547 bytes
[INFO] Flow: ('192.168.38.103', '192.168.38.104', 5985, 63602, 'TCP'), Data Transferred: 212100 bytes
[INFO] Flow: ('192.168.38.104', '192.168.38.103', 63602, 5985, 'TCP'), Data Transferred: 311204 bytes
[INFO] Flow: ('8.8.8.8', '192.168.38.104', 53, 65322, 'UDP'), Data Transferred: 174 bytes
[INFO] Flow: ('192.168.38.104', '8.8.8.8', 65323, 53, 'UDP'), Data Transferred: 83 bytes
[INFO] Flow: ('8.8.8.8', '192.168.38.104', 53, 65323, 'UDP'), Data Transferred: 162 bytes
[INFO] Flow: ('192.168.38.104', '8.8.8.8', 65324, 53, 'UDP'), Data Transferred: 121 bytes
{"message": "Detected DNS Query: b'jK2eAyOi.madeupsetup.eu.us-west-1.ec2-utilities.amazonaws.com.' with encoding ascii", "timestamp": 1726413863.0709248, "attack_type": "DNS Query"}
{"message": "Decoded DNS Query: jK2eAyOi.madeupsetup.eu.us-west-1.ec2-utilities.amazonaws.com.", "timestamp": 1726413863.2768993, "attack_type": "DNS Query"}
{"message": "Intrusion Detected: Possible DNS exfiltration in query jK2eAyOi.madeupsetup.eu.us-west-1.ec2-utilities.amazonaws.com.", "timestamp": 1726413863.4359033, "attack_type": "DNS Exfiltration"}
{"message": "Detected DNS Query: b'jK2eAyOi.madeupsetup.eu.us-west-1.ec2-utilities.amazonaws.com.' with encoding ascii", "timestamp": 1726413863.585554, "attack_type": "DNS Query"}
{"message": "Decoded DNS Query: jK2eAyOi.madeupsetup.eu.us-west-1.ec2-utilities.amazonaws.com.", "timestamp": 1726413863.7685542, "attack_type": "DNS Query"}
{"message": "Intrusion Detected: Possible DNS exfiltration in query jK2eAyOi.madeupsetup.eu.us-west-1.ec2-utilities.amazonaws.com.", "timestamp": 1726413863.9268854, "attack_type": "DNS Exfiltration"}
{"message": "Intrusion Detected: Port scanning detected from 8.8.8.8", "timestamp": 1726413864.0937564, "attack_type": "Port Scan"}
{"message": "Detected DNS Query: b'jK2eAyOi.madeupsetup.eu.windomain.local.' with encoding ascii", "timestamp": 1726413864.236438, "attack_type": "DNS Query"}
{"message": "Decoded DNS Query: jK2eAyOi.madeupsetup.eu.windomain.local.", "timestamp": 1726413864.3268855, "attack_type": "DNS Query"}
{"message": "Detected DNS Query: b'jK2eAyOi.madeupsetup.eu.windomain.local.' with encoding ascii", "timestamp": 1726413864.4620154, "attack_type": "DNS Query"}
{"message": "Decoded DNS Query: jK2eAyOi.madeupsetup.eu.windomain.local.", "timestamp": 1726413864.6275043, "attack_type": "DNS Query"}
{"message": "Intrusion Detected: Port scanning detected from 8.8.8.8", "timestamp": 1726413864.8024454, "attack_type": "Port Scan"}
{"message": "Detected DNS Query: b'48b4iU01.madeupsetup.eu.' with encoding ascii", "timestamp": 1726413864.9276872, "attack_type": "DNS Query"}
{"message": "Decoded DNS Query: 48b4iU01.madeupsetup.eu.", "timestamp": 1726413865.0857491, "attack_type": "DNS Query"}
{"message": "Detected DNS Query: b'48b4iU01.madeupsetup.eu.' with encoding ascii", "timestamp": 1726413865.2446363, "attack_type": "DNS Query"}
{"message": "Decoded DNS Query: 48b4iU01.madeupsetup.eu.", "timestamp": 1726413865.377709, "attack_type": "DNS Query"}
{"message": "Intrusion Detected: Port scanning detected from 8.8.8.8", "timestamp": 1726413865.552501, "attack_type": "Port Scan"}
{"message": "Detected DNS Query: b'48b4iU01.madeupsetup.eu.us-west-1.ec2-utilities.amazonaws.com.' with encoding ascii", "timestamp": 1726413865.686462, "attack_type": "DNS Query"}
{"message": "Decoded DNS Query: 48b4iU01.madeupsetup.eu.us-west-1.ec2-utilities.amazonaws.com.", "timestamp": 1726413865.8601685, "attack_type": "DNS Query"}
{"message": "Intrusion Detected: Possible DNS exfiltration in query 48b4iU01.madeupsetup.eu.us-west-1.ec2-utilities.amazonaws.com.", "timestamp": 1726413865.9945362, "attack_type": "DNS Exfiltration"}
{"message": "Detected DNS Query: b'48b4iU01.madeupsetup.eu.us-west-1.ec2-utilities.amazonaws.com.' with encoding ascii", "timestamp": 1726413866.1269314, "attack_type": "DNS Query"}
{"message": "Decoded DNS Query: 48b4iU01.madeupsetup.eu.us-west-1.ec2-utilities.amazonaws.com.", "timestamp": 1726413866.2267332, "attack_type": "DNS Query"}
{"message": "Intrusion Detected: Possible DNS exfiltration in query 48b4iU01.madeupsetup.eu.us-west-1.ec2-utilities.amazonaws.com.", "timestamp": 1726413866.3461747, "attack_type": "DNS Exfiltration"}
{"message": "Intrusion Detected: Port scanning detected from 8.8.8.8", "timestamp": 1726413866.495403, "attack_type": "Port Scan"}
{"message": "Detected DNS Query: b'48b4iU01.madeupsetup.eu.windomain.local.' with encoding ascii", "timestamp": 1726413866.6626294, "attack_type": "DNS Query"}
{"message": "Decoded DNS Query: 48b4iU01.madeupsetup.eu.windomain.local.", "timestamp": 1726413866.8044138, "attack_type": "DNS Query"}
{"message": "Detected DNS Query: b'48b4iU01.madeupsetup.eu.windomain.local.' with encoding ascii", "timestamp": 1726413866.9039896, "attack_type": "DNS Query"}
{"message": "Decoded DNS Query: 48b4iU01.madeupsetup.eu.windomain.local.", "timestamp": 1726413867.0521612, "attack_type": "DNS Query"}
{"message": "Intrusion Detected: Port scanning detected from 8.8.8.8", "timestamp": 1726413867.2270055, "attack_type": "Port Scan"}
[INFO] Flow: ('8.8.8.8', '192.168.38.104', 53, 65324, 'UDP'), Data Transferred: 209 bytes
[INFO] Flow: ('192.168.38.104', '8.8.8.8', 65325, 53, 'UDP'), Data Transferred: 99 bytes
[INFO] Flow: ('8.8.8.8', '192.168.38.104', 53, 65325, 'UDP'), Data Transferred: 174 bytes
[INFO] Flow: ('192.168.38.104', '8.8.8.8', 65326, 53, 'UDP'), Data Transferred: 83 bytes
[INFO] Flow: ('8.8.8.8', '192.168.38.104', 53, 65326, 'UDP'), Data Transferred: 162 bytes
[INFO] Flow: ('192.168.38.104', '8.8.8.8', 65327, 53, 'UDP'), Data Transferred: 121 bytes
[INFO] Flow: ('8.8.8.8', '192.168.38.104', 53, 65327, 'UDP'), Data Transferred: 209 bytes
[INFO] Flow: ('192.168.38.104', '8.8.8.8', 65328, 53, 'UDP'), Data Transferred: 99 bytes
[INFO] Flow: ('8.8.8.8', '192.168.38.104', 53, 65328, 'UDP'), Data Transferred: 174 bytes
[INFO] Flow: ('192.168.38.104', '8.8.8.8', 65329, 53, 'UDP'), Data Transferred: 83 bytes
{"message": "Detected DNS Query: b'FvJnCBT8.madeupsetup.eu.' with encoding ascii", "timestamp": 1726413867.3776076, "attack_type": "DNS Query"}
{"message": "Decoded DNS Query: FvJnCBT8.madeupsetup.eu.", "timestamp": 1726413867.5025887, "attack_type": "DNS Query"}
{"message": "Detected DNS Query: b'FvJnCBT8.madeupsetup.eu.' with encoding ascii", "timestamp": 1726413867.5944452, "attack_type": "DNS Query"}
{"message": "Decoded DNS Query: FvJnCBT8.madeupsetup.eu.", "timestamp": 1726413867.759795, "attack_type": "DNS Query"}
{"message": "Intrusion Detected: Port scanning detected from 8.8.8.8", "timestamp": 1726413867.9027016, "attack_type": "Port Scan"}
{"message": "Detected DNS Query: b'FvJnCBT8.madeupsetup.eu.us-west-1.ec2-utilities.amazonaws.com.' with encoding ascii", "timestamp": 1726413868.0278409, "attack_type": "DNS Query"}
{"message": "Decoded DNS Query: FvJnCBT8.madeupsetup.eu.us-west-1.ec2-utilities.amazonaws.com.", "timestamp": 1726413868.152356, "attack_type": "DNS Query"}
{"message": "Intrusion Detected: Possible DNS exfiltration in query FvJnCBT8.madeupsetup.eu.us-west-1.ec2-utilities.amazonaws.com.", "timestamp": 1726413868.2524242, "attack_type": "DNS Exfiltration"}
{"message": "Detected DNS Query: b'FvJnCBT8.madeupsetup.eu.us-west-1.ec2-utilities.amazonaws.com.' with encoding ascii", "timestamp": 1726413868.3773038, "attack_type": "DNS Query"}
{"message": "Decoded DNS Query: FvJnCBT8.madeupsetup.eu.us-west-1.ec2-utilities.amazonaws.com.", "timestamp": 1726413868.5109065, "attack_type": "DNS Query"}
{"message": "Intrusion Detected: Possible DNS exfiltration in query FvJnCBT8.madeupsetup.eu.us-west-1.ec2-utilities.amazonaws.com.", "timestamp": 1726413868.6439757, "attack_type": "DNS Exfiltration"}
{"message": "Intrusion Detected: Port scanning detected from 8.8.8.8", "timestamp": 1726413868.718207, "attack_type": "Port Scan"}
{"message": "Detected DNS Query: b'FvJnCBT8.madeupsetup.eu.windomain.local.' with encoding ascii", "timestamp": 1726413868.8776267, "attack_type": "DNS Query"}
{"message": "Decoded DNS Query: FvJnCBT8.madeupsetup.eu.windomain.local.", "timestamp": 1726413869.1170678, "attack_type": "DNS Query"}
{"message": "Intrusion Detected: HTTP Covert Channel Detected in User-Agent: Mozilla/5.0 (Windows NT 10.0; Win64; x64) AppleWebKit/537.36 (KHTML, like Gecko) Chrome/84.0.4147.105 Safari/537.36", "timestamp": 1726413869.2944932, "attack_type": "HTTP Covert Channel"}
{"message": "Traffic Anomaly Detected: 192.168.38.104 shows sudden traffic spike. Current: 623, Avg: 151.5", "timestamp": 1726413869.4983451, "attack_type": "Traffic Anomaly"}
{"message": "Detected DNS Query: b'FvJnCBT8.madeupsetup.eu.windomain.local.' with encoding ascii", "timestamp": 1726413869.66044, "attack_type": "DNS Query"}
{"message": "Decoded DNS Query: FvJnCBT8.madeupsetup.eu.windomain.local.", "timestamp": 1726413869.773399, "attack_type": "DNS Query"}
{"message": "Intrusion Detected: Port scanning detected from 8.8.8.8", "timestamp": 1726413869.9734774, "attack_type": "Port Scan"}
{"message": "Detected DNS Query: b'km29WP3g.madeupsetup.eu.' with encoding ascii", "timestamp": 1726413870.1067615, "attack_type": "DNS Query"}
{"message": "Decoded DNS Query: km29WP3g.madeupsetup.eu.", "timestamp": 1726413870.2824252, "attack_type": "DNS Query"}
[INFO] Flow: ('8.8.8.8', '192.168.38.104', 53, 65329, 'UDP'), Data Transferred: 162 bytes
[INFO] Flow: ('192.168.38.104', '8.8.8.8', 65330, 53, 'UDP'), Data Transferred: 121 bytes
[INFO] Flow: ('8.8.8.8', '192.168.38.104', 53, 65330, 'UDP'), Data Transferred: 221 bytes
[INFO] Flow: ('192.168.38.104', '8.8.8.8', 65331, 53, 'UDP'), Data Transferred: 99 bytes
[INFO] Flow: ('192.168.38.104', '18.217.1.57', 63642, 80, 'TCP'), Data Transferred: 66 bytes
[INFO] Flow: ('192.168.38.104', '18.217.1.57', 63639, 80, 'TCP'), Data Transferred: 623 bytes
[INFO] Flow: ('8.8.8.8', '192.168.38.104', 53, 65331, 'UDP'), Data Transferred: 174 bytes
[INFO] Flow: ('192.168.38.104', '8.8.8.8', 65332, 53, 'UDP'), Data Transferred: 83 bytes
[INFO] Packet dropped: Invalid TCP packet characteristics
[INFO] Flow: ('192.168.38.104', '18.217.1.57', 63642, 80, 'TCP'), Data Transferred: 120 bytes
{"message": "Detected DNS Query: b'km29WP3g.madeupsetup.eu.' with encoding ascii", "timestamp": 1726413870.4571593, "attack_type": "DNS Query"}
{"message": "Decoded DNS Query: km29WP3g.madeupsetup.eu.", "timestamp": 1726413870.6067176, "attack_type": "DNS Query"}
{"message": "Intrusion Detected: Port scanning detected from 8.8.8.8", "timestamp": 1726413870.7483442, "attack_type": "Port Scan"}
{"message": "Detected DNS Query: b'km29WP3g.madeupsetup.eu.us-west-1.ec2-utilities.amazonaws.com.' with encoding ascii", "timestamp": 1726413870.8571467, "attack_type": "DNS Query"}
{"message": "Decoded DNS Query: km29WP3g.madeupsetup.eu.us-west-1.ec2-utilities.amazonaws.com.", "timestamp": 1726413870.9851124, "attack_type": "DNS Query"}
{"message": "Intrusion Detected: Possible DNS exfiltration in query km29WP3g.madeupsetup.eu.us-west-1.ec2-utilities.amazonaws.com.", "timestamp": 1726413871.1484516, "attack_type": "DNS Exfiltration"}
{"message": "Traffic Anomaly Detected: 192.168.38.104 shows sudden traffic spike. Current: 677, Avg: 209.2", "timestamp": 1726413871.3494942, "attack_type": "Traffic Anomaly"}
{"message": "Detected DNS Query: b'km29WP3g.madeupsetup.eu.us-west-1.ec2-utilities.amazonaws.com.' with encoding ascii", "timestamp": 1726413871.4987144, "attack_type": "DNS Query"}
{"message": "Decoded DNS Query: km29WP3g.madeupsetup.eu.us-west-1.ec2-utilities.amazonaws.com.", "timestamp": 1726413871.6683562, "attack_type": "DNS Query"}
{"message": "Intrusion Detected: Possible DNS exfiltration in query km29WP3g.madeupsetup.eu.us-west-1.ec2-utilities.amazonaws.com.", "timestamp": 1726413871.7651446, "attack_type": "DNS Exfiltration"}
{"message": "Intrusion Detected: Port scanning detected from 8.8.8.8", "timestamp": 1726413871.9400084, "attack_type": "Port Scan"}
{"message": "Detected DNS Query: b'km29WP3g.madeupsetup.eu.windomain.local.' with encoding ascii", "timestamp": 1726413872.0922186, "attack_type": "DNS Query"}
{"message": "Decoded DNS Query: km29WP3g.madeupsetup.eu.windomain.local.", "timestamp": 1726413872.2647777, "attack_type": "DNS Query"}
[INFO] Flow: ('8.8.8.8', '192.168.38.104', 53, 65332, 'UDP'), Data Transferred: 162 bytes
[INFO] Flow: ('18.217.1.57', '192.168.38.104', 80, 63639, 'TCP'), Data Transferred: 54 bytes
[INFO] Flow: ('192.168.38.104', '8.8.8.8', 65333, 53, 'UDP'), Data Transferred: 121 bytes
[INFO] Flow: ('18.217.1.57', '192.168.38.104', 80, 63639, 'TCP'), Data Transferred: 125 bytes
[INFO] Packet dropped: Invalid TCP packet characteristics
[INFO] Flow: ('192.168.38.104', '18.217.1.57', 63639, 80, 'TCP'), Data Transferred: 677 bytes
[INFO] Packet dropped: Invalid TCP packet characteristics
[INFO] Flow: ('8.8.8.8', '192.168.38.104', 53, 65333, 'UDP'), Data Transferred: 209 bytes
[INFO] Flow: ('192.168.38.104', '8.8.8.8', 65334, 53, 'UDP'), Data Transferred: 99 bytes
[INFO] Flow: ('8.8.8.8', '192.168.38.104', 53, 65334, 'UDP'), Data Transferred: 174 bytes
{"message": "Detected DNS Query: b'km29WP3g.madeupsetup.eu.windomain.local.' with encoding ascii", "timestamp": 1726413872.3656123, "attack_type": "DNS Query"}
{"message": "Decoded DNS Query: km29WP3g.madeupsetup.eu.windomain.local.", "timestamp": 1726413872.4896603, "attack_type": "DNS Query"}
{"message": "Intrusion Detected: Port scanning detected from 8.8.8.8", "timestamp": 1726413872.6562598, "attack_type": "Port Scan"}
{"message": "Detected DNS Query: b'/3Dz6rCU.madeupsetup.eu.' with encoding ascii", "timestamp": 1726413872.8147943, "attack_type": "DNS Query"}
{"message": "Decoded DNS Query: /3Dz6rCU.madeupsetup.eu.", "timestamp": 1726413872.9783907, "attack_type": "DNS Query"}
{"message": "Detected DNS Query: b'/3Dz6rCU.madeupsetup.eu.' with encoding ascii", "timestamp": 1726413873.0990703, "attack_type": "DNS Query"}
{"message": "Decoded DNS Query: /3Dz6rCU.madeupsetup.eu.", "timestamp": 1726413873.2475996, "attack_type": "DNS Query"}
{"message": "Intrusion Detected: Port scanning detected from 8.8.8.8", "timestamp": 1726413873.440821, "attack_type": "Port Scan"}
{"message": "Detected DNS Query: b'/3Dz6rCU.madeupsetup.eu.us-west-1.ec2-utilities.amazonaws.com.' with encoding ascii", "timestamp": 1726413873.590605, "attack_type": "DNS Query"}
{"message": "Decoded DNS Query: /3Dz6rCU.madeupsetup.eu.us-west-1.ec2-utilities.amazonaws.com.", "timestamp": 1726413873.7236688, "attack_type": "DNS Query"}
{"message": "Intrusion Detected: Possible DNS exfiltration in query /3Dz6rCU.madeupsetup.eu.us-west-1.ec2-utilities.amazonaws.com.", "timestamp": 1726413873.8065782, "attack_type": "DNS Exfiltration"}
{"message": "Detected DNS Query: b'/3Dz6rCU.madeupsetup.eu.us-west-1.ec2-utilities.amazonaws.com.' with encoding ascii", "timestamp": 1726413873.9442112, "attack_type": "DNS Query"}
{"message": "Decoded DNS Query: /3Dz6rCU.madeupsetup.eu.us-west-1.ec2-utilities.amazonaws.com.", "timestamp": 1726413874.1231878, "attack_type": "DNS Query"}
{"message": "Intrusion Detected: Possible DNS exfiltration in query /3Dz6rCU.madeupsetup.eu.us-west-1.ec2-utilities.amazonaws.com.", "timestamp": 1726413874.273349, "attack_type": "DNS Exfiltration"}
{"message": "Intrusion Detected: Port scanning detected from 8.8.8.8", "timestamp": 1726413874.3893044, "attack_type": "Port Scan"}
{"message": "Detected DNS Query: b'/3Dz6rCU.madeupsetup.eu.windomain.local.' with encoding ascii", "timestamp": 1726413874.6276047, "attack_type": "DNS Query"}
{"message": "Decoded DNS Query: /3Dz6rCU.madeupsetup.eu.windomain.local.", "timestamp": 1726413874.7934952, "attack_type": "DNS Query"}
{"message": "Detected DNS Query: b'/3Dz6rCU.madeupsetup.eu.windomain.local.' with encoding ascii", "timestamp": 1726413874.8993495, "attack_type": "DNS Query"}
{"message": "Decoded DNS Query: /3Dz6rCU.madeupsetup.eu.windomain.local.", "timestamp": 1726413875.055911, "attack_type": "DNS Query"}
{"message": "Intrusion Detected: Port scanning detected from 8.8.8.8", "timestamp": 1726413875.231345, "attack_type": "Port Scan"}
{"message": "Detected DNS Query: b'di8sCDPv.madeupsetup.eu.' with encoding ascii", "timestamp": 1726413875.4186409, "attack_type": "DNS Query"}
{"message": "Decoded DNS Query: di8sCDPv.madeupsetup.eu.", "timestamp": 1726413875.5724716, "attack_type": "DNS Query"}
{"message": "Detected DNS Query: b'di8sCDPv.madeupsetup.eu.' with encoding ascii", "timestamp": 1726413875.765415, "attack_type": "DNS Query"}
{"message": "Decoded DNS Query: di8sCDPv.madeupsetup.eu.", "timestamp": 1726413875.9150033, "attack_type": "DNS Query"}
{"message": "Intrusion Detected: Port scanning detected from 8.8.8.8", "timestamp": 1726413876.015167, "attack_type": "Port Scan"}
[INFO] Flow: ('192.168.38.104', '8.8.8.8', 65335, 53, 'UDP'), Data Transferred: 83 bytes
[INFO] Flow: ('8.8.8.8', '192.168.38.104', 53, 65335, 'UDP'), Data Transferred: 162 bytes
[INFO] Flow: ('192.168.38.104', '8.8.8.8', 65336, 53, 'UDP'), Data Transferred: 121 bytes
[INFO] Flow: ('18.217.1.57', '192.168.38.104', 80, 63639, 'TCP'), Data Transferred: 179 bytes
[INFO] Flow: ('8.8.8.8', '192.168.38.104', 53, 65336, 'UDP'), Data Transferred: 209 bytes
[INFO] Flow: ('192.168.38.104', '8.8.8.8', 65337, 53, 'UDP'), Data Transferred: 99 bytes
[INFO] Flow: ('8.8.8.8', '192.168.38.104', 53, 65337, 'UDP'), Data Transferred: 174 bytes
[INFO] Flow: ('192.168.38.104', '8.8.8.8', 65338, 53, 'UDP'), Data Transferred: 83 bytes
[INFO] Flow: ('8.8.8.8', '192.168.38.104', 53, 65338, 'UDP'), Data Transferred: 162 bytes
[INFO] Flow: ('192.168.38.104', '8.8.8.8', 65339, 53, 'UDP'), Data Transferred: 121 bytes
{"message": "Detected DNS Query: b'di8sCDPv.madeupsetup.eu.us-west-1.ec2-utilities.amazonaws.com.' with encoding ascii", "timestamp": 1726413876.1915975, "attack_type": "DNS Query"}
{"message": "Decoded DNS Query: di8sCDPv.madeupsetup.eu.us-west-1.ec2-utilities.amazonaws.com.", "timestamp": 1726413876.339724, "attack_type": "DNS Query"}
{"message": "Intrusion Detected: Possible DNS exfiltration in query di8sCDPv.madeupsetup.eu.us-west-1.ec2-utilities.amazonaws.com.", "timestamp": 1726413876.5235944, "attack_type": "DNS Exfiltration"}
{"message": "Detected DNS Query: b'di8sCDPv.madeupsetup.eu.us-west-1.ec2-utilities.amazonaws.com.' with encoding ascii", "timestamp": 1726413876.6807923, "attack_type": "DNS Query"}
{"message": "Decoded DNS Query: di8sCDPv.madeupsetup.eu.us-west-1.ec2-utilities.amazonaws.com.", "timestamp": 1726413876.8560712, "attack_type": "DNS Query"}
{"message": "Intrusion Detected: Possible DNS exfiltration in query di8sCDPv.madeupsetup.eu.us-west-1.ec2-utilities.amazonaws.com.", "timestamp": 1726413877.024188, "attack_type": "DNS Exfiltration"}
{"message": "Intrusion Detected: Port scanning detected from 8.8.8.8", "timestamp": 1726413877.3064876, "attack_type": "Port Scan"}
{"message": "Detected DNS Query: b'di8sCDPv.madeupsetup.eu.windomain.local.' with encoding ascii", "timestamp": 1726413877.4985306, "attack_type": "DNS Query"}
{"message": "Decoded DNS Query: di8sCDPv.madeupsetup.eu.windomain.local.", "timestamp": 1726413877.6645494, "attack_type": "DNS Query"}
{"message": "Detected DNS Query: b'di8sCDPv.madeupsetup.eu.windomain.local.' with encoding ascii", "timestamp": 1726413877.8324788, "attack_type": "DNS Query"}
{"message": "Decoded DNS Query: di8sCDPv.madeupsetup.eu.windomain.local.", "timestamp": 1726413878.01495, "attack_type": "DNS Query"}
{"message": "Intrusion Detected: Port scanning detected from 8.8.8.8", "timestamp": 1726413878.1306858, "attack_type": "Port Scan"}
{"message": "Detected DNS Query: b'b38U91ep.madeupsetup.eu.' with encoding ascii", "timestamp": 1726413878.2911496, "attack_type": "DNS Query"}
{"message": "Decoded DNS Query: b38U91ep.madeupsetup.eu.", "timestamp": 1726413878.4643667, "attack_type": "DNS Query"}
{"message": "Detected DNS Query: b'b38U91ep.madeupsetup.eu.' with encoding ascii", "timestamp": 1726413878.6394029, "attack_type": "DNS Query"}
{"message": "Decoded DNS Query: b38U91ep.madeupsetup.eu.", "timestamp": 1726413878.7895246, "attack_type": "DNS Query"}
{"message": "Intrusion Detected: Port scanning detected from 8.8.8.8", "timestamp": 1726413878.9315982, "attack_type": "Port Scan"}
{"message": "Detected DNS Query: b'b38U91ep.madeupsetup.eu.us-west-1.ec2-utilities.amazonaws.com.' with encoding ascii", "timestamp": 1726413879.0321722, "attack_type": "DNS Query"}
{"message": "Decoded DNS Query: b38U91ep.madeupsetup.eu.us-west-1.ec2-utilities.amazonaws.com.", "timestamp": 1726413879.2166932, "attack_type": "DNS Query"}
{"message": "Intrusion Detected: Possible DNS exfiltration in query b38U91ep.madeupsetup.eu.us-west-1.ec2-utilities.amazonaws.com.", "timestamp": 1726413879.3981419, "attack_type": "DNS Exfiltration"}
{"message": "Detected DNS Query: b'b38U91ep.madeupsetup.eu.us-west-1.ec2-utilities.amazonaws.com.' with encoding ascii", "timestamp": 1726413879.5822403, "attack_type": "DNS Query"}
{"message": "Decoded DNS Query: b38U91ep.madeupsetup.eu.us-west-1.ec2-utilities.amazonaws.com.", "timestamp": 1726413879.75595, "attack_type": "DNS Query"}
{"message": "Intrusion Detected: Possible DNS exfiltration in query b38U91ep.madeupsetup.eu.us-west-1.ec2-utilities.amazonaws.com.", "timestamp": 1726413879.9153392, "attack_type": "DNS Exfiltration"}
{"message": "Intrusion Detected: Port scanning detected from 8.8.8.8", "timestamp": 1726413880.0809565, "attack_type": "Port Scan"}
{"message": "Detected DNS Query: b'b38U91ep.madeupsetup.eu.windomain.local.' with encoding ascii", "timestamp": 1726413880.2901144, "attack_type": "DNS Query"}
{"message": "Decoded DNS Query: b38U91ep.madeupsetup.eu.windomain.local.", "timestamp": 1726413880.4810653, "attack_type": "DNS Query"}
{"message": "Detected DNS Query: b'b38U91ep.madeupsetup.eu.windomain.local.' with encoding ascii", "timestamp": 1726413880.657918, "attack_type": "DNS Query"}
{"message": "Decoded DNS Query: b38U91ep.madeupsetup.eu.windomain.local.", "timestamp": 1726413880.8651676, "attack_type": "DNS Query"}
{"message": "Intrusion Detected: Port scanning detected from 8.8.8.8", "timestamp": 1726413881.0252426, "attack_type": "Port Scan"}
[INFO] Flow: ('8.8.8.8', '192.168.38.104', 53, 65339, 'UDP'), Data Transferred: 209 bytes
[INFO] Flow: ('192.168.38.104', '8.8.8.8', 65340, 53, 'UDP'), Data Transferred: 99 bytes
[INFO] Flow: ('8.8.8.8', '192.168.38.104', 53, 65340, 'UDP'), Data Transferred: 174 bytes
[INFO] Flow: ('192.168.38.104', '8.8.8.8', 65341, 53, 'UDP'), Data Transferred: 83 bytes
[INFO] Flow: ('8.8.8.8', '192.168.38.104', 53, 65341, 'UDP'), Data Transferred: 162 bytes
[INFO] Flow: ('192.168.38.104', '8.8.8.8', 65342, 53, 'UDP'), Data Transferred: 121 bytes
[INFO] Flow: ('8.8.8.8', '192.168.38.104', 53, 65342, 'UDP'), Data Transferred: 209 bytes
[INFO] Flow: ('192.168.38.104', '8.8.8.8', 65343, 53, 'UDP'), Data Transferred: 99 bytes
[INFO] Flow: ('8.8.8.8', '192.168.38.104', 53, 65343, 'UDP'), Data Transferred: 174 bytes
[INFO] Flow: ('192.168.38.104', '8.8.8.8', 65344, 53, 'UDP'), Data Transferred: 83 bytes
{"message": "Detected DNS Query: b'2DA0w7Jt.madeupsetup.eu.' with encoding ascii", "timestamp": 1726413881.2349677, "attack_type": "DNS Query"}
{"message": "Decoded DNS Query: 2DA0w7Jt.madeupsetup.eu.", "timestamp": 1726413881.398581, "attack_type": "DNS Query"}
{"message": "Detected DNS Query: b'2DA0w7Jt.madeupsetup.eu.' with encoding ascii", "timestamp": 1726413881.5611873, "attack_type": "DNS Query"}
{"message": "Decoded DNS Query: 2DA0w7Jt.madeupsetup.eu.", "timestamp": 1726413881.6597102, "attack_type": "DNS Query"}
{"message": "Intrusion Detected: Port scanning detected from 8.8.8.8", "timestamp": 1726413881.8106358, "attack_type": "Port Scan"}
{"message": "Detected DNS Query: b'2DA0w7Jt.madeupsetup.eu.us-west-1.ec2-utilities.amazonaws.com.' with encoding ascii", "timestamp": 1726413881.9772253, "attack_type": "DNS Query"}
{"message": "Decoded DNS Query: 2DA0w7Jt.madeupsetup.eu.us-west-1.ec2-utilities.amazonaws.com.", "timestamp": 1726413882.118197, "attack_type": "DNS Query"}
{"message": "Intrusion Detected: Possible DNS exfiltration in query 2DA0w7Jt.madeupsetup.eu.us-west-1.ec2-utilities.amazonaws.com.", "timestamp": 1726413882.2524502, "attack_type": "DNS Exfiltration"}
{"message": "Detected DNS Query: b'2DA0w7Jt.madeupsetup.eu.us-west-1.ec2-utilities.amazonaws.com.' with encoding ascii", "timestamp": 1726413882.4024081, "attack_type": "DNS Query"}
{"message": "Decoded DNS Query: 2DA0w7Jt.madeupsetup.eu.us-west-1.ec2-utilities.amazonaws.com.", "timestamp": 1726413882.575522, "attack_type": "DNS Query"}
{"message": "Intrusion Detected: Possible DNS exfiltration in query 2DA0w7Jt.madeupsetup.eu.us-west-1.ec2-utilities.amazonaws.com.", "timestamp": 1726413882.6506407, "attack_type": "DNS Exfiltration"}
{"message": "Intrusion Detected: Port scanning detected from 8.8.8.8", "timestamp": 1726413882.8098245, "attack_type": "Port Scan"}
{"message": "Detected DNS Query: b'2DA0w7Jt.madeupsetup.eu.windomain.local.' with encoding ascii", "timestamp": 1726413882.9691873, "attack_type": "DNS Query"}
{"message": "Decoded DNS Query: 2DA0w7Jt.madeupsetup.eu.windomain.local.", "timestamp": 1726413883.118016, "attack_type": "DNS Query"}
{"message": "Detected DNS Query: b'2DA0w7Jt.madeupsetup.eu.windomain.local.' with encoding ascii", "timestamp": 1726413883.2182314, "attack_type": "DNS Query"}
{"message": "Decoded DNS Query: 2DA0w7Jt.madeupsetup.eu.windomain.local.", "timestamp": 1726413883.3674946, "attack_type": "DNS Query"}
{"message": "Intrusion Detected: Port scanning detected from 8.8.8.8", "timestamp": 1726413883.526838, "attack_type": "Port Scan"}
{"message": "Detected DNS Query: b'FZYl6dCA.madeupsetup.eu.' with encoding ascii", "timestamp": 1726413883.660241, "attack_type": "DNS Query"}
{"message": "Decoded DNS Query: FZYl6dCA.madeupsetup.eu.", "timestamp": 1726413883.7847936, "attack_type": "DNS Query"}
{"message": "Detected DNS Query: b'FZYl6dCA.madeupsetup.eu.' with encoding ascii", "timestamp": 1726413883.8776212, "attack_type": "DNS Query"}
{"message": "Decoded DNS Query: FZYl6dCA.madeupsetup.eu.", "timestamp": 1726413884.0429769, "attack_type": "DNS Query"}
{"message": "Intrusion Detected: Port scanning detected from 8.8.8.8", "timestamp": 1726413884.2184203, "attack_type": "Port Scan"}
{"message": "Detected DNS Query: b'FZYl6dCA.madeupsetup.eu.us-west-1.ec2-utilities.amazonaws.com.' with encoding ascii", "timestamp": 1726413884.3614545, "attack_type": "DNS Query"}
{"message": "Decoded DNS Query: FZYl6dCA.madeupsetup.eu.us-west-1.ec2-utilities.amazonaws.com.", "timestamp": 1726413884.509335, "attack_type": "DNS Query"}
{"message": "Intrusion Detected: Possible DNS exfiltration in query FZYl6dCA.madeupsetup.eu.us-west-1.ec2-utilities.amazonaws.com.", "timestamp": 1726413884.6022015, "attack_type": "DNS Exfiltration"}
{"message": "Detected DNS Query: b'FZYl6dCA.madeupsetup.eu.us-west-1.ec2-utilities.amazonaws.com.' with encoding ascii", "timestamp": 1726413884.7356176, "attack_type": "DNS Query"}
{"message": "Decoded DNS Query: FZYl6dCA.madeupsetup.eu.us-west-1.ec2-utilities.amazonaws.com.", "timestamp": 1726413884.8758128, "attack_type": "DNS Query"}
{"message": "Intrusion Detected: Possible DNS exfiltration in query FZYl6dCA.madeupsetup.eu.us-west-1.ec2-utilities.amazonaws.com.", "timestamp": 1726413885.009234, "attack_type": "DNS Exfiltration"}
{"message": "Intrusion Detected: Port scanning detected from 8.8.8.8", "timestamp": 1726413885.1014462, "attack_type": "Port Scan"}
[INFO] Flow: ('8.8.8.8', '192.168.38.104', 53, 65344, 'UDP'), Data Transferred: 162 bytes
[INFO] Flow: ('192.168.38.104', '8.8.8.8', 65345, 53, 'UDP'), Data Transferred: 121 bytes
[INFO] Flow: ('8.8.8.8', '192.168.38.104', 53, 65345, 'UDP'), Data Transferred: 221 bytes
[INFO] Flow: ('192.168.38.104', '8.8.8.8', 65346, 53, 'UDP'), Data Transferred: 99 bytes
[INFO] Flow: ('8.8.8.8', '192.168.38.104', 53, 65346, 'UDP'), Data Transferred: 174 bytes
[INFO] Flow: ('192.168.38.104', '8.8.8.8', 65347, 53, 'UDP'), Data Transferred: 83 bytes
[INFO] Flow: ('8.8.8.8', '192.168.38.104', 53, 65347, 'UDP'), Data Transferred: 162 bytes
[INFO] Flow: ('192.168.38.104', '8.8.8.8', 65348, 53, 'UDP'), Data Transferred: 121 bytes
[INFO] Flow: ('8.8.8.8', '192.168.38.104', 53, 65348, 'UDP'), Data Transferred: 209 bytes
[INFO] Flow: ('192.168.38.104', '8.8.8.8', 65349, 53, 'UDP'), Data Transferred: 99 bytes
{"message": "Detected DNS Query: b'FZYl6dCA.madeupsetup.eu.windomain.local.' with encoding ascii", "timestamp": 1726413885.2511966, "attack_type": "DNS Query"}
{"message": "Decoded DNS Query: FZYl6dCA.madeupsetup.eu.windomain.local.", "timestamp": 1726413885.4019766, "attack_type": "DNS Query"}
{"message": "Detected DNS Query: b'FZYl6dCA.madeupsetup.eu.windomain.local.' with encoding ascii", "timestamp": 1726413885.546536, "attack_type": "DNS Query"}
{"message": "Decoded DNS Query: FZYl6dCA.madeupsetup.eu.windomain.local.", "timestamp": 1726413885.6255453, "attack_type": "DNS Query"}
{"message": "Intrusion Detected: Port scanning detected from 8.8.8.8", "timestamp": 1726413885.8006542, "attack_type": "Port Scan"}
{"message": "Detected DNS Query: b'BoORWyDu.madeupsetup.eu.' with encoding ascii", "timestamp": 1726413885.9767046, "attack_type": "DNS Query"}
{"message": "Decoded DNS Query: BoORWyDu.madeupsetup.eu.", "timestamp": 1726413886.185629, "attack_type": "DNS Query"}
{"message": "Detected DNS Query: b'BoORWyDu.madeupsetup.eu.' with encoding ascii", "timestamp": 1726413886.343268, "attack_type": "DNS Query"}
{"message": "Decoded DNS Query: BoORWyDu.madeupsetup.eu.", "timestamp": 1726413886.4997318, "attack_type": "DNS Query"}
{"message": "Intrusion Detected: Port scanning detected from 8.8.8.8", "timestamp": 1726413886.6674118, "attack_type": "Port Scan"}
{"message": "Detected DNS Query: b'BoORWyDu.madeupsetup.eu.us-west-1.ec2-utilities.amazonaws.com.' with encoding ascii", "timestamp": 1726413886.828065, "attack_type": "DNS Query"}
{"message": "Decoded DNS Query: BoORWyDu.madeupsetup.eu.us-west-1.ec2-utilities.amazonaws.com.", "timestamp": 1726413886.9674983, "attack_type": "DNS Query"}
{"message": "Intrusion Detected: Possible DNS exfiltration in query BoORWyDu.madeupsetup.eu.us-west-1.ec2-utilities.amazonaws.com.", "timestamp": 1726413887.1263542, "attack_type": "DNS Exfiltration"}
{"message": "Detected DNS Query: b'BoORWyDu.madeupsetup.eu.us-west-1.ec2-utilities.amazonaws.com.' with encoding ascii", "timestamp": 1726413887.2309551, "attack_type": "DNS Query"}
{"message": "Decoded DNS Query: BoORWyDu.madeupsetup.eu.us-west-1.ec2-utilities.amazonaws.com.", "timestamp": 1726413887.3976145, "attack_type": "DNS Query"}
{"message": "Intrusion Detected: Possible DNS exfiltration in query BoORWyDu.madeupsetup.eu.us-west-1.ec2-utilities.amazonaws.com.", "timestamp": 1726413887.5556026, "attack_type": "DNS Exfiltration"}
{"message": "Intrusion Detected: Port scanning detected from 8.8.8.8", "timestamp": 1726413887.7559128, "attack_type": "Port Scan"}
{"message": "Detected DNS Query: b'BoORWyDu.madeupsetup.eu.windomain.local.' with encoding ascii", "timestamp": 1726413887.960386, "attack_type": "DNS Query"}
{"message": "Decoded DNS Query: BoORWyDu.madeupsetup.eu.windomain.local.", "timestamp": 1726413888.1134274, "attack_type": "DNS Query"}
{"message": "Detected DNS Query: b'BoORWyDu.madeupsetup.eu.windomain.local.' with encoding ascii", "timestamp": 1726413888.2737958, "attack_type": "DNS Query"}
{"message": "Decoded DNS Query: BoORWyDu.madeupsetup.eu.windomain.local.", "timestamp": 1726413888.447493, "attack_type": "DNS Query"}
{"message": "Intrusion Detected: Port scanning detected from 8.8.8.8", "timestamp": 1726413888.5479975, "attack_type": "Port Scan"}
{"message": "Detected DNS Query: b'MVsbj1/d.madeupsetup.eu.' with encoding ascii", "timestamp": 1726413888.7146044, "attack_type": "DNS Query"}
{"message": "Decoded DNS Query: MVsbj1/d.madeupsetup.eu.", "timestamp": 1726413888.9142046, "attack_type": "DNS Query"}
{"message": "Detected DNS Query: b'MVsbj1/d.madeupsetup.eu.' with encoding ascii", "timestamp": 1726413889.0640953, "attack_type": "DNS Query"}
{"message": "Decoded DNS Query: MVsbj1/d.madeupsetup.eu.", "timestamp": 1726413889.2132366, "attack_type": "DNS Query"}
{"message": "Intrusion Detected: Port scanning detected from 8.8.8.8", "timestamp": 1726413889.4056122, "attack_type": "Port Scan"}
[INFO] Flow: ('8.8.8.8', '192.168.38.104', 53, 65349, 'UDP'), Data Transferred: 174 bytes
[INFO] Flow: ('192.168.38.104', '8.8.8.8', 65350, 53, 'UDP'), Data Transferred: 83 bytes
[INFO] Flow: ('8.8.8.8', '192.168.38.104', 53, 65350, 'UDP'), Data Transferred: 162 bytes
[INFO] Flow: ('192.168.38.104', '8.8.8.8', 65351, 53, 'UDP'), Data Transferred: 121 bytes
[INFO] Flow: ('8.8.8.8', '192.168.38.104', 53, 65351, 'UDP'), Data Transferred: 221 bytes
[INFO] Flow: ('192.168.38.104', '8.8.8.8', 65352, 53, 'UDP'), Data Transferred: 99 bytes
[INFO] Flow: ('8.8.8.8', '192.168.38.104', 53, 65352, 'UDP'), Data Transferred: 174 bytes
[INFO] Flow: ('192.168.38.104', '8.8.8.8', 65353, 53, 'UDP'), Data Transferred: 83 bytes
[INFO] Flow: ('8.8.8.8', '192.168.38.104', 53, 65353, 'UDP'), Data Transferred: 162 bytes
[INFO] Flow: ('192.168.38.104', '8.8.8.8', 65354, 53, 'UDP'), Data Transferred: 121 bytes
{"message": "Detected DNS Query: b'MVsbj1/d.madeupsetup.eu.us-west-1.ec2-utilities.amazonaws.com.' with encoding ascii", "timestamp": 1726413889.5142848, "attack_type": "DNS Query"}
{"message": "Decoded DNS Query: MVsbj1/d.madeupsetup.eu.us-west-1.ec2-utilities.amazonaws.com.", "timestamp": 1726413889.6640484, "attack_type": "DNS Query"}
{"message": "Intrusion Detected: Possible DNS exfiltration in query MVsbj1/d.madeupsetup.eu.us-west-1.ec2-utilities.amazonaws.com.", "timestamp": 1726413889.847404, "attack_type": "DNS Exfiltration"}
{"message": "Detected DNS Query: b'MVsbj1/d.madeupsetup.eu.us-west-1.ec2-utilities.amazonaws.com.' with encoding ascii", "timestamp": 1726413889.9887831, "attack_type": "DNS Query"}
{"message": "Decoded DNS Query: MVsbj1/d.madeupsetup.eu.us-west-1.ec2-utilities.amazonaws.com.", "timestamp": 1726413890.1056147, "attack_type": "DNS Query"}
{"message": "Intrusion Detected: Possible DNS exfiltration in query MVsbj1/d.madeupsetup.eu.us-west-1.ec2-utilities.amazonaws.com.", "timestamp": 1726413890.240466, "attack_type": "DNS Exfiltration"}
{"message": "Intrusion Detected: Port scanning detected from 8.8.8.8", "timestamp": 1726413890.3972087, "attack_type": "Port Scan"}
{"message": "Detected DNS Query: b'MVsbj1/d.madeupsetup.eu.windomain.local.' with encoding ascii", "timestamp": 1726413890.7781165, "attack_type": "DNS Query"}
{"message": "Decoded DNS Query: MVsbj1/d.madeupsetup.eu.windomain.local.", "timestamp": 1726413890.9636006, "attack_type": "DNS Query"}
{"message": "Detected DNS Query: b'MVsbj1/d.madeupsetup.eu.windomain.local.' with encoding ascii", "timestamp": 1726413891.1275146, "attack_type": "DNS Query"}
{"message": "Decoded DNS Query: MVsbj1/d.madeupsetup.eu.windomain.local.", "timestamp": 1726413891.2928083, "attack_type": "DNS Query"}
{"message": "Intrusion Detected: Port scanning detected from 8.8.8.8", "timestamp": 1726413891.4052742, "attack_type": "Port Scan"}
{"message": "Detected DNS Query: b'UWrgyXWr.madeupsetup.eu.' with encoding ascii", "timestamp": 1726413891.5897982, "attack_type": "DNS Query"}
{"message": "Decoded DNS Query: UWrgyXWr.madeupsetup.eu.", "timestamp": 1726413891.7465446, "attack_type": "DNS Query"}
{"message": "Detected DNS Query: b'UWrgyXWr.madeupsetup.eu.' with encoding ascii", "timestamp": 1726413891.9937518, "attack_type": "DNS Query"}
{"message": "Decoded DNS Query: UWrgyXWr.madeupsetup.eu.", "timestamp": 1726413892.1507003, "attack_type": "DNS Query"}
{"message": "Intrusion Detected: Port scanning detected from 8.8.8.8", "timestamp": 1726413892.2633939, "attack_type": "Port Scan"}
{"message": "Detected DNS Query: b'UWrgyXWr.madeupsetup.eu.us-west-1.ec2-utilities.amazonaws.com.' with encoding ascii", "timestamp": 1726413892.4134746, "attack_type": "DNS Query"}
{"message": "Decoded DNS Query: UWrgyXWr.madeupsetup.eu.us-west-1.ec2-utilities.amazonaws.com.", "timestamp": 1726413892.5713193, "attack_type": "DNS Query"}
{"message": "Intrusion Detected: Possible DNS exfiltration in query UWrgyXWr.madeupsetup.eu.us-west-1.ec2-utilities.amazonaws.com.", "timestamp": 1726413892.7215176, "attack_type": "DNS Exfiltration"}
{"message": "Detected DNS Query: b'UWrgyXWr.madeupsetup.eu.us-west-1.ec2-utilities.amazonaws.com.' with encoding ascii", "timestamp": 1726413892.8304625, "attack_type": "DNS Query"}
{"message": "Decoded DNS Query: UWrgyXWr.madeupsetup.eu.us-west-1.ec2-utilities.amazonaws.com.", "timestamp": 1726413892.9886773, "attack_type": "DNS Query"}
{"message": "Intrusion Detected: Possible DNS exfiltration in query UWrgyXWr.madeupsetup.eu.us-west-1.ec2-utilities.amazonaws.com.", "timestamp": 1726413893.1721816, "attack_type": "DNS Exfiltration"}
{"message": "Intrusion Detected: Port scanning detected from 8.8.8.8", "timestamp": 1726413893.3399265, "attack_type": "Port Scan"}
{"message": "Detected DNS Query: b'UWrgyXWr.madeupsetup.eu.windomain.local.' with encoding ascii", "timestamp": 1726413893.6196756, "attack_type": "DNS Query"}
{"message": "Decoded DNS Query: UWrgyXWr.madeupsetup.eu.windomain.local.", "timestamp": 1726413893.7097547, "attack_type": "DNS Query"}
{"message": "Detected DNS Query: b'UWrgyXWr.madeupsetup.eu.windomain.local.' with encoding ascii", "timestamp": 1726413893.876569, "attack_type": "DNS Query"}
{"message": "Decoded DNS Query: UWrgyXWr.madeupsetup.eu.windomain.local.", "timestamp": 1726413894.0584257, "attack_type": "DNS Query"}
{"message": "Intrusion Detected: Port scanning detected from 8.8.8.8", "timestamp": 1726413894.2004595, "attack_type": "Port Scan"}
[INFO] Flow: ('8.8.8.8', '192.168.38.104', 53, 65354, 'UDP'), Data Transferred: 209 bytes
[INFO] Flow: ('192.168.38.104', '8.8.8.8', 65355, 53, 'UDP'), Data Transferred: 99 bytes
[INFO] Flow: ('8.8.8.8', '192.168.38.104', 53, 65355, 'UDP'), Data Transferred: 174 bytes
[INFO] Flow: ('192.168.38.104', '8.8.8.8', 65356, 53, 'UDP'), Data Transferred: 83 bytes
[INFO] Flow: ('8.8.8.8', '192.168.38.104', 53, 65356, 'UDP'), Data Transferred: 162 bytes
[INFO] Flow: ('192.168.38.104', '8.8.8.8', 65357, 53, 'UDP'), Data Transferred: 121 bytes
[INFO] Flow: ('8.8.8.8', '192.168.38.104', 53, 65357, 'UDP'), Data Transferred: 209 bytes
[INFO] Flow: ('192.168.38.104', '8.8.8.8', 65358, 53, 'UDP'), Data Transferred: 99 bytes
[INFO] Flow: ('8.8.8.8', '192.168.38.104', 53, 65358, 'UDP'), Data Transferred: 174 bytes
[INFO] Flow: ('192.168.38.104', '8.8.8.8', 65359, 53, 'UDP'), Data Transferred: 83 bytes
{"message": "Detected DNS Query: b'9NzCwWxd.madeupsetup.eu.' with encoding ascii", "timestamp": 1726413894.3437617, "attack_type": "DNS Query"}
{"message": "Decoded DNS Query: 9NzCwWxd.madeupsetup.eu.", "timestamp": 1726413894.4675338, "attack_type": "DNS Query"}
{"message": "Detected DNS Query: b'9NzCwWxd.madeupsetup.eu.' with encoding ascii", "timestamp": 1726413894.5512846, "attack_type": "DNS Query"}
{"message": "Decoded DNS Query: 9NzCwWxd.madeupsetup.eu.", "timestamp": 1726413894.683969, "attack_type": "DNS Query"}
{"message": "Intrusion Detected: Port scanning detected from 8.8.8.8", "timestamp": 1726413894.8505688, "attack_type": "Port Scan"}
{"message": "Detected DNS Query: b'9NzCwWxd.madeupsetup.eu.us-west-1.ec2-utilities.amazonaws.com.' with encoding ascii", "timestamp": 1726413895.0004468, "attack_type": "DNS Query"}
{"message": "Decoded DNS Query: 9NzCwWxd.madeupsetup.eu.us-west-1.ec2-utilities.amazonaws.com.", "timestamp": 1726413895.1252367, "attack_type": "DNS Query"}
{"message": "Intrusion Detected: Possible DNS exfiltration in query 9NzCwWxd.madeupsetup.eu.us-west-1.ec2-utilities.amazonaws.com.", "timestamp": 1726413895.2591145, "attack_type": "DNS Exfiltration"}
{"message": "Detected DNS Query: b'9NzCwWxd.madeupsetup.eu.us-west-1.ec2-utilities.amazonaws.com.' with encoding ascii", "timestamp": 1726413895.3474476, "attack_type": "DNS Query"}
{"message": "Decoded DNS Query: 9NzCwWxd.madeupsetup.eu.us-west-1.ec2-utilities.amazonaws.com.", "timestamp": 1726413895.492377, "attack_type": "DNS Query"}
{"message": "Intrusion Detected: Possible DNS exfiltration in query 9NzCwWxd.madeupsetup.eu.us-west-1.ec2-utilities.amazonaws.com.", "timestamp": 1726413895.6506927, "attack_type": "DNS Exfiltration"}
{"message": "Intrusion Detected: Port scanning detected from 8.8.8.8", "timestamp": 1726413895.7924347, "attack_type": "Port Scan"}
{"message": "Intrusion Detected: HTTP Covert Channel Detected in User-Agent: Mozilla/5.0 (Windows NT 10.0; Win64; x64) AppleWebKit/537.36 (KHTML, like Gecko) Chrome/84.0.4147.105 Safari/537.36", "timestamp": 1726413895.9170785, "attack_type": "HTTP Covert Channel"}
{"message": "Traffic Anomaly Detected: 192.168.38.104 shows sudden traffic spike. Current: 623, Avg: 149.9", "timestamp": 1726413896.0001464, "attack_type": "Traffic Anomaly"}
{"message": "Detected DNS Query: b'9NzCwWxd.madeupsetup.eu.windomain.local.' with encoding ascii", "timestamp": 1726413896.158887, "attack_type": "DNS Query"}
{"message": "Decoded DNS Query: 9NzCwWxd.madeupsetup.eu.windomain.local.", "timestamp": 1726413896.3002794, "attack_type": "DNS Query"}
{"message": "Detected DNS Query: b'9NzCwWxd.madeupsetup.eu.windomain.local.' with encoding ascii", "timestamp": 1726413896.4808133, "attack_type": "DNS Query"}
{"message": "Decoded DNS Query: 9NzCwWxd.madeupsetup.eu.windomain.local.", "timestamp": 1726413896.6084301, "attack_type": "DNS Query"}
{"message": "Intrusion Detected: Port scanning detected from 8.8.8.8", "timestamp": 1726413896.817661, "attack_type": "Port Scan"}
{"message": "Detected DNS Query: b'm/TqO+IW.madeupsetup.eu.' with encoding ascii", "timestamp": 1726413896.9628274, "attack_type": "DNS Query"}
{"message": "Decoded DNS Query: m/TqO+IW.madeupsetup.eu.", "timestamp": 1726413897.1165917, "attack_type": "DNS Query"}
{"message": "Detected DNS Query: b'm/TqO+IW.madeupsetup.eu.' with encoding ascii", "timestamp": 1726413897.2589033, "attack_type": "DNS Query"}
{"message": "Decoded DNS Query: m/TqO+IW.madeupsetup.eu.", "timestamp": 1726413897.3998392, "attack_type": "DNS Query"}
{"message": "Intrusion Detected: Port scanning detected from 8.8.8.8", "timestamp": 1726413897.5753016, "attack_type": "Port Scan"}
[INFO] Flow: ('8.8.8.8', '192.168.38.104', 53, 65359, 'UDP'), Data Transferred: 162 bytes
[INFO] Flow: ('192.168.38.104', '8.8.8.8', 65360, 53, 'UDP'), Data Transferred: 121 bytes
[INFO] Flow: ('192.168.38.104', '18.217.1.57', 63643, 80, 'TCP'), Data Transferred: 66 bytes
[INFO] Flow: ('8.8.8.8', '192.168.38.104', 53, 65360, 'UDP'), Data Transferred: 221 bytes
[INFO] Flow: ('192.168.38.104', '18.217.1.57', 63642, 80, 'TCP'), Data Transferred: 623 bytes
[INFO] Flow: ('192.168.38.104', '8.8.8.8', 65361, 53, 'UDP'), Data Transferred: 99 bytes
[INFO] Flow: ('8.8.8.8', '192.168.38.104', 53, 65361, 'UDP'), Data Transferred: 174 bytes
[INFO] Flow: ('192.168.38.104', '8.8.8.8', 65362, 53, 'UDP'), Data Transferred: 83 bytes
[INFO] Flow: ('8.8.8.8', '192.168.38.104', 53, 65362, 'UDP'), Data Transferred: 162 bytes
[INFO] Flow: ('192.168.38.104', '8.8.8.8', 65363, 53, 'UDP'), Data Transferred: 121 bytes
{"message": "Detected DNS Query: b'm/TqO+IW.madeupsetup.eu.us-west-1.ec2-utilities.amazonaws.com.' with encoding ascii", "timestamp": 1726413897.6506968, "attack_type": "DNS Query"}
{"message": "Decoded DNS Query: m/TqO+IW.madeupsetup.eu.us-west-1.ec2-utilities.amazonaws.com.", "timestamp": 1726413897.8163793, "attack_type": "DNS Query"}
{"message": "Intrusion Detected: Possible DNS exfiltration in query m/TqO+IW.madeupsetup.eu.us-west-1.ec2-utilities.amazonaws.com.", "timestamp": 1726413897.9415832, "attack_type": "DNS Exfiltration"}
{"message": "Detected DNS Query: b'm/TqO+IW.madeupsetup.eu.us-west-1.ec2-utilities.amazonaws.com.' with encoding ascii", "timestamp": 1726413898.0864286, "attack_type": "DNS Query"}
{"message": "Decoded DNS Query: m/TqO+IW.madeupsetup.eu.us-west-1.ec2-utilities.amazonaws.com.", "timestamp": 1726413898.1579106, "attack_type": "DNS Query"}
{"message": "Intrusion Detected: Possible DNS exfiltration in query m/TqO+IW.madeupsetup.eu.us-west-1.ec2-utilities.amazonaws.com.", "timestamp": 1726413898.3501396, "attack_type": "DNS Exfiltration"}
{"message": "Intrusion Detected: Port scanning detected from 8.8.8.8", "timestamp": 1726413898.4998147, "attack_type": "Port Scan"}
{"message": "Detected DNS Query: b'm/TqO+IW.madeupsetup.eu.windomain.local.' with encoding ascii", "timestamp": 1726413898.6680868, "attack_type": "DNS Query"}
{"message": "Decoded DNS Query: m/TqO+IW.madeupsetup.eu.windomain.local.", "timestamp": 1726413898.9334455, "attack_type": "DNS Query"}
{"message": "Detected DNS Query: b'm/TqO+IW.madeupsetup.eu.windomain.local.' with encoding ascii", "timestamp": 1726413899.0345159, "attack_type": "DNS Query"}
{"message": "Decoded DNS Query: m/TqO+IW.madeupsetup.eu.windomain.local.", "timestamp": 1726413899.1666784, "attack_type": "DNS Query"}
{"message": "Intrusion Detected: Port scanning detected from 8.8.8.8", "timestamp": 1726413899.309019, "attack_type": "Port Scan"}
{"message": "Detected DNS Query: b'o2ZJtOyF.madeupsetup.eu.' with encoding ascii", "timestamp": 1726413899.4594357, "attack_type": "DNS Query"}
{"message": "Decoded DNS Query: o2ZJtOyF.madeupsetup.eu.", "timestamp": 1726413899.5909271, "attack_type": "DNS Query"}
[INFO] Flow: ('8.8.8.8', '192.168.38.104', 53, 65363, 'UDP'), Data Transferred: 209 bytes
[INFO] Flow: ('192.168.38.104', '8.8.8.8', 65364, 53, 'UDP'), Data Transferred: 99 bytes
[INFO] Flow: ('8.8.8.8', '192.168.38.104', 53, 65364, 'UDP'), Data Transferred: 174 bytes
[INFO] Flow: ('18.217.1.57', '192.168.38.104', 80, 63642, 'TCP'), Data Transferred: 54 bytes
[INFO] Packet dropped: Invalid TCP packet characteristics
[INFO] Flow: ('192.168.38.104', '18.217.1.57', 63643, 80, 'TCP'), Data Transferred: 120 bytes
[INFO] Flow: ('192.168.38.104', '8.8.8.8', 65365, 53, 'UDP'), Data Transferred: 83 bytes
[INFO] Flow: ('18.217.1.57', '192.168.38.104', 80, 63642, 'TCP'), Data Transferred: 125 bytes
[INFO] Packet dropped: Invalid TCP packet characteristics
[INFO] Flow: ('192.168.38.104', '18.217.1.57', 63642, 80, 'TCP'), Data Transferred: 677 bytes
{"message": "Traffic Anomaly Detected: 192.168.38.104 shows sudden traffic spike. Current: 677, Avg: 209.2", "timestamp": 1726413899.676507, "attack_type": "Traffic Anomaly"}
{"message": "Detected DNS Query: b'o2ZJtOyF.madeupsetup.eu.' with encoding ascii", "timestamp": 1726413899.8092525, "attack_type": "DNS Query"}
{"message": "Decoded DNS Query: o2ZJtOyF.madeupsetup.eu.", "timestamp": 1726413899.9922006, "attack_type": "DNS Query"}
{"message": "Intrusion Detected: Port scanning detected from 8.8.8.8", "timestamp": 1726413900.1342742, "attack_type": "Port Scan"}
{"message": "Detected DNS Query: b'o2ZJtOyF.madeupsetup.eu.us-west-1.ec2-utilities.amazonaws.com.' with encoding ascii", "timestamp": 1726413900.2690802, "attack_type": "DNS Query"}
{"message": "Decoded DNS Query: o2ZJtOyF.madeupsetup.eu.us-west-1.ec2-utilities.amazonaws.com.", "timestamp": 1726413900.37563, "attack_type": "DNS Query"}
{"message": "Intrusion Detected: Possible DNS exfiltration in query o2ZJtOyF.madeupsetup.eu.us-west-1.ec2-utilities.amazonaws.com.", "timestamp": 1726413900.5333204, "attack_type": "DNS Exfiltration"}
{"message": "Detected DNS Query: b'o2ZJtOyF.madeupsetup.eu.us-west-1.ec2-utilities.amazonaws.com.' with encoding ascii", "timestamp": 1726413900.6848652, "attack_type": "DNS Query"}
{"message": "Decoded DNS Query: o2ZJtOyF.madeupsetup.eu.us-west-1.ec2-utilities.amazonaws.com.", "timestamp": 1726413900.816965, "attack_type": "DNS Query"}
{"message": "Intrusion Detected: Possible DNS exfiltration in query o2ZJtOyF.madeupsetup.eu.us-west-1.ec2-utilities.amazonaws.com.", "timestamp": 1726413900.9497068, "attack_type": "DNS Exfiltration"}
{"message": "Intrusion Detected: Port scanning detected from 8.8.8.8", "timestamp": 1726413901.1005597, "attack_type": "Port Scan"}
{"message": "Detected DNS Query: b'o2ZJtOyF.madeupsetup.eu.windomain.local.' with encoding ascii", "timestamp": 1726413901.184617, "attack_type": "DNS Query"}
{"message": "Decoded DNS Query: o2ZJtOyF.madeupsetup.eu.windomain.local.", "timestamp": 1726413901.340857, "attack_type": "DNS Query"}
{"message": "Detected DNS Query: b'o2ZJtOyF.madeupsetup.eu.windomain.local.' with encoding ascii", "timestamp": 1726413901.4922295, "attack_type": "DNS Query"}
{"message": "Decoded DNS Query: o2ZJtOyF.madeupsetup.eu.windomain.local.", "timestamp": 1726413901.6412673, "attack_type": "DNS Query"}
{"message": "Intrusion Detected: Port scanning detected from 8.8.8.8", "timestamp": 1726413901.7837157, "attack_type": "Port Scan"}
{"message": "Detected DNS Query: b'Y3liZXJz.madeupsetup.eu.' with encoding ascii", "timestamp": 1726413901.9177773, "attack_type": "DNS Query"}
{"message": "Decoded DNS Query: Y3liZXJz.madeupsetup.eu.", "timestamp": 1726413902.0503435, "attack_type": "DNS Query"}
{"message": "Detected DNS Query: b'Y3liZXJz.madeupsetup.eu.' with encoding ascii", "timestamp": 1726413902.2103114, "attack_type": "DNS Query"}
{"message": "Decoded DNS Query: Y3liZXJz.madeupsetup.eu.", "timestamp": 1726413902.358767, "attack_type": "DNS Query"}
[INFO] Packet dropped: Invalid TCP packet characteristics
[INFO] Flow: ('8.8.8.8', '192.168.38.104', 53, 65365, 'UDP'), Data Transferred: 162 bytes
[INFO] Flow: ('192.168.38.104', '8.8.8.8', 65366, 53, 'UDP'), Data Transferred: 121 bytes
[INFO] Flow: ('18.217.1.57', '192.168.38.104', 80, 63642, 'TCP'), Data Transferred: 179 bytes
[INFO] Flow: ('8.8.8.8', '192.168.38.104', 53, 65366, 'UDP'), Data Transferred: 209 bytes
[INFO] Flow: ('192.168.38.104', '8.8.8.8', 65367, 53, 'UDP'), Data Transferred: 99 bytes
[INFO] Flow: ('8.8.8.8', '192.168.38.104', 53, 65367, 'UDP'), Data Transferred: 174 bytes
[INFO] Flow: ('192.168.38.104', '18.217.1.57', 65368, 53, 'UDP'), Data Transferred: 83 bytes
[INFO] Flow: ('18.217.1.57', '192.168.38.104', 53, 65368, 'UDP'), Data Transferred: 162 bytes
[INFO] Flow: ('192.168.38.104', '18.217.1.57', 65369, 53, 'UDP'), Data Transferred: 121 bytes
{"message": "Detected DNS Query: b'Y3liZXJz.madeupsetup.eu.us-west-1.ec2-utilities.amazonaws.com.' with encoding ascii", "timestamp": 1726413902.4606006, "attack_type": "DNS Query"}
{"message": "Decoded DNS Query: Y3liZXJz.madeupsetup.eu.us-west-1.ec2-utilities.amazonaws.com.", "timestamp": 1726413902.6338, "attack_type": "DNS Query"}
{"message": "Intrusion Detected: Possible DNS exfiltration in query Y3liZXJz.madeupsetup.eu.us-west-1.ec2-utilities.amazonaws.com.", "timestamp": 1726413902.7752566, "attack_type": "DNS Exfiltration"}
{"message": "Detected DNS Query: b'Y3liZXJz.madeupsetup.eu.us-west-1.ec2-utilities.amazonaws.com.' with encoding ascii", "timestamp": 1726413902.9228246, "attack_type": "DNS Query"}
{"message": "Decoded DNS Query: Y3liZXJz.madeupsetup.eu.us-west-1.ec2-utilities.amazonaws.com.", "timestamp": 1726413903.0923538, "attack_type": "DNS Query"}
{"message": "Intrusion Detected: Possible DNS exfiltration in query Y3liZXJz.madeupsetup.eu.us-west-1.ec2-utilities.amazonaws.com.", "timestamp": 1726413903.2337687, "attack_type": "DNS Exfiltration"}
{"message": "Detected DNS Query: b'Y3liZXJz.madeupsetup.eu.windomain.local.' with encoding ascii", "timestamp": 1726413903.3254795, "attack_type": "DNS Query"}
{"message": "Decoded DNS Query: Y3liZXJz.madeupsetup.eu.windomain.local.", "timestamp": 1726413903.4660666, "attack_type": "DNS Query"}
{"message": "Detected DNS Query: b'Y3liZXJz.madeupsetup.eu.windomain.local.' with encoding ascii", "timestamp": 1726413903.6007822, "attack_type": "DNS Query"}
{"message": "Decoded DNS Query: Y3liZXJz.madeupsetup.eu.windomain.local.", "timestamp": 1726413903.724719, "attack_type": "DNS Query"}
{"message": "Detected DNS Query: b'um0kpvjf.madeupsetup.eu.' with encoding ascii", "timestamp": 1726413903.858306, "attack_type": "DNS Query"}
{"message": "Decoded DNS Query: um0kpvjf.madeupsetup.eu.", "timestamp": 1726413903.9408891, "attack_type": "DNS Query"}
{"message": "Detected DNS Query: b'um0kpvjf.madeupsetup.eu.' with encoding ascii", "timestamp": 1726413904.0811708, "attack_type": "DNS Query"}
{"message": "Decoded DNS Query: um0kpvjf.madeupsetup.eu.", "timestamp": 1726413904.2245991, "attack_type": "DNS Query"}
{"message": "Detected DNS Query: b'um0kpvjf.madeupsetup.eu.us-west-1.ec2-utilities.amazonaws.com.' with encoding ascii", "timestamp": 1726413904.3758051, "attack_type": "DNS Query"}
{"message": "Decoded DNS Query: um0kpvjf.madeupsetup.eu.us-west-1.ec2-utilities.amazonaws.com.", "timestamp": 1726413904.508565, "attack_type": "DNS Query"}
{"message": "Intrusion Detected: Possible DNS exfiltration in query um0kpvjf.madeupsetup.eu.us-west-1.ec2-utilities.amazonaws.com.", "timestamp": 1726413904.5997996, "attack_type": "DNS Exfiltration"}
{"message": "Detected DNS Query: b'um0kpvjf.madeupsetup.eu.us-west-1.ec2-utilities.amazonaws.com.' with encoding ascii", "timestamp": 1726413904.750261, "attack_type": "DNS Query"}
{"message": "Decoded DNS Query: um0kpvjf.madeupsetup.eu.us-west-1.ec2-utilities.amazonaws.com.", "timestamp": 1726413904.8915749, "attack_type": "DNS Query"}
{"message": "Intrusion Detected: Possible DNS exfiltration in query um0kpvjf.madeupsetup.eu.us-west-1.ec2-utilities.amazonaws.com.", "timestamp": 1726413905.0507402, "attack_type": "DNS Exfiltration"}
{"message": "Detected DNS Query: b'um0kpvjf.madeupsetup.eu.windomain.local.' with encoding ascii", "timestamp": 1726413905.1922514, "attack_type": "DNS Query"}
{"message": "Decoded DNS Query: um0kpvjf.madeupsetup.eu.windomain.local.", "timestamp": 1726413905.2832851, "attack_type": "DNS Query"}
{"message": "Detected DNS Query: b'um0kpvjf.madeupsetup.eu.windomain.local.' with encoding ascii", "timestamp": 1726413905.4340742, "attack_type": "DNS Query"}
{"message": "Decoded DNS Query: um0kpvjf.madeupsetup.eu.windomain.local.", "timestamp": 1726413905.5835018, "attack_type": "DNS Query"}
[INFO] Flow: ('18.217.1.57', '192.168.38.104', 53, 65369, 'UDP'), Data Transferred: 221 bytes
[INFO] Flow: ('192.168.38.104', '18.217.1.57', 65370, 53, 'UDP'), Data Transferred: 99 bytes
[INFO] Flow: ('18.217.1.57', '192.168.38.104', 53, 65370, 'UDP'), Data Transferred: 174 bytes
[INFO] Flow: ('192.168.38.104', '8.8.8.8', 65371, 53, 'UDP'), Data Transferred: 83 bytes
[INFO] Flow: ('8.8.8.8', '192.168.38.104', 53, 65371, 'UDP'), Data Transferred: 162 bytes
[INFO] Flow: ('192.168.38.104', '8.8.8.8', 65372, 53, 'UDP'), Data Transferred: 121 bytes
[INFO] Flow: ('8.8.8.8', '192.168.38.104', 53, 65372, 'UDP'), Data Transferred: 221 bytes
[INFO] Flow: ('192.168.38.104', '8.8.8.8', 65373, 53, 'UDP'), Data Transferred: 99 bytes
[INFO] Flow: ('8.8.8.8', '192.168.38.104', 53, 65373, 'UDP'), Data Transferred: 174 bytes
[INFO] Flow: ('192.168.38.104', '8.8.8.8', 65374, 53, 'UDP'), Data Transferred: 83 bytes
{"message": "Detected DNS Query: b'Sox37h19.madeupsetup.eu.' with encoding ascii", "timestamp": 1726413905.7498722, "attack_type": "DNS Query"}
{"message": "Decoded DNS Query: Sox37h19.madeupsetup.eu.", "timestamp": 1726413905.900476, "attack_type": "DNS Query"}
{"message": "Detected DNS Query: b'Sox37h19.madeupsetup.eu.' with encoding ascii", "timestamp": 1726413906.0413249, "attack_type": "DNS Query"}
{"message": "Decoded DNS Query: Sox37h19.madeupsetup.eu.", "timestamp": 1726413906.124802, "attack_type": "DNS Query"}
{"message": "Detected DNS Query: b'Sox37h19.madeupsetup.eu.us-west-1.ec2-utilities.amazonaws.com.' with encoding ascii", "timestamp": 1726413906.28426, "attack_type": "DNS Query"}
{"message": "Decoded DNS Query: Sox37h19.madeupsetup.eu.us-west-1.ec2-utilities.amazonaws.com.", "timestamp": 1726413906.4335666, "attack_type": "DNS Query"}
{"message": "Intrusion Detected: Possible DNS exfiltration in query Sox37h19.madeupsetup.eu.us-west-1.ec2-utilities.amazonaws.com.", "timestamp": 1726413906.6003408, "attack_type": "DNS Exfiltration"}
{"message": "Detected DNS Query: b'Sox37h19.madeupsetup.eu.us-west-1.ec2-utilities.amazonaws.com.' with encoding ascii", "timestamp": 1726413906.7340126, "attack_type": "DNS Query"}
{"message": "Decoded DNS Query: Sox37h19.madeupsetup.eu.us-west-1.ec2-utilities.amazonaws.com.", "timestamp": 1726413906.8162954, "attack_type": "DNS Query"}
{"message": "Intrusion Detected: Possible DNS exfiltration in query Sox37h19.madeupsetup.eu.us-west-1.ec2-utilities.amazonaws.com.", "timestamp": 1726413906.9678729, "attack_type": "DNS Exfiltration"}
{"message": "Detected DNS Query: b'Sox37h19.madeupsetup.eu.windomain.local.' with encoding ascii", "timestamp": 1726413907.1410184, "attack_type": "DNS Query"}
{"message": "Decoded DNS Query: Sox37h19.madeupsetup.eu.windomain.local.", "timestamp": 1726413907.291637, "attack_type": "DNS Query"}
{"message": "Detected DNS Query: b'Sox37h19.madeupsetup.eu.windomain.local.' with encoding ascii", "timestamp": 1726413907.4255557, "attack_type": "DNS Query"}
{"message": "Decoded DNS Query: Sox37h19.madeupsetup.eu.windomain.local.", "timestamp": 1726413907.5158975, "attack_type": "DNS Query"}
{"message": "Detected DNS Query: b'Z5hJZHyn.madeupsetup.eu.' with encoding ascii", "timestamp": 1726413907.6837585, "attack_type": "DNS Query"}
{"message": "Decoded DNS Query: Z5hJZHyn.madeupsetup.eu.", "timestamp": 1726413907.8411899, "attack_type": "DNS Query"}
{"message": "Detected DNS Query: b'Z5hJZHyn.madeupsetup.eu.' with encoding ascii", "timestamp": 1726413908.0165718, "attack_type": "DNS Query"}
{"message": "Decoded DNS Query: Z5hJZHyn.madeupsetup.eu.", "timestamp": 1726413908.1835656, "attack_type": "DNS Query"}
{"message": "Detected DNS Query: b'Z5hJZHyn.madeupsetup.eu.us-west-1.ec2-utilities.amazonaws.com.' with encoding ascii", "timestamp": 1726413908.3090258, "attack_type": "DNS Query"}
{"message": "Decoded DNS Query: Z5hJZHyn.madeupsetup.eu.us-west-1.ec2-utilities.amazonaws.com.", "timestamp": 1726413908.3579822, "attack_type": "DNS Query"}
{"message": "Intrusion Detected: Possible DNS exfiltration in query Z5hJZHyn.madeupsetup.eu.us-west-1.ec2-utilities.amazonaws.com.", "timestamp": 1726413908.4910545, "attack_type": "DNS Exfiltration"}
{"message": "Detected DNS Query: b'Z5hJZHyn.madeupsetup.eu.us-west-1.ec2-utilities.amazonaws.com.' with encoding ascii", "timestamp": 1726413908.6084187, "attack_type": "DNS Query"}
{"message": "Decoded DNS Query: Z5hJZHyn.madeupsetup.eu.us-west-1.ec2-utilities.amazonaws.com.", "timestamp": 1726413908.7828746, "attack_type": "DNS Query"}
{"message": "Intrusion Detected: Possible DNS exfiltration in query Z5hJZHyn.madeupsetup.eu.us-west-1.ec2-utilities.amazonaws.com.", "timestamp": 1726413908.9160955, "attack_type": "DNS Exfiltration"}
[INFO] Flow: ('8.8.8.8', '192.168.38.104', 53, 65374, 'UDP'), Data Transferred: 162 bytes
[INFO] Flow: ('192.168.38.104', '8.8.8.8', 65375, 53, 'UDP'), Data Transferred: 121 bytes
[INFO] Flow: ('8.8.8.8', '192.168.38.104', 53, 65375, 'UDP'), Data Transferred: 209 bytes
[INFO] Flow: ('192.168.38.104', '8.8.8.8', 65376, 53, 'UDP'), Data Transferred: 99 bytes
[INFO] Flow: ('8.8.8.8', '192.168.38.104', 53, 65376, 'UDP'), Data Transferred: 174 bytes
[INFO] Flow: ('192.168.38.104', '8.8.8.8', 65377, 53, 'UDP'), Data Transferred: 83 bytes
[INFO] Flow: ('8.8.8.8', '192.168.38.104', 53, 65377, 'UDP'), Data Transferred: 162 bytes
[INFO] Flow: ('192.168.38.104', '8.8.8.8', 65378, 53, 'UDP'), Data Transferred: 121 bytes
[INFO] Flow: ('8.8.8.8', '192.168.38.104', 53, 65378, 'UDP'), Data Transferred: 209 bytes
[INFO] Flow: ('192.168.38.104', '8.8.8.8', 65379, 53, 'UDP'), Data Transferred: 99 bytes
{"message": "Detected DNS Query: b'Z5hJZHyn.madeupsetup.eu.windomain.local.' with encoding ascii", "timestamp": 1726413909.108302, "attack_type": "DNS Query"}
{"message": "Decoded DNS Query: Z5hJZHyn.madeupsetup.eu.windomain.local.", "timestamp": 1726413909.2564635, "attack_type": "DNS Query"}
{"message": "Detected DNS Query: b'Z5hJZHyn.madeupsetup.eu.windomain.local.' with encoding ascii", "timestamp": 1726413909.4133182, "attack_type": "DNS Query"}
{"message": "Decoded DNS Query: Z5hJZHyn.madeupsetup.eu.windomain.local.", "timestamp": 1726413909.6132357, "attack_type": "DNS Query"}
{"message": "Detected DNS Query: b'nlF4PBzk.madeupsetup.eu.' with encoding ascii", "timestamp": 1726413909.8784583, "attack_type": "DNS Query"}
{"message": "Decoded DNS Query: nlF4PBzk.madeupsetup.eu.", "timestamp": 1726413910.0206943, "attack_type": "DNS Query"}
{"message": "Detected DNS Query: b'nlF4PBzk.madeupsetup.eu.' with encoding ascii", "timestamp": 1726413910.1126359, "attack_type": "DNS Query"}
{"message": "Decoded DNS Query: nlF4PBzk.madeupsetup.eu.", "timestamp": 1726413910.2713187, "attack_type": "DNS Query"}
{"message": "Detected DNS Query: b'nlF4PBzk.madeupsetup.eu.us-west-1.ec2-utilities.amazonaws.com.' with encoding ascii", "timestamp": 1726413910.4473903, "attack_type": "DNS Query"}
{"message": "Decoded DNS Query: nlF4PBzk.madeupsetup.eu.us-west-1.ec2-utilities.amazonaws.com.", "timestamp": 1726413910.6295283, "attack_type": "DNS Query"}
{"message": "Intrusion Detected: Possible DNS exfiltration in query nlF4PBzk.madeupsetup.eu.us-west-1.ec2-utilities.amazonaws.com.", "timestamp": 1726413910.8460858, "attack_type": "DNS Exfiltration"}
{"message": "Detected DNS Query: b'nlF4PBzk.madeupsetup.eu.us-west-1.ec2-utilities.amazonaws.com.' with encoding ascii", "timestamp": 1726413910.9799442, "attack_type": "DNS Query"}
{"message": "Decoded DNS Query: nlF4PBzk.madeupsetup.eu.us-west-1.ec2-utilities.amazonaws.com.", "timestamp": 1726413911.0874636, "attack_type": "DNS Query"}
{"message": "Intrusion Detected: Possible DNS exfiltration in query nlF4PBzk.madeupsetup.eu.us-west-1.ec2-utilities.amazonaws.com.", "timestamp": 1726413911.2372406, "attack_type": "DNS Exfiltration"}
{"message": "Intrusion Detected: Port scanning detected from 8.8.8.8", "timestamp": 1726413911.4124434, "attack_type": "Port Scan"}
{"message": "Detected DNS Query: b'nlF4PBzk.madeupsetup.eu.windomain.local.' with encoding ascii", "timestamp": 1726413911.5628376, "attack_type": "DNS Query"}
{"message": "Decoded DNS Query: nlF4PBzk.madeupsetup.eu.windomain.local.", "timestamp": 1726413911.6960886, "attack_type": "DNS Query"}
{"message": "Detected DNS Query: b'nlF4PBzk.madeupsetup.eu.windomain.local.' with encoding ascii", "timestamp": 1726413911.8047838, "attack_type": "DNS Query"}
{"message": "Decoded DNS Query: nlF4PBzk.madeupsetup.eu.windomain.local.", "timestamp": 1726413911.9789894, "attack_type": "DNS Query"}
{"message": "Intrusion Detected: Port scanning detected from 8.8.8.8", "timestamp": 1726413912.1291757, "attack_type": "Port Scan"}
{"message": "Detected DNS Query: b'h+CXa09t.madeupsetup.eu.' with encoding ascii", "timestamp": 1726413912.2886918, "attack_type": "DNS Query"}
{"message": "Decoded DNS Query: h+CXa09t.madeupsetup.eu.", "timestamp": 1726413912.4955347, "attack_type": "DNS Query"}
{"message": "Detected DNS Query: b'h+CXa09t.madeupsetup.eu.' with encoding ascii", "timestamp": 1726413912.6464584, "attack_type": "DNS Query"}
{"message": "Decoded DNS Query: h+CXa09t.madeupsetup.eu.", "timestamp": 1726413912.7872856, "attack_type": "DNS Query"}
{"message": "Intrusion Detected: Port scanning detected from 8.8.8.8", "timestamp": 1726413912.9044862, "attack_type": "Port Scan"}
[INFO] Flow: ('8.8.8.8', '192.168.38.104', 53, 65379, 'UDP'), Data Transferred: 174 bytes
[INFO] Flow: ('192.168.38.104', '8.8.8.8', 65380, 53, 'UDP'), Data Transferred: 83 bytes
[INFO] Flow: ('8.8.8.8', '192.168.38.104', 53, 65380, 'UDP'), Data Transferred: 162 bytes
[INFO] Flow: ('192.168.38.104', '8.8.8.8', 65381, 53, 'UDP'), Data Transferred: 121 bytes
[INFO] Flow: ('8.8.8.8', '192.168.38.104', 53, 65381, 'UDP'), Data Transferred: 221 bytes
[INFO] Flow: ('192.168.38.104', '8.8.8.8', 65382, 53, 'UDP'), Data Transferred: 99 bytes
[INFO] Flow: ('8.8.8.8', '192.168.38.104', 53, 65382, 'UDP'), Data Transferred: 174 bytes
[INFO] Flow: ('192.168.38.104', '8.8.8.8', 65383, 53, 'UDP'), Data Transferred: 83 bytes
[INFO] Flow: ('8.8.8.8', '192.168.38.104', 53, 65383, 'UDP'), Data Transferred: 162 bytes
[INFO] Flow: ('192.168.38.104', '8.8.8.8', 65384, 53, 'UDP'), Data Transferred: 121 bytes
{"message": "Detected DNS Query: b'h+CXa09t.madeupsetup.eu.us-west-1.ec2-utilities.amazonaws.com.' with encoding ascii", "timestamp": 1726413913.0878656, "attack_type": "DNS Query"}
{"message": "Decoded DNS Query: h+CXa09t.madeupsetup.eu.us-west-1.ec2-utilities.amazonaws.com.", "timestamp": 1726413913.2952576, "attack_type": "DNS Query"}
{"message": "Intrusion Detected: Possible DNS exfiltration in query h+CXa09t.madeupsetup.eu.us-west-1.ec2-utilities.amazonaws.com.", "timestamp": 1726413913.4788232, "attack_type": "DNS Exfiltration"}
{"message": "Detected DNS Query: b'h+CXa09t.madeupsetup.eu.us-west-1.ec2-utilities.amazonaws.com.' with encoding ascii", "timestamp": 1726413913.6296563, "attack_type": "DNS Query"}
{"message": "Decoded DNS Query: h+CXa09t.madeupsetup.eu.us-west-1.ec2-utilities.amazonaws.com.", "timestamp": 1726413913.812157, "attack_type": "DNS Query"}
{"message": "Intrusion Detected: Possible DNS exfiltration in query h+CXa09t.madeupsetup.eu.us-west-1.ec2-utilities.amazonaws.com.", "timestamp": 1726413914.020282, "attack_type": "DNS Exfiltration"}
{"message": "Intrusion Detected: Port scanning detected from 8.8.8.8", "timestamp": 1726413914.2044723, "attack_type": "Port Scan"}
{"message": "Detected DNS Query: b'h+CXa09t.madeupsetup.eu.windomain.local.' with encoding ascii", "timestamp": 1726413914.3878875, "attack_type": "DNS Query"}
{"message": "Decoded DNS Query: h+CXa09t.madeupsetup.eu.windomain.local.", "timestamp": 1726413914.5451298, "attack_type": "DNS Query"}
{"message": "Detected DNS Query: b'h+CXa09t.madeupsetup.eu.windomain.local.' with encoding ascii", "timestamp": 1726413914.695602, "attack_type": "DNS Query"}
{"message": "Decoded DNS Query: h+CXa09t.madeupsetup.eu.windomain.local.", "timestamp": 1726413914.8456433, "attack_type": "DNS Query"}
{"message": "Intrusion Detected: Port scanning detected from 8.8.8.8", "timestamp": 1726413915.0037847, "attack_type": "Port Scan"}
{"message": "Detected DNS Query: b'tbK/uIWB.madeupsetup.eu.' with encoding ascii", "timestamp": 1726413915.1044066, "attack_type": "DNS Query"}
{"message": "Decoded DNS Query: tbK/uIWB.madeupsetup.eu.", "timestamp": 1726413915.303847, "attack_type": "DNS Query"}
{"message": "Detected DNS Query: b'tbK/uIWB.madeupsetup.eu.' with encoding ascii", "timestamp": 1726413915.463712, "attack_type": "DNS Query"}
{"message": "Decoded DNS Query: tbK/uIWB.madeupsetup.eu.", "timestamp": 1726413915.6211617, "attack_type": "DNS Query"}
{"message": "Intrusion Detected: Port scanning detected from 8.8.8.8", "timestamp": 1726413915.7656791, "attack_type": "Port Scan"}
{"message": "Detected DNS Query: b'tbK/uIWB.madeupsetup.eu.us-west-1.ec2-utilities.amazonaws.com.' with encoding ascii", "timestamp": 1726413915.9407744, "attack_type": "DNS Query"}
{"message": "Decoded DNS Query: tbK/uIWB.madeupsetup.eu.us-west-1.ec2-utilities.amazonaws.com.", "timestamp": 1726413916.1240907, "attack_type": "DNS Query"}
{"message": "Intrusion Detected: Possible DNS exfiltration in query tbK/uIWB.madeupsetup.eu.us-west-1.ec2-utilities.amazonaws.com.", "timestamp": 1726413916.2905958, "attack_type": "DNS Exfiltration"}
{"message": "Detected DNS Query: b'tbK/uIWB.madeupsetup.eu.us-west-1.ec2-utilities.amazonaws.com.' with encoding ascii", "timestamp": 1726413916.44157, "attack_type": "DNS Query"}
{"message": "Decoded DNS Query: tbK/uIWB.madeupsetup.eu.us-west-1.ec2-utilities.amazonaws.com.", "timestamp": 1726413916.52463, "attack_type": "DNS Query"}
{"message": "Intrusion Detected: Possible DNS exfiltration in query tbK/uIWB.madeupsetup.eu.us-west-1.ec2-utilities.amazonaws.com.", "timestamp": 1726413916.6909108, "attack_type": "DNS Exfiltration"}
{"message": "Intrusion Detected: Port scanning detected from 8.8.8.8", "timestamp": 1726413916.8489578, "attack_type": "Port Scan"}
{"message": "Detected DNS Query: b'tbK/uIWB.madeupsetup.eu.windomain.local.' with encoding ascii", "timestamp": 1726413916.982577, "attack_type": "DNS Query"}
{"message": "Decoded DNS Query: tbK/uIWB.madeupsetup.eu.windomain.local.", "timestamp": 1726413917.140627, "attack_type": "DNS Query"}
{"message": "Detected DNS Query: b'tbK/uIWB.madeupsetup.eu.windomain.local.' with encoding ascii", "timestamp": 1726413917.232598, "attack_type": "DNS Query"}
{"message": "Decoded DNS Query: tbK/uIWB.madeupsetup.eu.windomain.local.", "timestamp": 1726413917.3744137, "attack_type": "DNS Query"}
{"message": "Intrusion Detected: Port scanning detected from 8.8.8.8", "timestamp": 1726413917.5070953, "attack_type": "Port Scan"}
[INFO] Flow: ('8.8.8.8', '192.168.38.104', 53, 65384, 'UDP'), Data Transferred: 221 bytes
[INFO] Flow: ('192.168.38.104', '8.8.8.8', 65385, 53, 'UDP'), Data Transferred: 99 bytes
[INFO] Flow: ('8.8.8.8', '192.168.38.104', 53, 65385, 'UDP'), Data Transferred: 174 bytes
[INFO] Flow: ('192.168.38.104', '8.8.8.8', 65386, 53, 'UDP'), Data Transferred: 83 bytes
[INFO] Flow: ('8.8.8.8', '192.168.38.104', 53, 65386, 'UDP'), Data Transferred: 162 bytes
[INFO] Flow: ('192.168.38.104', '8.8.8.8', 65387, 53, 'UDP'), Data Transferred: 121 bytes
[INFO] Flow: ('8.8.8.8', '192.168.38.104', 53, 65387, 'UDP'), Data Transferred: 221 bytes
[INFO] Flow: ('192.168.38.104', '8.8.8.8', 65388, 53, 'UDP'), Data Transferred: 99 bytes
[INFO] Flow: ('8.8.8.8', '192.168.38.104', 53, 65388, 'UDP'), Data Transferred: 174 bytes
[INFO] Flow: ('192.168.38.104', '8.8.8.8', 65389, 53, 'UDP'), Data Transferred: 83 bytes
{"message": "Detected DNS Query: b'2a3XH03l.madeupsetup.eu.' with encoding ascii", "timestamp": 1726413917.633274, "attack_type": "DNS Query"}
{"message": "Decoded DNS Query: 2a3XH03l.madeupsetup.eu.", "timestamp": 1726413917.7243738, "attack_type": "DNS Query"}
{"message": "Intrusion Detected: HTTP Covert Channel Detected in User-Agent: Mozilla/5.0 (Windows NT 10.0; Win64; x64) AppleWebKit/537.36 (KHTML, like Gecko) Chrome/84.0.4147.105 Safari/537.36", "timestamp": 1726413917.8910518, "attack_type": "HTTP Covert Channel"}
{"message": "Traffic Anomaly Detected: 192.168.38.104 shows sudden traffic spike. Current: 623, Avg: 147.7", "timestamp": 1726413918.065428, "attack_type": "Traffic Anomaly"}
{"message": "Detected DNS Query: b'2a3XH03l.madeupsetup.eu.' with encoding ascii", "timestamp": 1726413918.2153533, "attack_type": "DNS Query"}
{"message": "Decoded DNS Query: 2a3XH03l.madeupsetup.eu.", "timestamp": 1726413918.3577065, "attack_type": "DNS Query"}
{"message": "Intrusion Detected: Port scanning detected from 8.8.8.8", "timestamp": 1726413918.4823635, "attack_type": "Port Scan"}
{"message": "Detected DNS Query: b'2a3XH03l.madeupsetup.eu.us-west-1.ec2-utilities.amazonaws.com.' with encoding ascii", "timestamp": 1726413918.574602, "attack_type": "DNS Query"}
{"message": "Decoded DNS Query: 2a3XH03l.madeupsetup.eu.us-west-1.ec2-utilities.amazonaws.com.", "timestamp": 1726413918.707396, "attack_type": "DNS Query"}
{"message": "Intrusion Detected: Possible DNS exfiltration in query 2a3XH03l.madeupsetup.eu.us-west-1.ec2-utilities.amazonaws.com.", "timestamp": 1726413918.8494043, "attack_type": "DNS Exfiltration"}
{"message": "Detected DNS Query: b'2a3XH03l.madeupsetup.eu.us-west-1.ec2-utilities.amazonaws.com.' with encoding ascii", "timestamp": 1726413919.0160494, "attack_type": "DNS Query"}
{"message": "Decoded DNS Query: 2a3XH03l.madeupsetup.eu.us-west-1.ec2-utilities.amazonaws.com.", "timestamp": 1726413919.1662812, "attack_type": "DNS Query"}
{"message": "Intrusion Detected: Possible DNS exfiltration in query 2a3XH03l.madeupsetup.eu.us-west-1.ec2-utilities.amazonaws.com.", "timestamp": 1726413919.2826538, "attack_type": "DNS Exfiltration"}
{"message": "Intrusion Detected: Port scanning detected from 8.8.8.8", "timestamp": 1726413919.4503267, "attack_type": "Port Scan"}
{"message": "Detected DNS Query: b'2a3XH03l.madeupsetup.eu.windomain.local.' with encoding ascii", "timestamp": 1726413919.6325705, "attack_type": "DNS Query"}
{"message": "Decoded DNS Query: 2a3XH03l.madeupsetup.eu.windomain.local.", "timestamp": 1726413919.7984061, "attack_type": "DNS Query"}
{"message": "Detected DNS Query: b'2a3XH03l.madeupsetup.eu.windomain.local.' with encoding ascii", "timestamp": 1726413919.9328413, "attack_type": "DNS Query"}
{"message": "Decoded DNS Query: 2a3XH03l.madeupsetup.eu.windomain.local.", "timestamp": 1726413920.0824459, "attack_type": "DNS Query"}
{"message": "Intrusion Detected: Port scanning detected from 8.8.8.8", "timestamp": 1726413920.165736, "attack_type": "Port Scan"}
{"message": "Detected DNS Query: b'J0AWOs3w.madeupsetup.eu.' with encoding ascii", "timestamp": 1726413920.3245187, "attack_type": "DNS Query"}
{"message": "Decoded DNS Query: J0AWOs3w.madeupsetup.eu.", "timestamp": 1726413920.4484568, "attack_type": "DNS Query"}
[INFO] Flow: ('192.168.38.104', '18.217.1.57', 63644, 80, 'TCP'), Data Transferred: 66 bytes
[INFO] Flow: ('192.168.38.104', '18.217.1.57', 63643, 80, 'TCP'), Data Transferred: 623 bytes
[INFO] Flow: ('8.8.8.8', '192.168.38.104', 53, 65389, 'UDP'), Data Transferred: 162 bytes
[INFO] Flow: ('192.168.38.104', '8.8.8.8', 65390, 53, 'UDP'), Data Transferred: 121 bytes
[INFO] Flow: ('8.8.8.8', '192.168.38.104', 53, 65390, 'UDP'), Data Transferred: 209 bytes
[INFO] Flow: ('192.168.38.104', '8.8.8.8', 65391, 53, 'UDP'), Data Transferred: 99 bytes
[INFO] Flow: ('8.8.8.8', '192.168.38.104', 53, 65391, 'UDP'), Data Transferred: 174 bytes
[INFO] Flow: ('192.168.38.104', '8.8.8.8', 65392, 53, 'UDP'), Data Transferred: 83 bytes
[INFO] Packet dropped: Invalid TCP packet characteristics
[INFO] Flow: ('192.168.38.104', '18.217.1.57', 63644, 80, 'TCP'), Data Transferred: 120 bytes
{"message": "Traffic Anomaly Detected: 192.168.38.104 shows sudden traffic spike. Current: 677, Avg: 209.2", "timestamp": 1726413920.6262624, "attack_type": "Traffic Anomaly"}
{"message": "Detected DNS Query: b'J0AWOs3w.madeupsetup.eu.' with encoding ascii", "timestamp": 1726413920.8157206, "attack_type": "DNS Query"}
{"message": "Decoded DNS Query: J0AWOs3w.madeupsetup.eu.", "timestamp": 1726413921.0141132, "attack_type": "DNS Query"}
{"message": "Intrusion Detected: Port scanning detected from 8.8.8.8", "timestamp": 1726413921.1737943, "attack_type": "Port Scan"}
{"message": "Detected DNS Query: b'J0AWOs3w.madeupsetup.eu.us-west-1.ec2-utilities.amazonaws.com.' with encoding ascii", "timestamp": 1726413921.3332272, "attack_type": "DNS Query"}
{"message": "Decoded DNS Query: J0AWOs3w.madeupsetup.eu.us-west-1.ec2-utilities.amazonaws.com.", "timestamp": 1726413921.4904947, "attack_type": "DNS Query"}
{"message": "Intrusion Detected: Possible DNS exfiltration in query J0AWOs3w.madeupsetup.eu.us-west-1.ec2-utilities.amazonaws.com.", "timestamp": 1726413921.5824714, "attack_type": "DNS Exfiltration"}
{"message": "Detected DNS Query: b'J0AWOs3w.madeupsetup.eu.us-west-1.ec2-utilities.amazonaws.com.' with encoding ascii", "timestamp": 1726413921.7335432, "attack_type": "DNS Query"}
{"message": "Decoded DNS Query: J0AWOs3w.madeupsetup.eu.us-west-1.ec2-utilities.amazonaws.com.", "timestamp": 1726413921.8573592, "attack_type": "DNS Query"}
{"message": "Intrusion Detected: Possible DNS exfiltration in query J0AWOs3w.madeupsetup.eu.us-west-1.ec2-utilities.amazonaws.com.", "timestamp": 1726413921.990505, "attack_type": "DNS Exfiltration"}
{"message": "Intrusion Detected: Port scanning detected from 8.8.8.8", "timestamp": 1726413922.1006935, "attack_type": "Port Scan"}
{"message": "Detected DNS Query: b'J0AWOs3w.madeupsetup.eu.windomain.local.' with encoding ascii", "timestamp": 1726413922.2741904, "attack_type": "DNS Query"}
{"message": "Decoded DNS Query: J0AWOs3w.madeupsetup.eu.windomain.local.", "timestamp": 1726413922.4234161, "attack_type": "DNS Query"}
[INFO] Flow: ('18.217.1.57', '192.168.38.104', 80, 63643, 'TCP'), Data Transferred: 54 bytes
[INFO] Flow: ('18.217.1.57', '192.168.38.104', 80, 63643, 'TCP'), Data Transferred: 125 bytes
[INFO] Packet dropped: Invalid TCP packet characteristics
[INFO] Flow: ('192.168.38.104', '18.217.1.57', 63643, 80, 'TCP'), Data Transferred: 677 bytes
[INFO] Packet dropped: Invalid TCP packet characteristics
[INFO] Flow: ('8.8.8.8', '192.168.38.104', 53, 65392, 'UDP'), Data Transferred: 162 bytes
[INFO] Flow: ('192.168.38.104', '8.8.8.8', 65393, 53, 'UDP'), Data Transferred: 121 bytes
[INFO] Flow: ('8.8.8.8', '192.168.38.104', 53, 65393, 'UDP'), Data Transferred: 209 bytes
[INFO] Flow: ('192.168.38.104', '8.8.8.8', 65394, 53, 'UDP'), Data Transferred: 99 bytes
[INFO] Flow: ('18.217.1.57', '192.168.38.104', 80, 63643, 'TCP'), Data Transferred: 179 bytes
{"message": "Detected DNS Query: b'J0AWOs3w.madeupsetup.eu.windomain.local.' with encoding ascii", "timestamp": 1726413922.5492473, "attack_type": "DNS Query"}
{"message": "Decoded DNS Query: J0AWOs3w.madeupsetup.eu.windomain.local.", "timestamp": 1726413922.6733918, "attack_type": "DNS Query"}
{"message": "Intrusion Detected: Port scanning detected from 8.8.8.8", "timestamp": 1726413922.757417, "attack_type": "Port Scan"}
{"message": "Detected DNS Query: b'FIAowc1g.madeupsetup.eu.' with encoding ascii", "timestamp": 1726413922.8911302, "attack_type": "DNS Query"}
{"message": "Decoded DNS Query: FIAowc1g.madeupsetup.eu.", "timestamp": 1726413923.0403566, "attack_type": "DNS Query"}
{"message": "Detected DNS Query: b'FIAowc1g.madeupsetup.eu.' with encoding ascii", "timestamp": 1726413923.1742973, "attack_type": "DNS Query"}
{"message": "Decoded DNS Query: FIAowc1g.madeupsetup.eu.", "timestamp": 1726413923.3075786, "attack_type": "DNS Query"}
{"message": "Intrusion Detected: Port scanning detected from 8.8.8.8", "timestamp": 1726413923.3912616, "attack_type": "Port Scan"}
{"message": "Detected DNS Query: b'FIAowc1g.madeupsetup.eu.us-west-1.ec2-utilities.amazonaws.com.' with encoding ascii", "timestamp": 1726413923.5248306, "attack_type": "DNS Query"}
{"message": "Decoded DNS Query: FIAowc1g.madeupsetup.eu.us-west-1.ec2-utilities.amazonaws.com.", "timestamp": 1726413923.6576133, "attack_type": "DNS Query"}
{"message": "Intrusion Detected: Possible DNS exfiltration in query FIAowc1g.madeupsetup.eu.us-west-1.ec2-utilities.amazonaws.com.", "timestamp": 1726413923.806997, "attack_type": "DNS Exfiltration"}
{"message": "Detected DNS Query: b'FIAowc1g.madeupsetup.eu.us-west-1.ec2-utilities.amazonaws.com.' with encoding ascii", "timestamp": 1726413923.9495163, "attack_type": "DNS Query"}
{"message": "Decoded DNS Query: FIAowc1g.madeupsetup.eu.us-west-1.ec2-utilities.amazonaws.com.", "timestamp": 1726413924.0325568, "attack_type": "DNS Query"}
{"message": "Intrusion Detected: Possible DNS exfiltration in query FIAowc1g.madeupsetup.eu.us-west-1.ec2-utilities.amazonaws.com.", "timestamp": 1726413924.1736758, "attack_type": "DNS Exfiltration"}
{"message": "Intrusion Detected: Port scanning detected from 8.8.8.8", "timestamp": 1726413924.307402, "attack_type": "Port Scan"}
{"message": "Detected DNS Query: b'FIAowc1g.madeupsetup.eu.windomain.local.' with encoding ascii", "timestamp": 1726413924.4491732, "attack_type": "DNS Query"}
{"message": "Decoded DNS Query: FIAowc1g.madeupsetup.eu.windomain.local.", "timestamp": 1726413924.6074007, "attack_type": "DNS Query"}
{"message": "Detected DNS Query: b'FIAowc1g.madeupsetup.eu.windomain.local.' with encoding ascii", "timestamp": 1726413924.782471, "attack_type": "DNS Query"}
{"message": "Decoded DNS Query: FIAowc1g.madeupsetup.eu.windomain.local.", "timestamp": 1726413924.9569304, "attack_type": "DNS Query"}
{"message": "Intrusion Detected: Port scanning detected from 8.8.8.8", "timestamp": 1726413925.0985432, "attack_type": "Port Scan"}
{"message": "Detected DNS Query: b'drwIRfot.madeupsetup.eu.' with encoding ascii", "timestamp": 1726413925.5991986, "attack_type": "DNS Query"}
{"message": "Decoded DNS Query: drwIRfot.madeupsetup.eu.", "timestamp": 1726413925.6906445, "attack_type": "DNS Query"}
{"message": "Detected DNS Query: b'drwIRfot.madeupsetup.eu.' with encoding ascii", "timestamp": 1726413925.824118, "attack_type": "DNS Query"}
{"message": "Decoded DNS Query: drwIRfot.madeupsetup.eu.", "timestamp": 1726413925.9647205, "attack_type": "DNS Query"}
{"message": "Intrusion Detected: Port scanning detected from 8.8.8.8", "timestamp": 1726413926.2226305, "attack_type": "Port Scan"}
[INFO] Flow: ('8.8.8.8', '192.168.38.104', 53, 65394, 'UDP'), Data Transferred: 174 bytes
[INFO] Flow: ('192.168.38.104', '8.8.8.8', 65395, 53, 'UDP'), Data Transferred: 83 bytes
[INFO] Flow: ('8.8.8.8', '192.168.38.104', 53, 65395, 'UDP'), Data Transferred: 162 bytes
[INFO] Flow: ('192.168.38.104', '8.8.8.8', 65396, 53, 'UDP'), Data Transferred: 121 bytes
[INFO] Flow: ('8.8.8.8', '192.168.38.104', 53, 65396, 'UDP'), Data Transferred: 209 bytes
[INFO] Flow: ('192.168.38.104', '8.8.8.8', 65397, 53, 'UDP'), Data Transferred: 99 bytes
[INFO] Flow: ('8.8.8.8', '192.168.38.104', 53, 65397, 'UDP'), Data Transferred: 174 bytes
[INFO] Flow: ('192.168.38.104', '8.8.8.8', 65398, 53, 'UDP'), Data Transferred: 83 bytes
[INFO] Flow: ('8.8.8.8', '192.168.38.104', 53, 65398, 'UDP'), Data Transferred: 162 bytes
[INFO] Flow: ('192.168.38.104', '8.8.8.8', 65399, 53, 'UDP'), Data Transferred: 121 bytes
{"message": "Detected DNS Query: b'drwIRfot.madeupsetup.eu.us-west-1.ec2-utilities.amazonaws.com.' with encoding ascii", "timestamp": 1726413926.3865247, "attack_type": "DNS Query"}
{"message": "Decoded DNS Query: drwIRfot.madeupsetup.eu.us-west-1.ec2-utilities.amazonaws.com.", "timestamp": 1726413926.4563806, "attack_type": "DNS Query"}
{"message": "Intrusion Detected: Possible DNS exfiltration in query drwIRfot.madeupsetup.eu.us-west-1.ec2-utilities.amazonaws.com.", "timestamp": 1726413926.582137, "attack_type": "DNS Exfiltration"}
{"message": "Detected DNS Query: b'drwIRfot.madeupsetup.eu.us-west-1.ec2-utilities.amazonaws.com.' with encoding ascii", "timestamp": 1726413926.7704833, "attack_type": "DNS Query"}
{"message": "Decoded DNS Query: drwIRfot.madeupsetup.eu.us-west-1.ec2-utilities.amazonaws.com.", "timestamp": 1726413926.9316516, "attack_type": "DNS Query"}
{"message": "Intrusion Detected: Possible DNS exfiltration in query drwIRfot.madeupsetup.eu.us-west-1.ec2-utilities.amazonaws.com.", "timestamp": 1726413927.0648458, "attack_type": "DNS Exfiltration"}
{"message": "Intrusion Detected: Port scanning detected from 8.8.8.8", "timestamp": 1726413927.2149637, "attack_type": "Port Scan"}
{"message": "Detected DNS Query: b'drwIRfot.madeupsetup.eu.windomain.local.' with encoding ascii", "timestamp": 1726413927.3075287, "attack_type": "DNS Query"}
{"message": "Decoded DNS Query: drwIRfot.madeupsetup.eu.windomain.local.", "timestamp": 1726413927.4807687, "attack_type": "DNS Query"}
{"message": "Detected DNS Query: b'drwIRfot.madeupsetup.eu.windomain.local.' with encoding ascii", "timestamp": 1726413927.6403542, "attack_type": "DNS Query"}
{"message": "Decoded DNS Query: drwIRfot.madeupsetup.eu.windomain.local.", "timestamp": 1726413927.7809618, "attack_type": "DNS Query"}
{"message": "Intrusion Detected: Port scanning detected from 8.8.8.8", "timestamp": 1726413927.9065082, "attack_type": "Port Scan"}
{"message": "Detected DNS Query: b'ZjLL+DYc.madeupsetup.eu.' with encoding ascii", "timestamp": 1726413927.990295, "attack_type": "DNS Query"}
{"message": "Decoded DNS Query: ZjLL+DYc.madeupsetup.eu.", "timestamp": 1726413928.1406105, "attack_type": "DNS Query"}
{"message": "Detected DNS Query: b'ZjLL+DYc.madeupsetup.eu.' with encoding ascii", "timestamp": 1726413928.2907205, "attack_type": "DNS Query"}
{"message": "Decoded DNS Query: ZjLL+DYc.madeupsetup.eu.", "timestamp": 1726413928.406399, "attack_type": "DNS Query"}
{"message": "Intrusion Detected: Port scanning detected from 8.8.8.8", "timestamp": 1726413928.4985983, "attack_type": "Port Scan"}
{"message": "Detected DNS Query: b'ZjLL+DYc.madeupsetup.eu.us-west-1.ec2-utilities.amazonaws.com.' with encoding ascii", "timestamp": 1726413928.5742521, "attack_type": "DNS Query"}
{"message": "Decoded DNS Query: ZjLL+DYc.madeupsetup.eu.us-west-1.ec2-utilities.amazonaws.com.", "timestamp": 1726413928.6568887, "attack_type": "DNS Query"}
{"message": "Intrusion Detected: Possible DNS exfiltration in query ZjLL+DYc.madeupsetup.eu.us-west-1.ec2-utilities.amazonaws.com.", "timestamp": 1726413928.731082, "attack_type": "DNS Exfiltration"}
{"message": "Detected DNS Query: b'ZjLL+DYc.madeupsetup.eu.us-west-1.ec2-utilities.amazonaws.com.' with encoding ascii", "timestamp": 1726413928.815816, "attack_type": "DNS Query"}
{"message": "Decoded DNS Query: ZjLL+DYc.madeupsetup.eu.us-west-1.ec2-utilities.amazonaws.com.", "timestamp": 1726413928.9152343, "attack_type": "DNS Query"}
{"message": "Intrusion Detected: Possible DNS exfiltration in query ZjLL+DYc.madeupsetup.eu.us-west-1.ec2-utilities.amazonaws.com.", "timestamp": 1726413928.9984772, "attack_type": "DNS Exfiltration"}
{"message": "Intrusion Detected: Port scanning detected from 8.8.8.8", "timestamp": 1726413929.123273, "attack_type": "Port Scan"}
{"message": "Detected DNS Query: b'ZjLL+DYc.madeupsetup.eu.windomain.local.' with encoding ascii", "timestamp": 1726413929.2407043, "attack_type": "DNS Query"}
{"message": "Decoded DNS Query: ZjLL+DYc.madeupsetup.eu.windomain.local.", "timestamp": 1726413929.3727171, "attack_type": "DNS Query"}
{"message": "Detected DNS Query: b'ZjLL+DYc.madeupsetup.eu.windomain.local.' with encoding ascii", "timestamp": 1726413929.5324914, "attack_type": "DNS Query"}
{"message": "Decoded DNS Query: ZjLL+DYc.madeupsetup.eu.windomain.local.", "timestamp": 1726413929.7074113, "attack_type": "DNS Query"}
{"message": "Intrusion Detected: Port scanning detected from 8.8.8.8", "timestamp": 1726413929.791399, "attack_type": "Port Scan"}
[INFO] Flow: ('8.8.8.8', '192.168.38.104', 53, 65399, 'UDP'), Data Transferred: 221 bytes
[INFO] Flow: ('192.168.38.104', '8.8.8.8', 65400, 53, 'UDP'), Data Transferred: 99 bytes
[INFO] Flow: ('8.8.8.8', '192.168.38.104', 53, 65400, 'UDP'), Data Transferred: 174 bytes
[INFO] Flow: ('192.168.38.104', '8.8.8.8', 65401, 53, 'UDP'), Data Transferred: 83 bytes
[INFO] Flow: ('8.8.8.8', '192.168.38.104', 53, 65401, 'UDP'), Data Transferred: 162 bytes
[INFO] Flow: ('192.168.38.104', '8.8.8.8', 65402, 53, 'UDP'), Data Transferred: 121 bytes
[INFO] Flow: ('8.8.8.8', '192.168.38.104', 53, 65402, 'UDP'), Data Transferred: 209 bytes
[INFO] Flow: ('192.168.38.104', '8.8.8.8', 65403, 53, 'UDP'), Data Transferred: 99 bytes
[INFO] Flow: ('8.8.8.8', '192.168.38.104', 53, 65403, 'UDP'), Data Transferred: 174 bytes
[INFO] Flow: ('192.168.38.104', '8.8.8.8', 65404, 53, 'UDP'), Data Transferred: 83 bytes
{"message": "Detected DNS Query: b'kXD4OIb9.madeupsetup.eu.' with encoding ascii", "timestamp": 1726413929.882347, "attack_type": "DNS Query"}
{"message": "Decoded DNS Query: kXD4OIb9.madeupsetup.eu.", "timestamp": 1726413929.9808617, "attack_type": "DNS Query"}
{"message": "Traffic Anomaly Detected: 192.168.38.104 shows sudden traffic spike. Current: 60807, Avg: 6171.6", "timestamp": 1726413930.074327, "attack_type": "Traffic Anomaly"}
{"message": "Traffic Anomaly Detected: 192.168.38.104 shows sudden traffic spike. Current: 63786, Avg: 12538.1", "timestamp": 1726413930.1655495, "attack_type": "Traffic Anomaly"}
[INFO] Packet dropped: Invalid TCP packet characteristics
[INFO] Flow: ('192.168.38.105', '192.168.38.104', 8412, 63633, 'TCP'), Data Transferred: 1879 bytes
[INFO] Packet dropped: Invalid TCP packet characteristics
[INFO] Packet dropped: Invalid TCP packet characteristics
[INFO] Flow: ('192.168.38.104', '192.168.38.103', 63635, 5985, 'TCP'), Data Transferred: 60807 bytes
[INFO] Flow: ('192.168.38.104', '192.168.38.103', 63635, 5985, 'TCP'), Data Transferred: 63786 bytes
[INFO] Flow: ('192.168.38.103', '192.168.38.104', 5985, 63635, 'TCP'), Data Transferred: 32318 bytes
[INFO] Flow: ('192.168.38.104', '192.168.38.105', 63645, 8412, 'TCP'), Data Transferred: 66 bytes
[INFO] Packet dropped: Invalid TCP packet characteristics
[INFO] Flow: ('192.168.38.104', '192.168.38.105', 63645, 8412, 'TCP'), Data Transferred: 120 bytes
{"message": "Traffic Anomaly Detected: 192.168.38.104 shows sudden traffic spike. Current: 63840, Avg: 18910.4", "timestamp": 1726413930.2827725, "attack_type": "Traffic Anomaly"}
{"message": "Detected DNS Query: b'kXD4OIb9.madeupsetup.eu.' with encoding ascii", "timestamp": 1726413930.37423, "attack_type": "DNS Query"}
{"message": "Decoded DNS Query: kXD4OIb9.madeupsetup.eu.", "timestamp": 1726413930.4482954, "attack_type": "DNS Query"}
{"message": "Intrusion Detected: Port scanning detected from 8.8.8.8", "timestamp": 1726413930.5323267, "attack_type": "Port Scan"}
{"message": "Detected DNS Query: b'kXD4OIb9.madeupsetup.eu.us-west-1.ec2-utilities.amazonaws.com.' with encoding ascii", "timestamp": 1726413930.6658432, "attack_type": "DNS Query"}
{"message": "Decoded DNS Query: kXD4OIb9.madeupsetup.eu.us-west-1.ec2-utilities.amazonaws.com.", "timestamp": 1726413930.7475495, "attack_type": "DNS Query"}
{"message": "Intrusion Detected: Possible DNS exfiltration in query kXD4OIb9.madeupsetup.eu.us-west-1.ec2-utilities.amazonaws.com.", "timestamp": 1726413930.8314817, "attack_type": "DNS Exfiltration"}
[INFO] Flow: ('192.168.38.103', '192.168.38.104', 5985, 63635, 'TCP'), Data Transferred: 33832 bytes
[INFO] Flow: ('192.168.38.103', '192.168.38.104', 5985, 63635, 'TCP'), Data Transferred: 34385 bytes
[INFO] Flow: ('192.168.38.104', '192.168.38.103', 63635, 5985, 'TCP'), Data Transferred: 63840 bytes
[INFO] Flow: ('192.168.38.104', '192.168.38.105', 63645, 8412, 'TCP'), Data Transferred: 691 bytes
[INFO] Flow: ('8.8.8.8', '192.168.38.104', 53, 65404, 'UDP'), Data Transferred: 162 bytes
[INFO] Flow: ('192.168.38.105', '192.168.38.104', 8412, 63645, 'TCP'), Data Transferred: 54 bytes
[INFO] Flow: ('192.168.38.104', '8.8.8.8', 65405, 53, 'UDP'), Data Transferred: 121 bytes
[INFO] Flow: ('192.168.38.105', '192.168.38.104', 8412, 63645, 'TCP'), Data Transferred: 1474 bytes
[INFO] Flow: ('192.168.38.104', '192.168.38.105', 63645, 8412, 'TCP'), Data Transferred: 809 bytes
[INFO] Flow: ('8.8.8.8', '192.168.38.104', 53, 65405, 'UDP'), Data Transferred: 209 bytes
{"message": "Detected DNS Query: b'kXD4OIb9.madeupsetup.eu.us-west-1.ec2-utilities.amazonaws.com.' with encoding ascii", "timestamp": 1726413930.9247122, "attack_type": "DNS Query"}
{"message": "Decoded DNS Query: kXD4OIb9.madeupsetup.eu.us-west-1.ec2-utilities.amazonaws.com.", "timestamp": 1726413931.0213435, "attack_type": "DNS Query"}
{"message": "Intrusion Detected: Possible DNS exfiltration in query kXD4OIb9.madeupsetup.eu.us-west-1.ec2-utilities.amazonaws.com.", "timestamp": 1726413931.13201, "attack_type": "DNS Exfiltration"}
{"message": "Intrusion Detected: Port scanning detected from 8.8.8.8", "timestamp": 1726413931.223442, "attack_type": "Port Scan"}
{"message": "Detected DNS Query: b'kXD4OIb9.madeupsetup.eu.windomain.local.' with encoding ascii", "timestamp": 1726413931.3065357, "attack_type": "DNS Query"}
{"message": "Decoded DNS Query: kXD4OIb9.madeupsetup.eu.windomain.local.", "timestamp": 1726413931.464488, "attack_type": "DNS Query"}
{"message": "Detected DNS Query: b'kXD4OIb9.madeupsetup.eu.windomain.local.' with encoding ascii", "timestamp": 1726413931.5909512, "attack_type": "DNS Query"}
{"message": "Decoded DNS Query: kXD4OIb9.madeupsetup.eu.windomain.local.", "timestamp": 1726413931.6816146, "attack_type": "DNS Query"}
{"message": "Intrusion Detected: Port scanning detected from 8.8.8.8", "timestamp": 1726413931.8072019, "attack_type": "Port Scan"}
{"message": "Detected DNS Query: b'h81LA4Xw.madeupsetup.eu.' with encoding ascii", "timestamp": 1726413931.891469, "attack_type": "DNS Query"}
{"message": "Decoded DNS Query: h81LA4Xw.madeupsetup.eu.", "timestamp": 1726413932.064644, "attack_type": "DNS Query"}
{"message": "Detected DNS Query: b'h81LA4Xw.madeupsetup.eu.' with encoding ascii", "timestamp": 1726413932.199435, "attack_type": "DNS Query"}
{"message": "Decoded DNS Query: h81LA4Xw.madeupsetup.eu.", "timestamp": 1726413932.3313167, "attack_type": "DNS Query"}
{"message": "Intrusion Detected: Port scanning detected from 8.8.8.8", "timestamp": 1726413932.4145563, "attack_type": "Port Scan"}
{"message": "Detected DNS Query: b'h81LA4Xw.madeupsetup.eu.us-west-1.ec2-utilities.amazonaws.com.' with encoding ascii", "timestamp": 1726413932.5415046, "attack_type": "DNS Query"}
{"message": "Decoded DNS Query: h81LA4Xw.madeupsetup.eu.us-west-1.ec2-utilities.amazonaws.com.", "timestamp": 1726413932.6734457, "attack_type": "DNS Query"}
{"message": "Intrusion Detected: Possible DNS exfiltration in query h81LA4Xw.madeupsetup.eu.us-west-1.ec2-utilities.amazonaws.com.", "timestamp": 1726413932.7987442, "attack_type": "DNS Exfiltration"}
[INFO] Flow: ('192.168.38.104', '8.8.8.8', 65406, 53, 'UDP'), Data Transferred: 99 bytes
[INFO] Flow: ('8.8.8.8', '192.168.38.104', 53, 65406, 'UDP'), Data Transferred: 174 bytes
[INFO] Flow: ('192.168.38.104', '8.8.8.8', 65407, 53, 'UDP'), Data Transferred: 83 bytes
[INFO] Flow: ('192.168.38.105', '192.168.38.104', 8412, 63645, 'TCP'), Data Transferred: 1528 bytes
[INFO] Flow: ('192.168.38.104', '192.168.38.105', 63645, 8412, 'TCP'), Data Transferred: 1304 bytes
[INFO] Flow: ('192.168.38.105', '192.168.38.104', 8412, 63645, 'TCP'), Data Transferred: 1582 bytes
[INFO] Flow: ('192.168.38.105', '192.168.38.104', 8412, 63645, 'TCP'), Data Transferred: 1801 bytes
[INFO] Flow: ('8.8.8.8', '192.168.38.104', 53, 65407, 'UDP'), Data Transferred: 162 bytes
[INFO] Flow: ('192.168.38.104', '8.8.8.8', 65408, 53, 'UDP'), Data Transferred: 121 bytes
[INFO] Flow: ('8.8.8.8', '192.168.38.104', 53, 65408, 'UDP'), Data Transferred: 209 bytes
{"message": "Detected DNS Query: b'h81LA4Xw.madeupsetup.eu.us-west-1.ec2-utilities.amazonaws.com.' with encoding ascii", "timestamp": 1726413932.8828506, "attack_type": "DNS Query"}
{"message": "Decoded DNS Query: h81LA4Xw.madeupsetup.eu.us-west-1.ec2-utilities.amazonaws.com.", "timestamp": 1726413932.98084, "attack_type": "DNS Query"}
{"message": "Intrusion Detected: Possible DNS exfiltration in query h81LA4Xw.madeupsetup.eu.us-west-1.ec2-utilities.amazonaws.com.", "timestamp": 1726413933.0732374, "attack_type": "DNS Exfiltration"}
{"message": "Intrusion Detected: Port scanning detected from 8.8.8.8", "timestamp": 1726413933.1644926, "attack_type": "Port Scan"}
{"message": "Detected DNS Query: b'h81LA4Xw.madeupsetup.eu.windomain.local.' with encoding ascii", "timestamp": 1726413933.2484467, "attack_type": "DNS Query"}
{"message": "Decoded DNS Query: h81LA4Xw.madeupsetup.eu.windomain.local.", "timestamp": 1726413933.3235743, "attack_type": "DNS Query"}
{"message": "Detected DNS Query: b'h81LA4Xw.madeupsetup.eu.windomain.local.' with encoding ascii", "timestamp": 1726413933.4589784, "attack_type": "DNS Query"}
{"message": "Decoded DNS Query: h81LA4Xw.madeupsetup.eu.windomain.local.", "timestamp": 1726413933.5400875, "attack_type": "DNS Query"}
{"message": "Intrusion Detected: Port scanning detected from 8.8.8.8", "timestamp": 1726413933.6313734, "attack_type": "Port Scan"}
{"message": "Detected DNS Query: b'nT95IG26.madeupsetup.eu.' with encoding ascii", "timestamp": 1726413933.7737231, "attack_type": "DNS Query"}
{"message": "Decoded DNS Query: nT95IG26.madeupsetup.eu.", "timestamp": 1726413933.8474007, "attack_type": "DNS Query"}
{"message": "Detected DNS Query: b'nT95IG26.madeupsetup.eu.' with encoding ascii", "timestamp": 1726413933.9243622, "attack_type": "DNS Query"}
{"message": "Decoded DNS Query: nT95IG26.madeupsetup.eu.", "timestamp": 1726413934.1145403, "attack_type": "DNS Query"}
{"message": "Intrusion Detected: Port scanning detected from 8.8.8.8", "timestamp": 1726413934.2573664, "attack_type": "Port Scan"}
{"message": "Detected DNS Query: b'nT95IG26.madeupsetup.eu.us-west-1.ec2-utilities.amazonaws.com.' with encoding ascii", "timestamp": 1726413934.3646832, "attack_type": "DNS Query"}
{"message": "Decoded DNS Query: nT95IG26.madeupsetup.eu.us-west-1.ec2-utilities.amazonaws.com.", "timestamp": 1726413934.4484797, "attack_type": "DNS Query"}
{"message": "Intrusion Detected: Possible DNS exfiltration in query nT95IG26.madeupsetup.eu.us-west-1.ec2-utilities.amazonaws.com.", "timestamp": 1726413934.556395, "attack_type": "DNS Exfiltration"}
{"message": "Detected DNS Query: b'nT95IG26.madeupsetup.eu.us-west-1.ec2-utilities.amazonaws.com.' with encoding ascii", "timestamp": 1726413934.6485806, "attack_type": "DNS Query"}
{"message": "Decoded DNS Query: nT95IG26.madeupsetup.eu.us-west-1.ec2-utilities.amazonaws.com.", "timestamp": 1726413934.7981617, "attack_type": "DNS Query"}
{"message": "Intrusion Detected: Possible DNS exfiltration in query nT95IG26.madeupsetup.eu.us-west-1.ec2-utilities.amazonaws.com.", "timestamp": 1726413934.8909452, "attack_type": "DNS Exfiltration"}
{"message": "Intrusion Detected: Port scanning detected from 8.8.8.8", "timestamp": 1726413935.0062733, "attack_type": "Port Scan"}
{"message": "Detected DNS Query: b'nT95IG26.madeupsetup.eu.windomain.local.' with encoding ascii", "timestamp": 1726413935.15263, "attack_type": "DNS Query"}
{"message": "Decoded DNS Query: nT95IG26.madeupsetup.eu.windomain.local.", "timestamp": 1726413935.2729805, "attack_type": "DNS Query"}
{"message": "Detected DNS Query: b'nT95IG26.madeupsetup.eu.windomain.local.' with encoding ascii", "timestamp": 1726413935.3568304, "attack_type": "DNS Query"}
{"message": "Decoded DNS Query: nT95IG26.madeupsetup.eu.windomain.local.", "timestamp": 1726413935.5403557, "attack_type": "DNS Query"}
{"message": "Intrusion Detected: Port scanning detected from 8.8.8.8", "timestamp": 1726413935.690575, "attack_type": "Port Scan"}
[INFO] Flow: ('192.168.38.104', '8.8.8.8', 65409, 53, 'UDP'), Data Transferred: 99 bytes
[INFO] Flow: ('192.168.38.104', '192.168.38.105', 63645, 8412, 'TCP'), Data Transferred: 1358 bytes
[INFO] Flow: ('8.8.8.8', '192.168.38.104', 53, 65409, 'UDP'), Data Transferred: 174 bytes
[INFO] Flow: ('192.168.38.104', '8.8.8.8', 65410, 53, 'UDP'), Data Transferred: 83 bytes
[INFO] Flow: ('8.8.8.8', '192.168.38.104', 53, 65410, 'UDP'), Data Transferred: 162 bytes
[INFO] Flow: ('192.168.38.104', '8.8.8.8', 65411, 53, 'UDP'), Data Transferred: 121 bytes
[INFO] Flow: ('8.8.8.8', '192.168.38.104', 53, 65411, 'UDP'), Data Transferred: 221 bytes
[INFO] Flow: ('192.168.38.104', '8.8.8.8', 65412, 53, 'UDP'), Data Transferred: 99 bytes
[INFO] Flow: ('8.8.8.8', '192.168.38.104', 53, 65412, 'UDP'), Data Transferred: 174 bytes
[INFO] Flow: ('192.168.38.104', '8.8.8.8', 65413, 53, 'UDP'), Data Transferred: 83 bytes
{"message": "Detected DNS Query: b'BySoFVNP.madeupsetup.eu.' with encoding ascii", "timestamp": 1726413935.8565936, "attack_type": "DNS Query"}
{"message": "Decoded DNS Query: BySoFVNP.madeupsetup.eu.", "timestamp": 1726413936.0229645, "attack_type": "DNS Query"}
{"message": "Detected DNS Query: b'BySoFVNP.madeupsetup.eu.' with encoding ascii", "timestamp": 1726413936.1523836, "attack_type": "DNS Query"}
{"message": "Decoded DNS Query: BySoFVNP.madeupsetup.eu.", "timestamp": 1726413936.2896645, "attack_type": "DNS Query"}
{"message": "Intrusion Detected: Port scanning detected from 8.8.8.8", "timestamp": 1726413936.423477, "attack_type": "Port Scan"}
{"message": "Intrusion Detected: HTTP Covert Channel Detected in User-Agent: Mozilla/5.0 (Windows NT 10.0; Win64; x64) AppleWebKit/537.36 (KHTML, like Gecko) Chrome/84.0.4147.105 Safari/537.36", "timestamp": 1726413936.5069637, "attack_type": "HTTP Covert Channel"}
{"message": "Detected DNS Query: b'BySoFVNP.madeupsetup.eu.us-west-1.ec2-utilities.amazonaws.com.' with encoding ascii", "timestamp": 1726413936.6823285, "attack_type": "DNS Query"}
{"message": "Decoded DNS Query: BySoFVNP.madeupsetup.eu.us-west-1.ec2-utilities.amazonaws.com.", "timestamp": 1726413936.806875, "attack_type": "DNS Query"}
{"message": "Intrusion Detected: Possible DNS exfiltration in query BySoFVNP.madeupsetup.eu.us-west-1.ec2-utilities.amazonaws.com.", "timestamp": 1726413936.890292, "attack_type": "DNS Exfiltration"}
{"message": "Detected DNS Query: b'BySoFVNP.madeupsetup.eu.us-west-1.ec2-utilities.amazonaws.com.' with encoding ascii", "timestamp": 1726413936.974381, "attack_type": "DNS Query"}
{"message": "Decoded DNS Query: BySoFVNP.madeupsetup.eu.us-west-1.ec2-utilities.amazonaws.com.", "timestamp": 1726413937.1310794, "attack_type": "DNS Query"}
{"message": "Intrusion Detected: Possible DNS exfiltration in query BySoFVNP.madeupsetup.eu.us-west-1.ec2-utilities.amazonaws.com.", "timestamp": 1726413937.2062302, "attack_type": "DNS Exfiltration"}
{"message": "Intrusion Detected: Port scanning detected from 8.8.8.8", "timestamp": 1726413937.3563783, "attack_type": "Port Scan"}
{"message": "Detected DNS Query: b'BySoFVNP.madeupsetup.eu.windomain.local.' with encoding ascii", "timestamp": 1726413937.4894388, "attack_type": "DNS Query"}
{"message": "Decoded DNS Query: BySoFVNP.madeupsetup.eu.windomain.local.", "timestamp": 1726413937.5806546, "attack_type": "DNS Query"}
{"message": "Detected DNS Query: b'BySoFVNP.madeupsetup.eu.windomain.local.' with encoding ascii", "timestamp": 1726413937.7572844, "attack_type": "DNS Query"}
{"message": "Decoded DNS Query: BySoFVNP.madeupsetup.eu.windomain.local.", "timestamp": 1726413937.8395588, "attack_type": "DNS Query"}
{"message": "Intrusion Detected: Port scanning detected from 8.8.8.8", "timestamp": 1726413937.9644861, "attack_type": "Port Scan"}
{"message": "Detected DNS Query: b'kqOgISqa.madeupsetup.eu.' with encoding ascii", "timestamp": 1726413938.0992923, "attack_type": "DNS Query"}
{"message": "Decoded DNS Query: kqOgISqa.madeupsetup.eu.", "timestamp": 1726413938.2226589, "attack_type": "DNS Query"}
{"message": "Detected DNS Query: b'kqOgISqa.madeupsetup.eu.' with encoding ascii", "timestamp": 1726413938.3663423, "attack_type": "DNS Query"}
{"message": "Decoded DNS Query: kqOgISqa.madeupsetup.eu.", "timestamp": 1726413938.4646316, "attack_type": "DNS Query"}
{"message": "Intrusion Detected: Port scanning detected from 8.8.8.8", "timestamp": 1726413938.6312888, "attack_type": "Port Scan"}
[INFO] Flow: ('8.8.8.8', '192.168.38.104', 53, 65413, 'UDP'), Data Transferred: 162 bytes
[INFO] Flow: ('192.168.38.104', '18.217.1.57', 63646, 80, 'TCP'), Data Transferred: 66 bytes
[INFO] Flow: ('192.168.38.104', '18.217.1.57', 63644, 80, 'TCP'), Data Transferred: 623 bytes
[INFO] Flow: ('192.168.38.104', '8.8.8.8', 65414, 53, 'UDP'), Data Transferred: 121 bytes
[INFO] Flow: ('8.8.8.8', '192.168.38.104', 53, 65414, 'UDP'), Data Transferred: 209 bytes
[INFO] Flow: ('192.168.38.104', '8.8.8.8', 65415, 53, 'UDP'), Data Transferred: 99 bytes
[INFO] Flow: ('8.8.8.8', '192.168.38.104', 53, 65415, 'UDP'), Data Transferred: 174 bytes
[INFO] Flow: ('192.168.38.104', '8.8.8.8', 65416, 53, 'UDP'), Data Transferred: 83 bytes
[INFO] Flow: ('8.8.8.8', '192.168.38.104', 53, 65416, 'UDP'), Data Transferred: 162 bytes
[INFO] Flow: ('192.168.38.104', '8.8.8.8', 65417, 53, 'UDP'), Data Transferred: 121 bytes
{"message": "Detected DNS Query: b'kqOgISqa.madeupsetup.eu.us-west-1.ec2-utilities.amazonaws.com.' with encoding ascii", "timestamp": 1726413938.7578382, "attack_type": "DNS Query"}
{"message": "Decoded DNS Query: kqOgISqa.madeupsetup.eu.us-west-1.ec2-utilities.amazonaws.com.", "timestamp": 1726413938.913845, "attack_type": "DNS Query"}
{"message": "Intrusion Detected: Possible DNS exfiltration in query kqOgISqa.madeupsetup.eu.us-west-1.ec2-utilities.amazonaws.com.", "timestamp": 1726413939.0730982, "attack_type": "DNS Exfiltration"}
{"message": "Traffic Anomaly Detected: 192.168.38.104 shows sudden traffic spike. Current: 677, Avg: 209.2", "timestamp": 1726413939.1483812, "attack_type": "Traffic Anomaly"}
{"message": "Detected DNS Query: b'kqOgISqa.madeupsetup.eu.us-west-1.ec2-utilities.amazonaws.com.' with encoding ascii", "timestamp": 1726413939.2815664, "attack_type": "DNS Query"}
{"message": "Decoded DNS Query: kqOgISqa.madeupsetup.eu.us-west-1.ec2-utilities.amazonaws.com.", "timestamp": 1726413939.4311378, "attack_type": "DNS Query"}
{"message": "Intrusion Detected: Possible DNS exfiltration in query kqOgISqa.madeupsetup.eu.us-west-1.ec2-utilities.amazonaws.com.", "timestamp": 1726413939.5891094, "attack_type": "DNS Exfiltration"}
{"message": "Intrusion Detected: Port scanning detected from 8.8.8.8", "timestamp": 1726413939.7398186, "attack_type": "Port Scan"}
{"message": "Detected DNS Query: b'kqOgISqa.madeupsetup.eu.windomain.local.' with encoding ascii", "timestamp": 1726413939.9152448, "attack_type": "DNS Query"}
{"message": "Decoded DNS Query: kqOgISqa.madeupsetup.eu.windomain.local.", "timestamp": 1726413940.0737038, "attack_type": "DNS Query"}
[INFO] Packet dropped: Invalid TCP packet characteristics
[INFO] Flow: ('192.168.38.104', '18.217.1.57', 63646, 80, 'TCP'), Data Transferred: 120 bytes
[INFO] Flow: ('18.217.1.57', '192.168.38.104', 80, 63644, 'TCP'), Data Transferred: 54 bytes
[INFO] Flow: ('18.217.1.57', '192.168.38.104', 80, 63644, 'TCP'), Data Transferred: 125 bytes
[INFO] Packet dropped: Invalid TCP packet characteristics
[INFO] Flow: ('192.168.38.104', '18.217.1.57', 63644, 80, 'TCP'), Data Transferred: 677 bytes
[INFO] Packet dropped: Invalid TCP packet characteristics
[INFO] Flow: ('8.8.8.8', '192.168.38.104', 53, 65417, 'UDP'), Data Transferred: 209 bytes
[INFO] Flow: ('192.168.38.104', '8.8.8.8', 65418, 53, 'UDP'), Data Transferred: 99 bytes
[INFO] Flow: ('8.8.8.8', '192.168.38.104', 53, 65418, 'UDP'), Data Transferred: 174 bytes
{"message": "Detected DNS Query: b'kqOgISqa.madeupsetup.eu.windomain.local.' with encoding ascii", "timestamp": 1726413940.2074451, "attack_type": "DNS Query"}
{"message": "Decoded DNS Query: kqOgISqa.madeupsetup.eu.windomain.local.", "timestamp": 1726413940.364351, "attack_type": "DNS Query"}
{"message": "Intrusion Detected: Port scanning detected from 8.8.8.8", "timestamp": 1726413940.5226007, "attack_type": "Port Scan"}
{"message": "Detected DNS Query: b'YuvBSCsM.madeupsetup.eu.' with encoding ascii", "timestamp": 1726413940.6143353, "attack_type": "DNS Query"}
{"message": "Decoded DNS Query: YuvBSCsM.madeupsetup.eu.", "timestamp": 1726413940.780769, "attack_type": "DNS Query"}
{"message": "Detected DNS Query: b'YuvBSCsM.madeupsetup.eu.' with encoding ascii", "timestamp": 1726413940.9230218, "attack_type": "DNS Query"}
{"message": "Decoded DNS Query: YuvBSCsM.madeupsetup.eu.", "timestamp": 1726413941.0562959, "attack_type": "DNS Query"}
{"message": "Intrusion Detected: Port scanning detected from 8.8.8.8", "timestamp": 1726413941.2064419, "attack_type": "Port Scan"}
{"message": "Detected DNS Query: b'YuvBSCsM.madeupsetup.eu.us-west-1.ec2-utilities.amazonaws.com.' with encoding ascii", "timestamp": 1726413941.3577313, "attack_type": "DNS Query"}
{"message": "Decoded DNS Query: YuvBSCsM.madeupsetup.eu.us-west-1.ec2-utilities.amazonaws.com.", "timestamp": 1726413941.4475195, "attack_type": "DNS Query"}
{"message": "Intrusion Detected: Possible DNS exfiltration in query YuvBSCsM.madeupsetup.eu.us-west-1.ec2-utilities.amazonaws.com.", "timestamp": 1726413941.5892212, "attack_type": "DNS Exfiltration"}
{"message": "Detected DNS Query: b'YuvBSCsM.madeupsetup.eu.us-west-1.ec2-utilities.amazonaws.com.' with encoding ascii", "timestamp": 1726413941.7314253, "attack_type": "DNS Query"}
{"message": "Decoded DNS Query: YuvBSCsM.madeupsetup.eu.us-west-1.ec2-utilities.amazonaws.com.", "timestamp": 1726413941.8724227, "attack_type": "DNS Query"}
{"message": "Intrusion Detected: Possible DNS exfiltration in query YuvBSCsM.madeupsetup.eu.us-west-1.ec2-utilities.amazonaws.com.", "timestamp": 1726413942.0392292, "attack_type": "DNS Exfiltration"}
{"message": "Intrusion Detected: Port scanning detected from 8.8.8.8", "timestamp": 1726413942.180228, "attack_type": "Port Scan"}
{"message": "Detected DNS Query: b'YuvBSCsM.madeupsetup.eu.windomain.local.' with encoding ascii", "timestamp": 1726413942.323236, "attack_type": "DNS Query"}
{"message": "Decoded DNS Query: YuvBSCsM.madeupsetup.eu.windomain.local.", "timestamp": 1726413942.4143245, "attack_type": "DNS Query"}
{"message": "Detected DNS Query: b'YuvBSCsM.madeupsetup.eu.windomain.local.' with encoding ascii", "timestamp": 1726413942.7088366, "attack_type": "DNS Query"}
{"message": "Decoded DNS Query: YuvBSCsM.madeupsetup.eu.windomain.local.", "timestamp": 1726413942.7891243, "attack_type": "DNS Query"}
{"message": "Intrusion Detected: Port scanning detected from 8.8.8.8", "timestamp": 1726413942.9392536, "attack_type": "Port Scan"}
{"message": "Detected DNS Query: b'bq7AocPI.madeupsetup.eu.' with encoding ascii", "timestamp": 1726413943.0981798, "attack_type": "DNS Query"}
{"message": "Decoded DNS Query: bq7AocPI.madeupsetup.eu.", "timestamp": 1726413943.2574003, "attack_type": "DNS Query"}
{"message": "Detected DNS Query: b'bq7AocPI.madeupsetup.eu.' with encoding ascii", "timestamp": 1726413943.3485382, "attack_type": "DNS Query"}
{"message": "Decoded DNS Query: bq7AocPI.madeupsetup.eu.", "timestamp": 1726413943.4897292, "attack_type": "DNS Query"}
{"message": "Intrusion Detected: Port scanning detected from 8.8.8.8", "timestamp": 1726413943.639233, "attack_type": "Port Scan"}
[INFO] Flow: ('192.168.38.104', '8.8.8.8', 65419, 53, 'UDP'), Data Transferred: 83 bytes
[INFO] Flow: ('8.8.8.8', '192.168.38.104', 53, 65419, 'UDP'), Data Transferred: 162 bytes
[INFO] Flow: ('192.168.38.104', '8.8.8.8', 65420, 53, 'UDP'), Data Transferred: 121 bytes
[INFO] Flow: ('8.8.8.8', '192.168.38.104', 53, 65420, 'UDP'), Data Transferred: 209 bytes
[INFO] Flow: ('192.168.38.104', '8.8.8.8', 65421, 53, 'UDP'), Data Transferred: 99 bytes
[INFO] Flow: ('18.217.1.57', '192.168.38.104', 80, 63644, 'TCP'), Data Transferred: 179 bytes
[INFO] Flow: ('8.8.8.8', '192.168.38.104', 53, 65421, 'UDP'), Data Transferred: 174 bytes
[INFO] Flow: ('192.168.38.104', '8.8.8.8', 65422, 53, 'UDP'), Data Transferred: 83 bytes
[INFO] Flow: ('8.8.8.8', '192.168.38.104', 53, 65422, 'UDP'), Data Transferred: 162 bytes
[INFO] Flow: ('192.168.38.104', '8.8.8.8', 65423, 53, 'UDP'), Data Transferred: 121 bytes
{"message": "Detected DNS Query: b'bq7AocPI.madeupsetup.eu.us-west-1.ec2-utilities.amazonaws.com.' with encoding ascii", "timestamp": 1726413943.7732637, "attack_type": "DNS Query"}
{"message": "Decoded DNS Query: bq7AocPI.madeupsetup.eu.us-west-1.ec2-utilities.amazonaws.com.", "timestamp": 1726413943.9384837, "attack_type": "DNS Query"}
{"message": "Intrusion Detected: Possible DNS exfiltration in query bq7AocPI.madeupsetup.eu.us-west-1.ec2-utilities.amazonaws.com.", "timestamp": 1726413944.0394819, "attack_type": "DNS Exfiltration"}
{"message": "Detected DNS Query: b'bq7AocPI.madeupsetup.eu.us-west-1.ec2-utilities.amazonaws.com.' with encoding ascii", "timestamp": 1726413944.1897619, "attack_type": "DNS Query"}
{"message": "Decoded DNS Query: bq7AocPI.madeupsetup.eu.us-west-1.ec2-utilities.amazonaws.com.", "timestamp": 1726413944.338455, "attack_type": "DNS Query"}
{"message": "Intrusion Detected: Possible DNS exfiltration in query bq7AocPI.madeupsetup.eu.us-west-1.ec2-utilities.amazonaws.com.", "timestamp": 1726413944.4809859, "attack_type": "DNS Exfiltration"}
{"message": "Intrusion Detected: Port scanning detected from 8.8.8.8", "timestamp": 1726413944.6206818, "attack_type": "Port Scan"}
{"message": "Detected DNS Query: b'bq7AocPI.madeupsetup.eu.windomain.local.' with encoding ascii", "timestamp": 1726413944.8065283, "attack_type": "DNS Query"}
{"message": "Decoded DNS Query: bq7AocPI.madeupsetup.eu.windomain.local.", "timestamp": 1726413944.9557006, "attack_type": "DNS Query"}
{"message": "Detected DNS Query: b'bq7AocPI.madeupsetup.eu.windomain.local.' with encoding ascii", "timestamp": 1726413945.1313846, "attack_type": "DNS Query"}
{"message": "Decoded DNS Query: bq7AocPI.madeupsetup.eu.windomain.local.", "timestamp": 1726413945.314229, "attack_type": "DNS Query"}
{"message": "Intrusion Detected: Port scanning detected from 8.8.8.8", "timestamp": 1726413945.45528, "attack_type": "Port Scan"}
{"message": "Detected DNS Query: b'JSAAt3gF.madeupsetup.eu.' with encoding ascii", "timestamp": 1726413945.6065085, "attack_type": "DNS Query"}
{"message": "Decoded DNS Query: JSAAt3gF.madeupsetup.eu.", "timestamp": 1726413945.7383697, "attack_type": "DNS Query"}
{"message": "Detected DNS Query: b'JSAAt3gF.madeupsetup.eu.' with encoding ascii", "timestamp": 1726413945.8397276, "attack_type": "DNS Query"}
{"message": "Decoded DNS Query: JSAAt3gF.madeupsetup.eu.", "timestamp": 1726413946.038515, "attack_type": "DNS Query"}
{"message": "Intrusion Detected: Port scanning detected from 8.8.8.8", "timestamp": 1726413946.1976585, "attack_type": "Port Scan"}
{"message": "Detected DNS Query: b'JSAAt3gF.madeupsetup.eu.us-west-1.ec2-utilities.amazonaws.com.' with encoding ascii", "timestamp": 1726413946.3562505, "attack_type": "DNS Query"}
{"message": "Decoded DNS Query: JSAAt3gF.madeupsetup.eu.us-west-1.ec2-utilities.amazonaws.com.", "timestamp": 1726413946.4805207, "attack_type": "DNS Query"}
{"message": "Intrusion Detected: Possible DNS exfiltration in query JSAAt3gF.madeupsetup.eu.us-west-1.ec2-utilities.amazonaws.com.", "timestamp": 1726413946.6475117, "attack_type": "DNS Exfiltration"}
{"message": "Detected DNS Query: b'JSAAt3gF.madeupsetup.eu.us-west-1.ec2-utilities.amazonaws.com.' with encoding ascii", "timestamp": 1726413946.7804258, "attack_type": "DNS Query"}
{"message": "Decoded DNS Query: JSAAt3gF.madeupsetup.eu.us-west-1.ec2-utilities.amazonaws.com.", "timestamp": 1726413946.8646986, "attack_type": "DNS Query"}
{"message": "Intrusion Detected: Possible DNS exfiltration in query JSAAt3gF.madeupsetup.eu.us-west-1.ec2-utilities.amazonaws.com.", "timestamp": 1726413946.9975271, "attack_type": "DNS Exfiltration"}
{"message": "Intrusion Detected: Port scanning detected from 8.8.8.8", "timestamp": 1726413947.1137903, "attack_type": "Port Scan"}
{"message": "Detected DNS Query: b'JSAAt3gF.madeupsetup.eu.windomain.local.' with encoding ascii", "timestamp": 1726413947.2478108, "attack_type": "DNS Query"}
{"message": "Decoded DNS Query: JSAAt3gF.madeupsetup.eu.windomain.local.", "timestamp": 1726413947.3305619, "attack_type": "DNS Query"}
{"message": "Detected DNS Query: b'JSAAt3gF.madeupsetup.eu.windomain.local.' with encoding ascii", "timestamp": 1726413947.5227134, "attack_type": "DNS Query"}
{"message": "Decoded DNS Query: JSAAt3gF.madeupsetup.eu.windomain.local.", "timestamp": 1726413947.689337, "attack_type": "DNS Query"}
{"message": "Intrusion Detected: Port scanning detected from 8.8.8.8", "timestamp": 1726413947.8557422, "attack_type": "Port Scan"}
[INFO] Flow: ('8.8.8.8', '192.168.38.104', 53, 65423, 'UDP'), Data Transferred: 209 bytes
[INFO] Flow: ('192.168.38.104', '8.8.8.8', 65424, 53, 'UDP'), Data Transferred: 99 bytes
[INFO] Flow: ('8.8.8.8', '192.168.38.104', 53, 65424, 'UDP'), Data Transferred: 174 bytes
[INFO] Flow: ('192.168.38.104', '8.8.8.8', 65425, 53, 'UDP'), Data Transferred: 83 bytes
[INFO] Flow: ('8.8.8.8', '192.168.38.104', 53, 65425, 'UDP'), Data Transferred: 162 bytes
[INFO] Flow: ('192.168.38.104', '8.8.8.8', 65426, 53, 'UDP'), Data Transferred: 121 bytes
[INFO] Flow: ('8.8.8.8', '192.168.38.104', 53, 65426, 'UDP'), Data Transferred: 209 bytes
[INFO] Flow: ('192.168.38.104', '8.8.8.8', 65427, 53, 'UDP'), Data Transferred: 99 bytes
[INFO] Flow: ('8.8.8.8', '192.168.38.104', 53, 65427, 'UDP'), Data Transferred: 174 bytes
[INFO] Flow: ('192.168.38.104', '8.8.8.8', 65428, 53, 'UDP'), Data Transferred: 83 bytes
{"message": "Detected DNS Query: b'x5HUgibz.madeupsetup.eu.' with encoding ascii", "timestamp": 1726413948.0149615, "attack_type": "DNS Query"}
{"message": "Decoded DNS Query: x5HUgibz.madeupsetup.eu.", "timestamp": 1726413948.1473126, "attack_type": "DNS Query"}
{"message": "Detected DNS Query: b'x5HUgibz.madeupsetup.eu.' with encoding ascii", "timestamp": 1726413948.2742805, "attack_type": "DNS Query"}
{"message": "Decoded DNS Query: x5HUgibz.madeupsetup.eu.", "timestamp": 1726413948.3554616, "attack_type": "DNS Query"}
{"message": "Intrusion Detected: Port scanning detected from 8.8.8.8", "timestamp": 1726413948.4890366, "attack_type": "Port Scan"}
{"message": "Detected DNS Query: b'x5HUgibz.madeupsetup.eu.us-west-1.ec2-utilities.amazonaws.com.' with encoding ascii", "timestamp": 1726413948.6141968, "attack_type": "DNS Query"}
{"message": "Decoded DNS Query: x5HUgibz.madeupsetup.eu.us-west-1.ec2-utilities.amazonaws.com.", "timestamp": 1726413948.7555757, "attack_type": "DNS Query"}
{"message": "Intrusion Detected: Possible DNS exfiltration in query x5HUgibz.madeupsetup.eu.us-west-1.ec2-utilities.amazonaws.com.", "timestamp": 1726413948.8395083, "attack_type": "DNS Exfiltration"}
{"message": "Detected DNS Query: b'x5HUgibz.madeupsetup.eu.us-west-1.ec2-utilities.amazonaws.com.' with encoding ascii", "timestamp": 1726413949.0056286, "attack_type": "DNS Query"}
{"message": "Decoded DNS Query: x5HUgibz.madeupsetup.eu.us-west-1.ec2-utilities.amazonaws.com.", "timestamp": 1726413949.1300187, "attack_type": "DNS Query"}
{"message": "Intrusion Detected: Possible DNS exfiltration in query x5HUgibz.madeupsetup.eu.us-west-1.ec2-utilities.amazonaws.com.", "timestamp": 1726413949.264491, "attack_type": "DNS Exfiltration"}
{"message": "Intrusion Detected: Port scanning detected from 8.8.8.8", "timestamp": 1726413949.3730304, "attack_type": "Port Scan"}
{"message": "Detected DNS Query: b'x5HUgibz.madeupsetup.eu.windomain.local.' with encoding ascii", "timestamp": 1726413949.5148056, "attack_type": "DNS Query"}
{"message": "Decoded DNS Query: x5HUgibz.madeupsetup.eu.windomain.local.", "timestamp": 1726413949.6723235, "attack_type": "DNS Query"}
{"message": "Detected DNS Query: b'x5HUgibz.madeupsetup.eu.windomain.local.' with encoding ascii", "timestamp": 1726413949.822569, "attack_type": "DNS Query"}
{"message": "Decoded DNS Query: x5HUgibz.madeupsetup.eu.windomain.local.", "timestamp": 1726413949.9464793, "attack_type": "DNS Query"}
{"message": "Intrusion Detected: Port scanning detected from 8.8.8.8", "timestamp": 1726413950.0884826, "attack_type": "Port Scan"}
{"message": "Detected DNS Query: b'OsGF7kWB.madeupsetup.eu.' with encoding ascii", "timestamp": 1726413950.1637595, "attack_type": "DNS Query"}
{"message": "Decoded DNS Query: OsGF7kWB.madeupsetup.eu.", "timestamp": 1726413950.3143022, "attack_type": "DNS Query"}
{"message": "Detected DNS Query: b'OsGF7kWB.madeupsetup.eu.' with encoding ascii", "timestamp": 1726413950.5472243, "attack_type": "DNS Query"}
{"message": "Decoded DNS Query: OsGF7kWB.madeupsetup.eu.", "timestamp": 1726413950.705877, "attack_type": "DNS Query"}
{"message": "Intrusion Detected: Port scanning detected from 8.8.8.8", "timestamp": 1726413950.7973855, "attack_type": "Port Scan"}
{"message": "Detected DNS Query: b'OsGF7kWB.madeupsetup.eu.us-west-1.ec2-utilities.amazonaws.com.' with encoding ascii", "timestamp": 1726413950.9725423, "attack_type": "DNS Query"}
{"message": "Decoded DNS Query: OsGF7kWB.madeupsetup.eu.us-west-1.ec2-utilities.amazonaws.com.", "timestamp": 1726413951.088989, "attack_type": "DNS Query"}
{"message": "Intrusion Detected: Possible DNS exfiltration in query OsGF7kWB.madeupsetup.eu.us-west-1.ec2-utilities.amazonaws.com.", "timestamp": 1726413951.2223022, "attack_type": "DNS Exfiltration"}
{"message": "Detected DNS Query: b'OsGF7kWB.madeupsetup.eu.us-west-1.ec2-utilities.amazonaws.com.' with encoding ascii", "timestamp": 1726413951.3970447, "attack_type": "DNS Query"}
{"message": "Decoded DNS Query: OsGF7kWB.madeupsetup.eu.us-west-1.ec2-utilities.amazonaws.com.", "timestamp": 1726413951.5789092, "attack_type": "DNS Query"}
{"message": "Intrusion Detected: Possible DNS exfiltration in query OsGF7kWB.madeupsetup.eu.us-west-1.ec2-utilities.amazonaws.com.", "timestamp": 1726413951.6973462, "attack_type": "DNS Exfiltration"}
{"message": "Intrusion Detected: Port scanning detected from 8.8.8.8", "timestamp": 1726413951.8466234, "attack_type": "Port Scan"}
[INFO] Flow: ('8.8.8.8', '192.168.38.104', 53, 65428, 'UDP'), Data Transferred: 162 bytes
[INFO] Flow: ('192.168.38.104', '8.8.8.8', 65429, 53, 'UDP'), Data Transferred: 121 bytes
[INFO] Flow: ('8.8.8.8', '192.168.38.104', 53, 65429, 'UDP'), Data Transferred: 209 bytes
[INFO] Flow: ('192.168.38.104', '8.8.8.8', 65430, 53, 'UDP'), Data Transferred: 99 bytes
[INFO] Flow: ('8.8.8.8', '192.168.38.104', 53, 65430, 'UDP'), Data Transferred: 174 bytes
[INFO] Flow: ('192.168.38.104', '8.8.8.8', 65431, 53, 'UDP'), Data Transferred: 83 bytes
[INFO] Flow: ('8.8.8.8', '192.168.38.104', 53, 65431, 'UDP'), Data Transferred: 162 bytes
[INFO] Flow: ('192.168.38.104', '8.8.8.8', 65432, 53, 'UDP'), Data Transferred: 121 bytes
[INFO] Flow: ('8.8.8.8', '192.168.38.104', 53, 65432, 'UDP'), Data Transferred: 209 bytes
[INFO] Flow: ('192.168.38.104', '8.8.8.8', 65433, 53, 'UDP'), Data Transferred: 99 bytes
{"message": "Detected DNS Query: b'OsGF7kWB.madeupsetup.eu.windomain.local.' with encoding ascii", "timestamp": 1726413952.0397193, "attack_type": "DNS Query"}
{"message": "Decoded DNS Query: OsGF7kWB.madeupsetup.eu.windomain.local.", "timestamp": 1726413952.181166, "attack_type": "DNS Query"}
{"message": "Detected DNS Query: b'OsGF7kWB.madeupsetup.eu.windomain.local.' with encoding ascii", "timestamp": 1726413952.3644898, "attack_type": "DNS Query"}
{"message": "Decoded DNS Query: OsGF7kWB.madeupsetup.eu.windomain.local.", "timestamp": 1726413952.5386834, "attack_type": "DNS Query"}
{"message": "Intrusion Detected: Port scanning detected from 8.8.8.8", "timestamp": 1726413952.7140663, "attack_type": "Port Scan"}
{"message": "Detected DNS Query: b'K99ppjF/.madeupsetup.eu.' with encoding ascii", "timestamp": 1726413952.8643486, "attack_type": "DNS Query"}
{"message": "Decoded DNS Query: K99ppjF/.madeupsetup.eu.", "timestamp": 1726413953.0472946, "attack_type": "DNS Query"}
{"message": "Detected DNS Query: b'K99ppjF/.madeupsetup.eu.' with encoding ascii", "timestamp": 1726413953.1977808, "attack_type": "DNS Query"}
{"message": "Decoded DNS Query: K99ppjF/.madeupsetup.eu.", "timestamp": 1726413953.2804165, "attack_type": "DNS Query"}
{"message": "Intrusion Detected: Port scanning detected from 8.8.8.8", "timestamp": 1726413953.4808931, "attack_type": "Port Scan"}
{"message": "Detected DNS Query: b'K99ppjF/.madeupsetup.eu.us-west-1.ec2-utilities.amazonaws.com.' with encoding ascii", "timestamp": 1726413953.6642473, "attack_type": "DNS Query"}
{"message": "Decoded DNS Query: K99ppjF/.madeupsetup.eu.us-west-1.ec2-utilities.amazonaws.com.", "timestamp": 1726413953.805283, "attack_type": "DNS Query"}
{"message": "Intrusion Detected: Possible DNS exfiltration in query K99ppjF/.madeupsetup.eu.us-west-1.ec2-utilities.amazonaws.com.", "timestamp": 1726413953.9559476, "attack_type": "DNS Exfiltration"}
{"message": "Detected DNS Query: b'K99ppjF/.madeupsetup.eu.us-west-1.ec2-utilities.amazonaws.com.' with encoding ascii", "timestamp": 1726413954.3638735, "attack_type": "DNS Query"}
{"message": "Decoded DNS Query: K99ppjF/.madeupsetup.eu.us-west-1.ec2-utilities.amazonaws.com.", "timestamp": 1726413954.4385076, "attack_type": "DNS Query"}
{"message": "Intrusion Detected: Possible DNS exfiltration in query K99ppjF/.madeupsetup.eu.us-west-1.ec2-utilities.amazonaws.com.", "timestamp": 1726413954.6146874, "attack_type": "DNS Exfiltration"}
{"message": "Intrusion Detected: Port scanning detected from 8.8.8.8", "timestamp": 1726413954.805511, "attack_type": "Port Scan"}
{"message": "Detected DNS Query: b'K99ppjF/.madeupsetup.eu.windomain.local.' with encoding ascii", "timestamp": 1726413954.955484, "attack_type": "DNS Query"}
{"message": "Decoded DNS Query: K99ppjF/.madeupsetup.eu.windomain.local.", "timestamp": 1726413955.138744, "attack_type": "DNS Query"}
{"message": "Detected DNS Query: b'K99ppjF/.madeupsetup.eu.windomain.local.' with encoding ascii", "timestamp": 1726413955.2813952, "attack_type": "DNS Query"}
{"message": "Decoded DNS Query: K99ppjF/.madeupsetup.eu.windomain.local.", "timestamp": 1726413955.3709936, "attack_type": "DNS Query"}
{"message": "Intrusion Detected: Port scanning detected from 8.8.8.8", "timestamp": 1726413955.5223641, "attack_type": "Port Scan"}
{"message": "Detected DNS Query: b'jTyNCNhU.madeupsetup.eu.' with encoding ascii", "timestamp": 1726413955.6555133, "attack_type": "DNS Query"}
{"message": "Decoded DNS Query: jTyNCNhU.madeupsetup.eu.", "timestamp": 1726413955.8053746, "attack_type": "DNS Query"}
{"message": "Detected DNS Query: b'jTyNCNhU.madeupsetup.eu.' with encoding ascii", "timestamp": 1726413955.9556882, "attack_type": "DNS Query"}
{"message": "Decoded DNS Query: jTyNCNhU.madeupsetup.eu.", "timestamp": 1726413956.120821, "attack_type": "DNS Query"}
{"message": "Intrusion Detected: Port scanning detected from 8.8.8.8", "timestamp": 1726413956.2805462, "attack_type": "Port Scan"}
[INFO] Flow: ('8.8.8.8', '192.168.38.104', 53, 65433, 'UDP'), Data Transferred: 174 bytes
[INFO] Flow: ('192.168.38.104', '8.8.8.8', 65434, 53, 'UDP'), Data Transferred: 83 bytes
[INFO] Flow: ('8.8.8.8', '192.168.38.104', 53, 65434, 'UDP'), Data Transferred: 162 bytes
[INFO] Flow: ('192.168.38.104', '8.8.8.8', 65435, 53, 'UDP'), Data Transferred: 121 bytes
[INFO] Flow: ('8.8.8.8', '192.168.38.104', 53, 65435, 'UDP'), Data Transferred: 221 bytes
[INFO] Flow: ('192.168.38.104', '8.8.8.8', 65436, 53, 'UDP'), Data Transferred: 99 bytes
[INFO] Flow: ('8.8.8.8', '192.168.38.104', 53, 65436, 'UDP'), Data Transferred: 174 bytes
[INFO] Flow: ('192.168.38.104', '8.8.8.8', 65437, 53, 'UDP'), Data Transferred: 83 bytes
[INFO] Flow: ('8.8.8.8', '192.168.38.104', 53, 65437, 'UDP'), Data Transferred: 162 bytes
[INFO] Flow: ('192.168.38.104', '8.8.8.8', 65438, 53, 'UDP'), Data Transferred: 121 bytes
{"message": "Detected DNS Query: b'jTyNCNhU.madeupsetup.eu.us-west-1.ec2-utilities.amazonaws.com.' with encoding ascii", "timestamp": 1726413956.4386322, "attack_type": "DNS Query"}
{"message": "Decoded DNS Query: jTyNCNhU.madeupsetup.eu.us-west-1.ec2-utilities.amazonaws.com.", "timestamp": 1726413956.5468493, "attack_type": "DNS Query"}
{"message": "Intrusion Detected: Possible DNS exfiltration in query jTyNCNhU.madeupsetup.eu.us-west-1.ec2-utilities.amazonaws.com.", "timestamp": 1726413956.7224212, "attack_type": "DNS Exfiltration"}
{"message": "Detected DNS Query: b'jTyNCNhU.madeupsetup.eu.us-west-1.ec2-utilities.amazonaws.com.' with encoding ascii", "timestamp": 1726413956.8969743, "attack_type": "DNS Query"}
{"message": "Decoded DNS Query: jTyNCNhU.madeupsetup.eu.us-west-1.ec2-utilities.amazonaws.com.", "timestamp": 1726413957.1222389, "attack_type": "DNS Query"}
{"message": "Intrusion Detected: Possible DNS exfiltration in query jTyNCNhU.madeupsetup.eu.us-west-1.ec2-utilities.amazonaws.com.", "timestamp": 1726413957.2548127, "attack_type": "DNS Exfiltration"}
{"message": "Intrusion Detected: Port scanning detected from 8.8.8.8", "timestamp": 1726413957.379458, "attack_type": "Port Scan"}
{"message": "Detected DNS Query: b'jTyNCNhU.madeupsetup.eu.windomain.local.' with encoding ascii", "timestamp": 1726413957.5473785, "attack_type": "DNS Query"}
{"message": "Decoded DNS Query: jTyNCNhU.madeupsetup.eu.windomain.local.", "timestamp": 1726413957.7054129, "attack_type": "DNS Query"}
{"message": "Detected DNS Query: b'jTyNCNhU.madeupsetup.eu.windomain.local.' with encoding ascii", "timestamp": 1726413957.7891765, "attack_type": "DNS Query"}
{"message": "Decoded DNS Query: jTyNCNhU.madeupsetup.eu.windomain.local.", "timestamp": 1726413957.9214084, "attack_type": "DNS Query"}
{"message": "Intrusion Detected: Port scanning detected from 8.8.8.8", "timestamp": 1726413958.046752, "attack_type": "Port Scan"}
{"message": "Detected DNS Query: b'cWVizacs.madeupsetup.eu.' with encoding ascii", "timestamp": 1726413958.1725564, "attack_type": "DNS Query"}
{"message": "Decoded DNS Query: cWVizacs.madeupsetup.eu.", "timestamp": 1726413958.3224757, "attack_type": "DNS Query"}
{"message": "Traffic Anomaly Detected: 192.168.38.104 shows sudden traffic spike. Current: 814375, Avg: 81528.4", "timestamp": 1726413958.405978, "attack_type": "Traffic Anomaly"}
{"message": "Traffic Anomaly Detected: 192.168.38.104 shows sudden traffic spike. Current: 821953, Avg: 163711.6", "timestamp": 1726413958.5710852, "attack_type": "Traffic Anomaly"}
[INFO] Flow: ('8.8.8.8', '192.168.38.104', 53, 65438, 'UDP'), Data Transferred: 221 bytes
[INFO] Flow: ('192.168.38.104', '8.8.8.8', 65439, 53, 'UDP'), Data Transferred: 99 bytes
[INFO] Flow: ('8.8.8.8', '192.168.38.104', 53, 65439, 'UDP'), Data Transferred: 174 bytes
[INFO] Flow: ('192.168.38.104', '8.8.8.8', 65440, 53, 'UDP'), Data Transferred: 83 bytes
[INFO] Flow: ('192.168.38.104', '192.168.38.103', 63580, 5985, 'TCP'), Data Transferred: 814375 bytes
[INFO] Flow: ('192.168.38.104', '192.168.38.103', 63580, 5985, 'TCP'), Data Transferred: 821953 bytes
[INFO] Flow: ('192.168.38.103', '192.168.38.104', 5985, 63580, 'TCP'), Data Transferred: 214329 bytes
[INFO] Flow: ('192.168.38.103', '192.168.38.104', 5985, 63580, 'TCP'), Data Transferred: 215843 bytes
[INFO] Flow: ('192.168.38.103', '192.168.38.104', 5985, 63580, 'TCP'), Data Transferred: 216396 bytes
[INFO] Flow: ('192.168.38.104', '192.168.38.103', 63580, 5985, 'TCP'), Data Transferred: 822007 bytes
{"message": "Traffic Anomaly Detected: 192.168.38.104 shows sudden traffic spike. Current: 822007, Avg: 245902.4", "timestamp": 1726413958.7240384, "attack_type": "Traffic Anomaly"}
{"message": "Traffic Anomaly Detected: 192.168.38.104 shows sudden traffic spike. Current: 822397, Avg: 328133.8", "timestamp": 1726413958.9869025, "attack_type": "Traffic Anomaly"}
{"message": "Traffic Anomaly Detected: 192.168.38.104 shows sudden traffic spike. Current: 830004, Avg: 411122.1", "timestamp": 1726413959.1380386, "attack_type": "Traffic Anomaly"}
[INFO] Flow: ('192.168.38.104', '192.168.38.103', 63580, 5985, 'TCP'), Data Transferred: 822397 bytes
[INFO] Flow: ('192.168.38.104', '192.168.38.103', 63580, 5985, 'TCP'), Data Transferred: 830004 bytes
[INFO] Flow: ('192.168.38.103', '192.168.38.104', 5985, 63580, 'TCP'), Data Transferred: 216450 bytes
[INFO] Flow: ('192.168.38.103', '192.168.38.104', 5985, 63580, 'TCP'), Data Transferred: 217964 bytes
[INFO] Flow: ('192.168.38.103', '192.168.38.104', 5985, 63580, 'TCP'), Data Transferred: 218517 bytes
[INFO] Flow: ('192.168.38.104', '192.168.38.103', 63580, 5985, 'TCP'), Data Transferred: 830058 bytes
[INFO] Flow: ('192.168.38.104', '192.168.38.103', 63580, 5985, 'TCP'), Data Transferred: 830448 bytes
[INFO] Flow: ('192.168.38.104', '192.168.38.103', 63580, 5985, 'TCP'), Data Transferred: 838059 bytes
[INFO] Flow: ('192.168.38.103', '192.168.38.104', 5985, 63580, 'TCP'), Data Transferred: 218571 bytes
[INFO] Flow: ('192.168.38.103', '192.168.38.104', 5985, 63580, 'TCP'), Data Transferred: 218625 bytes
[INFO] Flow: ('192.168.38.103', '192.168.38.104', 5985, 63580, 'TCP'), Data Transferred: 220139 bytes
[INFO] Flow: ('192.168.38.103', '192.168.38.104', 5985, 63580, 'TCP'), Data Transferred: 220692 bytes
[INFO] Flow: ('192.168.38.104', '192.168.38.103', 63580, 5985, 'TCP'), Data Transferred: 838113 bytes
[INFO] Flow: ('192.168.38.104', '192.168.38.103', 63580, 5985, 'TCP'), Data Transferred: 838503 bytes
[INFO] Flow: ('192.168.38.104', '192.168.38.103', 63580, 5985, 'TCP'), Data Transferred: 846110 bytes
[INFO] Flow: ('192.168.38.103', '192.168.38.104', 5985, 63580, 'TCP'), Data Transferred: 220746 bytes
[INFO] Flow: ('192.168.38.103', '192.168.38.104', 5985, 63580, 'TCP'), Data Transferred: 222260 bytes
[INFO] Flow: ('192.168.38.103', '192.168.38.104', 5985, 63580, 'TCP'), Data Transferred: 222813 bytes
[INFO] Flow: ('192.168.38.104', '192.168.38.103', 63580, 5985, 'TCP'), Data Transferred: 846164 bytes
[INFO] Flow: ('192.168.38.104', '192.168.38.103', 63580, 5985, 'TCP'), Data Transferred: 846554 bytes
[INFO] Flow: ('192.168.38.104', '192.168.38.103', 63580, 5985, 'TCP'), Data Transferred: 854173 bytes
[INFO] Flow: ('192.168.38.103', '192.168.38.104', 5985, 63580, 'TCP'), Data Transferred: 222867 bytes
[INFO] Flow: ('192.168.38.103', '192.168.38.104', 5985, 63580, 'TCP'), Data Transferred: 224381 bytes
[INFO] Flow: ('192.168.38.103', '192.168.38.104', 5985, 63580, 'TCP'), Data Transferred: 224934 bytes
[INFO] Flow: ('192.168.38.104', '192.168.38.103', 63580, 5985, 'TCP'), Data Transferred: 854227 bytes
[INFO] Flow: ('192.168.38.104', '192.168.38.103', 63580, 5985, 'TCP'), Data Transferred: 854617 bytes
[INFO] Flow: ('192.168.38.104', '192.168.38.103', 63580, 5985, 'TCP'), Data Transferred: 862232 bytes
[INFO] Flow: ('192.168.38.103', '192.168.38.104', 5985, 63580, 'TCP'), Data Transferred: 224988 bytes
[INFO] Flow: ('192.168.38.103', '192.168.38.104', 5985, 63580, 'TCP'), Data Transferred: 226502 bytes
[INFO] Flow: ('192.168.38.103', '192.168.38.104', 5985, 63580, 'TCP'), Data Transferred: 227055 bytes
[INFO] Flow: ('192.168.38.104', '192.168.38.103', 63580, 5985, 'TCP'), Data Transferred: 862286 bytes
[INFO] Flow: ('192.168.38.104', '192.168.38.103', 63580, 5985, 'TCP'), Data Transferred: 862676 bytes
[INFO] Flow: ('192.168.38.104', '192.168.38.103', 63580, 5985, 'TCP'), Data Transferred: 870287 bytes
[INFO] Flow: ('192.168.38.103', '192.168.38.104', 5985, 63580, 'TCP'), Data Transferred: 227109 bytes
[INFO] Flow: ('192.168.38.103', '192.168.38.104', 5985, 63580, 'TCP'), Data Transferred: 228623 bytes
[INFO] Flow: ('192.168.38.103', '192.168.38.104', 5985, 63580, 'TCP'), Data Transferred: 229176 bytes
[INFO] Flow: ('192.168.38.104', '192.168.38.103', 63580, 5985, 'TCP'), Data Transferred: 870341 bytes
[INFO] Flow: ('192.168.38.104', '192.168.38.103', 63580, 5985, 'TCP'), Data Transferred: 870731 bytes
[INFO] Flow: ('192.168.38.104', '192.168.38.103', 63580, 5985, 'TCP'), Data Transferred: 878346 bytes
[INFO] Flow: ('192.168.38.103', '192.168.38.104', 5985, 63580, 'TCP'), Data Transferred: 229230 bytes
{"message": "Detected DNS Query: b'cWVizacs.madeupsetup.eu.' with encoding ascii", "timestamp": 1726413959.2359354, "attack_type": "DNS Query"}
{"message": "Decoded DNS Query: cWVizacs.madeupsetup.eu.", "timestamp": 1726413959.3632355, "attack_type": "DNS Query"}
{"message": "Intrusion Detected: Port scanning detected from 8.8.8.8", "timestamp": 1726413959.5046442, "attack_type": "Port Scan"}
{"message": "Detected DNS Query: b'cWVizacs.madeupsetup.eu.us-west-1.ec2-utilities.amazonaws.com.' with encoding ascii", "timestamp": 1726413959.656366, "attack_type": "DNS Query"}
{"message": "Decoded DNS Query: cWVizacs.madeupsetup.eu.us-west-1.ec2-utilities.amazonaws.com.", "timestamp": 1726413959.8137429, "attack_type": "DNS Query"}
{"message": "Intrusion Detected: Possible DNS exfiltration in query cWVizacs.madeupsetup.eu.us-west-1.ec2-utilities.amazonaws.com.", "timestamp": 1726413959.9046698, "attack_type": "DNS Exfiltration"}
[INFO] Flow: ('192.168.38.103', '192.168.38.104', 5985, 63580, 'TCP'), Data Transferred: 230744 bytes
[INFO] Flow: ('192.168.38.103', '192.168.38.104', 5985, 63580, 'TCP'), Data Transferred: 231297 bytes
[INFO] Flow: ('192.168.38.104', '192.168.38.103', 63580, 5985, 'TCP'), Data Transferred: 878400 bytes
[INFO] Flow: ('8.8.8.8', '192.168.38.104', 53, 65440, 'UDP'), Data Transferred: 162 bytes
[INFO] Flow: ('192.168.38.104', '192.168.38.103', 63580, 5985, 'TCP'), Data Transferred: 878790 bytes
[INFO] Flow: ('192.168.38.104', '192.168.38.103', 63580, 5985, 'TCP'), Data Transferred: 886401 bytes
[INFO] Flow: ('192.168.38.103', '192.168.38.104', 5985, 63580, 'TCP'), Data Transferred: 231351 bytes
[INFO] Flow: ('192.168.38.104', '8.8.8.8', 65441, 53, 'UDP'), Data Transferred: 121 bytes
[INFO] Flow: ('192.168.38.103', '192.168.38.104', 5985, 63580, 'TCP'), Data Transferred: 232865 bytes
[INFO] Flow: ('192.168.38.103', '192.168.38.104', 5985, 63580, 'TCP'), Data Transferred: 233418 bytes
[INFO] Flow: ('192.168.38.104', '192.168.38.103', 63580, 5985, 'TCP'), Data Transferred: 886455 bytes
[INFO] Flow: ('192.168.38.104', '192.168.38.103', 63580, 5985, 'TCP'), Data Transferred: 886845 bytes
[INFO] Flow: ('192.168.38.104', '192.168.38.103', 63580, 5985, 'TCP'), Data Transferred: 894452 bytes
[INFO] Flow: ('192.168.38.103', '192.168.38.104', 5985, 63580, 'TCP'), Data Transferred: 233472 bytes
[INFO] Flow: ('192.168.38.103', '192.168.38.104', 5985, 63580, 'TCP'), Data Transferred: 234986 bytes
[INFO] Flow: ('192.168.38.103', '192.168.38.104', 5985, 63580, 'TCP'), Data Transferred: 235539 bytes
[INFO] Flow: ('192.168.38.104', '192.168.38.103', 63580, 5985, 'TCP'), Data Transferred: 894506 bytes
[INFO] Flow: ('192.168.38.104', '192.168.38.103', 63580, 5985, 'TCP'), Data Transferred: 894896 bytes
[INFO] Flow: ('192.168.38.104', '192.168.38.103', 63580, 5985, 'TCP'), Data Transferred: 902507 bytes
[INFO] Flow: ('192.168.38.103', '192.168.38.104', 5985, 63580, 'TCP'), Data Transferred: 235593 bytes
{"message": "Detected DNS Query: b'cWVizacs.madeupsetup.eu.us-west-1.ec2-utilities.amazonaws.com.' with encoding ascii", "timestamp": 1726413960.065762, "attack_type": "DNS Query"}
{"message": "Decoded DNS Query: cWVizacs.madeupsetup.eu.us-west-1.ec2-utilities.amazonaws.com.", "timestamp": 1726413960.2132683, "attack_type": "DNS Query"}
{"message": "Intrusion Detected: Possible DNS exfiltration in query cWVizacs.madeupsetup.eu.us-west-1.ec2-utilities.amazonaws.com.", "timestamp": 1726413960.3802311, "attack_type": "DNS Exfiltration"}
{"message": "Intrusion Detected: Port scanning detected from 8.8.8.8", "timestamp": 1726413960.529914, "attack_type": "Port Scan"}
{"message": "Detected DNS Query: b'cWVizacs.madeupsetup.eu.windomain.local.' with encoding ascii", "timestamp": 1726413960.613609, "attack_type": "DNS Query"}
{"message": "Decoded DNS Query: cWVizacs.madeupsetup.eu.windomain.local.", "timestamp": 1726413960.7466865, "attack_type": "DNS Query"}
{"message": "Detected DNS Query: b'cWVizacs.madeupsetup.eu.windomain.local.' with encoding ascii", "timestamp": 1726413960.905681, "attack_type": "DNS Query"}
{"message": "Decoded DNS Query: cWVizacs.madeupsetup.eu.windomain.local.", "timestamp": 1726413961.079136, "attack_type": "DNS Query"}
{"message": "Intrusion Detected: Port scanning detected from 8.8.8.8", "timestamp": 1726413961.2466874, "attack_type": "Port Scan"}
{"message": "Detected DNS Query: b'K4DhGAWE.madeupsetup.eu.' with encoding ascii", "timestamp": 1726413961.3976471, "attack_type": "DNS Query"}
{"message": "Decoded DNS Query: K4DhGAWE.madeupsetup.eu.", "timestamp": 1726413961.4969175, "attack_type": "DNS Query"}
{"message": "Intrusion Detected: HTTP Covert Channel Detected in User-Agent: Mozilla/5.0 (Windows NT 10.0; Win64; x64) AppleWebKit/537.36 (KHTML, like Gecko) Chrome/84.0.4147.105 Safari/537.36", "timestamp": 1726413961.655596, "attack_type": "HTTP Covert Channel"}
[INFO] Flow: ('192.168.38.103', '192.168.38.104', 5985, 63580, 'TCP'), Data Transferred: 237107 bytes
[INFO] Flow: ('192.168.38.103', '192.168.38.104', 5985, 63580, 'TCP'), Data Transferred: 237660 bytes
[INFO] Flow: ('192.168.38.104', '192.168.38.103', 63580, 5985, 'TCP'), Data Transferred: 902561 bytes
[INFO] Flow: ('8.8.8.8', '192.168.38.104', 53, 65441, 'UDP'), Data Transferred: 209 bytes
[INFO] Flow: ('192.168.38.104', '8.8.8.8', 65442, 53, 'UDP'), Data Transferred: 99 bytes
[INFO] Flow: ('8.8.8.8', '192.168.38.104', 53, 65442, 'UDP'), Data Transferred: 174 bytes
[INFO] Flow: ('192.168.38.104', '8.8.8.8', 65443, 53, 'UDP'), Data Transferred: 83 bytes
[INFO] Flow: ('192.168.38.104', '18.217.1.57', 63647, 80, 'TCP'), Data Transferred: 66 bytes
[INFO] Flow: ('192.168.38.104', '18.217.1.57', 63646, 80, 'TCP'), Data Transferred: 623 bytes
[INFO] Flow: ('8.8.8.8', '192.168.38.104', 53, 65443, 'UDP'), Data Transferred: 162 bytes
{"message": "Detected DNS Query: b'K4DhGAWE.madeupsetup.eu.' with encoding ascii", "timestamp": 1726413961.8222492, "attack_type": "DNS Query"}
{"message": "Decoded DNS Query: K4DhGAWE.madeupsetup.eu.", "timestamp": 1726413961.9802244, "attack_type": "DNS Query"}
{"message": "Intrusion Detected: Port scanning detected from 8.8.8.8", "timestamp": 1726413962.1219196, "attack_type": "Port Scan"}
{"message": "Detected DNS Query: b'K4DhGAWE.madeupsetup.eu.us-west-1.ec2-utilities.amazonaws.com.' with encoding ascii", "timestamp": 1726413962.246899, "attack_type": "DNS Query"}
{"message": "Decoded DNS Query: K4DhGAWE.madeupsetup.eu.us-west-1.ec2-utilities.amazonaws.com.", "timestamp": 1726413962.3468504, "attack_type": "DNS Query"}
{"message": "Intrusion Detected: Possible DNS exfiltration in query K4DhGAWE.madeupsetup.eu.us-west-1.ec2-utilities.amazonaws.com.", "timestamp": 1726413962.4885864, "attack_type": "DNS Exfiltration"}
{"message": "Detected DNS Query: b'K4DhGAWE.madeupsetup.eu.us-west-1.ec2-utilities.amazonaws.com.' with encoding ascii", "timestamp": 1726413962.6387448, "attack_type": "DNS Query"}
{"message": "Decoded DNS Query: K4DhGAWE.madeupsetup.eu.us-west-1.ec2-utilities.amazonaws.com.", "timestamp": 1726413962.8294241, "attack_type": "DNS Query"}
{"message": "Intrusion Detected: Possible DNS exfiltration in query K4DhGAWE.madeupsetup.eu.us-west-1.ec2-utilities.amazonaws.com.", "timestamp": 1726413963.021561, "attack_type": "DNS Exfiltration"}
{"message": "Intrusion Detected: Port scanning detected from 8.8.8.8", "timestamp": 1726413963.171114, "attack_type": "Port Scan"}
{"message": "Detected DNS Query: b'K4DhGAWE.madeupsetup.eu.windomain.local.' with encoding ascii", "timestamp": 1726413963.3554547, "attack_type": "DNS Query"}
{"message": "Decoded DNS Query: K4DhGAWE.madeupsetup.eu.windomain.local.", "timestamp": 1726413963.521256, "attack_type": "DNS Query"}
{"message": "Detected DNS Query: b'K4DhGAWE.madeupsetup.eu.windomain.local.' with encoding ascii", "timestamp": 1726413963.6883965, "attack_type": "DNS Query"}
{"message": "Decoded DNS Query: K4DhGAWE.madeupsetup.eu.windomain.local.", "timestamp": 1726413963.8215902, "attack_type": "DNS Query"}
{"message": "Intrusion Detected: Port scanning detected from 8.8.8.8", "timestamp": 1726413963.9624376, "attack_type": "Port Scan"}
{"message": "Detected DNS Query: b'uAY+tVE7.madeupsetup.eu.' with encoding ascii", "timestamp": 1726413964.0472305, "attack_type": "DNS Query"}
{"message": "Decoded DNS Query: uAY+tVE7.madeupsetup.eu.", "timestamp": 1726413964.196248, "attack_type": "DNS Query"}
[INFO] Flow: ('192.168.38.104', '8.8.8.8', 65444, 53, 'UDP'), Data Transferred: 121 bytes
[INFO] Flow: ('8.8.8.8', '192.168.38.104', 53, 65444, 'UDP'), Data Transferred: 221 bytes
[INFO] Flow: ('192.168.38.104', '8.8.8.8', 65445, 53, 'UDP'), Data Transferred: 99 bytes
[INFO] Flow: ('8.8.8.8', '192.168.38.104', 53, 65445, 'UDP'), Data Transferred: 174 bytes
[INFO] Flow: ('192.168.38.104', '8.8.8.8', 65446, 53, 'UDP'), Data Transferred: 83 bytes
[INFO] Packet dropped: Invalid TCP packet characteristics
[INFO] Flow: ('192.168.38.104', '18.217.1.57', 63647, 80, 'TCP'), Data Transferred: 120 bytes
[INFO] Flow: ('18.217.1.57', '192.168.38.104', 80, 63646, 'TCP'), Data Transferred: 54 bytes
[INFO] Flow: ('18.217.1.57', '192.168.38.104', 80, 63646, 'TCP'), Data Transferred: 125 bytes
[INFO] Packet dropped: Invalid TCP packet characteristics
{"message": "Detected DNS Query: b'uAY+tVE7.madeupsetup.eu.' with encoding ascii", "timestamp": 1726413964.3390017, "attack_type": "DNS Query"}
{"message": "Decoded DNS Query: uAY+tVE7.madeupsetup.eu.", "timestamp": 1726413964.4714627, "attack_type": "DNS Query"}
{"message": "Detected DNS Query: b'uAY+tVE7.madeupsetup.eu.us-west-1.ec2-utilities.amazonaws.com.' with encoding ascii", "timestamp": 1726413964.5555317, "attack_type": "DNS Query"}
{"message": "Decoded DNS Query: uAY+tVE7.madeupsetup.eu.us-west-1.ec2-utilities.amazonaws.com.", "timestamp": 1726413964.6793892, "attack_type": "DNS Query"}
{"message": "Intrusion Detected: Possible DNS exfiltration in query uAY+tVE7.madeupsetup.eu.us-west-1.ec2-utilities.amazonaws.com.", "timestamp": 1726413964.8042123, "attack_type": "DNS Exfiltration"}
{"message": "Detected DNS Query: b'uAY+tVE7.madeupsetup.eu.us-west-1.ec2-utilities.amazonaws.com.' with encoding ascii", "timestamp": 1726413964.9381707, "attack_type": "DNS Query"}
{"message": "Decoded DNS Query: uAY+tVE7.madeupsetup.eu.us-west-1.ec2-utilities.amazonaws.com.", "timestamp": 1726413965.088453, "attack_type": "DNS Query"}
{"message": "Intrusion Detected: Possible DNS exfiltration in query uAY+tVE7.madeupsetup.eu.us-west-1.ec2-utilities.amazonaws.com.", "timestamp": 1726413965.1805599, "attack_type": "DNS Exfiltration"}
{"message": "Detected DNS Query: b'uAY+tVE7.madeupsetup.eu.windomain.local.' with encoding ascii", "timestamp": 1726413965.330841, "attack_type": "DNS Query"}
{"message": "Decoded DNS Query: uAY+tVE7.madeupsetup.eu.windomain.local.", "timestamp": 1726413965.4545634, "attack_type": "DNS Query"}
{"message": "Detected DNS Query: b'uAY+tVE7.madeupsetup.eu.windomain.local.' with encoding ascii", "timestamp": 1726413965.9383144, "attack_type": "DNS Query"}
{"message": "Decoded DNS Query: uAY+tVE7.madeupsetup.eu.windomain.local.", "timestamp": 1726413966.0206146, "attack_type": "DNS Query"}
{"message": "Detected DNS Query: b'60aidRgy.madeupsetup.eu.' with encoding ascii", "timestamp": 1726413966.1553254, "attack_type": "DNS Query"}
{"message": "Decoded DNS Query: 60aidRgy.madeupsetup.eu.", "timestamp": 1726413966.2878091, "attack_type": "DNS Query"}
[INFO] Flow: ('192.168.38.104', '18.217.1.57', 63646, 80, 'TCP'), Data Transferred: 677 bytes
[INFO] Packet dropped: Invalid TCP packet characteristics
[INFO] Flow: ('8.8.8.8', '192.168.38.104', 53, 65446, 'UDP'), Data Transferred: 162 bytes
[INFO] Flow: ('192.168.38.104', '8.8.8.8', 65447, 53, 'UDP'), Data Transferred: 121 bytes
[INFO] Flow: ('8.8.8.8', '192.168.38.104', 53, 65447, 'UDP'), Data Transferred: 209 bytes
[INFO] Flow: ('192.168.38.104', '8.8.8.8', 65448, 53, 'UDP'), Data Transferred: 99 bytes
[INFO] Flow: ('18.217.1.57', '192.168.38.104', 80, 63646, 'TCP'), Data Transferred: 179 bytes
[INFO] Flow: ('8.8.8.8', '192.168.38.104', 53, 65448, 'UDP'), Data Transferred: 174 bytes
[INFO] Flow: ('192.168.38.104', '8.8.8.8', 65449, 53, 'UDP'), Data Transferred: 83 bytes
[INFO] Flow: ('8.8.8.8', '192.168.38.104', 53, 65449, 'UDP'), Data Transferred: 162 bytes
{"message": "Detected DNS Query: b'60aidRgy.madeupsetup.eu.' with encoding ascii", "timestamp": 1726413966.4054441, "attack_type": "DNS Query"}
{"message": "Decoded DNS Query: 60aidRgy.madeupsetup.eu.", "timestamp": 1726413966.5302465, "attack_type": "DNS Query"}
{"message": "Detected DNS Query: b'60aidRgy.madeupsetup.eu.us-west-1.ec2-utilities.amazonaws.com.' with encoding ascii", "timestamp": 1726413966.6722336, "attack_type": "DNS Query"}
{"message": "Decoded DNS Query: 60aidRgy.madeupsetup.eu.us-west-1.ec2-utilities.amazonaws.com.", "timestamp": 1726413966.8296227, "attack_type": "DNS Query"}
{"message": "Intrusion Detected: Possible DNS exfiltration in query 60aidRgy.madeupsetup.eu.us-west-1.ec2-utilities.amazonaws.com.", "timestamp": 1726413966.987868, "attack_type": "DNS Exfiltration"}
{"message": "Detected DNS Query: b'60aidRgy.madeupsetup.eu.us-west-1.ec2-utilities.amazonaws.com.' with encoding ascii", "timestamp": 1726413967.1632025, "attack_type": "DNS Query"}
{"message": "Decoded DNS Query: 60aidRgy.madeupsetup.eu.us-west-1.ec2-utilities.amazonaws.com.", "timestamp": 1726413967.263228, "attack_type": "DNS Query"}
{"message": "Intrusion Detected: Possible DNS exfiltration in query 60aidRgy.madeupsetup.eu.us-west-1.ec2-utilities.amazonaws.com.", "timestamp": 1726413967.4046533, "attack_type": "DNS Exfiltration"}
{"message": "Detected DNS Query: b'60aidRgy.madeupsetup.eu.windomain.local.' with encoding ascii", "timestamp": 1726413967.5813172, "attack_type": "DNS Query"}
{"message": "Decoded DNS Query: 60aidRgy.madeupsetup.eu.windomain.local.", "timestamp": 1726413967.7965775, "attack_type": "DNS Query"}
{"message": "Detected DNS Query: b'60aidRgy.madeupsetup.eu.windomain.local.' with encoding ascii", "timestamp": 1726413967.9470997, "attack_type": "DNS Query"}
{"message": "Decoded DNS Query: 60aidRgy.madeupsetup.eu.windomain.local.", "timestamp": 1726413968.079814, "attack_type": "DNS Query"}
{"message": "Detected DNS Query: b'nBt3Mokk.madeupsetup.eu.' with encoding ascii", "timestamp": 1726413968.1551054, "attack_type": "DNS Query"}
{"message": "Decoded DNS Query: nBt3Mokk.madeupsetup.eu.", "timestamp": 1726413968.2960954, "attack_type": "DNS Query"}
{"message": "Detected DNS Query: b'nBt3Mokk.madeupsetup.eu.' with encoding ascii", "timestamp": 1726413968.4554343, "attack_type": "DNS Query"}
{"message": "Decoded DNS Query: nBt3Mokk.madeupsetup.eu.", "timestamp": 1726413968.6276655, "attack_type": "DNS Query"}
{"message": "Detected DNS Query: b'nBt3Mokk.madeupsetup.eu.us-west-1.ec2-utilities.amazonaws.com.' with encoding ascii", "timestamp": 1726413968.7809424, "attack_type": "DNS Query"}
{"message": "Decoded DNS Query: nBt3Mokk.madeupsetup.eu.us-west-1.ec2-utilities.amazonaws.com.", "timestamp": 1726413968.928803, "attack_type": "DNS Query"}
{"message": "Intrusion Detected: Possible DNS exfiltration in query nBt3Mokk.madeupsetup.eu.us-west-1.ec2-utilities.amazonaws.com.", "timestamp": 1726413969.0377119, "attack_type": "DNS Exfiltration"}
{"message": "Detected DNS Query: b'nBt3Mokk.madeupsetup.eu.us-west-1.ec2-utilities.amazonaws.com.' with encoding ascii", "timestamp": 1726413969.180696, "attack_type": "DNS Query"}
{"message": "Decoded DNS Query: nBt3Mokk.madeupsetup.eu.us-west-1.ec2-utilities.amazonaws.com.", "timestamp": 1726413969.329204, "attack_type": "DNS Query"}
{"message": "Intrusion Detected: Possible DNS exfiltration in query nBt3Mokk.madeupsetup.eu.us-west-1.ec2-utilities.amazonaws.com.", "timestamp": 1726413969.454423, "attack_type": "DNS Exfiltration"}
{"message": "Detected DNS Query: b'nBt3Mokk.madeupsetup.eu.windomain.local.' with encoding ascii", "timestamp": 1726413969.5465627, "attack_type": "DNS Query"}
{"message": "Decoded DNS Query: nBt3Mokk.madeupsetup.eu.windomain.local.", "timestamp": 1726413969.7131982, "attack_type": "DNS Query"}
[INFO] Flow: ('192.168.38.104', '8.8.8.8', 65450, 53, 'UDP'), Data Transferred: 121 bytes
[INFO] Flow: ('8.8.8.8', '192.168.38.104', 53, 65450, 'UDP'), Data Transferred: 209 bytes
[INFO] Flow: ('192.168.38.104', '8.8.8.8', 65451, 53, 'UDP'), Data Transferred: 99 bytes
[INFO] Flow: ('8.8.8.8', '192.168.38.104', 53, 65451, 'UDP'), Data Transferred: 174 bytes
[INFO] Flow: ('192.168.38.104', '8.8.8.8', 65452, 53, 'UDP'), Data Transferred: 83 bytes
[INFO] Flow: ('8.8.8.8', '192.168.38.104', 53, 65452, 'UDP'), Data Transferred: 162 bytes
[INFO] Flow: ('192.168.38.104', '8.8.8.8', 65453, 53, 'UDP'), Data Transferred: 121 bytes
[INFO] Flow: ('8.8.8.8', '192.168.38.104', 53, 65453, 'UDP'), Data Transferred: 221 bytes
[INFO] Flow: ('192.168.38.104', '8.8.8.8', 65454, 53, 'UDP'), Data Transferred: 99 bytes
[INFO] Flow: ('8.8.8.8', '192.168.38.104', 53, 65454, 'UDP'), Data Transferred: 174 bytes
{"message": "Detected DNS Query: b'nBt3Mokk.madeupsetup.eu.windomain.local.' with encoding ascii", "timestamp": 1726413969.8958862, "attack_type": "DNS Query"}
{"message": "Decoded DNS Query: nBt3Mokk.madeupsetup.eu.windomain.local.", "timestamp": 1726413970.0370922, "attack_type": "DNS Query"}
{"message": "Detected DNS Query: b'30d1RFWu.madeupsetup.eu.' with encoding ascii", "timestamp": 1726413970.1824203, "attack_type": "DNS Query"}
{"message": "Decoded DNS Query: 30d1RFWu.madeupsetup.eu.", "timestamp": 1726413970.2712271, "attack_type": "DNS Query"}
{"message": "Detected DNS Query: b'30d1RFWu.madeupsetup.eu.' with encoding ascii", "timestamp": 1726413970.4132595, "attack_type": "DNS Query"}
{"message": "Decoded DNS Query: 30d1RFWu.madeupsetup.eu.", "timestamp": 1726413970.5625021, "attack_type": "DNS Query"}
{"message": "Detected DNS Query: b'30d1RFWu.madeupsetup.eu.us-west-1.ec2-utilities.amazonaws.com.' with encoding ascii", "timestamp": 1726413970.6972778, "attack_type": "DNS Query"}
{"message": "Decoded DNS Query: 30d1RFWu.madeupsetup.eu.us-west-1.ec2-utilities.amazonaws.com.", "timestamp": 1726413970.8288941, "attack_type": "DNS Query"}
{"message": "Intrusion Detected: Possible DNS exfiltration in query 30d1RFWu.madeupsetup.eu.us-west-1.ec2-utilities.amazonaws.com.", "timestamp": 1726413970.9305131, "attack_type": "DNS Exfiltration"}
{"message": "Detected DNS Query: b'30d1RFWu.madeupsetup.eu.us-west-1.ec2-utilities.amazonaws.com.' with encoding ascii", "timestamp": 1726413971.1302109, "attack_type": "DNS Query"}
{"message": "Decoded DNS Query: 30d1RFWu.madeupsetup.eu.us-west-1.ec2-utilities.amazonaws.com.", "timestamp": 1726413971.2960348, "attack_type": "DNS Query"}
{"message": "Intrusion Detected: Possible DNS exfiltration in query 30d1RFWu.madeupsetup.eu.us-west-1.ec2-utilities.amazonaws.com.", "timestamp": 1726413971.4626784, "attack_type": "DNS Exfiltration"}
{"message": "Intrusion Detected: Port scanning detected from 8.8.8.8", "timestamp": 1726413971.6044233, "attack_type": "Port Scan"}
{"message": "Detected DNS Query: b'30d1RFWu.madeupsetup.eu.windomain.local.' with encoding ascii", "timestamp": 1726413971.7553473, "attack_type": "DNS Query"}
{"message": "Decoded DNS Query: 30d1RFWu.madeupsetup.eu.windomain.local.", "timestamp": 1726413971.9038923, "attack_type": "DNS Query"}
{"message": "Detected DNS Query: b'30d1RFWu.madeupsetup.eu.windomain.local.' with encoding ascii", "timestamp": 1726413972.0050611, "attack_type": "DNS Query"}
{"message": "Decoded DNS Query: 30d1RFWu.madeupsetup.eu.windomain.local.", "timestamp": 1726413972.1542318, "attack_type": "DNS Query"}
{"message": "Intrusion Detected: Port scanning detected from 8.8.8.8", "timestamp": 1726413972.296633, "attack_type": "Port Scan"}
{"message": "Detected DNS Query: b'+9eXNk0X.madeupsetup.eu.' with encoding ascii", "timestamp": 1726413972.4458485, "attack_type": "DNS Query"}
{"message": "Decoded DNS Query: +9eXNk0X.madeupsetup.eu.", "timestamp": 1726413972.6124487, "attack_type": "DNS Query"}
{"message": "Detected DNS Query: b'+9eXNk0X.madeupsetup.eu.' with encoding ascii", "timestamp": 1726413972.7136555, "attack_type": "DNS Query"}
{"message": "Decoded DNS Query: +9eXNk0X.madeupsetup.eu.", "timestamp": 1726413972.878635, "attack_type": "DNS Query"}
{"message": "Intrusion Detected: Port scanning detected from 8.8.8.8", "timestamp": 1726413973.0378695, "attack_type": "Port Scan"}
{"message": "Detected DNS Query: b'+9eXNk0X.madeupsetup.eu.us-west-1.ec2-utilities.amazonaws.com.' with encoding ascii", "timestamp": 1726413973.1626334, "attack_type": "DNS Query"}
{"message": "Decoded DNS Query: +9eXNk0X.madeupsetup.eu.us-west-1.ec2-utilities.amazonaws.com.", "timestamp": 1726413973.307225, "attack_type": "DNS Query"}
{"message": "Intrusion Detected: Possible DNS exfiltration in query +9eXNk0X.madeupsetup.eu.us-west-1.ec2-utilities.amazonaws.com.", "timestamp": 1726413973.4624743, "attack_type": "DNS Exfiltration"}
[INFO] Flow: ('192.168.38.104', '8.8.8.8', 65455, 53, 'UDP'), Data Transferred: 83 bytes
[INFO] Flow: ('8.8.8.8', '192.168.38.104', 53, 65455, 'UDP'), Data Transferred: 162 bytes
[INFO] Flow: ('192.168.38.104', '8.8.8.8', 65456, 53, 'UDP'), Data Transferred: 121 bytes
[INFO] Flow: ('8.8.8.8', '192.168.38.104', 53, 65456, 'UDP'), Data Transferred: 221 bytes
[INFO] Flow: ('192.168.38.104', '8.8.8.8', 65457, 53, 'UDP'), Data Transferred: 99 bytes
[INFO] Flow: ('8.8.8.8', '192.168.38.104', 53, 65457, 'UDP'), Data Transferred: 174 bytes
[INFO] Flow: ('192.168.38.104', '8.8.8.8', 65458, 53, 'UDP'), Data Transferred: 83 bytes
[INFO] Flow: ('8.8.8.8', '192.168.38.104', 53, 65458, 'UDP'), Data Transferred: 162 bytes
[INFO] Flow: ('192.168.38.104', '8.8.8.8', 65459, 53, 'UDP'), Data Transferred: 121 bytes
[INFO] Flow: ('8.8.8.8', '192.168.38.104', 53, 65459, 'UDP'), Data Transferred: 221 bytes
{"message": "Detected DNS Query: b'+9eXNk0X.madeupsetup.eu.us-west-1.ec2-utilities.amazonaws.com.' with encoding ascii", "timestamp": 1726413973.5380065, "attack_type": "DNS Query"}
{"message": "Decoded DNS Query: +9eXNk0X.madeupsetup.eu.us-west-1.ec2-utilities.amazonaws.com.", "timestamp": 1726413973.679161, "attack_type": "DNS Query"}
{"message": "Intrusion Detected: Possible DNS exfiltration in query +9eXNk0X.madeupsetup.eu.us-west-1.ec2-utilities.amazonaws.com.", "timestamp": 1726413973.8795547, "attack_type": "DNS Exfiltration"}
{"message": "Intrusion Detected: Port scanning detected from 8.8.8.8", "timestamp": 1726413974.0543141, "attack_type": "Port Scan"}
{"message": "Detected DNS Query: b'+9eXNk0X.madeupsetup.eu.windomain.local.' with encoding ascii", "timestamp": 1726413974.2799768, "attack_type": "DNS Query"}
{"message": "Decoded DNS Query: +9eXNk0X.madeupsetup.eu.windomain.local.", "timestamp": 1726413974.370339, "attack_type": "DNS Query"}
{"message": "Detected DNS Query: b'+9eXNk0X.madeupsetup.eu.windomain.local.' with encoding ascii", "timestamp": 1726413974.5211806, "attack_type": "DNS Query"}
{"message": "Decoded DNS Query: +9eXNk0X.madeupsetup.eu.windomain.local.", "timestamp": 1726413974.6877098, "attack_type": "DNS Query"}
{"message": "Intrusion Detected: Port scanning detected from 8.8.8.8", "timestamp": 1726413974.8212419, "attack_type": "Port Scan"}
{"message": "Detected DNS Query: b'TI2DYRO/.madeupsetup.eu.' with encoding ascii", "timestamp": 1726413974.9626536, "attack_type": "DNS Query"}
{"message": "Decoded DNS Query: TI2DYRO/.madeupsetup.eu.", "timestamp": 1726413975.0711143, "attack_type": "DNS Query"}
{"message": "Detected DNS Query: b'TI2DYRO/.madeupsetup.eu.' with encoding ascii", "timestamp": 1726413975.3312268, "attack_type": "DNS Query"}
{"message": "Decoded DNS Query: TI2DYRO/.madeupsetup.eu.", "timestamp": 1726413975.4786437, "attack_type": "DNS Query"}
{"message": "Intrusion Detected: Port scanning detected from 8.8.8.8", "timestamp": 1726413975.579304, "attack_type": "Port Scan"}
{"message": "Detected DNS Query: b'TI2DYRO/.madeupsetup.eu.us-west-1.ec2-utilities.amazonaws.com.' with encoding ascii", "timestamp": 1726413975.7388976, "attack_type": "DNS Query"}
{"message": "Decoded DNS Query: TI2DYRO/.madeupsetup.eu.us-west-1.ec2-utilities.amazonaws.com.", "timestamp": 1726413975.9035285, "attack_type": "DNS Query"}
{"message": "Intrusion Detected: Possible DNS exfiltration in query TI2DYRO/.madeupsetup.eu.us-west-1.ec2-utilities.amazonaws.com.", "timestamp": 1726413976.0462682, "attack_type": "DNS Exfiltration"}
{"message": "Detected DNS Query: b'TI2DYRO/.madeupsetup.eu.us-west-1.ec2-utilities.amazonaws.com.' with encoding ascii", "timestamp": 1726413976.1796608, "attack_type": "DNS Query"}
{"message": "Decoded DNS Query: TI2DYRO/.madeupsetup.eu.us-west-1.ec2-utilities.amazonaws.com.", "timestamp": 1726413976.312356, "attack_type": "DNS Query"}
{"message": "Intrusion Detected: Possible DNS exfiltration in query TI2DYRO/.madeupsetup.eu.us-west-1.ec2-utilities.amazonaws.com.", "timestamp": 1726413976.3968291, "attack_type": "DNS Exfiltration"}
{"message": "Intrusion Detected: Port scanning detected from 8.8.8.8", "timestamp": 1726413976.5457132, "attack_type": "Port Scan"}
{"message": "Detected DNS Query: b'TI2DYRO/.madeupsetup.eu.windomain.local.' with encoding ascii", "timestamp": 1726413976.7376885, "attack_type": "DNS Query"}
{"message": "Decoded DNS Query: TI2DYRO/.madeupsetup.eu.windomain.local.", "timestamp": 1726413976.9037416, "attack_type": "DNS Query"}
{"message": "Detected DNS Query: b'TI2DYRO/.madeupsetup.eu.windomain.local.' with encoding ascii", "timestamp": 1726413977.0874388, "attack_type": "DNS Query"}
{"message": "Decoded DNS Query: TI2DYRO/.madeupsetup.eu.windomain.local.", "timestamp": 1726413977.2623155, "attack_type": "DNS Query"}
{"message": "Intrusion Detected: Port scanning detected from 8.8.8.8", "timestamp": 1726413977.4284897, "attack_type": "Port Scan"}
{"message": "Detected DNS Query: b'9MjYzoLj.madeupsetup.eu.' with encoding ascii", "timestamp": 1726413977.5797908, "attack_type": "DNS Query"}
{"message": "Decoded DNS Query: 9MjYzoLj.madeupsetup.eu.", "timestamp": 1726413977.7364755, "attack_type": "DNS Query"}
[INFO] Flow: ('192.168.38.104', '8.8.8.8', 65460, 53, 'UDP'), Data Transferred: 99 bytes
[INFO] Flow: ('8.8.8.8', '192.168.38.104', 53, 65460, 'UDP'), Data Transferred: 174 bytes
[INFO] Flow: ('192.168.38.104', '8.8.8.8', 65461, 53, 'UDP'), Data Transferred: 83 bytes
[INFO] Flow: ('8.8.8.8', '192.168.38.104', 53, 65461, 'UDP'), Data Transferred: 162 bytes
[INFO] Flow: ('192.168.38.104', '8.8.8.8', 65462, 53, 'UDP'), Data Transferred: 121 bytes
[INFO] Flow: ('8.8.8.8', '192.168.38.104', 53, 65462, 'UDP'), Data Transferred: 209 bytes
[INFO] Flow: ('192.168.38.104', '8.8.8.8', 65463, 53, 'UDP'), Data Transferred: 99 bytes
[INFO] Flow: ('8.8.8.8', '192.168.38.104', 53, 65463, 'UDP'), Data Transferred: 174 bytes
[INFO] Flow: ('192.168.38.104', '8.8.8.8', 65464, 53, 'UDP'), Data Transferred: 83 bytes
[INFO] Flow: ('8.8.8.8', '192.168.38.104', 53, 65464, 'UDP'), Data Transferred: 162 bytes
{"message": "Detected DNS Query: b'9MjYzoLj.madeupsetup.eu.' with encoding ascii", "timestamp": 1726413977.8996854, "attack_type": "DNS Query"}
{"message": "Decoded DNS Query: 9MjYzoLj.madeupsetup.eu.", "timestamp": 1726413978.0783095, "attack_type": "DNS Query"}
{"message": "Intrusion Detected: Port scanning detected from 8.8.8.8", "timestamp": 1726413978.1707876, "attack_type": "Port Scan"}
{"message": "Detected DNS Query: b'9MjYzoLj.madeupsetup.eu.us-west-1.ec2-utilities.amazonaws.com.' with encoding ascii", "timestamp": 1726413978.3213725, "attack_type": "DNS Query"}
{"message": "Decoded DNS Query: 9MjYzoLj.madeupsetup.eu.us-west-1.ec2-utilities.amazonaws.com.", "timestamp": 1726413978.470326, "attack_type": "DNS Query"}
{"message": "Intrusion Detected: Possible DNS exfiltration in query 9MjYzoLj.madeupsetup.eu.us-west-1.ec2-utilities.amazonaws.com.", "timestamp": 1726413978.6122768, "attack_type": "DNS Exfiltration"}
{"message": "Detected DNS Query: b'9MjYzoLj.madeupsetup.eu.us-west-1.ec2-utilities.amazonaws.com.' with encoding ascii", "timestamp": 1726413978.6958706, "attack_type": "DNS Query"}
{"message": "Decoded DNS Query: 9MjYzoLj.madeupsetup.eu.us-west-1.ec2-utilities.amazonaws.com.", "timestamp": 1726413978.8865538, "attack_type": "DNS Query"}
{"message": "Intrusion Detected: Possible DNS exfiltration in query 9MjYzoLj.madeupsetup.eu.us-west-1.ec2-utilities.amazonaws.com.", "timestamp": 1726413979.0372834, "attack_type": "DNS Exfiltration"}
{"message": "Intrusion Detected: Port scanning detected from 8.8.8.8", "timestamp": 1726413979.1948898, "attack_type": "Port Scan"}
{"message": "Detected DNS Query: b'9MjYzoLj.madeupsetup.eu.windomain.local.' with encoding ascii", "timestamp": 1726413979.3545825, "attack_type": "DNS Query"}
{"message": "Decoded DNS Query: 9MjYzoLj.madeupsetup.eu.windomain.local.", "timestamp": 1726413979.5374222, "attack_type": "DNS Query"}
{"message": "Detected DNS Query: b'9MjYzoLj.madeupsetup.eu.windomain.local.' with encoding ascii", "timestamp": 1726413979.6793573, "attack_type": "DNS Query"}
{"message": "Decoded DNS Query: 9MjYzoLj.madeupsetup.eu.windomain.local.", "timestamp": 1726413979.8361197, "attack_type": "DNS Query"}
{"message": "Intrusion Detected: Port scanning detected from 8.8.8.8", "timestamp": 1726413980.0204482, "attack_type": "Port Scan"}
{"message": "Detected DNS Query: b'Z+BtbAta.madeupsetup.eu.' with encoding ascii", "timestamp": 1726413980.1047812, "attack_type": "DNS Query"}
{"message": "Decoded DNS Query: Z+BtbAta.madeupsetup.eu.", "timestamp": 1726413980.245365, "attack_type": "DNS Query"}
{"message": "Intrusion Detected: HTTP Covert Channel Detected in User-Agent: Mozilla/5.0 (Windows NT 10.0; Win64; x64) AppleWebKit/537.36 (KHTML, like Gecko) Chrome/84.0.4147.105 Safari/537.36", "timestamp": 1726413980.3708692, "attack_type": "HTTP Covert Channel"}
{"message": "Traffic Anomaly Detected: 192.168.38.104 shows sudden traffic spike. Current: 623, Avg: 147.7", "timestamp": 1726413980.52042, "attack_type": "Traffic Anomaly"}
{"message": "Detected DNS Query: b'Z+BtbAta.madeupsetup.eu.' with encoding ascii", "timestamp": 1726413980.704492, "attack_type": "DNS Query"}
{"message": "Decoded DNS Query: Z+BtbAta.madeupsetup.eu.", "timestamp": 1726413980.794952, "attack_type": "DNS Query"}
{"message": "Intrusion Detected: Port scanning detected from 8.8.8.8", "timestamp": 1726413980.9291048, "attack_type": "Port Scan"}
{"message": "Detected DNS Query: b'Z+BtbAta.madeupsetup.eu.us-west-1.ec2-utilities.amazonaws.com.' with encoding ascii", "timestamp": 1726413981.0712547, "attack_type": "DNS Query"}
{"message": "Decoded DNS Query: Z+BtbAta.madeupsetup.eu.us-west-1.ec2-utilities.amazonaws.com.", "timestamp": 1726413981.1953497, "attack_type": "DNS Query"}
{"message": "Intrusion Detected: Possible DNS exfiltration in query Z+BtbAta.madeupsetup.eu.us-west-1.ec2-utilities.amazonaws.com.", "timestamp": 1726413981.2786794, "attack_type": "DNS Exfiltration"}
[INFO] Flow: ('192.168.38.104', '8.8.8.8', 65465, 53, 'UDP'), Data Transferred: 121 bytes
[INFO] Flow: ('8.8.8.8', '192.168.38.104', 53, 65465, 'UDP'), Data Transferred: 209 bytes
[INFO] Flow: ('192.168.38.104', '8.8.8.8', 65466, 53, 'UDP'), Data Transferred: 99 bytes
[INFO] Flow: ('8.8.8.8', '192.168.38.104', 53, 65466, 'UDP'), Data Transferred: 174 bytes
[INFO] Flow: ('192.168.38.104', '8.8.8.8', 65467, 53, 'UDP'), Data Transferred: 83 bytes
[INFO] Flow: ('192.168.38.104', '18.217.1.57', 63648, 80, 'TCP'), Data Transferred: 66 bytes
[INFO] Flow: ('192.168.38.104', '18.217.1.57', 63647, 80, 'TCP'), Data Transferred: 623 bytes
[INFO] Flow: ('8.8.8.8', '192.168.38.104', 53, 65467, 'UDP'), Data Transferred: 162 bytes
[INFO] Flow: ('192.168.38.104', '8.8.8.8', 65468, 53, 'UDP'), Data Transferred: 121 bytes
[INFO] Flow: ('8.8.8.8', '192.168.38.104', 53, 65468, 'UDP'), Data Transferred: 209 bytes
{"message": "Detected DNS Query: b'Z+BtbAta.madeupsetup.eu.us-west-1.ec2-utilities.amazonaws.com.' with encoding ascii", "timestamp": 1726413981.4295125, "attack_type": "DNS Query"}
{"message": "Decoded DNS Query: Z+BtbAta.madeupsetup.eu.us-west-1.ec2-utilities.amazonaws.com.", "timestamp": 1726413981.5704327, "attack_type": "DNS Query"}
{"message": "Intrusion Detected: Possible DNS exfiltration in query Z+BtbAta.madeupsetup.eu.us-west-1.ec2-utilities.amazonaws.com.", "timestamp": 1726413981.7044077, "attack_type": "DNS Exfiltration"}
{"message": "Intrusion Detected: Port scanning detected from 8.8.8.8", "timestamp": 1726413981.8455741, "attack_type": "Port Scan"}
{"message": "Detected DNS Query: b'Z+BtbAta.madeupsetup.eu.windomain.local.' with encoding ascii", "timestamp": 1726413981.9792664, "attack_type": "DNS Query"}
{"message": "Decoded DNS Query: Z+BtbAta.madeupsetup.eu.windomain.local.", "timestamp": 1726413982.1533134, "attack_type": "DNS Query"}
{"message": "Detected DNS Query: b'Z+BtbAta.madeupsetup.eu.windomain.local.' with encoding ascii", "timestamp": 1726413982.312184, "attack_type": "DNS Query"}
{"message": "Decoded DNS Query: Z+BtbAta.madeupsetup.eu.windomain.local.", "timestamp": 1726413982.4865608, "attack_type": "DNS Query"}
{"message": "Intrusion Detected: Port scanning detected from 8.8.8.8", "timestamp": 1726413982.5956602, "attack_type": "Port Scan"}
{"message": "Detected DNS Query: b'YkmRh2nr.madeupsetup.eu.' with encoding ascii", "timestamp": 1726413982.7623227, "attack_type": "DNS Query"}
{"message": "Decoded DNS Query: YkmRh2nr.madeupsetup.eu.", "timestamp": 1726413982.9200532, "attack_type": "DNS Query"}
{"message": "Traffic Anomaly Detected: 192.168.38.104 shows sudden traffic spike. Current: 677, Avg: 209.2", "timestamp": 1726413983.103827, "attack_type": "Traffic Anomaly"}
[INFO] Flow: ('192.168.38.104', '8.8.8.8', 65469, 53, 'UDP'), Data Transferred: 99 bytes
[INFO] Packet dropped: Invalid TCP packet characteristics
[INFO] Flow: ('192.168.38.104', '18.217.1.57', 63648, 80, 'TCP'), Data Transferred: 120 bytes
[INFO] Flow: ('8.8.8.8', '192.168.38.104', 53, 65469, 'UDP'), Data Transferred: 174 bytes
[INFO] Flow: ('18.217.1.57', '192.168.38.104', 80, 63647, 'TCP'), Data Transferred: 54 bytes
[INFO] Flow: ('192.168.38.104', '8.8.8.8', 65470, 53, 'UDP'), Data Transferred: 83 bytes
[INFO] Flow: ('18.217.1.57', '192.168.38.104', 80, 63647, 'TCP'), Data Transferred: 125 bytes
[INFO] Packet dropped: Invalid TCP packet characteristics
[INFO] Flow: ('192.168.38.104', '18.217.1.57', 63647, 80, 'TCP'), Data Transferred: 677 bytes
[INFO] Packet dropped: Invalid TCP packet characteristics
{"message": "Detected DNS Query: b'YkmRh2nr.madeupsetup.eu.' with encoding ascii", "timestamp": 1726413983.2784266, "attack_type": "DNS Query"}
{"message": "Decoded DNS Query: YkmRh2nr.madeupsetup.eu.", "timestamp": 1726413983.4283934, "attack_type": "DNS Query"}
{"message": "Intrusion Detected: Port scanning detected from 8.8.8.8", "timestamp": 1726413983.5542076, "attack_type": "Port Scan"}
{"message": "Detected DNS Query: b'YkmRh2nr.madeupsetup.eu.us-west-1.ec2-utilities.amazonaws.com.' with encoding ascii", "timestamp": 1726413983.7204607, "attack_type": "DNS Query"}
{"message": "Decoded DNS Query: YkmRh2nr.madeupsetup.eu.us-west-1.ec2-utilities.amazonaws.com.", "timestamp": 1726413983.8290226, "attack_type": "DNS Query"}
{"message": "Intrusion Detected: Possible DNS exfiltration in query YkmRh2nr.madeupsetup.eu.us-west-1.ec2-utilities.amazonaws.com.", "timestamp": 1726413983.9699776, "attack_type": "DNS Exfiltration"}
{"message": "Detected DNS Query: b'YkmRh2nr.madeupsetup.eu.us-west-1.ec2-utilities.amazonaws.com.' with encoding ascii", "timestamp": 1726413984.2212453, "attack_type": "DNS Query"}
{"message": "Decoded DNS Query: YkmRh2nr.madeupsetup.eu.us-west-1.ec2-utilities.amazonaws.com.", "timestamp": 1726413984.3107414, "attack_type": "DNS Query"}
{"message": "Intrusion Detected: Possible DNS exfiltration in query YkmRh2nr.madeupsetup.eu.us-west-1.ec2-utilities.amazonaws.com.", "timestamp": 1726413984.495694, "attack_type": "DNS Exfiltration"}
{"message": "Intrusion Detected: Port scanning detected from 8.8.8.8", "timestamp": 1726413984.6536093, "attack_type": "Port Scan"}
{"message": "Detected DNS Query: b'YkmRh2nr.madeupsetup.eu.windomain.local.' with encoding ascii", "timestamp": 1726413984.9125986, "attack_type": "DNS Query"}
{"message": "Decoded DNS Query: YkmRh2nr.madeupsetup.eu.windomain.local.", "timestamp": 1726413985.0110157, "attack_type": "DNS Query"}
{"message": "Detected DNS Query: b'YkmRh2nr.madeupsetup.eu.windomain.local.' with encoding ascii", "timestamp": 1726413985.1623917, "attack_type": "DNS Query"}
{"message": "Decoded DNS Query: YkmRh2nr.madeupsetup.eu.windomain.local.", "timestamp": 1726413985.295139, "attack_type": "DNS Query"}
{"message": "Intrusion Detected: Port scanning detected from 8.8.8.8", "timestamp": 1726413985.4468815, "attack_type": "Port Scan"}
{"message": "Detected DNS Query: b'OTPSYXkE.madeupsetup.eu.' with encoding ascii", "timestamp": 1726413985.6114047, "attack_type": "DNS Query"}
{"message": "Decoded DNS Query: OTPSYXkE.madeupsetup.eu.", "timestamp": 1726413985.7202551, "attack_type": "DNS Query"}
{"message": "Detected DNS Query: b'OTPSYXkE.madeupsetup.eu.' with encoding ascii", "timestamp": 1726413985.8790443, "attack_type": "DNS Query"}
{"message": "Decoded DNS Query: OTPSYXkE.madeupsetup.eu.", "timestamp": 1726413986.037387, "attack_type": "DNS Query"}
{"message": "Intrusion Detected: Port scanning detected from 8.8.8.8", "timestamp": 1726413986.1863456, "attack_type": "Port Scan"}
{"message": "Detected DNS Query: b'OTPSYXkE.madeupsetup.eu.us-west-1.ec2-utilities.amazonaws.com.' with encoding ascii", "timestamp": 1726413986.337414, "attack_type": "DNS Query"}
{"message": "Decoded DNS Query: OTPSYXkE.madeupsetup.eu.us-west-1.ec2-utilities.amazonaws.com.", "timestamp": 1726413986.470207, "attack_type": "DNS Query"}
{"message": "Intrusion Detected: Possible DNS exfiltration in query OTPSYXkE.madeupsetup.eu.us-west-1.ec2-utilities.amazonaws.com.", "timestamp": 1726413986.5953596, "attack_type": "DNS Exfiltration"}
[INFO] Flow: ('8.8.8.8', '192.168.38.104', 53, 65470, 'UDP'), Data Transferred: 162 bytes
[INFO] Flow: ('192.168.38.104', '8.8.8.8', 65471, 53, 'UDP'), Data Transferred: 121 bytes
[INFO] Flow: ('8.8.8.8', '192.168.38.104', 53, 65471, 'UDP'), Data Transferred: 209 bytes
[INFO] Flow: ('192.168.38.104', '8.8.8.8', 65472, 53, 'UDP'), Data Transferred: 99 bytes
[INFO] Flow: ('8.8.8.8', '192.168.38.104', 53, 65472, 'UDP'), Data Transferred: 174 bytes
[INFO] Flow: ('192.168.38.104', '8.8.8.8', 65473, 53, 'UDP'), Data Transferred: 83 bytes
[INFO] Flow: ('18.217.1.57', '192.168.38.104', 80, 63647, 'TCP'), Data Transferred: 179 bytes
[INFO] Flow: ('8.8.8.8', '192.168.38.104', 53, 65473, 'UDP'), Data Transferred: 162 bytes
[INFO] Flow: ('192.168.38.104', '8.8.8.8', 65474, 53, 'UDP'), Data Transferred: 121 bytes
[INFO] Flow: ('192.168.38.104', '192.168.38.103', 63635, 5985, 'TCP'), Data Transferred: 64230 bytes
{"message": "Traffic Anomaly Detected: 192.168.38.104 shows sudden traffic spike. Current: 64230, Avg: 6575.4", "timestamp": 1726413986.6874077, "attack_type": "Traffic Anomaly"}
{"message": "Traffic Anomaly Detected: 192.168.38.104 shows sudden traffic spike. Current: 67201, Avg: 13283.4", "timestamp": 1726413986.8610394, "attack_type": "Traffic Anomaly"}
{"message": "Traffic Anomaly Detected: 192.168.38.104 shows sudden traffic spike. Current: 67255, Avg: 19999.0", "timestamp": 1726413987.0123236, "attack_type": "Traffic Anomaly"}
{"message": "Detected DNS Query: b'OTPSYXkE.madeupsetup.eu.us-west-1.ec2-utilities.amazonaws.com.' with encoding ascii", "timestamp": 1726413987.1625886, "attack_type": "DNS Query"}
{"message": "Decoded DNS Query: OTPSYXkE.madeupsetup.eu.us-west-1.ec2-utilities.amazonaws.com.", "timestamp": 1726413987.319663, "attack_type": "DNS Query"}
{"message": "Intrusion Detected: Possible DNS exfiltration in query OTPSYXkE.madeupsetup.eu.us-west-1.ec2-utilities.amazonaws.com.", "timestamp": 1726413987.4869983, "attack_type": "DNS Exfiltration"}
{"message": "Intrusion Detected: Port scanning detected from 8.8.8.8", "timestamp": 1726413987.7195015, "attack_type": "Port Scan"}
{"message": "Detected DNS Query: b'OTPSYXkE.madeupsetup.eu.windomain.local.' with encoding ascii", "timestamp": 1726413987.828654, "attack_type": "DNS Query"}
{"message": "Decoded DNS Query: OTPSYXkE.madeupsetup.eu.windomain.local.", "timestamp": 1726413987.952618, "attack_type": "DNS Query"}
{"message": "Detected DNS Query: b'OTPSYXkE.madeupsetup.eu.windomain.local.' with encoding ascii", "timestamp": 1726413988.1372833, "attack_type": "DNS Query"}
{"message": "Decoded DNS Query: OTPSYXkE.madeupsetup.eu.windomain.local.", "timestamp": 1726413988.2947779, "attack_type": "DNS Query"}
{"message": "Intrusion Detected: Port scanning detected from 8.8.8.8", "timestamp": 1726413988.4370723, "attack_type": "Port Scan"}
{"message": "Detected DNS Query: b'uXvd48AT.madeupsetup.eu.' with encoding ascii", "timestamp": 1726413988.5623434, "attack_type": "DNS Query"}
{"message": "Decoded DNS Query: uXvd48AT.madeupsetup.eu.", "timestamp": 1726413988.68683, "attack_type": "DNS Query"}
[INFO] Flow: ('192.168.38.104', '192.168.38.103', 63635, 5985, 'TCP'), Data Transferred: 67201 bytes
[INFO] Flow: ('192.168.38.103', '192.168.38.104', 5985, 63635, 'TCP'), Data Transferred: 34439 bytes
[INFO] Flow: ('192.168.38.103', '192.168.38.104', 5985, 63635, 'TCP'), Data Transferred: 35953 bytes
[INFO] Flow: ('192.168.38.103', '192.168.38.104', 5985, 63635, 'TCP'), Data Transferred: 36506 bytes
[INFO] Flow: ('192.168.38.104', '192.168.38.103', 63635, 5985, 'TCP'), Data Transferred: 67255 bytes
[INFO] Flow: ('8.8.8.8', '192.168.38.104', 53, 65474, 'UDP'), Data Transferred: 221 bytes
[INFO] Flow: ('192.168.38.104', '8.8.8.8', 65475, 53, 'UDP'), Data Transferred: 99 bytes
[INFO] Flow: ('8.8.8.8', '192.168.38.104', 53, 65475, 'UDP'), Data Transferred: 174 bytes
[INFO] Flow: ('192.168.38.104', '8.8.8.8', 65476, 53, 'UDP'), Data Transferred: 83 bytes
[INFO] Flow: ('8.8.8.8', '192.168.38.104', 53, 65476, 'UDP'), Data Transferred: 162 bytes
{"message": "Detected DNS Query: b'uXvd48AT.madeupsetup.eu.' with encoding ascii", "timestamp": 1726413988.8122513, "attack_type": "DNS Query"}
{"message": "Decoded DNS Query: uXvd48AT.madeupsetup.eu.", "timestamp": 1726413988.9199097, "attack_type": "DNS Query"}
{"message": "Intrusion Detected: Port scanning detected from 8.8.8.8", "timestamp": 1726413989.0609226, "attack_type": "Port Scan"}
{"message": "Detected DNS Query: b'uXvd48AT.madeupsetup.eu.us-west-1.ec2-utilities.amazonaws.com.' with encoding ascii", "timestamp": 1726413989.1875544, "attack_type": "DNS Query"}
{"message": "Decoded DNS Query: uXvd48AT.madeupsetup.eu.us-west-1.ec2-utilities.amazonaws.com.", "timestamp": 1726413989.31149, "attack_type": "DNS Query"}
{"message": "Intrusion Detected: Possible DNS exfiltration in query uXvd48AT.madeupsetup.eu.us-west-1.ec2-utilities.amazonaws.com.", "timestamp": 1726413989.4786165, "attack_type": "DNS Exfiltration"}
{"message": "Detected DNS Query: b'uXvd48AT.madeupsetup.eu.us-west-1.ec2-utilities.amazonaws.com.' with encoding ascii", "timestamp": 1726413989.5622895, "attack_type": "DNS Query"}
{"message": "Decoded DNS Query: uXvd48AT.madeupsetup.eu.us-west-1.ec2-utilities.amazonaws.com.", "timestamp": 1726413989.69592, "attack_type": "DNS Query"}
{"message": "Intrusion Detected: Possible DNS exfiltration in query uXvd48AT.madeupsetup.eu.us-west-1.ec2-utilities.amazonaws.com.", "timestamp": 1726413989.844477, "attack_type": "DNS Exfiltration"}
{"message": "Intrusion Detected: Port scanning detected from 8.8.8.8", "timestamp": 1726413989.994549, "attack_type": "Port Scan"}
{"message": "Detected DNS Query: b'uXvd48AT.madeupsetup.eu.windomain.local.' with encoding ascii", "timestamp": 1726413990.0873682, "attack_type": "DNS Query"}
{"message": "Decoded DNS Query: uXvd48AT.madeupsetup.eu.windomain.local.", "timestamp": 1726413990.2449155, "attack_type": "DNS Query"}
{"message": "Detected DNS Query: b'uXvd48AT.madeupsetup.eu.windomain.local.' with encoding ascii", "timestamp": 1726413990.3789582, "attack_type": "DNS Query"}
{"message": "Decoded DNS Query: uXvd48AT.madeupsetup.eu.windomain.local.", "timestamp": 1726413990.5112994, "attack_type": "DNS Query"}
{"message": "Intrusion Detected: Port scanning detected from 8.8.8.8", "timestamp": 1726413990.636493, "attack_type": "Port Scan"}
{"message": "Detected DNS Query: b'/PNsKWtj.madeupsetup.eu.' with encoding ascii", "timestamp": 1726413990.7613628, "attack_type": "DNS Query"}
{"message": "Decoded DNS Query: /PNsKWtj.madeupsetup.eu.", "timestamp": 1726413990.9357073, "attack_type": "DNS Query"}
{"message": "Detected DNS Query: b'/PNsKWtj.madeupsetup.eu.' with encoding ascii", "timestamp": 1726413991.020315, "attack_type": "DNS Query"}
{"message": "Decoded DNS Query: /PNsKWtj.madeupsetup.eu.", "timestamp": 1726413991.1447086, "attack_type": "DNS Query"}
{"message": "Intrusion Detected: Port scanning detected from 8.8.8.8", "timestamp": 1726413991.311571, "attack_type": "Port Scan"}
{"message": "Detected DNS Query: b'/PNsKWtj.madeupsetup.eu.us-west-1.ec2-utilities.amazonaws.com.' with encoding ascii", "timestamp": 1726413991.4286516, "attack_type": "DNS Query"}
{"message": "Decoded DNS Query: /PNsKWtj.madeupsetup.eu.us-west-1.ec2-utilities.amazonaws.com.", "timestamp": 1726413991.5623748, "attack_type": "DNS Query"}
{"message": "Intrusion Detected: Possible DNS exfiltration in query /PNsKWtj.madeupsetup.eu.us-west-1.ec2-utilities.amazonaws.com.", "timestamp": 1726413991.7610815, "attack_type": "DNS Exfiltration"}
{"message": "Detected DNS Query: b'/PNsKWtj.madeupsetup.eu.us-west-1.ec2-utilities.amazonaws.com.' with encoding ascii", "timestamp": 1726413991.8874445, "attack_type": "DNS Query"}
{"message": "Decoded DNS Query: /PNsKWtj.madeupsetup.eu.us-west-1.ec2-utilities.amazonaws.com.", "timestamp": 1726413992.011228, "attack_type": "DNS Query"}
{"message": "Intrusion Detected: Possible DNS exfiltration in query /PNsKWtj.madeupsetup.eu.us-west-1.ec2-utilities.amazonaws.com.", "timestamp": 1726413992.1451085, "attack_type": "DNS Exfiltration"}
{"message": "Intrusion Detected: Port scanning detected from 8.8.8.8", "timestamp": 1726413992.2282176, "attack_type": "Port Scan"}
{"message": "Detected DNS Query: b'/PNsKWtj.madeupsetup.eu.windomain.local.' with encoding ascii", "timestamp": 1726413992.3656764, "attack_type": "DNS Query"}
{"message": "Decoded DNS Query: /PNsKWtj.madeupsetup.eu.windomain.local.", "timestamp": 1726413992.5026438, "attack_type": "DNS Query"}
[INFO] Flow: ('192.168.38.104', '8.8.8.8', 65477, 53, 'UDP'), Data Transferred: 121 bytes
[INFO] Flow: ('8.8.8.8', '192.168.38.104', 53, 65477, 'UDP'), Data Transferred: 221 bytes
[INFO] Flow: ('192.168.38.104', '8.8.8.8', 65478, 53, 'UDP'), Data Transferred: 99 bytes
[INFO] Flow: ('8.8.8.8', '192.168.38.104', 53, 65478, 'UDP'), Data Transferred: 174 bytes
[INFO] Flow: ('192.168.38.104', '8.8.8.8', 65479, 53, 'UDP'), Data Transferred: 83 bytes
[INFO] Flow: ('8.8.8.8', '192.168.38.104', 53, 65479, 'UDP'), Data Transferred: 162 bytes
[INFO] Flow: ('192.168.38.104', '8.8.8.8', 65480, 53, 'UDP'), Data Transferred: 121 bytes
[INFO] Flow: ('8.8.8.8', '192.168.38.104', 53, 65480, 'UDP'), Data Transferred: 209 bytes
[INFO] Flow: ('192.168.38.104', '8.8.8.8', 65481, 53, 'UDP'), Data Transferred: 99 bytes
[INFO] Flow: ('8.8.8.8', '192.168.38.104', 53, 65481, 'UDP'), Data Transferred: 174 bytes
{"message": "Detected DNS Query: b'/PNsKWtj.madeupsetup.eu.windomain.local.' with encoding ascii", "timestamp": 1726413992.636682, "attack_type": "DNS Query"}
{"message": "Decoded DNS Query: /PNsKWtj.madeupsetup.eu.windomain.local.", "timestamp": 1726413992.7783728, "attack_type": "DNS Query"}
{"message": "Intrusion Detected: Port scanning detected from 8.8.8.8", "timestamp": 1726413992.9279346, "attack_type": "Port Scan"}
{"message": "Detected DNS Query: b'tFSfHl/9.madeupsetup.eu.' with encoding ascii", "timestamp": 1726413993.094774, "attack_type": "DNS Query"}
{"message": "Decoded DNS Query: tFSfHl/9.madeupsetup.eu.", "timestamp": 1726413993.187442, "attack_type": "DNS Query"}
{"message": "Detected DNS Query: b'tFSfHl/9.madeupsetup.eu.' with encoding ascii", "timestamp": 1726413993.344705, "attack_type": "DNS Query"}
{"message": "Decoded DNS Query: tFSfHl/9.madeupsetup.eu.", "timestamp": 1726413993.503377, "attack_type": "DNS Query"}
{"message": "Intrusion Detected: Port scanning detected from 8.8.8.8", "timestamp": 1726413993.6525679, "attack_type": "Port Scan"}
{"message": "Detected DNS Query: b'tFSfHl/9.madeupsetup.eu.us-west-1.ec2-utilities.amazonaws.com.' with encoding ascii", "timestamp": 1726413993.7945657, "attack_type": "DNS Query"}
{"message": "Decoded DNS Query: tFSfHl/9.madeupsetup.eu.us-west-1.ec2-utilities.amazonaws.com.", "timestamp": 1726413993.9613302, "attack_type": "DNS Query"}
{"message": "Intrusion Detected: Possible DNS exfiltration in query tFSfHl/9.madeupsetup.eu.us-west-1.ec2-utilities.amazonaws.com.", "timestamp": 1726413994.103358, "attack_type": "DNS Exfiltration"}
{"message": "Detected DNS Query: b'tFSfHl/9.madeupsetup.eu.us-west-1.ec2-utilities.amazonaws.com.' with encoding ascii", "timestamp": 1726413994.2447157, "attack_type": "DNS Query"}
{"message": "Decoded DNS Query: tFSfHl/9.madeupsetup.eu.us-west-1.ec2-utilities.amazonaws.com.", "timestamp": 1726413994.353204, "attack_type": "DNS Query"}
{"message": "Intrusion Detected: Possible DNS exfiltration in query tFSfHl/9.madeupsetup.eu.us-west-1.ec2-utilities.amazonaws.com.", "timestamp": 1726413994.484031, "attack_type": "DNS Exfiltration"}
{"message": "Intrusion Detected: Port scanning detected from 8.8.8.8", "timestamp": 1726413994.6198275, "attack_type": "Port Scan"}
{"message": "Detected DNS Query: b'tFSfHl/9.madeupsetup.eu.windomain.local.' with encoding ascii", "timestamp": 1726413994.761229, "attack_type": "DNS Query"}
{"message": "Decoded DNS Query: tFSfHl/9.madeupsetup.eu.windomain.local.", "timestamp": 1726413994.9275737, "attack_type": "DNS Query"}
{"message": "Detected DNS Query: b'tFSfHl/9.madeupsetup.eu.windomain.local.' with encoding ascii", "timestamp": 1726413995.1034312, "attack_type": "DNS Query"}
{"message": "Decoded DNS Query: tFSfHl/9.madeupsetup.eu.windomain.local.", "timestamp": 1726413995.2357116, "attack_type": "DNS Query"}
{"message": "Intrusion Detected: Port scanning detected from 8.8.8.8", "timestamp": 1726413995.377646, "attack_type": "Port Scan"}
{"message": "Detected DNS Query: b'5HyMGCS6.madeupsetup.eu.' with encoding ascii", "timestamp": 1726413995.5112212, "attack_type": "DNS Query"}
{"message": "Decoded DNS Query: 5HyMGCS6.madeupsetup.eu.", "timestamp": 1726413995.6524644, "attack_type": "DNS Query"}
{"message": "Detected DNS Query: b'5HyMGCS6.madeupsetup.eu.' with encoding ascii", "timestamp": 1726413995.803583, "attack_type": "DNS Query"}
{"message": "Decoded DNS Query: 5HyMGCS6.madeupsetup.eu.", "timestamp": 1726413995.8865683, "attack_type": "DNS Query"}
{"message": "Intrusion Detected: Port scanning detected from 8.8.8.8", "timestamp": 1726413996.0358965, "attack_type": "Port Scan"}
{"message": "Detected DNS Query: b'5HyMGCS6.madeupsetup.eu.us-west-1.ec2-utilities.amazonaws.com.' with encoding ascii", "timestamp": 1726413996.1536875, "attack_type": "DNS Query"}
{"message": "Decoded DNS Query: 5HyMGCS6.madeupsetup.eu.us-west-1.ec2-utilities.amazonaws.com.", "timestamp": 1726413996.2945964, "attack_type": "DNS Query"}
{"message": "Intrusion Detected: Possible DNS exfiltration in query 5HyMGCS6.madeupsetup.eu.us-west-1.ec2-utilities.amazonaws.com.", "timestamp": 1726413996.4444513, "attack_type": "DNS Exfiltration"}
[INFO] Flow: ('192.168.38.104', '8.8.8.8', 65482, 53, 'UDP'), Data Transferred: 83 bytes
[INFO] Flow: ('8.8.8.8', '192.168.38.104', 53, 65482, 'UDP'), Data Transferred: 162 bytes
[INFO] Flow: ('192.168.38.104', '8.8.8.8', 65483, 53, 'UDP'), Data Transferred: 121 bytes
[INFO] Flow: ('8.8.8.8', '192.168.38.104', 53, 65483, 'UDP'), Data Transferred: 221 bytes
[INFO] Flow: ('192.168.38.104', '8.8.8.8', 65484, 53, 'UDP'), Data Transferred: 99 bytes
[INFO] Flow: ('8.8.8.8', '192.168.38.104', 53, 65484, 'UDP'), Data Transferred: 174 bytes
[INFO] Flow: ('192.168.38.104', '8.8.8.8', 65485, 53, 'UDP'), Data Transferred: 83 bytes
[INFO] Flow: ('8.8.8.8', '192.168.38.104', 53, 65485, 'UDP'), Data Transferred: 162 bytes
[INFO] Flow: ('192.168.38.104', '8.8.8.8', 65486, 53, 'UDP'), Data Transferred: 121 bytes
[INFO] Flow: ('8.8.8.8', '192.168.38.104', 53, 65486, 'UDP'), Data Transferred: 221 bytes
{"message": "Detected DNS Query: b'5HyMGCS6.madeupsetup.eu.us-west-1.ec2-utilities.amazonaws.com.' with encoding ascii", "timestamp": 1726413996.5204797, "attack_type": "DNS Query"}
{"message": "Decoded DNS Query: 5HyMGCS6.madeupsetup.eu.us-west-1.ec2-utilities.amazonaws.com.", "timestamp": 1726413996.654075, "attack_type": "DNS Query"}
{"message": "Intrusion Detected: Possible DNS exfiltration in query 5HyMGCS6.madeupsetup.eu.us-west-1.ec2-utilities.amazonaws.com.", "timestamp": 1726413996.7865767, "attack_type": "DNS Exfiltration"}
{"message": "Intrusion Detected: Port scanning detected from 8.8.8.8", "timestamp": 1726413996.9356833, "attack_type": "Port Scan"}
{"message": "Detected DNS Query: b'5HyMGCS6.madeupsetup.eu.windomain.local.' with encoding ascii", "timestamp": 1726413997.1115787, "attack_type": "DNS Query"}
{"message": "Decoded DNS Query: 5HyMGCS6.madeupsetup.eu.windomain.local.", "timestamp": 1726413997.2529078, "attack_type": "DNS Query"}
{"message": "Detected DNS Query: b'5HyMGCS6.madeupsetup.eu.windomain.local.' with encoding ascii", "timestamp": 1726413997.3282297, "attack_type": "DNS Query"}
{"message": "Decoded DNS Query: 5HyMGCS6.madeupsetup.eu.windomain.local.", "timestamp": 1726413997.4689531, "attack_type": "DNS Query"}
{"message": "Intrusion Detected: Port scanning detected from 8.8.8.8", "timestamp": 1726413997.6022387, "attack_type": "Port Scan"}
{"message": "Detected DNS Query: b'1FjuRiR8.madeupsetup.eu.' with encoding ascii", "timestamp": 1726413997.7284634, "attack_type": "DNS Query"}
{"message": "Decoded DNS Query: 1FjuRiR8.madeupsetup.eu.", "timestamp": 1726413997.8524241, "attack_type": "DNS Query"}
{"message": "Detected DNS Query: b'1FjuRiR8.madeupsetup.eu.' with encoding ascii", "timestamp": 1726413997.9369168, "attack_type": "DNS Query"}
{"message": "Decoded DNS Query: 1FjuRiR8.madeupsetup.eu.", "timestamp": 1726413998.06125, "attack_type": "DNS Query"}
{"message": "Intrusion Detected: Port scanning detected from 8.8.8.8", "timestamp": 1726413998.2190237, "attack_type": "Port Scan"}
{"message": "Detected DNS Query: b'1FjuRiR8.madeupsetup.eu.us-west-1.ec2-utilities.amazonaws.com.' with encoding ascii", "timestamp": 1726413998.3869555, "attack_type": "DNS Query"}
{"message": "Decoded DNS Query: 1FjuRiR8.madeupsetup.eu.us-west-1.ec2-utilities.amazonaws.com.", "timestamp": 1726413998.5362093, "attack_type": "DNS Query"}
{"message": "Intrusion Detected: Possible DNS exfiltration in query 1FjuRiR8.madeupsetup.eu.us-west-1.ec2-utilities.amazonaws.com.", "timestamp": 1726413998.6784446, "attack_type": "DNS Exfiltration"}
{"message": "Detected DNS Query: b'1FjuRiR8.madeupsetup.eu.us-west-1.ec2-utilities.amazonaws.com.' with encoding ascii", "timestamp": 1726413998.836813, "attack_type": "DNS Query"}
{"message": "Decoded DNS Query: 1FjuRiR8.madeupsetup.eu.us-west-1.ec2-utilities.amazonaws.com.", "timestamp": 1726413998.9936173, "attack_type": "DNS Query"}
{"message": "Intrusion Detected: Possible DNS exfiltration in query 1FjuRiR8.madeupsetup.eu.us-west-1.ec2-utilities.amazonaws.com.", "timestamp": 1726413999.1697772, "attack_type": "DNS Exfiltration"}
{"message": "Intrusion Detected: Port scanning detected from 8.8.8.8", "timestamp": 1726413999.3445907, "attack_type": "Port Scan"}
{"message": "Detected DNS Query: b'1FjuRiR8.madeupsetup.eu.windomain.local.' with encoding ascii", "timestamp": 1726413999.486258, "attack_type": "DNS Query"}
{"message": "Decoded DNS Query: 1FjuRiR8.madeupsetup.eu.windomain.local.", "timestamp": 1726413999.635681, "attack_type": "DNS Query"}
{"message": "Detected DNS Query: b'1FjuRiR8.madeupsetup.eu.windomain.local.' with encoding ascii", "timestamp": 1726413999.736844, "attack_type": "DNS Query"}
{"message": "Decoded DNS Query: 1FjuRiR8.madeupsetup.eu.windomain.local.", "timestamp": 1726413999.86908, "attack_type": "DNS Query"}
{"message": "Intrusion Detected: Port scanning detected from 8.8.8.8", "timestamp": 1726414000.0455747, "attack_type": "Port Scan"}
{"message": "Detected DNS Query: b'jVZNhQOT.madeupsetup.eu.' with encoding ascii", "timestamp": 1726414000.1942894, "attack_type": "DNS Query"}
{"message": "Decoded DNS Query: jVZNhQOT.madeupsetup.eu.", "timestamp": 1726414000.3524516, "attack_type": "DNS Query"}
[INFO] Flow: ('192.168.38.104', '8.8.8.8', 65487, 53, 'UDP'), Data Transferred: 99 bytes
[INFO] Flow: ('8.8.8.8', '192.168.38.104', 53, 65487, 'UDP'), Data Transferred: 174 bytes
[INFO] Flow: ('192.168.38.104', '8.8.8.8', 65488, 53, 'UDP'), Data Transferred: 83 bytes
[INFO] Flow: ('8.8.8.8', '192.168.38.104', 53, 65488, 'UDP'), Data Transferred: 162 bytes
[INFO] Flow: ('192.168.38.104', '8.8.8.8', 65489, 53, 'UDP'), Data Transferred: 121 bytes
[INFO] Flow: ('8.8.8.8', '192.168.38.104', 53, 65489, 'UDP'), Data Transferred: 209 bytes
[INFO] Flow: ('192.168.38.104', '8.8.8.8', 65490, 53, 'UDP'), Data Transferred: 99 bytes
[INFO] Flow: ('8.8.8.8', '192.168.38.104', 53, 65490, 'UDP'), Data Transferred: 174 bytes
[INFO] Flow: ('192.168.38.104', '8.8.8.8', 65491, 53, 'UDP'), Data Transferred: 83 bytes
[INFO] Flow: ('192.168.38.104', '18.217.1.57', 63649, 80, 'TCP'), Data Transferred: 66 bytes
{"message": "Intrusion Detected: HTTP Covert Channel Detected in User-Agent: Mozilla/5.0 (Windows NT 10.0; Win64; x64) AppleWebKit/537.36 (KHTML, like Gecko) Chrome/84.0.4147.105 Safari/537.36", "timestamp": 1726414000.820118, "attack_type": "HTTP Covert Channel"}
{"message": "Traffic Anomaly Detected: 192.168.38.104 shows sudden traffic spike. Current: 623, Avg: 147.7", "timestamp": 1726414000.9192328, "attack_type": "Traffic Anomaly"}
{"message": "Detected DNS Query: b'jVZNhQOT.madeupsetup.eu.' with encoding ascii", "timestamp": 1726414001.0526388, "attack_type": "DNS Query"}
{"message": "Decoded DNS Query: jVZNhQOT.madeupsetup.eu.", "timestamp": 1726414001.210862, "attack_type": "DNS Query"}
{"message": "Intrusion Detected: Port scanning detected from 8.8.8.8", "timestamp": 1726414001.3356457, "attack_type": "Port Scan"}
{"message": "Detected DNS Query: b'jVZNhQOT.madeupsetup.eu.us-west-1.ec2-utilities.amazonaws.com.' with encoding ascii", "timestamp": 1726414001.4606314, "attack_type": "DNS Query"}
{"message": "Decoded DNS Query: jVZNhQOT.madeupsetup.eu.us-west-1.ec2-utilities.amazonaws.com.", "timestamp": 1726414001.543906, "attack_type": "DNS Query"}
{"message": "Intrusion Detected: Possible DNS exfiltration in query jVZNhQOT.madeupsetup.eu.us-west-1.ec2-utilities.amazonaws.com.", "timestamp": 1726414001.6852765, "attack_type": "DNS Exfiltration"}
{"message": "Detected DNS Query: b'jVZNhQOT.madeupsetup.eu.us-west-1.ec2-utilities.amazonaws.com.' with encoding ascii", "timestamp": 1726414001.8597586, "attack_type": "DNS Query"}
{"message": "Decoded DNS Query: jVZNhQOT.madeupsetup.eu.us-west-1.ec2-utilities.amazonaws.com.", "timestamp": 1726414002.027498, "attack_type": "DNS Query"}
{"message": "Intrusion Detected: Possible DNS exfiltration in query jVZNhQOT.madeupsetup.eu.us-west-1.ec2-utilities.amazonaws.com.", "timestamp": 1726414002.1785135, "attack_type": "DNS Exfiltration"}
{"message": "Intrusion Detected: Port scanning detected from 8.8.8.8", "timestamp": 1726414002.3276258, "attack_type": "Port Scan"}
{"message": "Detected DNS Query: b'jVZNhQOT.madeupsetup.eu.windomain.local.' with encoding ascii", "timestamp": 1726414002.4778683, "attack_type": "DNS Query"}
{"message": "Decoded DNS Query: jVZNhQOT.madeupsetup.eu.windomain.local.", "timestamp": 1726414002.5854359, "attack_type": "DNS Query"}
{"message": "Detected DNS Query: b'jVZNhQOT.madeupsetup.eu.windomain.local.' with encoding ascii", "timestamp": 1726414002.761251, "attack_type": "DNS Query"}
{"message": "Decoded DNS Query: jVZNhQOT.madeupsetup.eu.windomain.local.", "timestamp": 1726414002.919307, "attack_type": "DNS Query"}
{"message": "Intrusion Detected: Port scanning detected from 8.8.8.8", "timestamp": 1726414003.08592, "attack_type": "Port Scan"}
{"message": "Detected DNS Query: b'ZtxW+iuv.madeupsetup.eu.' with encoding ascii", "timestamp": 1726414003.2111945, "attack_type": "DNS Query"}
{"message": "Decoded DNS Query: ZtxW+iuv.madeupsetup.eu.", "timestamp": 1726414003.3522744, "attack_type": "DNS Query"}
[INFO] Flow: ('192.168.38.104', '18.217.1.57', 63648, 80, 'TCP'), Data Transferred: 623 bytes
[INFO] Flow: ('8.8.8.8', '192.168.38.104', 53, 65491, 'UDP'), Data Transferred: 162 bytes
[INFO] Flow: ('192.168.38.104', '8.8.8.8', 65492, 53, 'UDP'), Data Transferred: 121 bytes
[INFO] Flow: ('8.8.8.8', '192.168.38.104', 53, 65492, 'UDP'), Data Transferred: 209 bytes
[INFO] Flow: ('192.168.38.104', '8.8.8.8', 65493, 53, 'UDP'), Data Transferred: 99 bytes
[INFO] Flow: ('8.8.8.8', '192.168.38.104', 53, 65493, 'UDP'), Data Transferred: 174 bytes
[INFO] Flow: ('192.168.38.104', '8.8.8.8', 65494, 53, 'UDP'), Data Transferred: 83 bytes
[INFO] Flow: ('18.217.1.57', '192.168.38.104', 80, 63648, 'TCP'), Data Transferred: 54 bytes
[INFO] Flow: ('18.217.1.57', '192.168.38.104', 80, 63648, 'TCP'), Data Transferred: 125 bytes
[INFO] Packet dropped: Invalid TCP packet characteristics
{"message": "Traffic Anomaly Detected: 192.168.38.104 shows sudden traffic spike. Current: 677, Avg: 205.5", "timestamp": 1726414003.5279994, "attack_type": "Traffic Anomaly"}
{"message": "Detected DNS Query: b'ZtxW+iuv.madeupsetup.eu.' with encoding ascii", "timestamp": 1726414003.669354, "attack_type": "DNS Query"}
{"message": "Decoded DNS Query: ZtxW+iuv.madeupsetup.eu.", "timestamp": 1726414003.8689988, "attack_type": "DNS Query"}
{"message": "Intrusion Detected: Port scanning detected from 8.8.8.8", "timestamp": 1726414004.0607274, "attack_type": "Port Scan"}
{"message": "Detected DNS Query: b'ZtxW+iuv.madeupsetup.eu.us-west-1.ec2-utilities.amazonaws.com.' with encoding ascii", "timestamp": 1726414004.2526126, "attack_type": "DNS Query"}
{"message": "Decoded DNS Query: ZtxW+iuv.madeupsetup.eu.us-west-1.ec2-utilities.amazonaws.com.", "timestamp": 1726414004.426935, "attack_type": "DNS Query"}
{"message": "Intrusion Detected: Possible DNS exfiltration in query ZtxW+iuv.madeupsetup.eu.us-west-1.ec2-utilities.amazonaws.com.", "timestamp": 1726414004.5770445, "attack_type": "DNS Exfiltration"}
{"message": "Detected DNS Query: b'ZtxW+iuv.madeupsetup.eu.us-west-1.ec2-utilities.amazonaws.com.' with encoding ascii", "timestamp": 1726414004.7186558, "attack_type": "DNS Query"}
{"message": "Decoded DNS Query: ZtxW+iuv.madeupsetup.eu.us-west-1.ec2-utilities.amazonaws.com.", "timestamp": 1726414004.7935448, "attack_type": "DNS Query"}
{"message": "Intrusion Detected: Possible DNS exfiltration in query ZtxW+iuv.madeupsetup.eu.us-west-1.ec2-utilities.amazonaws.com.", "timestamp": 1726414004.9610589, "attack_type": "DNS Exfiltration"}
{"message": "Intrusion Detected: Port scanning detected from 8.8.8.8", "timestamp": 1726414005.1104887, "attack_type": "Port Scan"}
{"message": "Detected DNS Query: b'ZtxW+iuv.madeupsetup.eu.windomain.local.' with encoding ascii", "timestamp": 1726414005.2697365, "attack_type": "DNS Query"}
{"message": "Decoded DNS Query: ZtxW+iuv.madeupsetup.eu.windomain.local.", "timestamp": 1726414005.4106152, "attack_type": "DNS Query"}
[INFO] Flow: ('192.168.38.104', '18.217.1.57', 63648, 80, 'TCP'), Data Transferred: 677 bytes
[INFO] Packet dropped: Invalid TCP packet characteristics
[INFO] Flow: ('192.168.38.104', '18.217.1.57', 63649, 80, 'TCP'), Data Transferred: 120 bytes
[INFO] Packet dropped: Invalid TCP packet characteristics
[INFO] Flow: ('8.8.8.8', '192.168.38.104', 53, 65494, 'UDP'), Data Transferred: 162 bytes
[INFO] Flow: ('192.168.38.104', '8.8.8.8', 65495, 53, 'UDP'), Data Transferred: 121 bytes
[INFO] Flow: ('8.8.8.8', '192.168.38.104', 53, 65495, 'UDP'), Data Transferred: 221 bytes
[INFO] Flow: ('192.168.38.104', '8.8.8.8', 65496, 53, 'UDP'), Data Transferred: 99 bytes
[INFO] Flow: ('18.217.1.57', '192.168.38.104', 80, 63648, 'TCP'), Data Transferred: 179 bytes
[INFO] Flow: ('8.8.8.8', '192.168.38.104', 53, 65496, 'UDP'), Data Transferred: 174 bytes
{"message": "Detected DNS Query: b'ZtxW+iuv.madeupsetup.eu.windomain.local.' with encoding ascii", "timestamp": 1726414005.5036626, "attack_type": "DNS Query"}
{"message": "Decoded DNS Query: ZtxW+iuv.madeupsetup.eu.windomain.local.", "timestamp": 1726414005.727275, "attack_type": "DNS Query"}
{"message": "Intrusion Detected: Port scanning detected from 8.8.8.8", "timestamp": 1726414005.818729, "attack_type": "Port Scan"}
{"message": "Detected DNS Query: b'UWyNwFJZ.madeupsetup.eu.' with encoding ascii", "timestamp": 1726414006.036507, "attack_type": "DNS Query"}
{"message": "Decoded DNS Query: UWyNwFJZ.madeupsetup.eu.", "timestamp": 1726414006.1271188, "attack_type": "DNS Query"}
{"message": "Detected DNS Query: b'UWyNwFJZ.madeupsetup.eu.' with encoding ascii", "timestamp": 1726414006.2958267, "attack_type": "DNS Query"}
{"message": "Decoded DNS Query: UWyNwFJZ.madeupsetup.eu.", "timestamp": 1726414006.4857786, "attack_type": "DNS Query"}
{"message": "Intrusion Detected: Port scanning detected from 8.8.8.8", "timestamp": 1726414006.6363392, "attack_type": "Port Scan"}
{"message": "Detected DNS Query: b'UWyNwFJZ.madeupsetup.eu.us-west-1.ec2-utilities.amazonaws.com.' with encoding ascii", "timestamp": 1726414006.7788534, "attack_type": "DNS Query"}
{"message": "Decoded DNS Query: UWyNwFJZ.madeupsetup.eu.us-west-1.ec2-utilities.amazonaws.com.", "timestamp": 1726414006.929395, "attack_type": "DNS Query"}
{"message": "Intrusion Detected: Possible DNS exfiltration in query UWyNwFJZ.madeupsetup.eu.us-west-1.ec2-utilities.amazonaws.com.", "timestamp": 1726414007.0774221, "attack_type": "DNS Exfiltration"}
{"message": "Detected DNS Query: b'UWyNwFJZ.madeupsetup.eu.us-west-1.ec2-utilities.amazonaws.com.' with encoding ascii", "timestamp": 1726414007.1694336, "attack_type": "DNS Query"}
{"message": "Decoded DNS Query: UWyNwFJZ.madeupsetup.eu.us-west-1.ec2-utilities.amazonaws.com.", "timestamp": 1726414007.3022282, "attack_type": "DNS Query"}
{"message": "Intrusion Detected: Possible DNS exfiltration in query UWyNwFJZ.madeupsetup.eu.us-west-1.ec2-utilities.amazonaws.com.", "timestamp": 1726414007.4522116, "attack_type": "DNS Exfiltration"}
{"message": "Intrusion Detected: Port scanning detected from 8.8.8.8", "timestamp": 1726414007.5989864, "attack_type": "Port Scan"}
{"message": "Detected DNS Query: b'UWyNwFJZ.madeupsetup.eu.windomain.local.' with encoding ascii", "timestamp": 1726414007.6956093, "attack_type": "DNS Query"}
{"message": "Decoded DNS Query: UWyNwFJZ.madeupsetup.eu.windomain.local.", "timestamp": 1726414007.8606932, "attack_type": "DNS Query"}
{"message": "Detected DNS Query: b'UWyNwFJZ.madeupsetup.eu.windomain.local.' with encoding ascii", "timestamp": 1726414008.0855842, "attack_type": "DNS Query"}
{"message": "Decoded DNS Query: UWyNwFJZ.madeupsetup.eu.windomain.local.", "timestamp": 1726414008.2434928, "attack_type": "DNS Query"}
{"message": "Intrusion Detected: Port scanning detected from 8.8.8.8", "timestamp": 1726414008.3945844, "attack_type": "Port Scan"}
{"message": "Detected DNS Query: b'X2N0Znth.madeupsetup.eu.' with encoding ascii", "timestamp": 1726414008.5270896, "attack_type": "DNS Query"}
{"message": "Decoded DNS Query: X2N0Znth.madeupsetup.eu.", "timestamp": 1726414008.686501, "attack_type": "DNS Query"}
{"message": "Detected DNS Query: b'X2N0Znth.madeupsetup.eu.' with encoding ascii", "timestamp": 1726414008.760546, "attack_type": "DNS Query"}
{"message": "Decoded DNS Query: X2N0Znth.madeupsetup.eu.", "timestamp": 1726414008.9188802, "attack_type": "DNS Query"}
{"message": "Detected DNS Query: b'X2N0Znth.madeupsetup.eu.us-west-1.ec2-utilities.amazonaws.com.' with encoding ascii", "timestamp": 1726414009.06929, "attack_type": "DNS Query"}
{"message": "Decoded DNS Query: X2N0Znth.madeupsetup.eu.us-west-1.ec2-utilities.amazonaws.com.", "timestamp": 1726414009.2269619, "attack_type": "DNS Query"}
{"message": "Intrusion Detected: Possible DNS exfiltration in query X2N0Znth.madeupsetup.eu.us-west-1.ec2-utilities.amazonaws.com.", "timestamp": 1726414009.411039, "attack_type": "DNS Exfiltration"}
[INFO] Flow: ('192.168.38.104', '8.8.8.8', 65497, 53, 'UDP'), Data Transferred: 83 bytes
[INFO] Flow: ('8.8.8.8', '192.168.38.104', 53, 65497, 'UDP'), Data Transferred: 162 bytes
[INFO] Flow: ('192.168.38.104', '8.8.8.8', 65498, 53, 'UDP'), Data Transferred: 121 bytes
[INFO] Flow: ('8.8.8.8', '192.168.38.104', 53, 65498, 'UDP'), Data Transferred: 209 bytes
[INFO] Flow: ('192.168.38.104', '8.8.8.8', 65499, 53, 'UDP'), Data Transferred: 99 bytes
[INFO] Flow: ('8.8.8.8', '192.168.38.104', 53, 65499, 'UDP'), Data Transferred: 174 bytes
[INFO] Flow: ('192.168.38.104', '18.217.1.57', 65500, 53, 'UDP'), Data Transferred: 83 bytes
[INFO] Flow: ('18.217.1.57', '192.168.38.104', 53, 65500, 'UDP'), Data Transferred: 162 bytes
[INFO] Flow: ('192.168.38.104', '18.217.1.57', 65501, 53, 'UDP'), Data Transferred: 121 bytes
[INFO] Flow: ('18.217.1.57', '192.168.38.104', 53, 65501, 'UDP'), Data Transferred: 209 bytes
{"message": "Detected DNS Query: b'X2N0Znth.madeupsetup.eu.us-west-1.ec2-utilities.amazonaws.com.' with encoding ascii", "timestamp": 1726414009.5861597, "attack_type": "DNS Query"}
{"message": "Decoded DNS Query: X2N0Znth.madeupsetup.eu.us-west-1.ec2-utilities.amazonaws.com.", "timestamp": 1726414009.7439437, "attack_type": "DNS Query"}
{"message": "Intrusion Detected: Possible DNS exfiltration in query X2N0Znth.madeupsetup.eu.us-west-1.ec2-utilities.amazonaws.com.", "timestamp": 1726414009.9107602, "attack_type": "DNS Exfiltration"}
{"message": "Detected DNS Query: b'X2N0Znth.madeupsetup.eu.windomain.local.' with encoding ascii", "timestamp": 1726414010.0941525, "attack_type": "DNS Query"}
{"message": "Decoded DNS Query: X2N0Znth.madeupsetup.eu.windomain.local.", "timestamp": 1726414010.243361, "attack_type": "DNS Query"}
{"message": "Detected DNS Query: b'X2N0Znth.madeupsetup.eu.windomain.local.' with encoding ascii", "timestamp": 1726414010.3689456, "attack_type": "DNS Query"}
{"message": "Decoded DNS Query: X2N0Znth.madeupsetup.eu.windomain.local.", "timestamp": 1726414010.4936755, "attack_type": "DNS Query"}
{"message": "Detected DNS Query: b'MBJKiAFX.madeupsetup.eu.' with encoding ascii", "timestamp": 1726414010.569412, "attack_type": "DNS Query"}
{"message": "Decoded DNS Query: MBJKiAFX.madeupsetup.eu.", "timestamp": 1726414010.776574, "attack_type": "DNS Query"}
{"message": "Detected DNS Query: b'MBJKiAFX.madeupsetup.eu.' with encoding ascii", "timestamp": 1726414010.9025474, "attack_type": "DNS Query"}
{"message": "Decoded DNS Query: MBJKiAFX.madeupsetup.eu.", "timestamp": 1726414011.026731, "attack_type": "DNS Query"}
{"message": "Intrusion Detected: Port scanning detected from 8.8.8.8", "timestamp": 1726414011.1024714, "attack_type": "Port Scan"}
{"message": "Detected DNS Query: b'MBJKiAFX.madeupsetup.eu.us-west-1.ec2-utilities.amazonaws.com.' with encoding ascii", "timestamp": 1726414011.2355576, "attack_type": "DNS Query"}
{"message": "Decoded DNS Query: MBJKiAFX.madeupsetup.eu.us-west-1.ec2-utilities.amazonaws.com.", "timestamp": 1726414011.32684, "attack_type": "DNS Query"}
{"message": "Intrusion Detected: Possible DNS exfiltration in query MBJKiAFX.madeupsetup.eu.us-west-1.ec2-utilities.amazonaws.com.", "timestamp": 1726414011.4601905, "attack_type": "DNS Exfiltration"}
{"message": "Detected DNS Query: b'MBJKiAFX.madeupsetup.eu.us-west-1.ec2-utilities.amazonaws.com.' with encoding ascii", "timestamp": 1726414011.54417, "attack_type": "DNS Query"}
{"message": "Decoded DNS Query: MBJKiAFX.madeupsetup.eu.us-west-1.ec2-utilities.amazonaws.com.", "timestamp": 1726414011.6767025, "attack_type": "DNS Query"}
{"message": "Intrusion Detected: Possible DNS exfiltration in query MBJKiAFX.madeupsetup.eu.us-west-1.ec2-utilities.amazonaws.com.", "timestamp": 1726414011.8189921, "attack_type": "DNS Exfiltration"}
{"message": "Intrusion Detected: Port scanning detected from 8.8.8.8", "timestamp": 1726414011.951544, "attack_type": "Port Scan"}
{"message": "Detected DNS Query: b'MBJKiAFX.madeupsetup.eu.windomain.local.' with encoding ascii", "timestamp": 1726414012.1115947, "attack_type": "DNS Query"}
{"message": "Decoded DNS Query: MBJKiAFX.madeupsetup.eu.windomain.local.", "timestamp": 1726414012.2357626, "attack_type": "DNS Query"}
{"message": "Detected DNS Query: b'MBJKiAFX.madeupsetup.eu.windomain.local.' with encoding ascii", "timestamp": 1726414012.3269463, "attack_type": "DNS Query"}
{"message": "Decoded DNS Query: MBJKiAFX.madeupsetup.eu.windomain.local.", "timestamp": 1726414012.494143, "attack_type": "DNS Query"}
{"message": "Intrusion Detected: Port scanning detected from 8.8.8.8", "timestamp": 1726414012.6247802, "attack_type": "Port Scan"}
{"message": "Detected DNS Query: b'ZLRLdSKq.madeupsetup.eu.' with encoding ascii", "timestamp": 1726414012.7682571, "attack_type": "DNS Query"}
{"message": "Decoded DNS Query: ZLRLdSKq.madeupsetup.eu.", "timestamp": 1726414012.935356, "attack_type": "DNS Query"}
[INFO] Flow: ('192.168.38.104', '18.217.1.57', 65502, 53, 'UDP'), Data Transferred: 99 bytes
[INFO] Flow: ('18.217.1.57', '192.168.38.104', 53, 65502, 'UDP'), Data Transferred: 174 bytes
[INFO] Flow: ('192.168.38.104', '8.8.8.8', 65503, 53, 'UDP'), Data Transferred: 83 bytes
[INFO] Flow: ('8.8.8.8', '192.168.38.104', 53, 65503, 'UDP'), Data Transferred: 162 bytes
[INFO] Flow: ('192.168.38.104', '8.8.8.8', 65504, 53, 'UDP'), Data Transferred: 121 bytes
[INFO] Flow: ('8.8.8.8', '192.168.38.104', 53, 65504, 'UDP'), Data Transferred: 209 bytes
[INFO] Flow: ('192.168.38.104', '8.8.8.8', 65505, 53, 'UDP'), Data Transferred: 99 bytes
[INFO] Flow: ('8.8.8.8', '192.168.38.104', 53, 65505, 'UDP'), Data Transferred: 174 bytes
[INFO] Flow: ('192.168.38.104', '8.8.8.8', 65506, 53, 'UDP'), Data Transferred: 83 bytes
[INFO] Flow: ('8.8.8.8', '192.168.38.104', 53, 65506, 'UDP'), Data Transferred: 162 bytes
{"message": "Detected DNS Query: b'ZLRLdSKq.madeupsetup.eu.' with encoding ascii", "timestamp": 1726414013.1025927, "attack_type": "DNS Query"}
{"message": "Decoded DNS Query: ZLRLdSKq.madeupsetup.eu.", "timestamp": 1726414013.2267754, "attack_type": "DNS Query"}
{"message": "Intrusion Detected: Port scanning detected from 8.8.8.8", "timestamp": 1726414013.384766, "attack_type": "Port Scan"}
{"message": "Intrusion Detected: HTTP Covert Channel Detected in User-Agent: Mozilla/5.0 (Windows NT 10.0; Win64; x64) AppleWebKit/537.36 (KHTML, like Gecko) Chrome/84.0.4147.105 Safari/537.36", "timestamp": 1726414013.544471, "attack_type": "HTTP Covert Channel"}
{"message": "Traffic Anomaly Detected: 192.168.38.104 shows sudden traffic spike. Current: 623, Avg: 147.7", "timestamp": 1726414013.6764934, "attack_type": "Traffic Anomaly"}
{"message": "Detected DNS Query: b'ZLRLdSKq.madeupsetup.eu.us-west-1.ec2-utilities.amazonaws.com.' with encoding ascii", "timestamp": 1726414013.7700202, "attack_type": "DNS Query"}
{"message": "Decoded DNS Query: ZLRLdSKq.madeupsetup.eu.us-west-1.ec2-utilities.amazonaws.com.", "timestamp": 1726414013.9011116, "attack_type": "DNS Query"}
{"message": "Intrusion Detected: Possible DNS exfiltration in query ZLRLdSKq.madeupsetup.eu.us-west-1.ec2-utilities.amazonaws.com.", "timestamp": 1726414014.044301, "attack_type": "DNS Exfiltration"}
{"message": "Detected DNS Query: b'ZLRLdSKq.madeupsetup.eu.us-west-1.ec2-utilities.amazonaws.com.' with encoding ascii", "timestamp": 1726414014.2024817, "attack_type": "DNS Query"}
{"message": "Decoded DNS Query: ZLRLdSKq.madeupsetup.eu.us-west-1.ec2-utilities.amazonaws.com.", "timestamp": 1726414014.3598976, "attack_type": "DNS Query"}
{"message": "Intrusion Detected: Possible DNS exfiltration in query ZLRLdSKq.madeupsetup.eu.us-west-1.ec2-utilities.amazonaws.com.", "timestamp": 1726414014.5106468, "attack_type": "DNS Exfiltration"}
{"message": "Intrusion Detected: Port scanning detected from 8.8.8.8", "timestamp": 1726414014.6937997, "attack_type": "Port Scan"}
{"message": "Detected DNS Query: b'ZLRLdSKq.madeupsetup.eu.windomain.local.' with encoding ascii", "timestamp": 1726414014.851611, "attack_type": "DNS Query"}
{"message": "Decoded DNS Query: ZLRLdSKq.madeupsetup.eu.windomain.local.", "timestamp": 1726414014.9764624, "attack_type": "DNS Query"}
{"message": "Detected DNS Query: b'ZLRLdSKq.madeupsetup.eu.windomain.local.' with encoding ascii", "timestamp": 1726414015.0523586, "attack_type": "DNS Query"}
{"message": "Decoded DNS Query: ZLRLdSKq.madeupsetup.eu.windomain.local.", "timestamp": 1726414015.2017198, "attack_type": "DNS Query"}
{"message": "Intrusion Detected: Port scanning detected from 8.8.8.8", "timestamp": 1726414015.3596294, "attack_type": "Port Scan"}
{"message": "Detected DNS Query: b'++FVriJb.madeupsetup.eu.' with encoding ascii", "timestamp": 1726414015.5023918, "attack_type": "DNS Query"}
{"message": "Decoded DNS Query: ++FVriJb.madeupsetup.eu.", "timestamp": 1726414015.5933676, "attack_type": "DNS Query"}
[INFO] Flow: ('192.168.38.104', '18.217.1.57', 63650, 80, 'TCP'), Data Transferred: 66 bytes
[INFO] Flow: ('192.168.38.104', '18.217.1.57', 63649, 80, 'TCP'), Data Transferred: 623 bytes
[INFO] Flow: ('192.168.38.104', '8.8.8.8', 65507, 53, 'UDP'), Data Transferred: 121 bytes
[INFO] Flow: ('8.8.8.8', '192.168.38.104', 53, 65507, 'UDP'), Data Transferred: 221 bytes
[INFO] Flow: ('192.168.38.104', '8.8.8.8', 65508, 53, 'UDP'), Data Transferred: 99 bytes
[INFO] Flow: ('8.8.8.8', '192.168.38.104', 53, 65508, 'UDP'), Data Transferred: 174 bytes
[INFO] Flow: ('192.168.38.104', '8.8.8.8', 65509, 53, 'UDP'), Data Transferred: 83 bytes
[INFO] Packet dropped: Invalid TCP packet characteristics
[INFO] Flow: ('192.168.38.104', '18.217.1.57', 63650, 80, 'TCP'), Data Transferred: 120 bytes
[INFO] Flow: ('18.217.1.57', '192.168.38.104', 80, 63649, 'TCP'), Data Transferred: 54 bytes
{"message": "Traffic Anomaly Detected: 192.168.38.104 shows sudden traffic spike. Current: 677, Avg: 209.2", "timestamp": 1726414015.744011, "attack_type": "Traffic Anomaly"}
{"message": "Detected DNS Query: b'++FVriJb.madeupsetup.eu.' with encoding ascii", "timestamp": 1726414015.877182, "attack_type": "DNS Query"}
{"message": "Decoded DNS Query: ++FVriJb.madeupsetup.eu.", "timestamp": 1726414016.0242548, "attack_type": "DNS Query"}
{"message": "Intrusion Detected: Port scanning detected from 8.8.8.8", "timestamp": 1726414016.2268004, "attack_type": "Port Scan"}
{"message": "Detected DNS Query: b'++FVriJb.madeupsetup.eu.us-west-1.ec2-utilities.amazonaws.com.' with encoding ascii", "timestamp": 1726414016.376581, "attack_type": "DNS Query"}
{"message": "Decoded DNS Query: ++FVriJb.madeupsetup.eu.us-west-1.ec2-utilities.amazonaws.com.", "timestamp": 1726414016.5436292, "attack_type": "DNS Query"}
{"message": "Intrusion Detected: Possible DNS exfiltration in query ++FVriJb.madeupsetup.eu.us-west-1.ec2-utilities.amazonaws.com.", "timestamp": 1726414016.7003524, "attack_type": "DNS Exfiltration"}
{"message": "Detected DNS Query: b'++FVriJb.madeupsetup.eu.us-west-1.ec2-utilities.amazonaws.com.' with encoding ascii", "timestamp": 1726414016.8350134, "attack_type": "DNS Query"}
{"message": "Decoded DNS Query: ++FVriJb.madeupsetup.eu.us-west-1.ec2-utilities.amazonaws.com.", "timestamp": 1726414016.9898703, "attack_type": "DNS Query"}
{"message": "Intrusion Detected: Possible DNS exfiltration in query ++FVriJb.madeupsetup.eu.us-west-1.ec2-utilities.amazonaws.com.", "timestamp": 1726414017.126855, "attack_type": "DNS Exfiltration"}
{"message": "Intrusion Detected: Port scanning detected from 8.8.8.8", "timestamp": 1726414017.276183, "attack_type": "Port Scan"}
{"message": "Detected DNS Query: b'++FVriJb.madeupsetup.eu.windomain.local.' with encoding ascii", "timestamp": 1726414017.361079, "attack_type": "DNS Query"}
{"message": "Decoded DNS Query: ++FVriJb.madeupsetup.eu.windomain.local.", "timestamp": 1726414017.5021777, "attack_type": "DNS Query"}
[INFO] Flow: ('18.217.1.57', '192.168.38.104', 80, 63649, 'TCP'), Data Transferred: 125 bytes
[INFO] Packet dropped: Invalid TCP packet characteristics
[INFO] Flow: ('192.168.38.104', '18.217.1.57', 63649, 80, 'TCP'), Data Transferred: 677 bytes
[INFO] Packet dropped: Invalid TCP packet characteristics
[INFO] Flow: ('18.217.1.57', '192.168.38.104', 80, 63649, 'TCP'), Data Transferred: 179 bytes
[INFO] Flow: ('8.8.8.8', '192.168.38.104', 53, 65509, 'UDP'), Data Transferred: 162 bytes
[INFO] Flow: ('192.168.38.104', '8.8.8.8', 65510, 53, 'UDP'), Data Transferred: 121 bytes
[INFO] Flow: ('8.8.8.8', '192.168.38.104', 53, 65510, 'UDP'), Data Transferred: 221 bytes
[INFO] Flow: ('192.168.38.104', '8.8.8.8', 65511, 53, 'UDP'), Data Transferred: 99 bytes
[INFO] Flow: ('8.8.8.8', '192.168.38.104', 53, 65511, 'UDP'), Data Transferred: 174 bytes
{"message": "Detected DNS Query: b'++FVriJb.madeupsetup.eu.windomain.local.' with encoding ascii", "timestamp": 1726414017.6353855, "attack_type": "DNS Query"}
{"message": "Decoded DNS Query: ++FVriJb.madeupsetup.eu.windomain.local.", "timestamp": 1726414017.7653198, "attack_type": "DNS Query"}
{"message": "Intrusion Detected: Port scanning detected from 8.8.8.8", "timestamp": 1726414017.8435233, "attack_type": "Port Scan"}
{"message": "Detected DNS Query: b'S8mxGlhF.madeupsetup.eu.' with encoding ascii", "timestamp": 1726414017.9847085, "attack_type": "DNS Query"}
{"message": "Decoded DNS Query: S8mxGlhF.madeupsetup.eu.", "timestamp": 1726414018.1499057, "attack_type": "DNS Query"}
{"message": "Detected DNS Query: b'S8mxGlhF.madeupsetup.eu.' with encoding ascii", "timestamp": 1726414018.310648, "attack_type": "DNS Query"}
{"message": "Decoded DNS Query: S8mxGlhF.madeupsetup.eu.", "timestamp": 1726414018.450675, "attack_type": "DNS Query"}
{"message": "Intrusion Detected: Port scanning detected from 8.8.8.8", "timestamp": 1726414018.535361, "attack_type": "Port Scan"}
{"message": "Detected DNS Query: b'S8mxGlhF.madeupsetup.eu.us-west-1.ec2-utilities.amazonaws.com.' with encoding ascii", "timestamp": 1726414018.6862533, "attack_type": "DNS Query"}
{"message": "Decoded DNS Query: S8mxGlhF.madeupsetup.eu.us-west-1.ec2-utilities.amazonaws.com.", "timestamp": 1726414018.8266497, "attack_type": "DNS Query"}
{"message": "Intrusion Detected: Possible DNS exfiltration in query S8mxGlhF.madeupsetup.eu.us-west-1.ec2-utilities.amazonaws.com.", "timestamp": 1726414018.9692962, "attack_type": "DNS Exfiltration"}
{"message": "Detected DNS Query: b'S8mxGlhF.madeupsetup.eu.us-west-1.ec2-utilities.amazonaws.com.' with encoding ascii", "timestamp": 1726414019.1183922, "attack_type": "DNS Query"}
{"message": "Decoded DNS Query: S8mxGlhF.madeupsetup.eu.us-west-1.ec2-utilities.amazonaws.com.", "timestamp": 1726414019.300861, "attack_type": "DNS Query"}
{"message": "Intrusion Detected: Possible DNS exfiltration in query S8mxGlhF.madeupsetup.eu.us-west-1.ec2-utilities.amazonaws.com.", "timestamp": 1726414019.4676023, "attack_type": "DNS Exfiltration"}
{"message": "Intrusion Detected: Port scanning detected from 8.8.8.8", "timestamp": 1726414019.6259327, "attack_type": "Port Scan"}
{"message": "Detected DNS Query: b'S8mxGlhF.madeupsetup.eu.windomain.local.' with encoding ascii", "timestamp": 1726414019.7940748, "attack_type": "DNS Query"}
{"message": "Decoded DNS Query: S8mxGlhF.madeupsetup.eu.windomain.local.", "timestamp": 1726414019.9262314, "attack_type": "DNS Query"}
{"message": "Detected DNS Query: b'S8mxGlhF.madeupsetup.eu.windomain.local.' with encoding ascii", "timestamp": 1726414020.0765417, "attack_type": "DNS Query"}
{"message": "Decoded DNS Query: S8mxGlhF.madeupsetup.eu.windomain.local.", "timestamp": 1726414020.2179663, "attack_type": "DNS Query"}
{"message": "Intrusion Detected: Port scanning detected from 8.8.8.8", "timestamp": 1726414020.3346336, "attack_type": "Port Scan"}
{"message": "Detected DNS Query: b'7cNUr26D.madeupsetup.eu.' with encoding ascii", "timestamp": 1726414020.4186597, "attack_type": "DNS Query"}
{"message": "Decoded DNS Query: 7cNUr26D.madeupsetup.eu.", "timestamp": 1726414020.5604026, "attack_type": "DNS Query"}
{"message": "Detected DNS Query: b'7cNUr26D.madeupsetup.eu.' with encoding ascii", "timestamp": 1726414020.701152, "attack_type": "DNS Query"}
{"message": "Decoded DNS Query: 7cNUr26D.madeupsetup.eu.", "timestamp": 1726414020.835239, "attack_type": "DNS Query"}
{"message": "Intrusion Detected: Port scanning detected from 8.8.8.8", "timestamp": 1726414020.9095383, "attack_type": "Port Scan"}
{"message": "Detected DNS Query: b'7cNUr26D.madeupsetup.eu.us-west-1.ec2-utilities.amazonaws.com.' with encoding ascii", "timestamp": 1726414021.085377, "attack_type": "DNS Query"}
{"message": "Decoded DNS Query: 7cNUr26D.madeupsetup.eu.us-west-1.ec2-utilities.amazonaws.com.", "timestamp": 1726414021.2343602, "attack_type": "DNS Query"}
{"message": "Intrusion Detected: Possible DNS exfiltration in query 7cNUr26D.madeupsetup.eu.us-west-1.ec2-utilities.amazonaws.com.", "timestamp": 1726414021.3592513, "attack_type": "DNS Exfiltration"}
[INFO] Flow: ('192.168.38.104', '8.8.8.8', 65512, 53, 'UDP'), Data Transferred: 83 bytes
[INFO] Flow: ('8.8.8.8', '192.168.38.104', 53, 65512, 'UDP'), Data Transferred: 162 bytes
[INFO] Flow: ('192.168.38.104', '8.8.8.8', 65513, 53, 'UDP'), Data Transferred: 121 bytes
[INFO] Flow: ('8.8.8.8', '192.168.38.104', 53, 65513, 'UDP'), Data Transferred: 209 bytes
[INFO] Flow: ('192.168.38.104', '8.8.8.8', 65514, 53, 'UDP'), Data Transferred: 99 bytes
[INFO] Flow: ('8.8.8.8', '192.168.38.104', 53, 65514, 'UDP'), Data Transferred: 174 bytes
[INFO] Flow: ('192.168.38.104', '8.8.8.8', 65515, 53, 'UDP'), Data Transferred: 83 bytes
[INFO] Flow: ('8.8.8.8', '192.168.38.104', 53, 65515, 'UDP'), Data Transferred: 162 bytes
[INFO] Flow: ('192.168.38.104', '8.8.8.8', 65516, 53, 'UDP'), Data Transferred: 121 bytes
[INFO] Flow: ('8.8.8.8', '192.168.38.104', 53, 65516, 'UDP'), Data Transferred: 209 bytes
{"message": "Detected DNS Query: b'7cNUr26D.madeupsetup.eu.us-west-1.ec2-utilities.amazonaws.com.' with encoding ascii", "timestamp": 1726414021.4349709, "attack_type": "DNS Query"}
{"message": "Decoded DNS Query: 7cNUr26D.madeupsetup.eu.us-west-1.ec2-utilities.amazonaws.com.", "timestamp": 1726414021.608477, "attack_type": "DNS Query"}
{"message": "Intrusion Detected: Possible DNS exfiltration in query 7cNUr26D.madeupsetup.eu.us-west-1.ec2-utilities.amazonaws.com.", "timestamp": 1726414021.7797782, "attack_type": "DNS Exfiltration"}
{"message": "Intrusion Detected: Port scanning detected from 8.8.8.8", "timestamp": 1726414021.9352875, "attack_type": "Port Scan"}
{"message": "Detected DNS Query: b'7cNUr26D.madeupsetup.eu.windomain.local.' with encoding ascii", "timestamp": 1726414022.0767353, "attack_type": "DNS Query"}
{"message": "Decoded DNS Query: 7cNUr26D.madeupsetup.eu.windomain.local.", "timestamp": 1726414022.1938117, "attack_type": "DNS Query"}
{"message": "Detected DNS Query: b'7cNUr26D.madeupsetup.eu.windomain.local.' with encoding ascii", "timestamp": 1726414022.2786813, "attack_type": "DNS Query"}
{"message": "Decoded DNS Query: 7cNUr26D.madeupsetup.eu.windomain.local.", "timestamp": 1726414022.400898, "attack_type": "DNS Query"}
{"message": "Intrusion Detected: Port scanning detected from 8.8.8.8", "timestamp": 1726414022.5514321, "attack_type": "Port Scan"}
{"message": "Detected DNS Query: b'mC90A9B0.madeupsetup.eu.' with encoding ascii", "timestamp": 1726414022.7061374, "attack_type": "DNS Query"}
{"message": "Decoded DNS Query: mC90A9B0.madeupsetup.eu.", "timestamp": 1726414022.851529, "attack_type": "DNS Query"}
{"message": "Detected DNS Query: b'mC90A9B0.madeupsetup.eu.' with encoding ascii", "timestamp": 1726414023.0266745, "attack_type": "DNS Query"}
{"message": "Decoded DNS Query: mC90A9B0.madeupsetup.eu.", "timestamp": 1726414023.1015272, "attack_type": "DNS Query"}
{"message": "Intrusion Detected: Port scanning detected from 8.8.8.8", "timestamp": 1726414023.2357707, "attack_type": "Port Scan"}
{"message": "Detected DNS Query: b'mC90A9B0.madeupsetup.eu.us-west-1.ec2-utilities.amazonaws.com.' with encoding ascii", "timestamp": 1726414023.385579, "attack_type": "DNS Query"}
{"message": "Decoded DNS Query: mC90A9B0.madeupsetup.eu.us-west-1.ec2-utilities.amazonaws.com.", "timestamp": 1726414023.525913, "attack_type": "DNS Query"}
{"message": "Intrusion Detected: Possible DNS exfiltration in query mC90A9B0.madeupsetup.eu.us-west-1.ec2-utilities.amazonaws.com.", "timestamp": 1726414023.6940339, "attack_type": "DNS Exfiltration"}
{"message": "Detected DNS Query: b'mC90A9B0.madeupsetup.eu.us-west-1.ec2-utilities.amazonaws.com.' with encoding ascii", "timestamp": 1726414023.7847073, "attack_type": "DNS Query"}
{"message": "Decoded DNS Query: mC90A9B0.madeupsetup.eu.us-west-1.ec2-utilities.amazonaws.com.", "timestamp": 1726414023.935852, "attack_type": "DNS Query"}
{"message": "Intrusion Detected: Possible DNS exfiltration in query mC90A9B0.madeupsetup.eu.us-west-1.ec2-utilities.amazonaws.com.", "timestamp": 1726414024.068726, "attack_type": "DNS Exfiltration"}
{"message": "Intrusion Detected: Port scanning detected from 8.8.8.8", "timestamp": 1726414024.2012389, "attack_type": "Port Scan"}
{"message": "Detected DNS Query: b'mC90A9B0.madeupsetup.eu.windomain.local.' with encoding ascii", "timestamp": 1726414024.4346197, "attack_type": "DNS Query"}
{"message": "Decoded DNS Query: mC90A9B0.madeupsetup.eu.windomain.local.", "timestamp": 1726414024.597707, "attack_type": "DNS Query"}
{"message": "Detected DNS Query: b'mC90A9B0.madeupsetup.eu.windomain.local.' with encoding ascii", "timestamp": 1726414024.727545, "attack_type": "DNS Query"}
{"message": "Decoded DNS Query: mC90A9B0.madeupsetup.eu.windomain.local.", "timestamp": 1726414024.8675082, "attack_type": "DNS Query"}
{"message": "Detected DNS Query: b'a3P9pD4z.madeupsetup.eu.' with encoding ascii", "timestamp": 1726414025.0188012, "attack_type": "DNS Query"}
{"message": "Decoded DNS Query: a3P9pD4z.madeupsetup.eu.", "timestamp": 1726414025.2013445, "attack_type": "DNS Query"}
[INFO] Flow: ('192.168.38.104', '8.8.8.8', 65517, 53, 'UDP'), Data Transferred: 99 bytes
[INFO] Flow: ('8.8.8.8', '192.168.38.104', 53, 65517, 'UDP'), Data Transferred: 174 bytes
[INFO] Flow: ('192.168.38.104', '8.8.8.8', 65518, 53, 'UDP'), Data Transferred: 83 bytes
[INFO] Flow: ('8.8.8.8', '192.168.38.104', 53, 65518, 'UDP'), Data Transferred: 162 bytes
[INFO] Flow: ('192.168.38.104', '8.8.8.8', 65519, 53, 'UDP'), Data Transferred: 121 bytes
[INFO] Flow: ('8.8.8.8', '192.168.38.104', 53, 65519, 'UDP'), Data Transferred: 209 bytes
[INFO] Flow: ('192.168.38.104', '8.8.8.8', 65520, 53, 'UDP'), Data Transferred: 99 bytes
[INFO] Flow: ('8.8.8.8', '192.168.38.104', 53, 65520, 'UDP'), Data Transferred: 174 bytes
[INFO] Flow: ('192.168.38.104', '8.8.8.8', 65521, 53, 'UDP'), Data Transferred: 83 bytes
[INFO] Flow: ('8.8.8.8', '192.168.38.104', 53, 65521, 'UDP'), Data Transferred: 162 bytes
{"message": "Detected DNS Query: b'a3P9pD4z.madeupsetup.eu.' with encoding ascii", "timestamp": 1726414025.2935896, "attack_type": "DNS Query"}
{"message": "Decoded DNS Query: a3P9pD4z.madeupsetup.eu.", "timestamp": 1726414025.467301, "attack_type": "DNS Query"}
{"message": "Detected DNS Query: b'a3P9pD4z.madeupsetup.eu.us-west-1.ec2-utilities.amazonaws.com.' with encoding ascii", "timestamp": 1726414025.617995, "attack_type": "DNS Query"}
{"message": "Decoded DNS Query: a3P9pD4z.madeupsetup.eu.us-west-1.ec2-utilities.amazonaws.com.", "timestamp": 1726414025.759555, "attack_type": "DNS Query"}
{"message": "Intrusion Detected: Possible DNS exfiltration in query a3P9pD4z.madeupsetup.eu.us-west-1.ec2-utilities.amazonaws.com.", "timestamp": 1726414025.9176466, "attack_type": "DNS Exfiltration"}
{"message": "Traffic Anomaly Detected: 192.168.38.104 shows sudden traffic spike. Current: 67645, Avg: 6855.4", "timestamp": 1726414026.085426, "attack_type": "Traffic Anomaly"}
{"message": "Traffic Anomaly Detected: 192.168.38.104 shows sudden traffic spike. Current: 70197, Avg: 13865.2", "timestamp": 1726414026.2686105, "attack_type": "Traffic Anomaly"}
{"message": "Traffic Anomaly Detected: 192.168.38.104 shows sudden traffic spike. Current: 70251, Avg: 20882.0", "timestamp": 1726414026.4098732, "attack_type": "Traffic Anomaly"}
{"message": "Traffic Anomaly Detected: 192.168.38.104 shows sudden traffic spike. Current: 70641, Avg: 27934.0", "timestamp": 1726414026.5343187, "attack_type": "Traffic Anomaly"}
{"message": "Traffic Anomaly Detected: 192.168.38.104 shows sudden traffic spike. Current: 73193, Avg: 35243.4", "timestamp": 1726414026.62692, "attack_type": "Traffic Anomaly"}
[INFO] Flow: ('192.168.38.104', '8.8.8.8', 65522, 53, 'UDP'), Data Transferred: 121 bytes
[INFO] Flow: ('192.168.38.104', '192.168.38.103', 63635, 5985, 'TCP'), Data Transferred: 67645 bytes
[INFO] Flow: ('192.168.38.104', '192.168.38.103', 63635, 5985, 'TCP'), Data Transferred: 70197 bytes
[INFO] Flow: ('192.168.38.103', '192.168.38.104', 5985, 63635, 'TCP'), Data Transferred: 36560 bytes
[INFO] Flow: ('192.168.38.103', '192.168.38.104', 5985, 63635, 'TCP'), Data Transferred: 38074 bytes
[INFO] Flow: ('192.168.38.103', '192.168.38.104', 5985, 63635, 'TCP'), Data Transferred: 38627 bytes
[INFO] Flow: ('192.168.38.104', '192.168.38.103', 63635, 5985, 'TCP'), Data Transferred: 70251 bytes
[INFO] Flow: ('192.168.38.104', '192.168.38.103', 63635, 5985, 'TCP'), Data Transferred: 70641 bytes
[INFO] Flow: ('192.168.38.104', '192.168.38.103', 63635, 5985, 'TCP'), Data Transferred: 73193 bytes
[INFO] Flow: ('192.168.38.103', '192.168.38.104', 5985, 63635, 'TCP'), Data Transferred: 38681 bytes
[INFO] Flow: ('192.168.38.103', '192.168.38.104', 5985, 63635, 'TCP'), Data Transferred: 40195 bytes
[INFO] Flow: ('192.168.38.103', '192.168.38.104', 5985, 63635, 'TCP'), Data Transferred: 40748 bytes
[INFO] Flow: ('192.168.38.104', '192.168.38.103', 63635, 5985, 'TCP'), Data Transferred: 73247 bytes
[INFO] Flow: ('192.168.38.104', '192.168.38.103', 63635, 5985, 'TCP'), Data Transferred: 73637 bytes
[INFO] Flow: ('192.168.38.104', '192.168.38.103', 63635, 5985, 'TCP'), Data Transferred: 76181 bytes
[INFO] Flow: ('192.168.38.103', '192.168.38.104', 5985, 63635, 'TCP'), Data Transferred: 40802 bytes
[INFO] Flow: ('192.168.38.103', '192.168.38.104', 5985, 63635, 'TCP'), Data Transferred: 42316 bytes
[INFO] Flow: ('192.168.38.103', '192.168.38.104', 5985, 63635, 'TCP'), Data Transferred: 42869 bytes
[INFO] Flow: ('192.168.38.104', '192.168.38.103', 63635, 5985, 'TCP'), Data Transferred: 76235 bytes
[INFO] Flow: ('192.168.38.104', '192.168.38.103', 63635, 5985, 'TCP'), Data Transferred: 76625 bytes
[INFO] Flow: ('192.168.38.104', '192.168.38.103', 63635, 5985, 'TCP'), Data Transferred: 79173 bytes
[INFO] Flow: ('192.168.38.103', '192.168.38.104', 5985, 63635, 'TCP'), Data Transferred: 42923 bytes
[INFO] Flow: ('192.168.38.103', '192.168.38.104', 5985, 63635, 'TCP'), Data Transferred: 44437 bytes
[INFO] Flow: ('192.168.38.103', '192.168.38.104', 5985, 63635, 'TCP'), Data Transferred: 44990 bytes
[INFO] Flow: ('192.168.38.104', '192.168.38.103', 63635, 5985, 'TCP'), Data Transferred: 79227 bytes
[INFO] Flow: ('192.168.38.104', '192.168.38.103', 63635, 5985, 'TCP'), Data Transferred: 79617 bytes
[INFO] Flow: ('192.168.38.104', '192.168.38.103', 63635, 5985, 'TCP'), Data Transferred: 82169 bytes
[INFO] Flow: ('192.168.38.103', '192.168.38.104', 5985, 63635, 'TCP'), Data Transferred: 45044 bytes
[INFO] Flow: ('192.168.38.103', '192.168.38.104', 5985, 63635, 'TCP'), Data Transferred: 46558 bytes
[INFO] Flow: ('192.168.38.103', '192.168.38.104', 5985, 63635, 'TCP'), Data Transferred: 47111 bytes
[INFO] Flow: ('192.168.38.104', '192.168.38.103', 63635, 5985, 'TCP'), Data Transferred: 82223 bytes
[INFO] Flow: ('192.168.38.104', '192.168.38.103', 63635, 5985, 'TCP'), Data Transferred: 82613 bytes
[INFO] Flow: ('192.168.38.104', '192.168.38.103', 63635, 5985, 'TCP'), Data Transferred: 85169 bytes
[INFO] Flow: ('192.168.38.103', '192.168.38.104', 5985, 63635, 'TCP'), Data Transferred: 47165 bytes
[INFO] Flow: ('192.168.38.103', '192.168.38.104', 5985, 63635, 'TCP'), Data Transferred: 48679 bytes
[INFO] Flow: ('192.168.38.103', '192.168.38.104', 5985, 63635, 'TCP'), Data Transferred: 49232 bytes
[INFO] Flow: ('192.168.38.104', '192.168.38.103', 63635, 5985, 'TCP'), Data Transferred: 85223 bytes
[INFO] Flow: ('192.168.38.104', '192.168.38.103', 63635, 5985, 'TCP'), Data Transferred: 85613 bytes
[INFO] Flow: ('192.168.38.104', '192.168.38.103', 63635, 5985, 'TCP'), Data Transferred: 88161 bytes
[INFO] Flow: ('192.168.38.103', '192.168.38.104', 5985, 63635, 'TCP'), Data Transferred: 49286 bytes
{"message": "Detected DNS Query: b'a3P9pD4z.madeupsetup.eu.us-west-1.ec2-utilities.amazonaws.com.' with encoding ascii", "timestamp": 1726414027.1131103, "attack_type": "DNS Query"}
{"message": "Decoded DNS Query: a3P9pD4z.madeupsetup.eu.us-west-1.ec2-utilities.amazonaws.com.", "timestamp": 1726414027.2588441, "attack_type": "DNS Query"}
{"message": "Intrusion Detected: Possible DNS exfiltration in query a3P9pD4z.madeupsetup.eu.us-west-1.ec2-utilities.amazonaws.com.", "timestamp": 1726414027.4171555, "attack_type": "DNS Exfiltration"}
[INFO] Flow: ('192.168.38.103', '192.168.38.104', 5985, 63635, 'TCP'), Data Transferred: 50800 bytes
[INFO] Flow: ('192.168.38.103', '192.168.38.104', 5985, 63635, 'TCP'), Data Transferred: 51353 bytes
[INFO] Flow: ('192.168.38.104', '192.168.38.103', 63635, 5985, 'TCP'), Data Transferred: 88215 bytes
[INFO] Flow: ('192.168.38.104', '192.168.38.103', 63635, 5985, 'TCP'), Data Transferred: 88605 bytes
[INFO] Flow: ('192.168.38.104', '192.168.38.103', 63635, 5985, 'TCP'), Data Transferred: 92592 bytes
[INFO] Flow: ('192.168.38.103', '192.168.38.104', 5985, 63635, 'TCP'), Data Transferred: 51407 bytes
[INFO] Flow: ('8.8.8.8', '192.168.38.104', 53, 65522, 'UDP'), Data Transferred: 209 bytes
[INFO] Flow: ('192.168.38.103', '192.168.38.104', 5985, 63635, 'TCP'), Data Transferred: 52921 bytes
[INFO] Flow: ('192.168.38.103', '192.168.38.104', 5985, 63635, 'TCP'), Data Transferred: 53474 bytes
[INFO] Flow: ('192.168.38.104', '192.168.38.103', 63635, 5985, 'TCP'), Data Transferred: 92646 bytes
{"message": "Detected DNS Query: b'a3P9pD4z.madeupsetup.eu.windomain.local.' with encoding ascii", "timestamp": 1726414027.5101564, "attack_type": "DNS Query"}
{"message": "Decoded DNS Query: a3P9pD4z.madeupsetup.eu.windomain.local.", "timestamp": 1726414027.650669, "attack_type": "DNS Query"}
{"message": "Detected DNS Query: b'a3P9pD4z.madeupsetup.eu.windomain.local.' with encoding ascii", "timestamp": 1726414027.8295057, "attack_type": "DNS Query"}
{"message": "Decoded DNS Query: a3P9pD4z.madeupsetup.eu.windomain.local.", "timestamp": 1726414027.9924715, "attack_type": "DNS Query"}
{"message": "Detected DNS Query: b'mq6ivImu.madeupsetup.eu.' with encoding ascii", "timestamp": 1726414028.1342993, "attack_type": "DNS Query"}
{"message": "Decoded DNS Query: mq6ivImu.madeupsetup.eu.", "timestamp": 1726414028.2840877, "attack_type": "DNS Query"}
[INFO] Flow: ('192.168.38.104', '8.8.8.8', 65523, 53, 'UDP'), Data Transferred: 99 bytes
[INFO] Flow: ('192.168.38.104', '192.168.38.103', 63635, 5985, 'TCP'), Data Transferred: 93036 bytes
[INFO] Flow: ('192.168.38.104', '192.168.38.103', 63635, 5985, 'TCP'), Data Transferred: 96525 bytes
[INFO] Flow: ('192.168.38.103', '192.168.38.104', 5985, 63635, 'TCP'), Data Transferred: 53528 bytes
[INFO] Flow: ('192.168.38.103', '192.168.38.104', 5985, 63635, 'TCP'), Data Transferred: 55042 bytes
[INFO] Flow: ('192.168.38.103', '192.168.38.104', 5985, 63635, 'TCP'), Data Transferred: 55595 bytes
[INFO] Flow: ('192.168.38.104', '192.168.38.103', 63635, 5985, 'TCP'), Data Transferred: 96579 bytes
[INFO] Flow: ('8.8.8.8', '192.168.38.104', 53, 65523, 'UDP'), Data Transferred: 174 bytes
[INFO] Flow: ('192.168.38.104', '8.8.8.8', 65524, 53, 'UDP'), Data Transferred: 83 bytes
[INFO] Flow: ('192.168.38.104', '192.168.38.103', 63580, 5985, 'TCP'), Data Transferred: 902951 bytes
{"message": "Traffic Anomaly Detected: 192.168.38.104 shows sudden traffic spike. Current: 902951, Avg: 155133.1", "timestamp": 1726414028.3434017, "attack_type": "Traffic Anomaly"}
{"message": "Traffic Anomaly Detected: 192.168.38.104 shows sudden traffic spike. Current: 910525, Avg: 237364.1", "timestamp": 1726414028.4764555, "attack_type": "Traffic Anomaly"}
{"message": "Traffic Anomaly Detected: 192.168.38.103 shows sudden traffic spike. Current: 237714, Avg: 71112.0", "timestamp": 1726414028.6185818, "attack_type": "Traffic Anomaly"}
{"message": "Traffic Anomaly Detected: 192.168.38.103 shows sudden traffic spike. Current: 239228, Avg: 90106.2", "timestamp": 1726414028.7005901, "attack_type": "Traffic Anomaly"}
{"message": "Traffic Anomaly Detected: 192.168.38.103 shows sudden traffic spike. Current: 239781, Avg: 109004.3", "timestamp": 1726414028.8425806, "attack_type": "Traffic Anomaly"}
{"message": "Traffic Anomaly Detected: 192.168.38.104 shows sudden traffic spike. Current: 910579, Avg: 319561.5", "timestamp": 1726414028.992368, "attack_type": "Traffic Anomaly"}
{"message": "Intrusion Detected: HTTP Covert Channel Detected in User-Agent: Mozilla/5.0 (Windows NT 10.0; Win64; x64) AppleWebKit/537.36 (KHTML, like Gecko) Chrome/84.0.4147.105 Safari/537.36", "timestamp": 1726414029.1270912, "attack_type": "HTTP Covert Channel"}
{"message": "Detected DNS Query: b'mq6ivImu.madeupsetup.eu.' with encoding ascii", "timestamp": 1726414029.2597747, "attack_type": "DNS Query"}
{"message": "Decoded DNS Query: mq6ivImu.madeupsetup.eu.", "timestamp": 1726414029.3754828, "attack_type": "DNS Query"}
{"message": "Detected DNS Query: b'mq6ivImu.madeupsetup.eu.us-west-1.ec2-utilities.amazonaws.com.' with encoding ascii", "timestamp": 1726414029.4602814, "attack_type": "DNS Query"}
{"message": "Decoded DNS Query: mq6ivImu.madeupsetup.eu.us-west-1.ec2-utilities.amazonaws.com.", "timestamp": 1726414029.6006062, "attack_type": "DNS Query"}
{"message": "Intrusion Detected: Possible DNS exfiltration in query mq6ivImu.madeupsetup.eu.us-west-1.ec2-utilities.amazonaws.com.", "timestamp": 1726414029.7674525, "attack_type": "DNS Exfiltration"}
[INFO] Flow: ('192.168.38.104', '192.168.38.103', 63580, 5985, 'TCP'), Data Transferred: 910525 bytes
[INFO] Flow: ('192.168.38.103', '192.168.38.104', 5985, 63580, 'TCP'), Data Transferred: 237714 bytes
[INFO] Flow: ('192.168.38.103', '192.168.38.104', 5985, 63580, 'TCP'), Data Transferred: 239228 bytes
[INFO] Flow: ('192.168.38.103', '192.168.38.104', 5985, 63580, 'TCP'), Data Transferred: 239781 bytes
[INFO] Flow: ('192.168.38.104', '192.168.38.103', 63580, 5985, 'TCP'), Data Transferred: 910579 bytes
[INFO] Flow: ('192.168.38.104', '18.217.1.57', 63651, 80, 'TCP'), Data Transferred: 66 bytes
[INFO] Flow: ('192.168.38.104', '18.217.1.57', 63650, 80, 'TCP'), Data Transferred: 623 bytes
[INFO] Flow: ('8.8.8.8', '192.168.38.104', 53, 65524, 'UDP'), Data Transferred: 162 bytes
[INFO] Flow: ('192.168.38.104', '8.8.8.8', 65525, 53, 'UDP'), Data Transferred: 121 bytes
[INFO] Flow: ('8.8.8.8', '192.168.38.104', 53, 65525, 'UDP'), Data Transferred: 209 bytes
{"message": "Detected DNS Query: b'mq6ivImu.madeupsetup.eu.us-west-1.ec2-utilities.amazonaws.com.' with encoding ascii", "timestamp": 1726414029.985254, "attack_type": "DNS Query"}
{"message": "Decoded DNS Query: mq6ivImu.madeupsetup.eu.us-west-1.ec2-utilities.amazonaws.com.", "timestamp": 1726414030.1589832, "attack_type": "DNS Query"}
{"message": "Intrusion Detected: Possible DNS exfiltration in query mq6ivImu.madeupsetup.eu.us-west-1.ec2-utilities.amazonaws.com.", "timestamp": 1726414030.2925174, "attack_type": "DNS Exfiltration"}
{"message": "Detected DNS Query: b'mq6ivImu.madeupsetup.eu.windomain.local.' with encoding ascii", "timestamp": 1726414030.4763725, "attack_type": "DNS Query"}
{"message": "Decoded DNS Query: mq6ivImu.madeupsetup.eu.windomain.local.", "timestamp": 1726414030.5587432, "attack_type": "DNS Query"}
{"message": "Detected DNS Query: b'mq6ivImu.madeupsetup.eu.windomain.local.' with encoding ascii", "timestamp": 1726414030.8015363, "attack_type": "DNS Query"}
{"message": "Decoded DNS Query: mq6ivImu.madeupsetup.eu.windomain.local.", "timestamp": 1726414030.9015663, "attack_type": "DNS Query"}
{"message": "Detected DNS Query: b'ZSdLCe14.madeupsetup.eu.' with encoding ascii", "timestamp": 1726414031.018386, "attack_type": "DNS Query"}
{"message": "Decoded DNS Query: ZSdLCe14.madeupsetup.eu.", "timestamp": 1726414031.1679747, "attack_type": "DNS Query"}
{"message": "Detected DNS Query: b'ZSdLCe14.madeupsetup.eu.' with encoding ascii", "timestamp": 1726414031.3093212, "attack_type": "DNS Query"}
{"message": "Decoded DNS Query: ZSdLCe14.madeupsetup.eu.", "timestamp": 1726414031.4338331, "attack_type": "DNS Query"}
{"message": "Detected DNS Query: b'ZSdLCe14.madeupsetup.eu.us-west-1.ec2-utilities.amazonaws.com.' with encoding ascii", "timestamp": 1726414031.5171654, "attack_type": "DNS Query"}
{"message": "Decoded DNS Query: ZSdLCe14.madeupsetup.eu.us-west-1.ec2-utilities.amazonaws.com.", "timestamp": 1726414031.7005885, "attack_type": "DNS Query"}
{"message": "Intrusion Detected: Possible DNS exfiltration in query ZSdLCe14.madeupsetup.eu.us-west-1.ec2-utilities.amazonaws.com.", "timestamp": 1726414031.8423314, "attack_type": "DNS Exfiltration"}
{"message": "Detected DNS Query: b'ZSdLCe14.madeupsetup.eu.us-west-1.ec2-utilities.amazonaws.com.' with encoding ascii", "timestamp": 1726414031.9935849, "attack_type": "DNS Query"}
{"message": "Decoded DNS Query: ZSdLCe14.madeupsetup.eu.us-west-1.ec2-utilities.amazonaws.com.", "timestamp": 1726414032.1503522, "attack_type": "DNS Query"}
{"message": "Intrusion Detected: Possible DNS exfiltration in query ZSdLCe14.madeupsetup.eu.us-west-1.ec2-utilities.amazonaws.com.", "timestamp": 1726414032.28464, "attack_type": "DNS Exfiltration"}
[INFO] Flow: ('192.168.38.104', '8.8.8.8', 65526, 53, 'UDP'), Data Transferred: 99 bytes
[INFO] Flow: ('8.8.8.8', '192.168.38.104', 53, 65526, 'UDP'), Data Transferred: 174 bytes
[INFO] Flow: ('192.168.38.104', '8.8.8.8', 65527, 53, 'UDP'), Data Transferred: 83 bytes
[INFO] Flow: ('8.8.8.8', '192.168.38.104', 53, 65527, 'UDP'), Data Transferred: 162 bytes
[INFO] Flow: ('192.168.38.104', '8.8.8.8', 65528, 53, 'UDP'), Data Transferred: 121 bytes
[INFO] Flow: ('18.217.1.57', '192.168.38.104', 80, 63650, 'TCP'), Data Transferred: 54 bytes
[INFO] Flow: ('8.8.8.8', '192.168.38.104', 53, 65528, 'UDP'), Data Transferred: 221 bytes
[INFO] Packet dropped: Invalid TCP packet characteristics
[INFO] Flow: ('192.168.38.104', '18.217.1.57', 63651, 80, 'TCP'), Data Transferred: 120 bytes
[INFO] Flow: ('18.217.1.57', '192.168.38.104', 80, 63650, 'TCP'), Data Transferred: 125 bytes
{"message": "Detected DNS Query: b'ZSdLCe14.madeupsetup.eu.windomain.local.' with encoding ascii", "timestamp": 1726414032.368408, "attack_type": "DNS Query"}
{"message": "Decoded DNS Query: ZSdLCe14.madeupsetup.eu.windomain.local.", "timestamp": 1726414032.5166273, "attack_type": "DNS Query"}
{"message": "Detected DNS Query: b'ZSdLCe14.madeupsetup.eu.windomain.local.' with encoding ascii", "timestamp": 1726414032.6423025, "attack_type": "DNS Query"}
{"message": "Decoded DNS Query: ZSdLCe14.madeupsetup.eu.windomain.local.", "timestamp": 1726414032.7757797, "attack_type": "DNS Query"}
{"message": "Detected DNS Query: b'fIGPcLax.madeupsetup.eu.' with encoding ascii", "timestamp": 1726414032.9686418, "attack_type": "DNS Query"}
{"message": "Decoded DNS Query: fIGPcLax.madeupsetup.eu.", "timestamp": 1726414033.0584188, "attack_type": "DNS Query"}
{"message": "Detected DNS Query: b'fIGPcLax.madeupsetup.eu.' with encoding ascii", "timestamp": 1726414033.1922474, "attack_type": "DNS Query"}
{"message": "Decoded DNS Query: fIGPcLax.madeupsetup.eu.", "timestamp": 1726414033.3336325, "attack_type": "DNS Query"}
{"message": "Intrusion Detected: Port scanning detected from 8.8.8.8", "timestamp": 1726414033.458906, "attack_type": "Port Scan"}
{"message": "Detected DNS Query: b'fIGPcLax.madeupsetup.eu.us-west-1.ec2-utilities.amazonaws.com.' with encoding ascii", "timestamp": 1726414033.6014104, "attack_type": "DNS Query"}
{"message": "Decoded DNS Query: fIGPcLax.madeupsetup.eu.us-west-1.ec2-utilities.amazonaws.com.", "timestamp": 1726414033.6834931, "attack_type": "DNS Query"}
{"message": "Intrusion Detected: Possible DNS exfiltration in query fIGPcLax.madeupsetup.eu.us-west-1.ec2-utilities.amazonaws.com.", "timestamp": 1726414033.8764236, "attack_type": "DNS Exfiltration"}
{"message": "Detected DNS Query: b'fIGPcLax.madeupsetup.eu.us-west-1.ec2-utilities.amazonaws.com.' with encoding ascii", "timestamp": 1726414034.105032, "attack_type": "DNS Query"}
{"message": "Decoded DNS Query: fIGPcLax.madeupsetup.eu.us-west-1.ec2-utilities.amazonaws.com.", "timestamp": 1726414034.2006893, "attack_type": "DNS Query"}
{"message": "Intrusion Detected: Possible DNS exfiltration in query fIGPcLax.madeupsetup.eu.us-west-1.ec2-utilities.amazonaws.com.", "timestamp": 1726414034.3608215, "attack_type": "DNS Exfiltration"}
{"message": "Intrusion Detected: Port scanning detected from 8.8.8.8", "timestamp": 1726414034.4927192, "attack_type": "Port Scan"}
[INFO] Packet dropped: Invalid TCP packet characteristics
[INFO] Flow: ('192.168.38.104', '18.217.1.57', 63650, 80, 'TCP'), Data Transferred: 677 bytes
[INFO] Flow: ('192.168.38.104', '8.8.8.8', 65529, 53, 'UDP'), Data Transferred: 99 bytes
[INFO] Packet dropped: Invalid TCP packet characteristics
[INFO] Flow: ('8.8.8.8', '192.168.38.104', 53, 65529, 'UDP'), Data Transferred: 174 bytes
[INFO] Flow: ('192.168.38.104', '8.8.8.8', 65530, 53, 'UDP'), Data Transferred: 83 bytes
[INFO] Flow: ('8.8.8.8', '192.168.38.104', 53, 65530, 'UDP'), Data Transferred: 162 bytes
[INFO] Flow: ('192.168.38.104', '8.8.8.8', 65531, 53, 'UDP'), Data Transferred: 121 bytes
[INFO] Flow: ('8.8.8.8', '192.168.38.104', 53, 65531, 'UDP'), Data Transferred: 209 bytes
[INFO] Flow: ('192.168.38.104', '8.8.8.8', 65532, 53, 'UDP'), Data Transferred: 99 bytes
{"message": "Detected DNS Query: b'fIGPcLax.madeupsetup.eu.windomain.local.' with encoding ascii", "timestamp": 1726414034.6428933, "attack_type": "DNS Query"}
{"message": "Decoded DNS Query: fIGPcLax.madeupsetup.eu.windomain.local.", "timestamp": 1726414034.7752924, "attack_type": "DNS Query"}
{"message": "Detected DNS Query: b'fIGPcLax.madeupsetup.eu.windomain.local.' with encoding ascii", "timestamp": 1726414034.867411, "attack_type": "DNS Query"}
{"message": "Decoded DNS Query: fIGPcLax.madeupsetup.eu.windomain.local.", "timestamp": 1726414035.0005107, "attack_type": "DNS Query"}
{"message": "Intrusion Detected: Port scanning detected from 8.8.8.8", "timestamp": 1726414035.183903, "attack_type": "Port Scan"}
{"message": "Detected DNS Query: b'32eplH1b.madeupsetup.eu.' with encoding ascii", "timestamp": 1726414035.3193953, "attack_type": "DNS Query"}
{"message": "Decoded DNS Query: 32eplH1b.madeupsetup.eu.", "timestamp": 1726414035.450339, "attack_type": "DNS Query"}
{"message": "Detected DNS Query: b'32eplH1b.madeupsetup.eu.' with encoding ascii", "timestamp": 1726414035.6107419, "attack_type": "DNS Query"}
{"message": "Decoded DNS Query: 32eplH1b.madeupsetup.eu.", "timestamp": 1726414035.7748294, "attack_type": "DNS Query"}
{"message": "Intrusion Detected: Port scanning detected from 8.8.8.8", "timestamp": 1726414035.9339774, "attack_type": "Port Scan"}
{"message": "Detected DNS Query: b'32eplH1b.madeupsetup.eu.us-west-1.ec2-utilities.amazonaws.com.' with encoding ascii", "timestamp": 1726414036.0681949, "attack_type": "DNS Query"}
{"message": "Decoded DNS Query: 32eplH1b.madeupsetup.eu.us-west-1.ec2-utilities.amazonaws.com.", "timestamp": 1726414036.1755826, "attack_type": "DNS Query"}
{"message": "Intrusion Detected: Possible DNS exfiltration in query 32eplH1b.madeupsetup.eu.us-west-1.ec2-utilities.amazonaws.com.", "timestamp": 1726414036.3502464, "attack_type": "DNS Exfiltration"}
{"message": "Detected DNS Query: b'32eplH1b.madeupsetup.eu.us-west-1.ec2-utilities.amazonaws.com.' with encoding ascii", "timestamp": 1726414036.4925923, "attack_type": "DNS Query"}
{"message": "Decoded DNS Query: 32eplH1b.madeupsetup.eu.us-west-1.ec2-utilities.amazonaws.com.", "timestamp": 1726414036.633647, "attack_type": "DNS Query"}
{"message": "Intrusion Detected: Possible DNS exfiltration in query 32eplH1b.madeupsetup.eu.us-west-1.ec2-utilities.amazonaws.com.", "timestamp": 1726414036.7671509, "attack_type": "DNS Exfiltration"}
{"message": "Intrusion Detected: Port scanning detected from 8.8.8.8", "timestamp": 1726414036.899984, "attack_type": "Port Scan"}
{"message": "Detected DNS Query: b'32eplH1b.madeupsetup.eu.windomain.local.' with encoding ascii", "timestamp": 1726414037.042929, "attack_type": "DNS Query"}
{"message": "Decoded DNS Query: 32eplH1b.madeupsetup.eu.windomain.local.", "timestamp": 1726414037.1839108, "attack_type": "DNS Query"}
{"message": "Detected DNS Query: b'32eplH1b.madeupsetup.eu.windomain.local.' with encoding ascii", "timestamp": 1726414037.2591999, "attack_type": "DNS Query"}
{"message": "Decoded DNS Query: 32eplH1b.madeupsetup.eu.windomain.local.", "timestamp": 1726414037.4090629, "attack_type": "DNS Query"}
{"message": "Intrusion Detected: Port scanning detected from 8.8.8.8", "timestamp": 1726414037.5338173, "attack_type": "Port Scan"}
{"message": "Detected DNS Query: b'K7ZFuDrG.madeupsetup.eu.' with encoding ascii", "timestamp": 1726414037.6676884, "attack_type": "DNS Query"}
{"message": "Decoded DNS Query: K7ZFuDrG.madeupsetup.eu.", "timestamp": 1726414037.8082688, "attack_type": "DNS Query"}
[INFO] Flow: ('8.8.8.8', '192.168.38.104', 53, 65532, 'UDP'), Data Transferred: 174 bytes
[INFO] Flow: ('18.217.1.57', '192.168.38.104', 80, 63650, 'TCP'), Data Transferred: 179 bytes
[INFO] Flow: ('192.168.38.104', '8.8.8.8', 65533, 53, 'UDP'), Data Transferred: 83 bytes
[INFO] Flow: ('8.8.8.8', '192.168.38.104', 53, 65533, 'UDP'), Data Transferred: 162 bytes
[INFO] Flow: ('192.168.38.104', '8.8.8.8', 65534, 53, 'UDP'), Data Transferred: 121 bytes
[INFO] Flow: ('8.8.8.8', '192.168.38.104', 53, 65534, 'UDP'), Data Transferred: 209 bytes
[INFO] Flow: ('192.168.38.104', '8.8.8.8', 49152, 53, 'UDP'), Data Transferred: 99 bytes
[INFO] Flow: ('8.8.8.8', '192.168.38.104', 53, 49152, 'UDP'), Data Transferred: 174 bytes
[INFO] Flow: ('192.168.38.104', '8.8.8.8', 49153, 53, 'UDP'), Data Transferred: 83 bytes
[INFO] Flow: ('8.8.8.8', '192.168.38.104', 53, 49153, 'UDP'), Data Transferred: 162 bytes
{"message": "Detected DNS Query: b'K7ZFuDrG.madeupsetup.eu.' with encoding ascii", "timestamp": 1726414037.967379, "attack_type": "DNS Query"}
{"message": "Decoded DNS Query: K7ZFuDrG.madeupsetup.eu.", "timestamp": 1726414038.0588593, "attack_type": "DNS Query"}
{"message": "Intrusion Detected: Port scanning detected from 8.8.8.8", "timestamp": 1726414038.2805276, "attack_type": "Port Scan"}
{"message": "Detected DNS Query: b'K7ZFuDrG.madeupsetup.eu.us-west-1.ec2-utilities.amazonaws.com.' with encoding ascii", "timestamp": 1726414038.3678408, "attack_type": "DNS Query"}
{"message": "Decoded DNS Query: K7ZFuDrG.madeupsetup.eu.us-west-1.ec2-utilities.amazonaws.com.", "timestamp": 1726414038.5169003, "attack_type": "DNS Query"}
{"message": "Intrusion Detected: Possible DNS exfiltration in query K7ZFuDrG.madeupsetup.eu.us-west-1.ec2-utilities.amazonaws.com.", "timestamp": 1726414038.6831338, "attack_type": "DNS Exfiltration"}
{"message": "Detected DNS Query: b'K7ZFuDrG.madeupsetup.eu.us-west-1.ec2-utilities.amazonaws.com.' with encoding ascii", "timestamp": 1726414038.833704, "attack_type": "DNS Query"}
{"message": "Decoded DNS Query: K7ZFuDrG.madeupsetup.eu.us-west-1.ec2-utilities.amazonaws.com.", "timestamp": 1726414038.9842863, "attack_type": "DNS Query"}
{"message": "Intrusion Detected: Possible DNS exfiltration in query K7ZFuDrG.madeupsetup.eu.us-west-1.ec2-utilities.amazonaws.com.", "timestamp": 1726414039.1422565, "attack_type": "DNS Exfiltration"}
{"message": "Intrusion Detected: Port scanning detected from 8.8.8.8", "timestamp": 1726414039.2173934, "attack_type": "Port Scan"}
{"message": "Detected DNS Query: b'K7ZFuDrG.madeupsetup.eu.windomain.local.' with encoding ascii", "timestamp": 1726414039.450727, "attack_type": "DNS Query"}
{"message": "Decoded DNS Query: K7ZFuDrG.madeupsetup.eu.windomain.local.", "timestamp": 1726414039.5917895, "attack_type": "DNS Query"}
{"message": "Detected DNS Query: b'K7ZFuDrG.madeupsetup.eu.windomain.local.' with encoding ascii", "timestamp": 1726414039.6669273, "attack_type": "DNS Query"}
{"message": "Decoded DNS Query: K7ZFuDrG.madeupsetup.eu.windomain.local.", "timestamp": 1726414039.7913566, "attack_type": "DNS Query"}
{"message": "Intrusion Detected: Port scanning detected from 8.8.8.8", "timestamp": 1726414039.9254918, "attack_type": "Port Scan"}
{"message": "Detected DNS Query: b'du8XDVin.madeupsetup.eu.' with encoding ascii", "timestamp": 1726414040.0593076, "attack_type": "DNS Query"}
{"message": "Decoded DNS Query: du8XDVin.madeupsetup.eu.", "timestamp": 1726414040.1333244, "attack_type": "DNS Query"}
{"message": "Detected DNS Query: b'du8XDVin.madeupsetup.eu.' with encoding ascii", "timestamp": 1726414040.2837632, "attack_type": "DNS Query"}
{"message": "Decoded DNS Query: du8XDVin.madeupsetup.eu.", "timestamp": 1726414040.425459, "attack_type": "DNS Query"}
{"message": "Intrusion Detected: Port scanning detected from 8.8.8.8", "timestamp": 1726414040.5839715, "attack_type": "Port Scan"}
{"message": "Detected DNS Query: b'du8XDVin.madeupsetup.eu.us-west-1.ec2-utilities.amazonaws.com.' with encoding ascii", "timestamp": 1726414040.7923298, "attack_type": "DNS Query"}
{"message": "Decoded DNS Query: du8XDVin.madeupsetup.eu.us-west-1.ec2-utilities.amazonaws.com.", "timestamp": 1726414041.008375, "attack_type": "DNS Query"}
{"message": "Intrusion Detected: Possible DNS exfiltration in query du8XDVin.madeupsetup.eu.us-west-1.ec2-utilities.amazonaws.com.", "timestamp": 1726414041.166886, "attack_type": "DNS Exfiltration"}
{"message": "Detected DNS Query: b'du8XDVin.madeupsetup.eu.us-west-1.ec2-utilities.amazonaws.com.' with encoding ascii", "timestamp": 1726414041.2503095, "attack_type": "DNS Query"}
{"message": "Decoded DNS Query: du8XDVin.madeupsetup.eu.us-west-1.ec2-utilities.amazonaws.com.", "timestamp": 1726414041.4167762, "attack_type": "DNS Query"}
{"message": "Intrusion Detected: Possible DNS exfiltration in query du8XDVin.madeupsetup.eu.us-west-1.ec2-utilities.amazonaws.com.", "timestamp": 1726414041.5830605, "attack_type": "DNS Exfiltration"}
{"message": "Intrusion Detected: Port scanning detected from 8.8.8.8", "timestamp": 1726414041.69995, "attack_type": "Port Scan"}
{"message": "Detected DNS Query: b'du8XDVin.madeupsetup.eu.windomain.local.' with encoding ascii", "timestamp": 1726414041.8516808, "attack_type": "DNS Query"}
{"message": "Decoded DNS Query: du8XDVin.madeupsetup.eu.windomain.local.", "timestamp": 1726414042.0725703, "attack_type": "DNS Query"}
[INFO] Flow: ('192.168.38.104', '8.8.8.8', 49154, 53, 'UDP'), Data Transferred: 121 bytes
[INFO] Flow: ('8.8.8.8', '192.168.38.104', 53, 49154, 'UDP'), Data Transferred: 209 bytes
[INFO] Flow: ('192.168.38.104', '8.8.8.8', 49155, 53, 'UDP'), Data Transferred: 99 bytes
[INFO] Flow: ('8.8.8.8', '192.168.38.104', 53, 49155, 'UDP'), Data Transferred: 174 bytes
[INFO] Flow: ('192.168.38.104', '8.8.8.8', 49156, 53, 'UDP'), Data Transferred: 83 bytes
[INFO] Flow: ('8.8.8.8', '192.168.38.104', 53, 49156, 'UDP'), Data Transferred: 162 bytes
[INFO] Flow: ('192.168.38.104', '8.8.8.8', 49157, 53, 'UDP'), Data Transferred: 121 bytes
[INFO] Flow: ('8.8.8.8', '192.168.38.104', 53, 49157, 'UDP'), Data Transferred: 221 bytes
[INFO] Flow: ('192.168.38.104', '8.8.8.8', 49158, 53, 'UDP'), Data Transferred: 99 bytes
[INFO] Flow: ('8.8.8.8', '192.168.38.104', 53, 49158, 'UDP'), Data Transferred: 174 bytes
{"message": "Detected DNS Query: b'du8XDVin.madeupsetup.eu.windomain.local.' with encoding ascii", "timestamp": 1726414042.2208169, "attack_type": "DNS Query"}
{"message": "Decoded DNS Query: du8XDVin.madeupsetup.eu.windomain.local.", "timestamp": 1726414042.366004, "attack_type": "DNS Query"}
{"message": "Intrusion Detected: Port scanning detected from 8.8.8.8", "timestamp": 1726414042.4667616, "attack_type": "Port Scan"}
{"message": "Detected DNS Query: b'Kj9GKCI/.madeupsetup.eu.' with encoding ascii", "timestamp": 1726414042.5925024, "attack_type": "DNS Query"}
{"message": "Decoded DNS Query: Kj9GKCI/.madeupsetup.eu.", "timestamp": 1726414042.733107, "attack_type": "DNS Query"}
{"message": "Detected DNS Query: b'Kj9GKCI/.madeupsetup.eu.' with encoding ascii", "timestamp": 1726414042.8675263, "attack_type": "DNS Query"}
{"message": "Decoded DNS Query: Kj9GKCI/.madeupsetup.eu.", "timestamp": 1726414042.9407797, "attack_type": "DNS Query"}
{"message": "Intrusion Detected: Port scanning detected from 8.8.8.8", "timestamp": 1726414043.108659, "attack_type": "Port Scan"}
{"message": "Detected DNS Query: b'Kj9GKCI/.madeupsetup.eu.us-west-1.ec2-utilities.amazonaws.com.' with encoding ascii", "timestamp": 1726414043.2422817, "attack_type": "DNS Query"}
{"message": "Decoded DNS Query: Kj9GKCI/.madeupsetup.eu.us-west-1.ec2-utilities.amazonaws.com.", "timestamp": 1726414043.400362, "attack_type": "DNS Query"}
{"message": "Intrusion Detected: Possible DNS exfiltration in query Kj9GKCI/.madeupsetup.eu.us-west-1.ec2-utilities.amazonaws.com.", "timestamp": 1726414043.5335417, "attack_type": "DNS Exfiltration"}
{"message": "Detected DNS Query: b'Kj9GKCI/.madeupsetup.eu.us-west-1.ec2-utilities.amazonaws.com.' with encoding ascii", "timestamp": 1726414043.6683543, "attack_type": "DNS Query"}
{"message": "Decoded DNS Query: Kj9GKCI/.madeupsetup.eu.us-west-1.ec2-utilities.amazonaws.com.", "timestamp": 1726414043.800115, "attack_type": "DNS Query"}
{"message": "Intrusion Detected: Possible DNS exfiltration in query Kj9GKCI/.madeupsetup.eu.us-west-1.ec2-utilities.amazonaws.com.", "timestamp": 1726414043.9581757, "attack_type": "DNS Exfiltration"}
{"message": "Intrusion Detected: Port scanning detected from 8.8.8.8", "timestamp": 1726414044.0410311, "attack_type": "Port Scan"}
{"message": "Detected DNS Query: b'Kj9GKCI/.madeupsetup.eu.windomain.local.' with encoding ascii", "timestamp": 1726414044.2091925, "attack_type": "DNS Query"}
{"message": "Decoded DNS Query: Kj9GKCI/.madeupsetup.eu.windomain.local.", "timestamp": 1726414044.3505428, "attack_type": "DNS Query"}
{"message": "Detected DNS Query: b'Kj9GKCI/.madeupsetup.eu.windomain.local.' with encoding ascii", "timestamp": 1726414044.4923828, "attack_type": "DNS Query"}
{"message": "Decoded DNS Query: Kj9GKCI/.madeupsetup.eu.windomain.local.", "timestamp": 1726414044.6332493, "attack_type": "DNS Query"}
{"message": "Intrusion Detected: Port scanning detected from 8.8.8.8", "timestamp": 1726414044.8084552, "attack_type": "Port Scan"}
{"message": "Detected DNS Query: b'bxl/NUmd.madeupsetup.eu.' with encoding ascii", "timestamp": 1726414044.9425607, "attack_type": "DNS Query"}
{"message": "Decoded DNS Query: bxl/NUmd.madeupsetup.eu.", "timestamp": 1726414045.1006029, "attack_type": "DNS Query"}
{"message": "Detected DNS Query: b'bxl/NUmd.madeupsetup.eu.' with encoding ascii", "timestamp": 1726414045.2003896, "attack_type": "DNS Query"}
{"message": "Decoded DNS Query: bxl/NUmd.madeupsetup.eu.", "timestamp": 1726414045.3574593, "attack_type": "DNS Query"}
{"message": "Intrusion Detected: Port scanning detected from 8.8.8.8", "timestamp": 1726414045.492288, "attack_type": "Port Scan"}
{"message": "Detected DNS Query: b'bxl/NUmd.madeupsetup.eu.us-west-1.ec2-utilities.amazonaws.com.' with encoding ascii", "timestamp": 1726414045.6342793, "attack_type": "DNS Query"}
{"message": "Decoded DNS Query: bxl/NUmd.madeupsetup.eu.us-west-1.ec2-utilities.amazonaws.com.", "timestamp": 1726414045.7836227, "attack_type": "DNS Query"}
{"message": "Intrusion Detected: Possible DNS exfiltration in query bxl/NUmd.madeupsetup.eu.us-west-1.ec2-utilities.amazonaws.com.", "timestamp": 1726414045.875028, "attack_type": "DNS Exfiltration"}
[INFO] Flow: ('192.168.38.104', '8.8.8.8', 49159, 53, 'UDP'), Data Transferred: 83 bytes
[INFO] Flow: ('8.8.8.8', '192.168.38.104', 53, 49159, 'UDP'), Data Transferred: 162 bytes
[INFO] Flow: ('192.168.38.104', '8.8.8.8', 49160, 53, 'UDP'), Data Transferred: 121 bytes
[INFO] Flow: ('8.8.8.8', '192.168.38.104', 53, 49160, 'UDP'), Data Transferred: 209 bytes
[INFO] Flow: ('192.168.38.104', '8.8.8.8', 49161, 53, 'UDP'), Data Transferred: 99 bytes
[INFO] Flow: ('8.8.8.8', '192.168.38.104', 53, 49161, 'UDP'), Data Transferred: 174 bytes
[INFO] Flow: ('192.168.38.104', '8.8.8.8', 49162, 53, 'UDP'), Data Transferred: 83 bytes
[INFO] Flow: ('8.8.8.8', '192.168.38.104', 53, 49162, 'UDP'), Data Transferred: 162 bytes
[INFO] Flow: ('192.168.38.104', '8.8.8.8', 49163, 53, 'UDP'), Data Transferred: 121 bytes
[INFO] Flow: ('8.8.8.8', '192.168.38.104', 53, 49163, 'UDP'), Data Transferred: 221 bytes
{"message": "Detected DNS Query: b'bxl/NUmd.madeupsetup.eu.us-west-1.ec2-utilities.amazonaws.com.' with encoding ascii", "timestamp": 1726414046.0333815, "attack_type": "DNS Query"}
{"message": "Decoded DNS Query: bxl/NUmd.madeupsetup.eu.us-west-1.ec2-utilities.amazonaws.com.", "timestamp": 1726414046.274824, "attack_type": "DNS Query"}
{"message": "Intrusion Detected: Possible DNS exfiltration in query bxl/NUmd.madeupsetup.eu.us-west-1.ec2-utilities.amazonaws.com.", "timestamp": 1726414046.41599, "attack_type": "DNS Exfiltration"}
{"message": "Intrusion Detected: Port scanning detected from 8.8.8.8", "timestamp": 1726414046.5661302, "attack_type": "Port Scan"}
{"message": "Detected DNS Query: b'bxl/NUmd.madeupsetup.eu.windomain.local.' with encoding ascii", "timestamp": 1726414046.6583793, "attack_type": "DNS Query"}
{"message": "Decoded DNS Query: bxl/NUmd.madeupsetup.eu.windomain.local.", "timestamp": 1726414046.8083558, "attack_type": "DNS Query"}
{"message": "Detected DNS Query: b'bxl/NUmd.madeupsetup.eu.windomain.local.' with encoding ascii", "timestamp": 1726414046.9834292, "attack_type": "DNS Query"}
{"message": "Decoded DNS Query: bxl/NUmd.madeupsetup.eu.windomain.local.", "timestamp": 1726414047.1413136, "attack_type": "DNS Query"}
{"message": "Intrusion Detected: Port scanning detected from 8.8.8.8", "timestamp": 1726414047.333143, "attack_type": "Port Scan"}
{"message": "Detected DNS Query: b'5lZkiKa3.madeupsetup.eu.' with encoding ascii", "timestamp": 1726414047.500869, "attack_type": "DNS Query"}
{"message": "Decoded DNS Query: 5lZkiKa3.madeupsetup.eu.", "timestamp": 1726414047.6577566, "attack_type": "DNS Query"}
{"message": "Detected DNS Query: b'5lZkiKa3.madeupsetup.eu.' with encoding ascii", "timestamp": 1726414047.817551, "attack_type": "DNS Query"}
{"message": "Decoded DNS Query: 5lZkiKa3.madeupsetup.eu.", "timestamp": 1726414047.899594, "attack_type": "DNS Query"}
{"message": "Intrusion Detected: Port scanning detected from 8.8.8.8", "timestamp": 1726414048.041386, "attack_type": "Port Scan"}
{"message": "Detected DNS Query: b'5lZkiKa3.madeupsetup.eu.us-west-1.ec2-utilities.amazonaws.com.' with encoding ascii", "timestamp": 1726414048.166938, "attack_type": "DNS Query"}
{"message": "Decoded DNS Query: 5lZkiKa3.madeupsetup.eu.us-west-1.ec2-utilities.amazonaws.com.", "timestamp": 1726414048.2997828, "attack_type": "DNS Query"}
{"message": "Intrusion Detected: Possible DNS exfiltration in query 5lZkiKa3.madeupsetup.eu.us-west-1.ec2-utilities.amazonaws.com.", "timestamp": 1726414048.3909798, "attack_type": "DNS Exfiltration"}
{"message": "Detected DNS Query: b'5lZkiKa3.madeupsetup.eu.us-west-1.ec2-utilities.amazonaws.com.' with encoding ascii", "timestamp": 1726414048.5910687, "attack_type": "DNS Query"}
{"message": "Decoded DNS Query: 5lZkiKa3.madeupsetup.eu.us-west-1.ec2-utilities.amazonaws.com.", "timestamp": 1726414048.6915693, "attack_type": "DNS Query"}
{"message": "Intrusion Detected: Possible DNS exfiltration in query 5lZkiKa3.madeupsetup.eu.us-west-1.ec2-utilities.amazonaws.com.", "timestamp": 1726414048.8907053, "attack_type": "DNS Exfiltration"}
{"message": "Intrusion Detected: Port scanning detected from 8.8.8.8", "timestamp": 1726414049.0325148, "attack_type": "Port Scan"}
{"message": "Detected DNS Query: b'5lZkiKa3.madeupsetup.eu.windomain.local.' with encoding ascii", "timestamp": 1726414049.1251757, "attack_type": "DNS Query"}
{"message": "Decoded DNS Query: 5lZkiKa3.madeupsetup.eu.windomain.local.", "timestamp": 1726414049.2993536, "attack_type": "DNS Query"}
{"message": "Intrusion Detected: HTTP Covert Channel Detected in User-Agent: Mozilla/5.0 (Windows NT 10.0; Win64; x64) AppleWebKit/537.36 (KHTML, like Gecko) Chrome/84.0.4147.105 Safari/537.36", "timestamp": 1726414049.4674747, "attack_type": "HTTP Covert Channel"}
{"message": "Traffic Anomaly Detected: 192.168.38.104 shows sudden traffic spike. Current: 623, Avg: 151.5", "timestamp": 1726414049.6083503, "attack_type": "Traffic Anomaly"}
[INFO] Flow: ('192.168.38.104', '8.8.8.8', 49164, 53, 'UDP'), Data Transferred: 99 bytes
[INFO] Flow: ('8.8.8.8', '192.168.38.104', 53, 49164, 'UDP'), Data Transferred: 174 bytes
[INFO] Flow: ('192.168.38.104', '8.8.8.8', 49165, 53, 'UDP'), Data Transferred: 83 bytes
[INFO] Flow: ('8.8.8.8', '192.168.38.104', 53, 49165, 'UDP'), Data Transferred: 162 bytes
[INFO] Flow: ('192.168.38.104', '8.8.8.8', 49166, 53, 'UDP'), Data Transferred: 121 bytes
[INFO] Flow: ('8.8.8.8', '192.168.38.104', 53, 49166, 'UDP'), Data Transferred: 209 bytes
[INFO] Flow: ('192.168.38.104', '8.8.8.8', 49167, 53, 'UDP'), Data Transferred: 99 bytes
[INFO] Flow: ('192.168.38.104', '18.217.1.57', 63652, 80, 'TCP'), Data Transferred: 66 bytes
[INFO] Flow: ('192.168.38.104', '18.217.1.57', 63651, 80, 'TCP'), Data Transferred: 623 bytes
[INFO] Flow: ('8.8.8.8', '192.168.38.104', 53, 49167, 'UDP'), Data Transferred: 174 bytes
{"message": "Detected DNS Query: b'5lZkiKa3.madeupsetup.eu.windomain.local.' with encoding ascii", "timestamp": 1726414050.1542609, "attack_type": "DNS Query"}
{"message": "Decoded DNS Query: 5lZkiKa3.madeupsetup.eu.windomain.local.", "timestamp": 1726414050.324782, "attack_type": "DNS Query"}
{"message": "Intrusion Detected: Port scanning detected from 8.8.8.8", "timestamp": 1726414050.4244146, "attack_type": "Port Scan"}
{"message": "Detected DNS Query: b'tPwzBtD8.madeupsetup.eu.' with encoding ascii", "timestamp": 1726414050.574445, "attack_type": "DNS Query"}
{"message": "Decoded DNS Query: tPwzBtD8.madeupsetup.eu.", "timestamp": 1726414050.7407687, "attack_type": "DNS Query"}
{"message": "Detected DNS Query: b'tPwzBtD8.madeupsetup.eu.' with encoding ascii", "timestamp": 1726414050.909077, "attack_type": "DNS Query"}
{"message": "Decoded DNS Query: tPwzBtD8.madeupsetup.eu.", "timestamp": 1726414051.0466685, "attack_type": "DNS Query"}
{"message": "Intrusion Detected: Port scanning detected from 8.8.8.8", "timestamp": 1726414051.182399, "attack_type": "Port Scan"}
{"message": "Detected DNS Query: b'tPwzBtD8.madeupsetup.eu.us-west-1.ec2-utilities.amazonaws.com.' with encoding ascii", "timestamp": 1726414051.3503244, "attack_type": "DNS Query"}
{"message": "Decoded DNS Query: tPwzBtD8.madeupsetup.eu.us-west-1.ec2-utilities.amazonaws.com.", "timestamp": 1726414051.4833698, "attack_type": "DNS Query"}
{"message": "Intrusion Detected: Possible DNS exfiltration in query tPwzBtD8.madeupsetup.eu.us-west-1.ec2-utilities.amazonaws.com.", "timestamp": 1726414051.6325138, "attack_type": "DNS Exfiltration"}
{"message": "Detected DNS Query: b'tPwzBtD8.madeupsetup.eu.us-west-1.ec2-utilities.amazonaws.com.' with encoding ascii", "timestamp": 1726414051.7910428, "attack_type": "DNS Query"}
{"message": "Decoded DNS Query: tPwzBtD8.madeupsetup.eu.us-west-1.ec2-utilities.amazonaws.com.", "timestamp": 1726414051.9495292, "attack_type": "DNS Query"}
{"message": "Intrusion Detected: Possible DNS exfiltration in query tPwzBtD8.madeupsetup.eu.us-west-1.ec2-utilities.amazonaws.com.", "timestamp": 1726414052.0907881, "attack_type": "DNS Exfiltration"}
{"message": "Intrusion Detected: Port scanning detected from 8.8.8.8", "timestamp": 1726414052.2576337, "attack_type": "Port Scan"}
{"message": "Detected DNS Query: b'tPwzBtD8.madeupsetup.eu.windomain.local.' with encoding ascii", "timestamp": 1726414052.4166362, "attack_type": "DNS Query"}
{"message": "Decoded DNS Query: tPwzBtD8.madeupsetup.eu.windomain.local.", "timestamp": 1726414052.52442, "attack_type": "DNS Query"}
{"message": "Detected DNS Query: b'tPwzBtD8.madeupsetup.eu.windomain.local.' with encoding ascii", "timestamp": 1726414052.7115126, "attack_type": "DNS Query"}
{"message": "Decoded DNS Query: tPwzBtD8.madeupsetup.eu.windomain.local.", "timestamp": 1726414052.8576612, "attack_type": "DNS Query"}
{"message": "Intrusion Detected: Port scanning detected from 8.8.8.8", "timestamp": 1726414053.0079658, "attack_type": "Port Scan"}
{"message": "Detected DNS Query: b'dt0idpyB.madeupsetup.eu.' with encoding ascii", "timestamp": 1726414053.1497815, "attack_type": "DNS Query"}
{"message": "Decoded DNS Query: dt0idpyB.madeupsetup.eu.", "timestamp": 1726414053.2407362, "attack_type": "DNS Query"}
[INFO] Flow: ('192.168.38.104', '8.8.8.8', 49168, 53, 'UDP'), Data Transferred: 83 bytes
[INFO] Flow: ('8.8.8.8', '192.168.38.104', 53, 49168, 'UDP'), Data Transferred: 162 bytes
[INFO] Flow: ('192.168.38.104', '8.8.8.8', 49169, 53, 'UDP'), Data Transferred: 121 bytes
[INFO] Flow: ('8.8.8.8', '192.168.38.104', 53, 49169, 'UDP'), Data Transferred: 221 bytes
[INFO] Flow: ('192.168.38.104', '8.8.8.8', 49170, 53, 'UDP'), Data Transferred: 99 bytes
[INFO] Flow: ('8.8.8.8', '192.168.38.104', 53, 49170, 'UDP'), Data Transferred: 174 bytes
[INFO] Flow: ('192.168.38.104', '8.8.8.8', 49171, 53, 'UDP'), Data Transferred: 83 bytes
[INFO] Packet dropped: Invalid TCP packet characteristics
[INFO] Flow: ('192.168.38.104', '18.217.1.57', 63652, 80, 'TCP'), Data Transferred: 120 bytes
[INFO] Flow: ('18.217.1.57', '192.168.38.104', 80, 63651, 'TCP'), Data Transferred: 54 bytes
{"message": "Traffic Anomaly Detected: 192.168.38.104 shows sudden traffic spike. Current: 677, Avg: 209.2", "timestamp": 1726414053.3934484, "attack_type": "Traffic Anomaly"}
{"message": "Detected DNS Query: b'dt0idpyB.madeupsetup.eu.' with encoding ascii", "timestamp": 1726414053.5408833, "attack_type": "DNS Query"}
{"message": "Decoded DNS Query: dt0idpyB.madeupsetup.eu.", "timestamp": 1726414053.7079983, "attack_type": "DNS Query"}
{"message": "Intrusion Detected: Port scanning detected from 8.8.8.8", "timestamp": 1726414053.8324218, "attack_type": "Port Scan"}
{"message": "Detected DNS Query: b'dt0idpyB.madeupsetup.eu.us-west-1.ec2-utilities.amazonaws.com.' with encoding ascii", "timestamp": 1726414053.9245842, "attack_type": "DNS Query"}
{"message": "Decoded DNS Query: dt0idpyB.madeupsetup.eu.us-west-1.ec2-utilities.amazonaws.com.", "timestamp": 1726414054.0573404, "attack_type": "DNS Query"}
{"message": "Intrusion Detected: Possible DNS exfiltration in query dt0idpyB.madeupsetup.eu.us-west-1.ec2-utilities.amazonaws.com.", "timestamp": 1726414054.1906478, "attack_type": "DNS Exfiltration"}
{"message": "Detected DNS Query: b'dt0idpyB.madeupsetup.eu.us-west-1.ec2-utilities.amazonaws.com.' with encoding ascii", "timestamp": 1726414054.3245122, "attack_type": "DNS Query"}
{"message": "Decoded DNS Query: dt0idpyB.madeupsetup.eu.us-west-1.ec2-utilities.amazonaws.com.", "timestamp": 1726414054.4162993, "attack_type": "DNS Query"}
{"message": "Intrusion Detected: Possible DNS exfiltration in query dt0idpyB.madeupsetup.eu.us-west-1.ec2-utilities.amazonaws.com.", "timestamp": 1726414054.5491762, "attack_type": "DNS Exfiltration"}
{"message": "Intrusion Detected: Port scanning detected from 8.8.8.8", "timestamp": 1726414054.6743357, "attack_type": "Port Scan"}
{"message": "Detected DNS Query: b'dt0idpyB.madeupsetup.eu.windomain.local.' with encoding ascii", "timestamp": 1726414054.852899, "attack_type": "DNS Query"}
{"message": "Decoded DNS Query: dt0idpyB.madeupsetup.eu.windomain.local.", "timestamp": 1726414055.024948, "attack_type": "DNS Query"}
{"message": "Detected DNS Query: b'dt0idpyB.madeupsetup.eu.windomain.local.' with encoding ascii", "timestamp": 1726414055.1167564, "attack_type": "DNS Query"}
{"message": "Decoded DNS Query: dt0idpyB.madeupsetup.eu.windomain.local.", "timestamp": 1726414055.2903554, "attack_type": "DNS Query"}
{"message": "Intrusion Detected: Port scanning detected from 8.8.8.8", "timestamp": 1726414055.42406, "attack_type": "Port Scan"}
[INFO] Flow: ('18.217.1.57', '192.168.38.104', 80, 63651, 'TCP'), Data Transferred: 125 bytes
[INFO] Packet dropped: Invalid TCP packet characteristics
[INFO] Flow: ('192.168.38.104', '18.217.1.57', 63651, 80, 'TCP'), Data Transferred: 677 bytes
[INFO] Packet dropped: Invalid TCP packet characteristics
[INFO] Flow: ('8.8.8.8', '192.168.38.104', 53, 49171, 'UDP'), Data Transferred: 162 bytes
[INFO] Flow: ('192.168.38.104', '8.8.8.8', 49172, 53, 'UDP'), Data Transferred: 121 bytes
[INFO] Flow: ('8.8.8.8', '192.168.38.104', 53, 49172, 'UDP'), Data Transferred: 209 bytes
[INFO] Flow: ('192.168.38.104', '8.8.8.8', 49173, 53, 'UDP'), Data Transferred: 99 bytes
[INFO] Flow: ('8.8.8.8', '192.168.38.104', 53, 49173, 'UDP'), Data Transferred: 174 bytes
[INFO] Flow: ('192.168.38.104', '8.8.8.8', 49174, 53, 'UDP'), Data Transferred: 83 bytes
{"message": "Detected DNS Query: b'GY3VancC.madeupsetup.eu.' with encoding ascii", "timestamp": 1726414055.5580065, "attack_type": "DNS Query"}
{"message": "Decoded DNS Query: GY3VancC.madeupsetup.eu.", "timestamp": 1726414055.6991827, "attack_type": "DNS Query"}
{"message": "Detected DNS Query: b'GY3VancC.madeupsetup.eu.' with encoding ascii", "timestamp": 1726414055.8084865, "attack_type": "DNS Query"}
{"message": "Decoded DNS Query: GY3VancC.madeupsetup.eu.", "timestamp": 1726414055.9739635, "attack_type": "DNS Query"}
{"message": "Intrusion Detected: Port scanning detected from 8.8.8.8", "timestamp": 1726414056.117386, "attack_type": "Port Scan"}
{"message": "Detected DNS Query: b'GY3VancC.madeupsetup.eu.us-west-1.ec2-utilities.amazonaws.com.' with encoding ascii", "timestamp": 1726414056.2409747, "attack_type": "DNS Query"}
{"message": "Decoded DNS Query: GY3VancC.madeupsetup.eu.us-west-1.ec2-utilities.amazonaws.com.", "timestamp": 1726414056.3743768, "attack_type": "DNS Query"}
{"message": "Intrusion Detected: Possible DNS exfiltration in query GY3VancC.madeupsetup.eu.us-west-1.ec2-utilities.amazonaws.com.", "timestamp": 1726414056.5322893, "attack_type": "DNS Exfiltration"}
{"message": "Detected DNS Query: b'GY3VancC.madeupsetup.eu.us-west-1.ec2-utilities.amazonaws.com.' with encoding ascii", "timestamp": 1726414056.6243763, "attack_type": "DNS Query"}
{"message": "Decoded DNS Query: GY3VancC.madeupsetup.eu.us-west-1.ec2-utilities.amazonaws.com.", "timestamp": 1726414056.7576005, "attack_type": "DNS Query"}
{"message": "Intrusion Detected: Possible DNS exfiltration in query GY3VancC.madeupsetup.eu.us-west-1.ec2-utilities.amazonaws.com.", "timestamp": 1726414056.9154832, "attack_type": "DNS Exfiltration"}
{"message": "Intrusion Detected: Port scanning detected from 8.8.8.8", "timestamp": 1726414057.130699, "attack_type": "Port Scan"}
{"message": "Detected DNS Query: b'GY3VancC.madeupsetup.eu.windomain.local.' with encoding ascii", "timestamp": 1726414057.2665174, "attack_type": "DNS Query"}
{"message": "Decoded DNS Query: GY3VancC.madeupsetup.eu.windomain.local.", "timestamp": 1726414057.423991, "attack_type": "DNS Query"}
{"message": "Detected DNS Query: b'GY3VancC.madeupsetup.eu.windomain.local.' with encoding ascii", "timestamp": 1726414057.582361, "attack_type": "DNS Query"}
{"message": "Decoded DNS Query: GY3VancC.madeupsetup.eu.windomain.local.", "timestamp": 1726414057.7324214, "attack_type": "DNS Query"}
{"message": "Intrusion Detected: Port scanning detected from 8.8.8.8", "timestamp": 1726414057.8745494, "attack_type": "Port Scan"}
{"message": "Detected DNS Query: b'pFnvUGtZ.madeupsetup.eu.' with encoding ascii", "timestamp": 1726414058.008093, "attack_type": "DNS Query"}
{"message": "Decoded DNS Query: pFnvUGtZ.madeupsetup.eu.", "timestamp": 1726414058.1605384, "attack_type": "DNS Query"}
{"message": "Detected DNS Query: b'pFnvUGtZ.madeupsetup.eu.' with encoding ascii", "timestamp": 1726414058.232431, "attack_type": "DNS Query"}
{"message": "Decoded DNS Query: pFnvUGtZ.madeupsetup.eu.", "timestamp": 1726414058.398973, "attack_type": "DNS Query"}
{"message": "Intrusion Detected: Port scanning detected from 8.8.8.8", "timestamp": 1726414058.5243177, "attack_type": "Port Scan"}
{"message": "Detected DNS Query: b'pFnvUGtZ.madeupsetup.eu.us-west-1.ec2-utilities.amazonaws.com.' with encoding ascii", "timestamp": 1726414058.6744719, "attack_type": "DNS Query"}
{"message": "Decoded DNS Query: pFnvUGtZ.madeupsetup.eu.us-west-1.ec2-utilities.amazonaws.com.", "timestamp": 1726414058.7743142, "attack_type": "DNS Query"}
{"message": "Intrusion Detected: Possible DNS exfiltration in query pFnvUGtZ.madeupsetup.eu.us-west-1.ec2-utilities.amazonaws.com.", "timestamp": 1726414058.9022675, "attack_type": "DNS Exfiltration"}
[INFO] Flow: ('18.217.1.57', '192.168.38.104', 80, 63651, 'TCP'), Data Transferred: 179 bytes
[INFO] Flow: ('8.8.8.8', '192.168.38.104', 53, 49174, 'UDP'), Data Transferred: 162 bytes
[INFO] Flow: ('192.168.38.104', '8.8.8.8', 49175, 53, 'UDP'), Data Transferred: 121 bytes
[INFO] Flow: ('8.8.8.8', '192.168.38.104', 53, 49175, 'UDP'), Data Transferred: 209 bytes
[INFO] Flow: ('192.168.38.104', '8.8.8.8', 49176, 53, 'UDP'), Data Transferred: 99 bytes
[INFO] Flow: ('8.8.8.8', '192.168.38.104', 53, 49176, 'UDP'), Data Transferred: 174 bytes
[INFO] Flow: ('192.168.38.104', '8.8.8.8', 49177, 53, 'UDP'), Data Transferred: 83 bytes
[INFO] Flow: ('8.8.8.8', '192.168.38.104', 53, 49177, 'UDP'), Data Transferred: 162 bytes
[INFO] Flow: ('192.168.38.104', '8.8.8.8', 49178, 53, 'UDP'), Data Transferred: 121 bytes
[INFO] Flow: ('8.8.8.8', '192.168.38.104', 53, 49178, 'UDP'), Data Transferred: 209 bytes
{"message": "Detected DNS Query: b'pFnvUGtZ.madeupsetup.eu.us-west-1.ec2-utilities.amazonaws.com.' with encoding ascii", "timestamp": 1726414059.0498097, "attack_type": "DNS Query"}
{"message": "Decoded DNS Query: pFnvUGtZ.madeupsetup.eu.us-west-1.ec2-utilities.amazonaws.com.", "timestamp": 1726414059.1823075, "attack_type": "DNS Query"}
{"message": "Intrusion Detected: Possible DNS exfiltration in query pFnvUGtZ.madeupsetup.eu.us-west-1.ec2-utilities.amazonaws.com.", "timestamp": 1726414059.265616, "attack_type": "DNS Exfiltration"}
{"message": "Intrusion Detected: Port scanning detected from 8.8.8.8", "timestamp": 1726414059.415789, "attack_type": "Port Scan"}
{"message": "Detected DNS Query: b'pFnvUGtZ.madeupsetup.eu.windomain.local.' with encoding ascii", "timestamp": 1726414059.5992856, "attack_type": "DNS Query"}
{"message": "Decoded DNS Query: pFnvUGtZ.madeupsetup.eu.windomain.local.", "timestamp": 1726414059.7487826, "attack_type": "DNS Query"}
{"message": "Detected DNS Query: b'pFnvUGtZ.madeupsetup.eu.windomain.local.' with encoding ascii", "timestamp": 1726414059.9082706, "attack_type": "DNS Query"}
{"message": "Decoded DNS Query: pFnvUGtZ.madeupsetup.eu.windomain.local.", "timestamp": 1726414060.0577419, "attack_type": "DNS Query"}
{"message": "Intrusion Detected: Port scanning detected from 8.8.8.8", "timestamp": 1726414060.2156997, "attack_type": "Port Scan"}
{"message": "Detected DNS Query: b'ttY3YINW.madeupsetup.eu.' with encoding ascii", "timestamp": 1726414060.357396, "attack_type": "DNS Query"}
{"message": "Decoded DNS Query: ttY3YINW.madeupsetup.eu.", "timestamp": 1726414060.4915862, "attack_type": "DNS Query"}
{"message": "Detected DNS Query: b'ttY3YINW.madeupsetup.eu.' with encoding ascii", "timestamp": 1726414060.5742774, "attack_type": "DNS Query"}
{"message": "Decoded DNS Query: ttY3YINW.madeupsetup.eu.", "timestamp": 1726414060.706592, "attack_type": "DNS Query"}
{"message": "Intrusion Detected: Port scanning detected from 8.8.8.8", "timestamp": 1726414060.8322566, "attack_type": "Port Scan"}
{"message": "Detected DNS Query: b'ttY3YINW.madeupsetup.eu.us-west-1.ec2-utilities.amazonaws.com.' with encoding ascii", "timestamp": 1726414060.9745684, "attack_type": "DNS Query"}
{"message": "Decoded DNS Query: ttY3YINW.madeupsetup.eu.us-west-1.ec2-utilities.amazonaws.com.", "timestamp": 1726414061.1325502, "attack_type": "DNS Query"}
{"message": "Intrusion Detected: Possible DNS exfiltration in query ttY3YINW.madeupsetup.eu.us-west-1.ec2-utilities.amazonaws.com.", "timestamp": 1726414061.282502, "attack_type": "DNS Exfiltration"}
{"message": "Detected DNS Query: b'ttY3YINW.madeupsetup.eu.us-west-1.ec2-utilities.amazonaws.com.' with encoding ascii", "timestamp": 1726414061.3611538, "attack_type": "DNS Query"}
{"message": "Decoded DNS Query: ttY3YINW.madeupsetup.eu.us-west-1.ec2-utilities.amazonaws.com.", "timestamp": 1726414061.4986076, "attack_type": "DNS Query"}
{"message": "Intrusion Detected: Possible DNS exfiltration in query ttY3YINW.madeupsetup.eu.us-west-1.ec2-utilities.amazonaws.com.", "timestamp": 1726414061.6239505, "attack_type": "DNS Exfiltration"}
{"message": "Intrusion Detected: Port scanning detected from 8.8.8.8", "timestamp": 1726414061.812526, "attack_type": "Port Scan"}
{"message": "Detected DNS Query: b'ttY3YINW.madeupsetup.eu.windomain.local.' with encoding ascii", "timestamp": 1726414061.9760811, "attack_type": "DNS Query"}
{"message": "Decoded DNS Query: ttY3YINW.madeupsetup.eu.windomain.local.", "timestamp": 1726414062.1074443, "attack_type": "DNS Query"}
{"message": "Detected DNS Query: b'ttY3YINW.madeupsetup.eu.windomain.local.' with encoding ascii", "timestamp": 1726414062.258503, "attack_type": "DNS Query"}
{"message": "Decoded DNS Query: ttY3YINW.madeupsetup.eu.windomain.local.", "timestamp": 1726414062.3484974, "attack_type": "DNS Query"}
{"message": "Intrusion Detected: Port scanning detected from 8.8.8.8", "timestamp": 1726414062.5149877, "attack_type": "Port Scan"}
{"message": "Detected DNS Query: b'gie24mjc.madeupsetup.eu.' with encoding ascii", "timestamp": 1726414062.6415875, "attack_type": "DNS Query"}
{"message": "Decoded DNS Query: gie24mjc.madeupsetup.eu.", "timestamp": 1726414062.7903757, "attack_type": "DNS Query"}
[INFO] Flow: ('192.168.38.104', '8.8.8.8', 49179, 53, 'UDP'), Data Transferred: 99 bytes
[INFO] Flow: ('8.8.8.8', '192.168.38.104', 53, 49179, 'UDP'), Data Transferred: 174 bytes
[INFO] Flow: ('192.168.38.104', '8.8.8.8', 49180, 53, 'UDP'), Data Transferred: 83 bytes
[INFO] Flow: ('8.8.8.8', '192.168.38.104', 53, 49180, 'UDP'), Data Transferred: 162 bytes
[INFO] Flow: ('192.168.38.104', '8.8.8.8', 49181, 53, 'UDP'), Data Transferred: 121 bytes
[INFO] Flow: ('8.8.8.8', '192.168.38.104', 53, 49181, 'UDP'), Data Transferred: 221 bytes
[INFO] Flow: ('192.168.38.104', '8.8.8.8', 49182, 53, 'UDP'), Data Transferred: 99 bytes
[INFO] Flow: ('8.8.8.8', '192.168.38.104', 53, 49182, 'UDP'), Data Transferred: 174 bytes
[INFO] Flow: ('192.168.38.104', '8.8.8.8', 49183, 53, 'UDP'), Data Transferred: 83 bytes
[INFO] Flow: ('8.8.8.8', '192.168.38.104', 53, 49183, 'UDP'), Data Transferred: 162 bytes
{"message": "Detected DNS Query: b'gie24mjc.madeupsetup.eu.' with encoding ascii", "timestamp": 1726414062.9407918, "attack_type": "DNS Query"}
{"message": "Decoded DNS Query: gie24mjc.madeupsetup.eu.", "timestamp": 1726414063.1237688, "attack_type": "DNS Query"}
{"message": "Intrusion Detected: Port scanning detected from 8.8.8.8", "timestamp": 1726414063.348732, "attack_type": "Port Scan"}
{"message": "Detected DNS Query: b'gie24mjc.madeupsetup.eu.us-west-1.ec2-utilities.amazonaws.com.' with encoding ascii", "timestamp": 1726414063.5243928, "attack_type": "DNS Query"}
{"message": "Decoded DNS Query: gie24mjc.madeupsetup.eu.us-west-1.ec2-utilities.amazonaws.com.", "timestamp": 1726414063.6734858, "attack_type": "DNS Query"}
{"message": "Intrusion Detected: Possible DNS exfiltration in query gie24mjc.madeupsetup.eu.us-west-1.ec2-utilities.amazonaws.com.", "timestamp": 1726414063.8246062, "attack_type": "DNS Exfiltration"}
{"message": "Detected DNS Query: b'gie24mjc.madeupsetup.eu.us-west-1.ec2-utilities.amazonaws.com.' with encoding ascii", "timestamp": 1726414063.991023, "attack_type": "DNS Query"}
{"message": "Decoded DNS Query: gie24mjc.madeupsetup.eu.us-west-1.ec2-utilities.amazonaws.com.", "timestamp": 1726414064.1397717, "attack_type": "DNS Query"}
{"message": "Intrusion Detected: Possible DNS exfiltration in query gie24mjc.madeupsetup.eu.us-west-1.ec2-utilities.amazonaws.com.", "timestamp": 1726414064.2567012, "attack_type": "DNS Exfiltration"}
{"message": "Intrusion Detected: Port scanning detected from 8.8.8.8", "timestamp": 1726414064.390458, "attack_type": "Port Scan"}
{"message": "Detected DNS Query: b'gie24mjc.madeupsetup.eu.windomain.local.' with encoding ascii", "timestamp": 1726414064.5404236, "attack_type": "DNS Query"}
{"message": "Decoded DNS Query: gie24mjc.madeupsetup.eu.windomain.local.", "timestamp": 1726414064.681121, "attack_type": "DNS Query"}
{"message": "Detected DNS Query: b'gie24mjc.madeupsetup.eu.windomain.local.' with encoding ascii", "timestamp": 1726414064.8077364, "attack_type": "DNS Query"}
{"message": "Decoded DNS Query: gie24mjc.madeupsetup.eu.windomain.local.", "timestamp": 1726414064.89048, "attack_type": "DNS Query"}
{"message": "Intrusion Detected: Port scanning detected from 8.8.8.8", "timestamp": 1726414065.015052, "attack_type": "Port Scan"}
{"message": "Detected DNS Query: b'NEQMIULq.madeupsetup.eu.' with encoding ascii", "timestamp": 1726414065.1576288, "attack_type": "DNS Query"}
{"message": "Decoded DNS Query: NEQMIULq.madeupsetup.eu.", "timestamp": 1726414065.289894, "attack_type": "DNS Query"}
{"message": "Detected DNS Query: b'NEQMIULq.madeupsetup.eu.' with encoding ascii", "timestamp": 1726414065.4157445, "attack_type": "DNS Query"}
{"message": "Decoded DNS Query: NEQMIULq.madeupsetup.eu.", "timestamp": 1726414065.4902472, "attack_type": "DNS Query"}
{"message": "Intrusion Detected: Port scanning detected from 8.8.8.8", "timestamp": 1726414065.6493726, "attack_type": "Port Scan"}
{"message": "Detected DNS Query: b'NEQMIULq.madeupsetup.eu.us-west-1.ec2-utilities.amazonaws.com.' with encoding ascii", "timestamp": 1726414065.8324933, "attack_type": "DNS Query"}
{"message": "Decoded DNS Query: NEQMIULq.madeupsetup.eu.us-west-1.ec2-utilities.amazonaws.com.", "timestamp": 1726414065.965381, "attack_type": "DNS Query"}
{"message": "Intrusion Detected: Possible DNS exfiltration in query NEQMIULq.madeupsetup.eu.us-west-1.ec2-utilities.amazonaws.com.", "timestamp": 1726414066.0989475, "attack_type": "DNS Exfiltration"}
{"message": "Detected DNS Query: b'NEQMIULq.madeupsetup.eu.us-west-1.ec2-utilities.amazonaws.com.' with encoding ascii", "timestamp": 1726414066.2003498, "attack_type": "DNS Query"}
{"message": "Decoded DNS Query: NEQMIULq.madeupsetup.eu.us-west-1.ec2-utilities.amazonaws.com.", "timestamp": 1726414066.3484972, "attack_type": "DNS Query"}
{"message": "Intrusion Detected: Possible DNS exfiltration in query NEQMIULq.madeupsetup.eu.us-west-1.ec2-utilities.amazonaws.com.", "timestamp": 1726414066.4814365, "attack_type": "DNS Exfiltration"}
{"message": "Intrusion Detected: Port scanning detected from 8.8.8.8", "timestamp": 1726414066.6653867, "attack_type": "Port Scan"}
{"message": "Detected DNS Query: b'NEQMIULq.madeupsetup.eu.windomain.local.' with encoding ascii", "timestamp": 1726414066.7909994, "attack_type": "DNS Query"}
{"message": "Decoded DNS Query: NEQMIULq.madeupsetup.eu.windomain.local.", "timestamp": 1726414066.9231982, "attack_type": "DNS Query"}
[INFO] Flow: ('192.168.38.104', '8.8.8.8', 49184, 53, 'UDP'), Data Transferred: 121 bytes
[INFO] Flow: ('8.8.8.8', '192.168.38.104', 53, 49184, 'UDP'), Data Transferred: 209 bytes
[INFO] Flow: ('192.168.38.104', '8.8.8.8', 49185, 53, 'UDP'), Data Transferred: 99 bytes
[INFO] Flow: ('8.8.8.8', '192.168.38.104', 53, 49185, 'UDP'), Data Transferred: 174 bytes
[INFO] Flow: ('192.168.38.104', '8.8.8.8', 49186, 53, 'UDP'), Data Transferred: 83 bytes
[INFO] Flow: ('8.8.8.8', '192.168.38.104', 53, 49186, 'UDP'), Data Transferred: 162 bytes
[INFO] Flow: ('192.168.38.104', '8.8.8.8', 49187, 53, 'UDP'), Data Transferred: 121 bytes
[INFO] Flow: ('8.8.8.8', '192.168.38.104', 53, 49187, 'UDP'), Data Transferred: 209 bytes
[INFO] Flow: ('192.168.38.104', '8.8.8.8', 49188, 53, 'UDP'), Data Transferred: 99 bytes
[INFO] Flow: ('8.8.8.8', '192.168.38.104', 53, 49188, 'UDP'), Data Transferred: 174 bytes
{"message": "Detected DNS Query: b'NEQMIULq.madeupsetup.eu.windomain.local.' with encoding ascii", "timestamp": 1726414067.00798, "attack_type": "DNS Query"}
{"message": "Decoded DNS Query: NEQMIULq.madeupsetup.eu.windomain.local.", "timestamp": 1726414067.1406057, "attack_type": "DNS Query"}
{"message": "Intrusion Detected: Port scanning detected from 8.8.8.8", "timestamp": 1726414067.298473, "attack_type": "Port Scan"}
{"message": "Detected DNS Query: b'2fHPxt2H.madeupsetup.eu.' with encoding ascii", "timestamp": 1726414067.465393, "attack_type": "DNS Query"}
{"message": "Decoded DNS Query: 2fHPxt2H.madeupsetup.eu.", "timestamp": 1726414067.6255133, "attack_type": "DNS Query"}
{"message": "Detected DNS Query: b'2fHPxt2H.madeupsetup.eu.' with encoding ascii", "timestamp": 1726414067.7650893, "attack_type": "DNS Query"}
{"message": "Decoded DNS Query: 2fHPxt2H.madeupsetup.eu.", "timestamp": 1726414067.890379, "attack_type": "DNS Query"}
{"message": "Intrusion Detected: Port scanning detected from 8.8.8.8", "timestamp": 1726414067.9906292, "attack_type": "Port Scan"}
{"message": "Detected DNS Query: b'2fHPxt2H.madeupsetup.eu.us-west-1.ec2-utilities.amazonaws.com.' with encoding ascii", "timestamp": 1726414068.1241152, "attack_type": "DNS Query"}
{"message": "Decoded DNS Query: 2fHPxt2H.madeupsetup.eu.us-west-1.ec2-utilities.amazonaws.com.", "timestamp": 1726414068.265405, "attack_type": "DNS Query"}
{"message": "Intrusion Detected: Possible DNS exfiltration in query 2fHPxt2H.madeupsetup.eu.us-west-1.ec2-utilities.amazonaws.com.", "timestamp": 1726414068.3897173, "attack_type": "DNS Exfiltration"}
{"message": "Intrusion Detected: HTTP Covert Channel Detected in User-Agent: Mozilla/5.0 (Windows NT 10.0; Win64; x64) AppleWebKit/537.36 (KHTML, like Gecko) Chrome/84.0.4147.105 Safari/537.36", "timestamp": 1726414068.515392, "attack_type": "HTTP Covert Channel"}
{"message": "Traffic Anomaly Detected: 192.168.38.104 shows sudden traffic spike. Current: 623, Avg: 149.9", "timestamp": 1726414068.6902556, "attack_type": "Traffic Anomaly"}
{"message": "Detected DNS Query: b'2fHPxt2H.madeupsetup.eu.us-west-1.ec2-utilities.amazonaws.com.' with encoding ascii", "timestamp": 1726414068.848338, "attack_type": "DNS Query"}
{"message": "Decoded DNS Query: 2fHPxt2H.madeupsetup.eu.us-west-1.ec2-utilities.amazonaws.com.", "timestamp": 1726414068.9396834, "attack_type": "DNS Query"}
{"message": "Intrusion Detected: Possible DNS exfiltration in query 2fHPxt2H.madeupsetup.eu.us-west-1.ec2-utilities.amazonaws.com.", "timestamp": 1726414069.0816724, "attack_type": "DNS Exfiltration"}
{"message": "Intrusion Detected: Port scanning detected from 8.8.8.8", "timestamp": 1726414069.2482822, "attack_type": "Port Scan"}
{"message": "Detected DNS Query: b'2fHPxt2H.madeupsetup.eu.windomain.local.' with encoding ascii", "timestamp": 1726414069.4160395, "attack_type": "DNS Query"}
{"message": "Decoded DNS Query: 2fHPxt2H.madeupsetup.eu.windomain.local.", "timestamp": 1726414069.5564713, "attack_type": "DNS Query"}
{"message": "Detected DNS Query: b'2fHPxt2H.madeupsetup.eu.windomain.local.' with encoding ascii", "timestamp": 1726414069.6898572, "attack_type": "DNS Query"}
{"message": "Decoded DNS Query: 2fHPxt2H.madeupsetup.eu.windomain.local.", "timestamp": 1726414069.8236618, "attack_type": "DNS Query"}
{"message": "Intrusion Detected: Port scanning detected from 8.8.8.8", "timestamp": 1726414069.9151902, "attack_type": "Port Scan"}
{"message": "Detected DNS Query: b'+hFPfydr.madeupsetup.eu.' with encoding ascii", "timestamp": 1726414070.0656366, "attack_type": "DNS Query"}
{"message": "Decoded DNS Query: +hFPfydr.madeupsetup.eu.", "timestamp": 1726414070.240282, "attack_type": "DNS Query"}
[INFO] Flow: ('192.168.38.104', '8.8.8.8', 49189, 53, 'UDP'), Data Transferred: 83 bytes
[INFO] Flow: ('8.8.8.8', '192.168.38.104', 53, 49189, 'UDP'), Data Transferred: 162 bytes
[INFO] Flow: ('192.168.38.104', '8.8.8.8', 49190, 53, 'UDP'), Data Transferred: 121 bytes
[INFO] Flow: ('192.168.38.104', '18.217.1.57', 63653, 80, 'TCP'), Data Transferred: 66 bytes
[INFO] Flow: ('192.168.38.104', '18.217.1.57', 63652, 80, 'TCP'), Data Transferred: 623 bytes
[INFO] Flow: ('8.8.8.8', '192.168.38.104', 53, 49190, 'UDP'), Data Transferred: 221 bytes
[INFO] Flow: ('192.168.38.104', '8.8.8.8', 49191, 53, 'UDP'), Data Transferred: 99 bytes
[INFO] Flow: ('8.8.8.8', '192.168.38.104', 53, 49191, 'UDP'), Data Transferred: 174 bytes
[INFO] Flow: ('192.168.38.104', '8.8.8.8', 49192, 53, 'UDP'), Data Transferred: 83 bytes
[INFO] Packet dropped: Invalid TCP packet characteristics
{"message": "Traffic Anomaly Detected: 192.168.38.104 shows sudden traffic spike. Current: 677, Avg: 209.2", "timestamp": 1726414070.3572314, "attack_type": "Traffic Anomaly"}
{"message": "Detected DNS Query: b'+hFPfydr.madeupsetup.eu.' with encoding ascii", "timestamp": 1726414070.515715, "attack_type": "DNS Query"}
{"message": "Decoded DNS Query: +hFPfydr.madeupsetup.eu.", "timestamp": 1726414070.6807435, "attack_type": "DNS Query"}
{"message": "Intrusion Detected: Port scanning detected from 8.8.8.8", "timestamp": 1726414070.764608, "attack_type": "Port Scan"}
{"message": "Detected DNS Query: b'+hFPfydr.madeupsetup.eu.us-west-1.ec2-utilities.amazonaws.com.' with encoding ascii", "timestamp": 1726414070.932472, "attack_type": "DNS Query"}
{"message": "Decoded DNS Query: +hFPfydr.madeupsetup.eu.us-west-1.ec2-utilities.amazonaws.com.", "timestamp": 1726414071.0906222, "attack_type": "DNS Query"}
{"message": "Intrusion Detected: Possible DNS exfiltration in query +hFPfydr.madeupsetup.eu.us-west-1.ec2-utilities.amazonaws.com.", "timestamp": 1726414071.223868, "attack_type": "DNS Exfiltration"}
[INFO] Flow: ('192.168.38.104', '18.217.1.57', 63653, 80, 'TCP'), Data Transferred: 120 bytes
[INFO] Flow: ('18.217.1.57', '192.168.38.104', 80, 63652, 'TCP'), Data Transferred: 54 bytes
[INFO] Flow: ('18.217.1.57', '192.168.38.104', 80, 63652, 'TCP'), Data Transferred: 125 bytes
[INFO] Packet dropped: Invalid TCP packet characteristics
[INFO] Flow: ('192.168.38.104', '18.217.1.57', 63652, 80, 'TCP'), Data Transferred: 677 bytes
[INFO] Packet dropped: Invalid TCP packet characteristics
[INFO] Flow: ('8.8.8.8', '192.168.38.104', 53, 49192, 'UDP'), Data Transferred: 162 bytes
[INFO] Flow: ('192.168.38.104', '8.8.8.8', 49193, 53, 'UDP'), Data Transferred: 121 bytes
[INFO] Flow: ('192.168.38.105', '192.168.38.104', 9000, 51315, 'TCP'), Data Transferred: 168 bytes
[INFO] Flow: ('8.8.8.8', '192.168.38.104', 53, 49193, 'UDP'), Data Transferred: 221 bytes
{"message": "Detected DNS Query: b'+hFPfydr.madeupsetup.eu.us-west-1.ec2-utilities.amazonaws.com.' with encoding ascii", "timestamp": 1726414071.3667796, "attack_type": "DNS Query"}
{"message": "Decoded DNS Query: +hFPfydr.madeupsetup.eu.us-west-1.ec2-utilities.amazonaws.com.", "timestamp": 1726414071.5234392, "attack_type": "DNS Query"}
{"message": "Intrusion Detected: Possible DNS exfiltration in query +hFPfydr.madeupsetup.eu.us-west-1.ec2-utilities.amazonaws.com.", "timestamp": 1726414071.6908927, "attack_type": "DNS Exfiltration"}
{"message": "Intrusion Detected: Port scanning detected from 8.8.8.8", "timestamp": 1726414071.906015, "attack_type": "Port Scan"}
{"message": "Detected DNS Query: b'+hFPfydr.madeupsetup.eu.windomain.local.' with encoding ascii", "timestamp": 1726414072.0484538, "attack_type": "DNS Query"}
{"message": "Decoded DNS Query: +hFPfydr.madeupsetup.eu.windomain.local.", "timestamp": 1726414072.190103, "attack_type": "DNS Query"}
{"message": "Detected DNS Query: b'+hFPfydr.madeupsetup.eu.windomain.local.' with encoding ascii", "timestamp": 1726414072.340155, "attack_type": "DNS Query"}
{"message": "Decoded DNS Query: +hFPfydr.madeupsetup.eu.windomain.local.", "timestamp": 1726414072.4224906, "attack_type": "DNS Query"}
{"message": "Intrusion Detected: Port scanning detected from 8.8.8.8", "timestamp": 1726414072.5566082, "attack_type": "Port Scan"}
{"message": "Detected DNS Query: b'CormfRcj.madeupsetup.eu.' with encoding ascii", "timestamp": 1726414072.7489662, "attack_type": "DNS Query"}
{"message": "Decoded DNS Query: CormfRcj.madeupsetup.eu.", "timestamp": 1726414072.8980837, "attack_type": "DNS Query"}
{"message": "Detected DNS Query: b'CormfRcj.madeupsetup.eu.' with encoding ascii", "timestamp": 1726414073.031585, "attack_type": "DNS Query"}
{"message": "Decoded DNS Query: CormfRcj.madeupsetup.eu.", "timestamp": 1726414073.1395597, "attack_type": "DNS Query"}
{"message": "Intrusion Detected: Port scanning detected from 8.8.8.8", "timestamp": 1726414073.290428, "attack_type": "Port Scan"}
{"message": "Detected DNS Query: b'CormfRcj.madeupsetup.eu.us-west-1.ec2-utilities.amazonaws.com.' with encoding ascii", "timestamp": 1726414073.5407248, "attack_type": "DNS Query"}
{"message": "Decoded DNS Query: CormfRcj.madeupsetup.eu.us-west-1.ec2-utilities.amazonaws.com.", "timestamp": 1726414073.6983602, "attack_type": "DNS Query"}
{"message": "Intrusion Detected: Possible DNS exfiltration in query CormfRcj.madeupsetup.eu.us-west-1.ec2-utilities.amazonaws.com.", "timestamp": 1726414073.8485725, "attack_type": "DNS Exfiltration"}
{"message": "Detected DNS Query: b'CormfRcj.madeupsetup.eu.us-west-1.ec2-utilities.amazonaws.com.' with encoding ascii", "timestamp": 1726414074.040263, "attack_type": "DNS Query"}
{"message": "Decoded DNS Query: CormfRcj.madeupsetup.eu.us-west-1.ec2-utilities.amazonaws.com.", "timestamp": 1726414074.1727643, "attack_type": "DNS Query"}
{"message": "Intrusion Detected: Possible DNS exfiltration in query CormfRcj.madeupsetup.eu.us-west-1.ec2-utilities.amazonaws.com.", "timestamp": 1726414074.3317008, "attack_type": "DNS Exfiltration"}
{"message": "Intrusion Detected: Port scanning detected from 8.8.8.8", "timestamp": 1726414074.4812849, "attack_type": "Port Scan"}
{"message": "Detected DNS Query: b'CormfRcj.madeupsetup.eu.windomain.local.' with encoding ascii", "timestamp": 1726414074.6323183, "attack_type": "DNS Query"}
{"message": "Decoded DNS Query: CormfRcj.madeupsetup.eu.windomain.local.", "timestamp": 1726414074.8147366, "attack_type": "DNS Query"}
[INFO] Flow: ('192.168.38.104', '8.8.8.8', 49194, 53, 'UDP'), Data Transferred: 99 bytes
[INFO] Flow: ('8.8.8.8', '192.168.38.104', 53, 49194, 'UDP'), Data Transferred: 174 bytes
[INFO] Flow: ('192.168.38.104', '8.8.8.8', 49195, 53, 'UDP'), Data Transferred: 83 bytes
[INFO] Flow: ('8.8.8.8', '192.168.38.104', 53, 49195, 'UDP'), Data Transferred: 162 bytes
[INFO] Flow: ('192.168.38.104', '8.8.8.8', 49196, 53, 'UDP'), Data Transferred: 121 bytes
[INFO] Flow: ('18.217.1.57', '192.168.38.104', 80, 63652, 'TCP'), Data Transferred: 179 bytes
[INFO] Flow: ('192.168.38.104', '192.168.38.105', 51315, 9000, 'TCP'), Data Transferred: 108 bytes
[INFO] Flow: ('8.8.8.8', '192.168.38.104', 53, 49196, 'UDP'), Data Transferred: 209 bytes
[INFO] Flow: ('192.168.38.104', '8.8.8.8', 49197, 53, 'UDP'), Data Transferred: 99 bytes
[INFO] Flow: ('8.8.8.8', '192.168.38.104', 53, 49197, 'UDP'), Data Transferred: 174 bytes
{"message": "Detected DNS Query: b'CormfRcj.madeupsetup.eu.windomain.local.' with encoding ascii", "timestamp": 1726414074.9985971, "attack_type": "DNS Query"}
{"message": "Decoded DNS Query: CormfRcj.madeupsetup.eu.windomain.local.", "timestamp": 1726414075.1399038, "attack_type": "DNS Query"}
{"message": "Intrusion Detected: Port scanning detected from 8.8.8.8", "timestamp": 1726414075.2563868, "attack_type": "Port Scan"}
{"message": "Detected DNS Query: b'OdUL5++a.madeupsetup.eu.' with encoding ascii", "timestamp": 1726414075.4074292, "attack_type": "DNS Query"}
{"message": "Decoded DNS Query: OdUL5++a.madeupsetup.eu.", "timestamp": 1726414075.5478144, "attack_type": "DNS Query"}
{"message": "Detected DNS Query: b'OdUL5++a.madeupsetup.eu.' with encoding ascii", "timestamp": 1726414075.7235856, "attack_type": "DNS Query"}
{"message": "Decoded DNS Query: OdUL5++a.madeupsetup.eu.", "timestamp": 1726414075.8727775, "attack_type": "DNS Query"}
{"message": "Intrusion Detected: Port scanning detected from 8.8.8.8", "timestamp": 1726414076.023317, "attack_type": "Port Scan"}
{"message": "Detected DNS Query: b'OdUL5++a.madeupsetup.eu.us-west-1.ec2-utilities.amazonaws.com.' with encoding ascii", "timestamp": 1726414076.1311274, "attack_type": "DNS Query"}
{"message": "Decoded DNS Query: OdUL5++a.madeupsetup.eu.us-west-1.ec2-utilities.amazonaws.com.", "timestamp": 1726414076.2643206, "attack_type": "DNS Query"}
{"message": "Intrusion Detected: Possible DNS exfiltration in query OdUL5++a.madeupsetup.eu.us-west-1.ec2-utilities.amazonaws.com.", "timestamp": 1726414076.4068534, "attack_type": "DNS Exfiltration"}
{"message": "Detected DNS Query: b'OdUL5++a.madeupsetup.eu.us-west-1.ec2-utilities.amazonaws.com.' with encoding ascii", "timestamp": 1726414076.5646436, "attack_type": "DNS Query"}
{"message": "Decoded DNS Query: OdUL5++a.madeupsetup.eu.us-west-1.ec2-utilities.amazonaws.com.", "timestamp": 1726414076.723438, "attack_type": "DNS Query"}
{"message": "Intrusion Detected: Possible DNS exfiltration in query OdUL5++a.madeupsetup.eu.us-west-1.ec2-utilities.amazonaws.com.", "timestamp": 1726414076.8652337, "attack_type": "DNS Exfiltration"}
{"message": "Intrusion Detected: Port scanning detected from 8.8.8.8", "timestamp": 1726414076.9568906, "attack_type": "Port Scan"}
{"message": "Detected DNS Query: b'OdUL5++a.madeupsetup.eu.windomain.local.' with encoding ascii", "timestamp": 1726414077.0987182, "attack_type": "DNS Query"}
{"message": "Decoded DNS Query: OdUL5++a.madeupsetup.eu.windomain.local.", "timestamp": 1726414077.2315743, "attack_type": "DNS Query"}
{"message": "Detected DNS Query: b'OdUL5++a.madeupsetup.eu.windomain.local.' with encoding ascii", "timestamp": 1726414077.3823464, "attack_type": "DNS Query"}
{"message": "Decoded DNS Query: OdUL5++a.madeupsetup.eu.windomain.local.", "timestamp": 1726414077.5306804, "attack_type": "DNS Query"}
{"message": "Intrusion Detected: Port scanning detected from 8.8.8.8", "timestamp": 1726414077.6234903, "attack_type": "Port Scan"}
{"message": "Detected DNS Query: b'44ujVBuF.madeupsetup.eu.' with encoding ascii", "timestamp": 1726414077.7733305, "attack_type": "DNS Query"}
{"message": "Decoded DNS Query: 44ujVBuF.madeupsetup.eu.", "timestamp": 1726414077.9234579, "attack_type": "DNS Query"}
{"message": "Detected DNS Query: b'44ujVBuF.madeupsetup.eu.' with encoding ascii", "timestamp": 1726414078.073392, "attack_type": "DNS Query"}
{"message": "Decoded DNS Query: 44ujVBuF.madeupsetup.eu.", "timestamp": 1726414078.2224395, "attack_type": "DNS Query"}
{"message": "Intrusion Detected: Port scanning detected from 8.8.8.8", "timestamp": 1726414078.3306851, "attack_type": "Port Scan"}
{"message": "Detected DNS Query: b'44ujVBuF.madeupsetup.eu.us-west-1.ec2-utilities.amazonaws.com.' with encoding ascii", "timestamp": 1726414078.4895837, "attack_type": "DNS Query"}
{"message": "Decoded DNS Query: 44ujVBuF.madeupsetup.eu.us-west-1.ec2-utilities.amazonaws.com.", "timestamp": 1726414078.6385362, "attack_type": "DNS Query"}
{"message": "Intrusion Detected: Possible DNS exfiltration in query 44ujVBuF.madeupsetup.eu.us-west-1.ec2-utilities.amazonaws.com.", "timestamp": 1726414078.824021, "attack_type": "DNS Exfiltration"}
[INFO] Flow: ('192.168.38.104', '8.8.8.8', 49198, 53, 'UDP'), Data Transferred: 83 bytes
[INFO] Flow: ('8.8.8.8', '192.168.38.104', 53, 49198, 'UDP'), Data Transferred: 162 bytes
[INFO] Flow: ('192.168.38.104', '8.8.8.8', 49199, 53, 'UDP'), Data Transferred: 121 bytes
[INFO] Flow: ('8.8.8.8', '192.168.38.104', 53, 49199, 'UDP'), Data Transferred: 209 bytes
[INFO] Flow: ('192.168.38.104', '8.8.8.8', 49200, 53, 'UDP'), Data Transferred: 99 bytes
[INFO] Flow: ('8.8.8.8', '192.168.38.104', 53, 49200, 'UDP'), Data Transferred: 174 bytes
[INFO] Flow: ('192.168.38.104', '8.8.8.8', 49201, 53, 'UDP'), Data Transferred: 83 bytes
[INFO] Flow: ('8.8.8.8', '192.168.38.104', 53, 49201, 'UDP'), Data Transferred: 162 bytes
[INFO] Flow: ('192.168.38.104', '8.8.8.8', 49202, 53, 'UDP'), Data Transferred: 121 bytes
[INFO] Flow: ('8.8.8.8', '192.168.38.104', 53, 49202, 'UDP'), Data Transferred: 209 bytes
{"message": "Detected DNS Query: b'44ujVBuF.madeupsetup.eu.us-west-1.ec2-utilities.amazonaws.com.' with encoding ascii", "timestamp": 1726414078.9480681, "attack_type": "DNS Query"}
{"message": "Decoded DNS Query: 44ujVBuF.madeupsetup.eu.us-west-1.ec2-utilities.amazonaws.com.", "timestamp": 1726414079.0898879, "attack_type": "DNS Query"}
{"message": "Intrusion Detected: Possible DNS exfiltration in query 44ujVBuF.madeupsetup.eu.us-west-1.ec2-utilities.amazonaws.com.", "timestamp": 1726414079.222534, "attack_type": "DNS Exfiltration"}
{"message": "Intrusion Detected: Port scanning detected from 8.8.8.8", "timestamp": 1726414079.2978754, "attack_type": "Port Scan"}
{"message": "Detected DNS Query: b'44ujVBuF.madeupsetup.eu.windomain.local.' with encoding ascii", "timestamp": 1726414079.4233537, "attack_type": "DNS Query"}
{"message": "Decoded DNS Query: 44ujVBuF.madeupsetup.eu.windomain.local.", "timestamp": 1726414079.5730994, "attack_type": "DNS Query"}
{"message": "Detected DNS Query: b'44ujVBuF.madeupsetup.eu.windomain.local.' with encoding ascii", "timestamp": 1726414079.7068365, "attack_type": "DNS Query"}
{"message": "Decoded DNS Query: 44ujVBuF.madeupsetup.eu.windomain.local.", "timestamp": 1726414079.780969, "attack_type": "DNS Query"}
{"message": "Intrusion Detected: Port scanning detected from 8.8.8.8", "timestamp": 1726414079.931528, "attack_type": "Port Scan"}
{"message": "Detected DNS Query: b'bM+BQ8dN.madeupsetup.eu.' with encoding ascii", "timestamp": 1726414080.064959, "attack_type": "DNS Query"}
{"message": "Decoded DNS Query: bM+BQ8dN.madeupsetup.eu.", "timestamp": 1726414080.2803776, "attack_type": "DNS Query"}
{"message": "Detected DNS Query: b'bM+BQ8dN.madeupsetup.eu.' with encoding ascii", "timestamp": 1726414080.3566387, "attack_type": "DNS Query"}
{"message": "Decoded DNS Query: bM+BQ8dN.madeupsetup.eu.", "timestamp": 1726414080.4894872, "attack_type": "DNS Query"}
{"message": "Intrusion Detected: Port scanning detected from 8.8.8.8", "timestamp": 1726414080.6476474, "attack_type": "Port Scan"}
{"message": "Detected DNS Query: b'bM+BQ8dN.madeupsetup.eu.us-west-1.ec2-utilities.amazonaws.com.' with encoding ascii", "timestamp": 1726414080.8148293, "attack_type": "DNS Query"}
{"message": "Decoded DNS Query: bM+BQ8dN.madeupsetup.eu.us-west-1.ec2-utilities.amazonaws.com.", "timestamp": 1726414080.964251, "attack_type": "DNS Query"}
{"message": "Intrusion Detected: Possible DNS exfiltration in query bM+BQ8dN.madeupsetup.eu.us-west-1.ec2-utilities.amazonaws.com.", "timestamp": 1726414081.0896938, "attack_type": "DNS Exfiltration"}
{"message": "Detected DNS Query: b'bM+BQ8dN.madeupsetup.eu.us-west-1.ec2-utilities.amazonaws.com.' with encoding ascii", "timestamp": 1726414081.1809938, "attack_type": "DNS Query"}
{"message": "Decoded DNS Query: bM+BQ8dN.madeupsetup.eu.us-west-1.ec2-utilities.amazonaws.com.", "timestamp": 1726414081.339369, "attack_type": "DNS Query"}
{"message": "Intrusion Detected: Possible DNS exfiltration in query bM+BQ8dN.madeupsetup.eu.us-west-1.ec2-utilities.amazonaws.com.", "timestamp": 1726414081.5232048, "attack_type": "DNS Exfiltration"}
{"message": "Intrusion Detected: Port scanning detected from 8.8.8.8", "timestamp": 1726414081.6560328, "attack_type": "Port Scan"}
{"message": "Detected DNS Query: b'bM+BQ8dN.madeupsetup.eu.windomain.local.' with encoding ascii", "timestamp": 1726414081.8064065, "attack_type": "DNS Query"}
{"message": "Decoded DNS Query: bM+BQ8dN.madeupsetup.eu.windomain.local.", "timestamp": 1726414081.930474, "attack_type": "DNS Query"}
{"message": "Detected DNS Query: b'bM+BQ8dN.madeupsetup.eu.windomain.local.' with encoding ascii", "timestamp": 1726414082.0148175, "attack_type": "DNS Query"}
{"message": "Decoded DNS Query: bM+BQ8dN.madeupsetup.eu.windomain.local.", "timestamp": 1726414082.1644642, "attack_type": "DNS Query"}
{"message": "Intrusion Detected: Port scanning detected from 8.8.8.8", "timestamp": 1726414082.3313503, "attack_type": "Port Scan"}
{"message": "Detected DNS Query: b'8XyIkzP+.madeupsetup.eu.' with encoding ascii", "timestamp": 1726414082.5063665, "attack_type": "DNS Query"}
{"message": "Decoded DNS Query: 8XyIkzP+.madeupsetup.eu.", "timestamp": 1726414082.6389751, "attack_type": "DNS Query"}
[INFO] Flow: ('192.168.38.104', '8.8.8.8', 49203, 53, 'UDP'), Data Transferred: 99 bytes
[INFO] Flow: ('8.8.8.8', '192.168.38.104', 53, 49203, 'UDP'), Data Transferred: 174 bytes
[INFO] Flow: ('192.168.38.104', '8.8.8.8', 49204, 53, 'UDP'), Data Transferred: 83 bytes
[INFO] Flow: ('8.8.8.8', '192.168.38.104', 53, 49204, 'UDP'), Data Transferred: 162 bytes
[INFO] Flow: ('192.168.38.104', '8.8.8.8', 49205, 53, 'UDP'), Data Transferred: 121 bytes
[INFO] Flow: ('8.8.8.8', '192.168.38.104', 53, 49205, 'UDP'), Data Transferred: 209 bytes
[INFO] Flow: ('192.168.38.104', '8.8.8.8', 49206, 53, 'UDP'), Data Transferred: 99 bytes
[INFO] Flow: ('8.8.8.8', '192.168.38.104', 53, 49206, 'UDP'), Data Transferred: 174 bytes
[INFO] Flow: ('192.168.38.104', '8.8.8.8', 49207, 53, 'UDP'), Data Transferred: 83 bytes
[INFO] Flow: ('8.8.8.8', '192.168.38.104', 53, 49207, 'UDP'), Data Transferred: 162 bytes
{"message": "Detected DNS Query: b'8XyIkzP+.madeupsetup.eu.' with encoding ascii", "timestamp": 1726414082.7902484, "attack_type": "DNS Query"}
{"message": "Decoded DNS Query: 8XyIkzP+.madeupsetup.eu.", "timestamp": 1726414082.9561303, "attack_type": "DNS Query"}
{"message": "Intrusion Detected: Port scanning detected from 8.8.8.8", "timestamp": 1726414083.097682, "attack_type": "Port Scan"}
{"message": "Detected DNS Query: b'8XyIkzP+.madeupsetup.eu.us-west-1.ec2-utilities.amazonaws.com.' with encoding ascii", "timestamp": 1726414083.256809, "attack_type": "DNS Query"}
{"message": "Decoded DNS Query: 8XyIkzP+.madeupsetup.eu.us-west-1.ec2-utilities.amazonaws.com.", "timestamp": 1726414083.338719, "attack_type": "DNS Query"}
{"message": "Intrusion Detected: Possible DNS exfiltration in query 8XyIkzP+.madeupsetup.eu.us-west-1.ec2-utilities.amazonaws.com.", "timestamp": 1726414083.4899101, "attack_type": "DNS Exfiltration"}
{"message": "Detected DNS Query: b'8XyIkzP+.madeupsetup.eu.us-west-1.ec2-utilities.amazonaws.com.' with encoding ascii", "timestamp": 1726414083.647582, "attack_type": "DNS Query"}
{"message": "Decoded DNS Query: 8XyIkzP+.madeupsetup.eu.us-west-1.ec2-utilities.amazonaws.com.", "timestamp": 1726414083.77263, "attack_type": "DNS Query"}
{"message": "Intrusion Detected: Possible DNS exfiltration in query 8XyIkzP+.madeupsetup.eu.us-west-1.ec2-utilities.amazonaws.com.", "timestamp": 1726414083.930731, "attack_type": "DNS Exfiltration"}
{"message": "Intrusion Detected: Port scanning detected from 8.8.8.8", "timestamp": 1726414084.0145414, "attack_type": "Port Scan"}
{"message": "Detected DNS Query: b'8XyIkzP+.madeupsetup.eu.windomain.local.' with encoding ascii", "timestamp": 1726414084.190336, "attack_type": "DNS Query"}
{"message": "Decoded DNS Query: 8XyIkzP+.madeupsetup.eu.windomain.local.", "timestamp": 1726414084.3311558, "attack_type": "DNS Query"}
{"message": "Detected DNS Query: b'8XyIkzP+.madeupsetup.eu.windomain.local.' with encoding ascii", "timestamp": 1726414084.4734855, "attack_type": "DNS Query"}
{"message": "Decoded DNS Query: 8XyIkzP+.madeupsetup.eu.windomain.local.", "timestamp": 1726414084.6562932, "attack_type": "DNS Query"}
{"message": "Intrusion Detected: Port scanning detected from 8.8.8.8", "timestamp": 1726414084.74835, "attack_type": "Port Scan"}
{"message": "Detected DNS Query: b'ruXuMxNJ.madeupsetup.eu.' with encoding ascii", "timestamp": 1726414084.8723814, "attack_type": "DNS Query"}
{"message": "Decoded DNS Query: ruXuMxNJ.madeupsetup.eu.", "timestamp": 1726414085.0306234, "attack_type": "DNS Query"}
{"message": "Intrusion Detected: HTTP Covert Channel Detected in User-Agent: Mozilla/5.0 (Windows NT 10.0; Win64; x64) AppleWebKit/537.36 (KHTML, like Gecko) Chrome/84.0.4147.105 Safari/537.36", "timestamp": 1726414085.381044, "attack_type": "HTTP Covert Channel"}
{"message": "Traffic Anomaly Detected: 192.168.38.104 shows sudden traffic spike. Current: 623, Avg: 147.7", "timestamp": 1726414085.5563285, "attack_type": "Traffic Anomaly"}
{"message": "Detected DNS Query: b'ruXuMxNJ.madeupsetup.eu.' with encoding ascii", "timestamp": 1726414085.739834, "attack_type": "DNS Query"}
{"message": "Decoded DNS Query: ruXuMxNJ.madeupsetup.eu.", "timestamp": 1726414085.8725877, "attack_type": "DNS Query"}
{"message": "Detected DNS Query: b'ruXuMxNJ.madeupsetup.eu.us-west-1.ec2-utilities.amazonaws.com.' with encoding ascii", "timestamp": 1726414086.0393293, "attack_type": "DNS Query"}
{"message": "Decoded DNS Query: ruXuMxNJ.madeupsetup.eu.us-west-1.ec2-utilities.amazonaws.com.", "timestamp": 1726414086.1896658, "attack_type": "DNS Query"}
{"message": "Intrusion Detected: Possible DNS exfiltration in query ruXuMxNJ.madeupsetup.eu.us-west-1.ec2-utilities.amazonaws.com.", "timestamp": 1726414086.3394654, "attack_type": "DNS Exfiltration"}
[INFO] Flow: ('192.168.38.104', '8.8.8.8', 49208, 53, 'UDP'), Data Transferred: 121 bytes
[INFO] Flow: ('8.8.8.8', '192.168.38.104', 53, 49208, 'UDP'), Data Transferred: 209 bytes
[INFO] Flow: ('192.168.38.104', '8.8.8.8', 49209, 53, 'UDP'), Data Transferred: 99 bytes
[INFO] Flow: ('8.8.8.8', '192.168.38.104', 53, 49209, 'UDP'), Data Transferred: 174 bytes
[INFO] Flow: ('192.168.38.104', '8.8.8.8', 49210, 53, 'UDP'), Data Transferred: 83 bytes
[INFO] Flow: ('192.168.38.104', '18.217.1.57', 63654, 80, 'TCP'), Data Transferred: 66 bytes
[INFO] Flow: ('192.168.38.104', '18.217.1.57', 63653, 80, 'TCP'), Data Transferred: 623 bytes
[INFO] Flow: ('8.8.8.8', '192.168.38.104', 53, 49210, 'UDP'), Data Transferred: 162 bytes
[INFO] Flow: ('192.168.38.104', '8.8.8.8', 49211, 53, 'UDP'), Data Transferred: 121 bytes
[INFO] Flow: ('8.8.8.8', '192.168.38.104', 53, 49211, 'UDP'), Data Transferred: 221 bytes
{"message": "Detected DNS Query: b'ruXuMxNJ.madeupsetup.eu.us-west-1.ec2-utilities.amazonaws.com.' with encoding ascii", "timestamp": 1726414086.498417, "attack_type": "DNS Query"}
{"message": "Decoded DNS Query: ruXuMxNJ.madeupsetup.eu.us-west-1.ec2-utilities.amazonaws.com.", "timestamp": 1726414086.6724248, "attack_type": "DNS Query"}
{"message": "Intrusion Detected: Possible DNS exfiltration in query ruXuMxNJ.madeupsetup.eu.us-west-1.ec2-utilities.amazonaws.com.", "timestamp": 1726414086.7977593, "attack_type": "DNS Exfiltration"}
{"message": "Detected DNS Query: b'ruXuMxNJ.madeupsetup.eu.windomain.local.' with encoding ascii", "timestamp": 1726414086.9394796, "attack_type": "DNS Query"}
{"message": "Decoded DNS Query: ruXuMxNJ.madeupsetup.eu.windomain.local.", "timestamp": 1726414087.030971, "attack_type": "DNS Query"}
{"message": "Detected DNS Query: b'ruXuMxNJ.madeupsetup.eu.windomain.local.' with encoding ascii", "timestamp": 1726414087.1642833, "attack_type": "DNS Query"}
{"message": "Decoded DNS Query: ruXuMxNJ.madeupsetup.eu.windomain.local.", "timestamp": 1726414087.3141973, "attack_type": "DNS Query"}
{"message": "Detected DNS Query: b'MjIGXIqy.madeupsetup.eu.' with encoding ascii", "timestamp": 1726414087.4390867, "attack_type": "DNS Query"}
{"message": "Decoded DNS Query: MjIGXIqy.madeupsetup.eu.", "timestamp": 1726414087.5709648, "attack_type": "DNS Query"}
{"message": "Detected DNS Query: b'MjIGXIqy.madeupsetup.eu.' with encoding ascii", "timestamp": 1726414087.6479504, "attack_type": "DNS Query"}
{"message": "Decoded DNS Query: MjIGXIqy.madeupsetup.eu.", "timestamp": 1726414087.7801151, "attack_type": "DNS Query"}
{"message": "Detected DNS Query: b'MjIGXIqy.madeupsetup.eu.us-west-1.ec2-utilities.amazonaws.com.' with encoding ascii", "timestamp": 1726414087.9059522, "attack_type": "DNS Query"}
{"message": "Decoded DNS Query: MjIGXIqy.madeupsetup.eu.us-west-1.ec2-utilities.amazonaws.com.", "timestamp": 1726414088.0476346, "attack_type": "DNS Query"}
{"message": "Intrusion Detected: Possible DNS exfiltration in query MjIGXIqy.madeupsetup.eu.us-west-1.ec2-utilities.amazonaws.com.", "timestamp": 1726414088.1308272, "attack_type": "DNS Exfiltration"}
[INFO] Flow: ('192.168.38.104', '8.8.8.8', 49212, 53, 'UDP'), Data Transferred: 99 bytes
[INFO] Flow: ('8.8.8.8', '192.168.38.104', 53, 49212, 'UDP'), Data Transferred: 174 bytes
[INFO] Flow: ('192.168.38.104', '8.8.8.8', 49213, 53, 'UDP'), Data Transferred: 83 bytes
[INFO] Flow: ('8.8.8.8', '192.168.38.104', 53, 49213, 'UDP'), Data Transferred: 162 bytes
[INFO] Flow: ('192.168.38.104', '8.8.8.8', 49214, 53, 'UDP'), Data Transferred: 121 bytes
[INFO] Packet dropped: Invalid TCP packet characteristics
[INFO] Flow: ('192.168.38.104', '18.217.1.57', 63654, 80, 'TCP'), Data Transferred: 120 bytes
[INFO] Flow: ('18.217.1.57', '192.168.38.104', 80, 63653, 'TCP'), Data Transferred: 54 bytes
[INFO] Flow: ('18.217.1.57', '192.168.38.104', 80, 63653, 'TCP'), Data Transferred: 125 bytes
[INFO] Packet dropped: Invalid TCP packet characteristics
{"message": "Traffic Anomaly Detected: 192.168.38.104 shows sudden traffic spike. Current: 677, Avg: 209.2", "timestamp": 1726414088.2981188, "attack_type": "Traffic Anomaly"}
{"message": "Detected DNS Query: b'MjIGXIqy.madeupsetup.eu.us-west-1.ec2-utilities.amazonaws.com.' with encoding ascii", "timestamp": 1726414088.4675393, "attack_type": "DNS Query"}
{"message": "Decoded DNS Query: MjIGXIqy.madeupsetup.eu.us-west-1.ec2-utilities.amazonaws.com.", "timestamp": 1726414088.630666, "attack_type": "DNS Query"}
{"message": "Intrusion Detected: Possible DNS exfiltration in query MjIGXIqy.madeupsetup.eu.us-west-1.ec2-utilities.amazonaws.com.", "timestamp": 1726414088.772858, "attack_type": "DNS Exfiltration"}
{"message": "Detected DNS Query: b'MjIGXIqy.madeupsetup.eu.windomain.local.' with encoding ascii", "timestamp": 1726414088.9305134, "attack_type": "DNS Query"}
{"message": "Decoded DNS Query: MjIGXIqy.madeupsetup.eu.windomain.local.", "timestamp": 1726414089.0637987, "attack_type": "DNS Query"}
{"message": "Detected DNS Query: b'MjIGXIqy.madeupsetup.eu.windomain.local.' with encoding ascii", "timestamp": 1726414089.2388868, "attack_type": "DNS Query"}
{"message": "Decoded DNS Query: MjIGXIqy.madeupsetup.eu.windomain.local.", "timestamp": 1726414089.3135285, "attack_type": "DNS Query"}
{"message": "Detected DNS Query: b'05lusaWy.madeupsetup.eu.' with encoding ascii", "timestamp": 1726414089.4479766, "attack_type": "DNS Query"}
{"message": "Decoded DNS Query: 05lusaWy.madeupsetup.eu.", "timestamp": 1726414089.5723326, "attack_type": "DNS Query"}
{"message": "Detected DNS Query: b'05lusaWy.madeupsetup.eu.' with encoding ascii", "timestamp": 1726414089.8292503, "attack_type": "DNS Query"}
{"message": "Decoded DNS Query: 05lusaWy.madeupsetup.eu.", "timestamp": 1726414089.9802423, "attack_type": "DNS Query"}
{"message": "Detected DNS Query: b'05lusaWy.madeupsetup.eu.us-west-1.ec2-utilities.amazonaws.com.' with encoding ascii", "timestamp": 1726414090.064553, "attack_type": "DNS Query"}
{"message": "Decoded DNS Query: 05lusaWy.madeupsetup.eu.us-west-1.ec2-utilities.amazonaws.com.", "timestamp": 1726414090.197499, "attack_type": "DNS Query"}
{"message": "Intrusion Detected: Possible DNS exfiltration in query 05lusaWy.madeupsetup.eu.us-west-1.ec2-utilities.amazonaws.com.", "timestamp": 1726414090.3646286, "attack_type": "DNS Exfiltration"}
[INFO] Flow: ('192.168.38.104', '18.217.1.57', 63653, 80, 'TCP'), Data Transferred: 677 bytes
[INFO] Packet dropped: Invalid TCP packet characteristics
[INFO] Flow: ('8.8.8.8', '192.168.38.104', 53, 49214, 'UDP'), Data Transferred: 209 bytes
[INFO] Flow: ('192.168.38.104', '8.8.8.8', 49215, 53, 'UDP'), Data Transferred: 99 bytes
[INFO] Flow: ('8.8.8.8', '192.168.38.104', 53, 49215, 'UDP'), Data Transferred: 174 bytes
[INFO] Flow: ('192.168.38.104', '8.8.8.8', 49216, 53, 'UDP'), Data Transferred: 83 bytes
[INFO] Flow: ('18.217.1.57', '192.168.38.104', 80, 63653, 'TCP'), Data Transferred: 179 bytes
[INFO] Flow: ('8.8.8.8', '192.168.38.104', 53, 49216, 'UDP'), Data Transferred: 162 bytes
[INFO] Flow: ('192.168.38.104', '8.8.8.8', 49217, 53, 'UDP'), Data Transferred: 121 bytes
[INFO] Flow: ('8.8.8.8', '192.168.38.104', 53, 49217, 'UDP'), Data Transferred: 209 bytes
{"message": "Detected DNS Query: b'05lusaWy.madeupsetup.eu.us-west-1.ec2-utilities.amazonaws.com.' with encoding ascii", "timestamp": 1726414090.4974513, "attack_type": "DNS Query"}
{"message": "Decoded DNS Query: 05lusaWy.madeupsetup.eu.us-west-1.ec2-utilities.amazonaws.com.", "timestamp": 1726414090.6390781, "attack_type": "DNS Query"}
{"message": "Intrusion Detected: Possible DNS exfiltration in query 05lusaWy.madeupsetup.eu.us-west-1.ec2-utilities.amazonaws.com.", "timestamp": 1726414090.7141564, "attack_type": "DNS Exfiltration"}
{"message": "Detected DNS Query: b'05lusaWy.madeupsetup.eu.windomain.local.' with encoding ascii", "timestamp": 1726414090.8473449, "attack_type": "DNS Query"}
{"message": "Decoded DNS Query: 05lusaWy.madeupsetup.eu.windomain.local.", "timestamp": 1726414090.9891586, "attack_type": "DNS Query"}
{"message": "Detected DNS Query: b'05lusaWy.madeupsetup.eu.windomain.local.' with encoding ascii", "timestamp": 1726414091.1724536, "attack_type": "DNS Query"}
{"message": "Decoded DNS Query: 05lusaWy.madeupsetup.eu.windomain.local.", "timestamp": 1726414091.3231757, "attack_type": "DNS Query"}
{"message": "Detected DNS Query: b'IXbbtV+m.madeupsetup.eu.' with encoding ascii", "timestamp": 1726414091.484944, "attack_type": "DNS Query"}
{"message": "Decoded DNS Query: IXbbtV+m.madeupsetup.eu.", "timestamp": 1726414091.6383674, "attack_type": "DNS Query"}
{"message": "Detected DNS Query: b'IXbbtV+m.madeupsetup.eu.' with encoding ascii", "timestamp": 1726414091.7726376, "attack_type": "DNS Query"}
{"message": "Decoded DNS Query: IXbbtV+m.madeupsetup.eu.", "timestamp": 1726414091.9382787, "attack_type": "DNS Query"}
{"message": "Detected DNS Query: b'IXbbtV+m.madeupsetup.eu.us-west-1.ec2-utilities.amazonaws.com.' with encoding ascii", "timestamp": 1726414092.0647383, "attack_type": "DNS Query"}
{"message": "Decoded DNS Query: IXbbtV+m.madeupsetup.eu.us-west-1.ec2-utilities.amazonaws.com.", "timestamp": 1726414092.1474867, "attack_type": "DNS Query"}
{"message": "Intrusion Detected: Possible DNS exfiltration in query IXbbtV+m.madeupsetup.eu.us-west-1.ec2-utilities.amazonaws.com.", "timestamp": 1726414092.2805345, "attack_type": "DNS Exfiltration"}
{"message": "Detected DNS Query: b'IXbbtV+m.madeupsetup.eu.us-west-1.ec2-utilities.amazonaws.com.' with encoding ascii", "timestamp": 1726414092.4474392, "attack_type": "DNS Query"}
{"message": "Decoded DNS Query: IXbbtV+m.madeupsetup.eu.us-west-1.ec2-utilities.amazonaws.com.", "timestamp": 1726414092.5885594, "attack_type": "DNS Query"}
{"message": "Intrusion Detected: Possible DNS exfiltration in query IXbbtV+m.madeupsetup.eu.us-west-1.ec2-utilities.amazonaws.com.", "timestamp": 1726414092.721592, "attack_type": "DNS Exfiltration"}
{"message": "Intrusion Detected: Port scanning detected from 8.8.8.8", "timestamp": 1726414092.8137875, "attack_type": "Port Scan"}
{"message": "Detected DNS Query: b'IXbbtV+m.madeupsetup.eu.windomain.local.' with encoding ascii", "timestamp": 1726414092.9311028, "attack_type": "DNS Query"}
{"message": "Decoded DNS Query: IXbbtV+m.madeupsetup.eu.windomain.local.", "timestamp": 1726414093.0552886, "attack_type": "DNS Query"}
{"message": "Detected DNS Query: b'IXbbtV+m.madeupsetup.eu.windomain.local.' with encoding ascii", "timestamp": 1726414093.2310832, "attack_type": "DNS Query"}
{"message": "Decoded DNS Query: IXbbtV+m.madeupsetup.eu.windomain.local.", "timestamp": 1726414093.3723662, "attack_type": "DNS Query"}
{"message": "Intrusion Detected: Port scanning detected from 8.8.8.8", "timestamp": 1726414093.505367, "attack_type": "Port Scan"}
{"message": "Detected DNS Query: b'6tNHEBtX.madeupsetup.eu.' with encoding ascii", "timestamp": 1726414093.5892553, "attack_type": "DNS Query"}
{"message": "Decoded DNS Query: 6tNHEBtX.madeupsetup.eu.", "timestamp": 1726414093.8385565, "attack_type": "DNS Query"}
[INFO] Flow: ('192.168.38.104', '8.8.8.8', 49218, 53, 'UDP'), Data Transferred: 99 bytes
[INFO] Flow: ('8.8.8.8', '192.168.38.104', 53, 49218, 'UDP'), Data Transferred: 174 bytes
[INFO] Flow: ('192.168.38.104', '8.8.8.8', 49219, 53, 'UDP'), Data Transferred: 83 bytes
[INFO] Flow: ('8.8.8.8', '192.168.38.104', 53, 49219, 'UDP'), Data Transferred: 162 bytes
[INFO] Flow: ('192.168.38.104', '8.8.8.8', 49220, 53, 'UDP'), Data Transferred: 121 bytes
[INFO] Flow: ('8.8.8.8', '192.168.38.104', 53, 49220, 'UDP'), Data Transferred: 209 bytes
[INFO] Flow: ('192.168.38.104', '8.8.8.8', 49221, 53, 'UDP'), Data Transferred: 99 bytes
[INFO] Flow: ('8.8.8.8', '192.168.38.104', 53, 49221, 'UDP'), Data Transferred: 174 bytes
[INFO] Flow: ('192.168.38.104', '8.8.8.8', 49222, 53, 'UDP'), Data Transferred: 83 bytes
[INFO] Flow: ('8.8.8.8', '192.168.38.104', 53, 49222, 'UDP'), Data Transferred: 162 bytes
{"message": "Detected DNS Query: b'6tNHEBtX.madeupsetup.eu.' with encoding ascii", "timestamp": 1726414093.9305542, "attack_type": "DNS Query"}
{"message": "Decoded DNS Query: 6tNHEBtX.madeupsetup.eu.", "timestamp": 1726414094.0882187, "attack_type": "DNS Query"}
{"message": "Intrusion Detected: Port scanning detected from 8.8.8.8", "timestamp": 1726414094.2225394, "attack_type": "Port Scan"}
{"message": "Detected DNS Query: b'6tNHEBtX.madeupsetup.eu.us-west-1.ec2-utilities.amazonaws.com.' with encoding ascii", "timestamp": 1726414094.3561556, "attack_type": "DNS Query"}
{"message": "Decoded DNS Query: 6tNHEBtX.madeupsetup.eu.us-west-1.ec2-utilities.amazonaws.com.", "timestamp": 1726414094.4800935, "attack_type": "DNS Query"}
{"message": "Intrusion Detected: Possible DNS exfiltration in query 6tNHEBtX.madeupsetup.eu.us-west-1.ec2-utilities.amazonaws.com.", "timestamp": 1726414094.6467495, "attack_type": "DNS Exfiltration"}
{"message": "Detected DNS Query: b'6tNHEBtX.madeupsetup.eu.us-west-1.ec2-utilities.amazonaws.com.' with encoding ascii", "timestamp": 1726414094.7226017, "attack_type": "DNS Query"}
{"message": "Decoded DNS Query: 6tNHEBtX.madeupsetup.eu.us-west-1.ec2-utilities.amazonaws.com.", "timestamp": 1726414094.871362, "attack_type": "DNS Query"}
{"message": "Intrusion Detected: Possible DNS exfiltration in query 6tNHEBtX.madeupsetup.eu.us-west-1.ec2-utilities.amazonaws.com.", "timestamp": 1726414095.0474994, "attack_type": "DNS Exfiltration"}
{"message": "Intrusion Detected: Port scanning detected from 8.8.8.8", "timestamp": 1726414095.205436, "attack_type": "Port Scan"}
{"message": "Detected DNS Query: b'6tNHEBtX.madeupsetup.eu.windomain.local.' with encoding ascii", "timestamp": 1726414095.3556864, "attack_type": "DNS Query"}
{"message": "Decoded DNS Query: 6tNHEBtX.madeupsetup.eu.windomain.local.", "timestamp": 1726414095.4799218, "attack_type": "DNS Query"}
{"message": "Detected DNS Query: b'6tNHEBtX.madeupsetup.eu.windomain.local.' with encoding ascii", "timestamp": 1726414095.5724678, "attack_type": "DNS Query"}
{"message": "Decoded DNS Query: 6tNHEBtX.madeupsetup.eu.windomain.local.", "timestamp": 1726414095.7135544, "attack_type": "DNS Query"}
{"message": "Intrusion Detected: Port scanning detected from 8.8.8.8", "timestamp": 1726414095.888569, "attack_type": "Port Scan"}
{"message": "Detected DNS Query: b'LzIOPkPb.madeupsetup.eu.' with encoding ascii", "timestamp": 1726414096.0395658, "attack_type": "DNS Query"}
{"message": "Decoded DNS Query: LzIOPkPb.madeupsetup.eu.", "timestamp": 1726414096.188578, "attack_type": "DNS Query"}
{"message": "Detected DNS Query: b'LzIOPkPb.madeupsetup.eu.' with encoding ascii", "timestamp": 1726414096.322491, "attack_type": "DNS Query"}
{"message": "Decoded DNS Query: LzIOPkPb.madeupsetup.eu.", "timestamp": 1726414096.4553697, "attack_type": "DNS Query"}
{"message": "Intrusion Detected: Port scanning detected from 8.8.8.8", "timestamp": 1726414096.605466, "attack_type": "Port Scan"}
{"message": "Detected DNS Query: b'LzIOPkPb.madeupsetup.eu.us-west-1.ec2-utilities.amazonaws.com.' with encoding ascii", "timestamp": 1726414096.7549658, "attack_type": "DNS Query"}
{"message": "Decoded DNS Query: LzIOPkPb.madeupsetup.eu.us-west-1.ec2-utilities.amazonaws.com.", "timestamp": 1726414096.9299507, "attack_type": "DNS Query"}
{"message": "Intrusion Detected: Possible DNS exfiltration in query LzIOPkPb.madeupsetup.eu.us-west-1.ec2-utilities.amazonaws.com.", "timestamp": 1726414097.079887, "attack_type": "DNS Exfiltration"}
{"message": "Detected DNS Query: b'LzIOPkPb.madeupsetup.eu.us-west-1.ec2-utilities.amazonaws.com.' with encoding ascii", "timestamp": 1726414097.2311482, "attack_type": "DNS Query"}
{"message": "Decoded DNS Query: LzIOPkPb.madeupsetup.eu.us-west-1.ec2-utilities.amazonaws.com.", "timestamp": 1726414097.3305588, "attack_type": "DNS Query"}
{"message": "Intrusion Detected: Possible DNS exfiltration in query LzIOPkPb.madeupsetup.eu.us-west-1.ec2-utilities.amazonaws.com.", "timestamp": 1726414097.480427, "attack_type": "DNS Exfiltration"}
{"message": "Intrusion Detected: Port scanning detected from 8.8.8.8", "timestamp": 1726414097.6297402, "attack_type": "Port Scan"}
{"message": "Detected DNS Query: b'LzIOPkPb.madeupsetup.eu.windomain.local.' with encoding ascii", "timestamp": 1726414097.806491, "attack_type": "DNS Query"}
{"message": "Decoded DNS Query: LzIOPkPb.madeupsetup.eu.windomain.local.", "timestamp": 1726414097.987943, "attack_type": "DNS Query"}
[INFO] Flow: ('192.168.38.104', '8.8.8.8', 49223, 53, 'UDP'), Data Transferred: 121 bytes
[INFO] Flow: ('8.8.8.8', '192.168.38.104', 53, 49223, 'UDP'), Data Transferred: 221 bytes
[INFO] Flow: ('192.168.38.104', '8.8.8.8', 49224, 53, 'UDP'), Data Transferred: 99 bytes
[INFO] Flow: ('8.8.8.8', '192.168.38.104', 53, 49224, 'UDP'), Data Transferred: 174 bytes
[INFO] Flow: ('192.168.38.104', '8.8.8.8', 49225, 53, 'UDP'), Data Transferred: 83 bytes
[INFO] Flow: ('8.8.8.8', '192.168.38.104', 53, 49225, 'UDP'), Data Transferred: 162 bytes
[INFO] Flow: ('192.168.38.104', '8.8.8.8', 49226, 53, 'UDP'), Data Transferred: 121 bytes
[INFO] Flow: ('8.8.8.8', '192.168.38.104', 53, 49226, 'UDP'), Data Transferred: 209 bytes
[INFO] Flow: ('192.168.38.104', '8.8.8.8', 49227, 53, 'UDP'), Data Transferred: 99 bytes
[INFO] Flow: ('8.8.8.8', '192.168.38.104', 53, 49227, 'UDP'), Data Transferred: 174 bytes
{"message": "Detected DNS Query: b'LzIOPkPb.madeupsetup.eu.windomain.local.' with encoding ascii", "timestamp": 1726414098.1476724, "attack_type": "DNS Query"}
{"message": "Decoded DNS Query: LzIOPkPb.madeupsetup.eu.windomain.local.", "timestamp": 1726414098.2881732, "attack_type": "DNS Query"}
{"message": "Intrusion Detected: Port scanning detected from 8.8.8.8", "timestamp": 1726414098.430771, "attack_type": "Port Scan"}
{"message": "Detected DNS Query: b'gxp8M51b.madeupsetup.eu.' with encoding ascii", "timestamp": 1726414098.5147364, "attack_type": "DNS Query"}
{"message": "Decoded DNS Query: gxp8M51b.madeupsetup.eu.", "timestamp": 1726414098.65536, "attack_type": "DNS Query"}
{"message": "Intrusion Detected: HTTP Covert Channel Detected in User-Agent: Mozilla/5.0 (Windows NT 10.0; Win64; x64) AppleWebKit/537.36 (KHTML, like Gecko) Chrome/84.0.4147.105 Safari/537.36", "timestamp": 1726414098.7896657, "attack_type": "HTTP Covert Channel"}
{"message": "Traffic Anomaly Detected: 192.168.38.104 shows sudden traffic spike. Current: 623, Avg: 147.7", "timestamp": 1726414098.921426, "attack_type": "Traffic Anomaly"}
{"message": "Detected DNS Query: b'gxp8M51b.madeupsetup.eu.' with encoding ascii", "timestamp": 1726414098.9968307, "attack_type": "DNS Query"}
{"message": "Decoded DNS Query: gxp8M51b.madeupsetup.eu.", "timestamp": 1726414099.1382158, "attack_type": "DNS Query"}
{"message": "Intrusion Detected: Port scanning detected from 8.8.8.8", "timestamp": 1726414099.289206, "attack_type": "Port Scan"}
{"message": "Detected DNS Query: b'gxp8M51b.madeupsetup.eu.us-west-1.ec2-utilities.amazonaws.com.' with encoding ascii", "timestamp": 1726414099.4228594, "attack_type": "DNS Query"}
{"message": "Decoded DNS Query: gxp8M51b.madeupsetup.eu.us-west-1.ec2-utilities.amazonaws.com.", "timestamp": 1726414099.571414, "attack_type": "DNS Query"}
{"message": "Intrusion Detected: Possible DNS exfiltration in query gxp8M51b.madeupsetup.eu.us-west-1.ec2-utilities.amazonaws.com.", "timestamp": 1726414099.6464303, "attack_type": "DNS Exfiltration"}
{"message": "Detected DNS Query: b'gxp8M51b.madeupsetup.eu.us-west-1.ec2-utilities.amazonaws.com.' with encoding ascii", "timestamp": 1726414099.817732, "attack_type": "DNS Query"}
{"message": "Decoded DNS Query: gxp8M51b.madeupsetup.eu.us-west-1.ec2-utilities.amazonaws.com.", "timestamp": 1726414099.9708874, "attack_type": "DNS Query"}
{"message": "Intrusion Detected: Possible DNS exfiltration in query gxp8M51b.madeupsetup.eu.us-west-1.ec2-utilities.amazonaws.com.", "timestamp": 1726414100.0966878, "attack_type": "DNS Exfiltration"}
{"message": "Intrusion Detected: Port scanning detected from 8.8.8.8", "timestamp": 1726414100.2466946, "attack_type": "Port Scan"}
{"message": "Detected DNS Query: b'gxp8M51b.madeupsetup.eu.windomain.local.' with encoding ascii", "timestamp": 1726414100.3964345, "attack_type": "DNS Query"}
{"message": "Decoded DNS Query: gxp8M51b.madeupsetup.eu.windomain.local.", "timestamp": 1726414100.4713874, "attack_type": "DNS Query"}
{"message": "Detected DNS Query: b'gxp8M51b.madeupsetup.eu.windomain.local.' with encoding ascii", "timestamp": 1726414100.6140416, "attack_type": "DNS Query"}
{"message": "Decoded DNS Query: gxp8M51b.madeupsetup.eu.windomain.local.", "timestamp": 1726414100.779871, "attack_type": "DNS Query"}
{"message": "Intrusion Detected: Port scanning detected from 8.8.8.8", "timestamp": 1726414100.9307253, "attack_type": "Port Scan"}
{"message": "Detected DNS Query: b'+nB4/jzJ.madeupsetup.eu.' with encoding ascii", "timestamp": 1726414101.0635378, "attack_type": "DNS Query"}
{"message": "Decoded DNS Query: +nB4/jzJ.madeupsetup.eu.", "timestamp": 1726414101.1547155, "attack_type": "DNS Query"}
[INFO] Flow: ('192.168.38.104', '8.8.8.8', 49228, 53, 'UDP'), Data Transferred: 83 bytes
[INFO] Flow: ('192.168.38.104', '18.217.1.57', 63655, 80, 'TCP'), Data Transferred: 66 bytes
[INFO] Flow: ('192.168.38.104', '18.217.1.57', 63654, 80, 'TCP'), Data Transferred: 623 bytes
[INFO] Flow: ('8.8.8.8', '192.168.38.104', 53, 49228, 'UDP'), Data Transferred: 162 bytes
[INFO] Flow: ('192.168.38.104', '8.8.8.8', 49229, 53, 'UDP'), Data Transferred: 121 bytes
[INFO] Flow: ('8.8.8.8', '192.168.38.104', 53, 49229, 'UDP'), Data Transferred: 221 bytes
[INFO] Flow: ('192.168.38.104', '8.8.8.8', 49230, 53, 'UDP'), Data Transferred: 99 bytes
[INFO] Flow: ('8.8.8.8', '192.168.38.104', 53, 49230, 'UDP'), Data Transferred: 174 bytes
[INFO] Flow: ('192.168.38.104', '8.8.8.8', 49231, 53, 'UDP'), Data Transferred: 83 bytes
[INFO] Packet dropped: Invalid TCP packet characteristics
{"message": "Traffic Anomaly Detected: 192.168.38.104 shows sudden traffic spike. Current: 677, Avg: 209.2", "timestamp": 1726414101.2806652, "attack_type": "Traffic Anomaly"}
{"message": "Detected DNS Query: b'+nB4/jzJ.madeupsetup.eu.' with encoding ascii", "timestamp": 1726414101.4056976, "attack_type": "DNS Query"}
{"message": "Decoded DNS Query: +nB4/jzJ.madeupsetup.eu.", "timestamp": 1726414101.5474267, "attack_type": "DNS Query"}
{"message": "Intrusion Detected: Port scanning detected from 8.8.8.8", "timestamp": 1726414101.621317, "attack_type": "Port Scan"}
{"message": "Detected DNS Query: b'+nB4/jzJ.madeupsetup.eu.us-west-1.ec2-utilities.amazonaws.com.' with encoding ascii", "timestamp": 1726414101.8226256, "attack_type": "DNS Query"}
{"message": "Decoded DNS Query: +nB4/jzJ.madeupsetup.eu.us-west-1.ec2-utilities.amazonaws.com.", "timestamp": 1726414101.954803, "attack_type": "DNS Query"}
{"message": "Intrusion Detected: Possible DNS exfiltration in query +nB4/jzJ.madeupsetup.eu.us-west-1.ec2-utilities.amazonaws.com.", "timestamp": 1726414102.1131034, "attack_type": "DNS Exfiltration"}
{"message": "Detected DNS Query: b'+nB4/jzJ.madeupsetup.eu.us-west-1.ec2-utilities.amazonaws.com.' with encoding ascii", "timestamp": 1726414102.2137969, "attack_type": "DNS Query"}
{"message": "Decoded DNS Query: +nB4/jzJ.madeupsetup.eu.us-west-1.ec2-utilities.amazonaws.com.", "timestamp": 1726414102.3463008, "attack_type": "DNS Query"}
{"message": "Intrusion Detected: Possible DNS exfiltration in query +nB4/jzJ.madeupsetup.eu.us-west-1.ec2-utilities.amazonaws.com.", "timestamp": 1726414102.5122712, "attack_type": "DNS Exfiltration"}
{"message": "Intrusion Detected: Port scanning detected from 8.8.8.8", "timestamp": 1726414102.6464238, "attack_type": "Port Scan"}
[INFO] Flow: ('192.168.38.104', '18.217.1.57', 63655, 80, 'TCP'), Data Transferred: 120 bytes
[INFO] Flow: ('18.217.1.57', '192.168.38.104', 80, 63654, 'TCP'), Data Transferred: 54 bytes
[INFO] Flow: ('18.217.1.57', '192.168.38.104', 80, 63654, 'TCP'), Data Transferred: 125 bytes
[INFO] Packet dropped: Invalid TCP packet characteristics
[INFO] Flow: ('192.168.38.104', '18.217.1.57', 63654, 80, 'TCP'), Data Transferred: 677 bytes
[INFO] Flow: ('8.8.8.8', '192.168.38.104', 53, 49231, 'UDP'), Data Transferred: 162 bytes
[INFO] Flow: ('192.168.38.104', '8.8.8.8', 49232, 53, 'UDP'), Data Transferred: 121 bytes
[INFO] Packet dropped: Invalid TCP packet characteristics
[INFO] Flow: ('8.8.8.8', '192.168.38.104', 53, 49232, 'UDP'), Data Transferred: 221 bytes
[INFO] Flow: ('192.168.38.104', '8.8.8.8', 49233, 53, 'UDP'), Data Transferred: 99 bytes
{"message": "Detected DNS Query: b'+nB4/jzJ.madeupsetup.eu.windomain.local.' with encoding ascii", "timestamp": 1726414102.7638938, "attack_type": "DNS Query"}
{"message": "Decoded DNS Query: +nB4/jzJ.madeupsetup.eu.windomain.local.", "timestamp": 1726414102.8882334, "attack_type": "DNS Query"}
{"message": "Detected DNS Query: b'+nB4/jzJ.madeupsetup.eu.windomain.local.' with encoding ascii", "timestamp": 1726414102.972292, "attack_type": "DNS Query"}
{"message": "Decoded DNS Query: +nB4/jzJ.madeupsetup.eu.windomain.local.", "timestamp": 1726414103.0965092, "attack_type": "DNS Query"}
{"message": "Intrusion Detected: Port scanning detected from 8.8.8.8", "timestamp": 1726414103.2633975, "attack_type": "Port Scan"}
{"message": "Detected DNS Query: b'uXhVF4ys.madeupsetup.eu.' with encoding ascii", "timestamp": 1726414103.4386597, "attack_type": "DNS Query"}
{"message": "Decoded DNS Query: uXhVF4ys.madeupsetup.eu.", "timestamp": 1726414103.5714777, "attack_type": "DNS Query"}
{"message": "Detected DNS Query: b'uXhVF4ys.madeupsetup.eu.' with encoding ascii", "timestamp": 1726414103.71392, "attack_type": "DNS Query"}
{"message": "Decoded DNS Query: uXhVF4ys.madeupsetup.eu.", "timestamp": 1726414103.7966604, "attack_type": "DNS Query"}
{"message": "Intrusion Detected: Port scanning detected from 8.8.8.8", "timestamp": 1726414103.9383557, "attack_type": "Port Scan"}
{"message": "Detected DNS Query: b'uXhVF4ys.madeupsetup.eu.us-west-1.ec2-utilities.amazonaws.com.' with encoding ascii", "timestamp": 1726414104.0969794, "attack_type": "DNS Query"}
{"message": "Decoded DNS Query: uXhVF4ys.madeupsetup.eu.us-west-1.ec2-utilities.amazonaws.com.", "timestamp": 1726414104.255018, "attack_type": "DNS Query"}
{"message": "Intrusion Detected: Possible DNS exfiltration in query uXhVF4ys.madeupsetup.eu.us-west-1.ec2-utilities.amazonaws.com.", "timestamp": 1726414104.404604, "attack_type": "DNS Exfiltration"}
{"message": "Detected DNS Query: b'uXhVF4ys.madeupsetup.eu.us-west-1.ec2-utilities.amazonaws.com.' with encoding ascii", "timestamp": 1726414104.5386734, "attack_type": "DNS Query"}
{"message": "Decoded DNS Query: uXhVF4ys.madeupsetup.eu.us-west-1.ec2-utilities.amazonaws.com.", "timestamp": 1726414104.7544403, "attack_type": "DNS Query"}
{"message": "Intrusion Detected: Possible DNS exfiltration in query uXhVF4ys.madeupsetup.eu.us-west-1.ec2-utilities.amazonaws.com.", "timestamp": 1726414104.929901, "attack_type": "DNS Exfiltration"}
{"message": "Intrusion Detected: Port scanning detected from 8.8.8.8", "timestamp": 1726414105.0967333, "attack_type": "Port Scan"}
{"message": "Detected DNS Query: b'uXhVF4ys.madeupsetup.eu.windomain.local.' with encoding ascii", "timestamp": 1726414105.2547688, "attack_type": "DNS Query"}
{"message": "Decoded DNS Query: uXhVF4ys.madeupsetup.eu.windomain.local.", "timestamp": 1726414105.4385018, "attack_type": "DNS Query"}
{"message": "Detected DNS Query: b'uXhVF4ys.madeupsetup.eu.windomain.local.' with encoding ascii", "timestamp": 1726414105.5300837, "attack_type": "DNS Query"}
{"message": "Decoded DNS Query: uXhVF4ys.madeupsetup.eu.windomain.local.", "timestamp": 1726414105.704865, "attack_type": "DNS Query"}
{"message": "Intrusion Detected: Port scanning detected from 8.8.8.8", "timestamp": 1726414105.880035, "attack_type": "Port Scan"}
{"message": "Detected DNS Query: b'GJlKZrN+.madeupsetup.eu.' with encoding ascii", "timestamp": 1726414106.0389407, "attack_type": "DNS Query"}
{"message": "Decoded DNS Query: GJlKZrN+.madeupsetup.eu.", "timestamp": 1726414106.2883062, "attack_type": "DNS Query"}
[INFO] Flow: ('8.8.8.8', '192.168.38.104', 53, 49233, 'UDP'), Data Transferred: 174 bytes
[INFO] Flow: ('192.168.38.104', '8.8.8.8', 49234, 53, 'UDP'), Data Transferred: 83 bytes
[INFO] Flow: ('8.8.8.8', '192.168.38.104', 53, 49234, 'UDP'), Data Transferred: 162 bytes
[INFO] Flow: ('192.168.38.104', '8.8.8.8', 49235, 53, 'UDP'), Data Transferred: 121 bytes
[INFO] Flow: ('8.8.8.8', '192.168.38.104', 53, 49235, 'UDP'), Data Transferred: 209 bytes
[INFO] Flow: ('192.168.38.104', '8.8.8.8', 49236, 53, 'UDP'), Data Transferred: 99 bytes
[INFO] Flow: ('18.217.1.57', '192.168.38.104', 80, 63654, 'TCP'), Data Transferred: 179 bytes
[INFO] Flow: ('8.8.8.8', '192.168.38.104', 53, 49236, 'UDP'), Data Transferred: 174 bytes
[INFO] Flow: ('192.168.38.104', '8.8.8.8', 49237, 53, 'UDP'), Data Transferred: 83 bytes
[INFO] Flow: ('8.8.8.8', '192.168.38.104', 53, 49237, 'UDP'), Data Transferred: 162 bytes
{"message": "Detected DNS Query: b'GJlKZrN+.madeupsetup.eu.' with encoding ascii", "timestamp": 1726414106.448082, "attack_type": "DNS Query"}
{"message": "Decoded DNS Query: GJlKZrN+.madeupsetup.eu.", "timestamp": 1726414106.588476, "attack_type": "DNS Query"}
{"message": "Intrusion Detected: Port scanning detected from 8.8.8.8", "timestamp": 1726414106.7465694, "attack_type": "Port Scan"}
{"message": "Detected DNS Query: b'GJlKZrN+.madeupsetup.eu.us-west-1.ec2-utilities.amazonaws.com.' with encoding ascii", "timestamp": 1726414106.9132855, "attack_type": "DNS Query"}
{"message": "Decoded DNS Query: GJlKZrN+.madeupsetup.eu.us-west-1.ec2-utilities.amazonaws.com.", "timestamp": 1726414107.0379992, "attack_type": "DNS Query"}
{"message": "Intrusion Detected: Possible DNS exfiltration in query GJlKZrN+.madeupsetup.eu.us-west-1.ec2-utilities.amazonaws.com.", "timestamp": 1726414107.137673, "attack_type": "DNS Exfiltration"}
{"message": "Detected DNS Query: b'GJlKZrN+.madeupsetup.eu.us-west-1.ec2-utilities.amazonaws.com.' with encoding ascii", "timestamp": 1726414107.2880216, "attack_type": "DNS Query"}
{"message": "Decoded DNS Query: GJlKZrN+.madeupsetup.eu.us-west-1.ec2-utilities.amazonaws.com.", "timestamp": 1726414107.5208533, "attack_type": "DNS Query"}
{"message": "Intrusion Detected: Possible DNS exfiltration in query GJlKZrN+.madeupsetup.eu.us-west-1.ec2-utilities.amazonaws.com.", "timestamp": 1726414107.6635969, "attack_type": "DNS Exfiltration"}
{"message": "Intrusion Detected: Port scanning detected from 8.8.8.8", "timestamp": 1726414107.813206, "attack_type": "Port Scan"}
{"message": "Detected DNS Query: b'GJlKZrN+.madeupsetup.eu.windomain.local.' with encoding ascii", "timestamp": 1726414107.971051, "attack_type": "DNS Query"}
{"message": "Decoded DNS Query: GJlKZrN+.madeupsetup.eu.windomain.local.", "timestamp": 1726414108.0963752, "attack_type": "DNS Query"}
{"message": "Detected DNS Query: b'GJlKZrN+.madeupsetup.eu.windomain.local.' with encoding ascii", "timestamp": 1726414108.2707882, "attack_type": "DNS Query"}
{"message": "Decoded DNS Query: GJlKZrN+.madeupsetup.eu.windomain.local.", "timestamp": 1726414108.4455376, "attack_type": "DNS Query"}
{"message": "Intrusion Detected: Port scanning detected from 8.8.8.8", "timestamp": 1726414108.5875037, "attack_type": "Port Scan"}
{"message": "Detected DNS Query: b'282DOxFJ.madeupsetup.eu.' with encoding ascii", "timestamp": 1726414108.755453, "attack_type": "DNS Query"}
{"message": "Decoded DNS Query: 282DOxFJ.madeupsetup.eu.", "timestamp": 1726414108.9126859, "attack_type": "DNS Query"}
{"message": "Detected DNS Query: b'282DOxFJ.madeupsetup.eu.' with encoding ascii", "timestamp": 1726414109.0544562, "attack_type": "DNS Query"}
{"message": "Decoded DNS Query: 282DOxFJ.madeupsetup.eu.", "timestamp": 1726414109.1955292, "attack_type": "DNS Query"}
{"message": "Intrusion Detected: Port scanning detected from 8.8.8.8", "timestamp": 1726414109.2876656, "attack_type": "Port Scan"}
{"message": "Detected DNS Query: b'282DOxFJ.madeupsetup.eu.us-west-1.ec2-utilities.amazonaws.com.' with encoding ascii", "timestamp": 1726414109.4297023, "attack_type": "DNS Query"}
{"message": "Decoded DNS Query: 282DOxFJ.madeupsetup.eu.us-west-1.ec2-utilities.amazonaws.com.", "timestamp": 1726414109.5796323, "attack_type": "DNS Query"}
{"message": "Intrusion Detected: Possible DNS exfiltration in query 282DOxFJ.madeupsetup.eu.us-west-1.ec2-utilities.amazonaws.com.", "timestamp": 1726414109.729213, "attack_type": "DNS Exfiltration"}
{"message": "Detected DNS Query: b'282DOxFJ.madeupsetup.eu.us-west-1.ec2-utilities.amazonaws.com.' with encoding ascii", "timestamp": 1726414109.8625183, "attack_type": "DNS Query"}
{"message": "Decoded DNS Query: 282DOxFJ.madeupsetup.eu.us-west-1.ec2-utilities.amazonaws.com.", "timestamp": 1726414109.9541616, "attack_type": "DNS Query"}
{"message": "Intrusion Detected: Possible DNS exfiltration in query 282DOxFJ.madeupsetup.eu.us-west-1.ec2-utilities.amazonaws.com.", "timestamp": 1726414110.0963297, "attack_type": "DNS Exfiltration"}
{"message": "Intrusion Detected: Port scanning detected from 8.8.8.8", "timestamp": 1726414110.2624917, "attack_type": "Port Scan"}
{"message": "Detected DNS Query: b'282DOxFJ.madeupsetup.eu.windomain.local.' with encoding ascii", "timestamp": 1726414110.4046538, "attack_type": "DNS Query"}
{"message": "Decoded DNS Query: 282DOxFJ.madeupsetup.eu.windomain.local.", "timestamp": 1726414110.5543838, "attack_type": "DNS Query"}
[INFO] Flow: ('192.168.38.104', '8.8.8.8', 49238, 53, 'UDP'), Data Transferred: 121 bytes
[INFO] Flow: ('8.8.8.8', '192.168.38.104', 53, 49238, 'UDP'), Data Transferred: 209 bytes
[INFO] Flow: ('192.168.38.104', '8.8.8.8', 49239, 53, 'UDP'), Data Transferred: 99 bytes
[INFO] Flow: ('8.8.8.8', '192.168.38.104', 53, 49239, 'UDP'), Data Transferred: 174 bytes
[INFO] Flow: ('192.168.38.104', '8.8.8.8', 49240, 53, 'UDP'), Data Transferred: 83 bytes
[INFO] Flow: ('8.8.8.8', '192.168.38.104', 53, 49240, 'UDP'), Data Transferred: 162 bytes
[INFO] Flow: ('192.168.38.104', '8.8.8.8', 49241, 53, 'UDP'), Data Transferred: 121 bytes
[INFO] Flow: ('8.8.8.8', '192.168.38.104', 53, 49241, 'UDP'), Data Transferred: 209 bytes
[INFO] Flow: ('192.168.38.104', '8.8.8.8', 49242, 53, 'UDP'), Data Transferred: 99 bytes
[INFO] Flow: ('8.8.8.8', '192.168.38.104', 53, 49242, 'UDP'), Data Transferred: 174 bytes
{"message": "Detected DNS Query: b'282DOxFJ.madeupsetup.eu.windomain.local.' with encoding ascii", "timestamp": 1726414110.6466908, "attack_type": "DNS Query"}
{"message": "Decoded DNS Query: 282DOxFJ.madeupsetup.eu.windomain.local.", "timestamp": 1726414110.8048565, "attack_type": "DNS Query"}
{"message": "Intrusion Detected: Port scanning detected from 8.8.8.8", "timestamp": 1726414111.0029988, "attack_type": "Port Scan"}
{"message": "Detected DNS Query: b'zpt1YuKN.madeupsetup.eu.' with encoding ascii", "timestamp": 1726414111.154512, "attack_type": "DNS Query"}
{"message": "Decoded DNS Query: zpt1YuKN.madeupsetup.eu.", "timestamp": 1726414111.3043566, "attack_type": "DNS Query"}
{"message": "Detected DNS Query: b'zpt1YuKN.madeupsetup.eu.' with encoding ascii", "timestamp": 1726414111.4293995, "attack_type": "DNS Query"}
{"message": "Decoded DNS Query: zpt1YuKN.madeupsetup.eu.", "timestamp": 1726414111.5622802, "attack_type": "DNS Query"}
{"message": "Intrusion Detected: Port scanning detected from 8.8.8.8", "timestamp": 1726414111.6374004, "attack_type": "Port Scan"}
{"message": "Detected DNS Query: b'zpt1YuKN.madeupsetup.eu.us-west-1.ec2-utilities.amazonaws.com.' with encoding ascii", "timestamp": 1726414111.7722204, "attack_type": "DNS Query"}
{"message": "Decoded DNS Query: zpt1YuKN.madeupsetup.eu.us-west-1.ec2-utilities.amazonaws.com.", "timestamp": 1726414111.921161, "attack_type": "DNS Query"}
{"message": "Intrusion Detected: Possible DNS exfiltration in query zpt1YuKN.madeupsetup.eu.us-west-1.ec2-utilities.amazonaws.com.", "timestamp": 1726414112.0798469, "attack_type": "DNS Exfiltration"}
{"message": "Detected DNS Query: b'zpt1YuKN.madeupsetup.eu.us-west-1.ec2-utilities.amazonaws.com.' with encoding ascii", "timestamp": 1726414112.2215843, "attack_type": "DNS Query"}
{"message": "Decoded DNS Query: zpt1YuKN.madeupsetup.eu.us-west-1.ec2-utilities.amazonaws.com.", "timestamp": 1726414112.3209891, "attack_type": "DNS Query"}
{"message": "Intrusion Detected: Possible DNS exfiltration in query zpt1YuKN.madeupsetup.eu.us-west-1.ec2-utilities.amazonaws.com.", "timestamp": 1726414112.53815, "attack_type": "DNS Exfiltration"}
{"message": "Intrusion Detected: Port scanning detected from 8.8.8.8", "timestamp": 1726414112.6962922, "attack_type": "Port Scan"}
{"message": "Detected DNS Query: b'zpt1YuKN.madeupsetup.eu.windomain.local.' with encoding ascii", "timestamp": 1726414112.7883084, "attack_type": "DNS Query"}
{"message": "Decoded DNS Query: zpt1YuKN.madeupsetup.eu.windomain.local.", "timestamp": 1726414113.037611, "attack_type": "DNS Query"}
{"message": "Detected DNS Query: b'zpt1YuKN.madeupsetup.eu.windomain.local.' with encoding ascii", "timestamp": 1726414113.1303434, "attack_type": "DNS Query"}
{"message": "Decoded DNS Query: zpt1YuKN.madeupsetup.eu.windomain.local.", "timestamp": 1726414113.3126662, "attack_type": "DNS Query"}
{"message": "Intrusion Detected: Port scanning detected from 8.8.8.8", "timestamp": 1726414113.454784, "attack_type": "Port Scan"}
{"message": "Detected DNS Query: b'NRsUAHXx.madeupsetup.eu.' with encoding ascii", "timestamp": 1726414113.6124423, "attack_type": "DNS Query"}
{"message": "Decoded DNS Query: NRsUAHXx.madeupsetup.eu.", "timestamp": 1726414113.7455308, "attack_type": "DNS Query"}
{"message": "Intrusion Detected: HTTP Covert Channel Detected in User-Agent: Mozilla/5.0 (Windows NT 10.0; Win64; x64) AppleWebKit/537.36 (KHTML, like Gecko) Chrome/84.0.4147.105 Safari/537.36", "timestamp": 1726414113.8800497, "attack_type": "HTTP Covert Channel"}
{"message": "Traffic Anomaly Detected: 192.168.38.104 shows sudden traffic spike. Current: 623, Avg: 147.7", "timestamp": 1726414113.9872425, "attack_type": "Traffic Anomaly"}
[INFO] Flow: ('192.168.38.104', '8.8.8.8', 49243, 53, 'UDP'), Data Transferred: 83 bytes
[INFO] Flow: ('8.8.8.8', '192.168.38.104', 53, 49243, 'UDP'), Data Transferred: 162 bytes
[INFO] Flow: ('192.168.38.104', '8.8.8.8', 49244, 53, 'UDP'), Data Transferred: 121 bytes
[INFO] Flow: ('8.8.8.8', '192.168.38.104', 53, 49244, 'UDP'), Data Transferred: 209 bytes
[INFO] Flow: ('192.168.38.104', '8.8.8.8', 49245, 53, 'UDP'), Data Transferred: 99 bytes
[INFO] Flow: ('8.8.8.8', '192.168.38.104', 53, 49245, 'UDP'), Data Transferred: 174 bytes
[INFO] Flow: ('192.168.38.104', '8.8.8.8', 49246, 53, 'UDP'), Data Transferred: 83 bytes
[INFO] Flow: ('192.168.38.104', '18.217.1.57', 63656, 80, 'TCP'), Data Transferred: 66 bytes
[INFO] Flow: ('192.168.38.104', '18.217.1.57', 63655, 80, 'TCP'), Data Transferred: 623 bytes
[INFO] Flow: ('8.8.8.8', '192.168.38.104', 53, 49246, 'UDP'), Data Transferred: 162 bytes
{"message": "Detected DNS Query: b'NRsUAHXx.madeupsetup.eu.' with encoding ascii", "timestamp": 1726414114.1625116, "attack_type": "DNS Query"}
{"message": "Decoded DNS Query: NRsUAHXx.madeupsetup.eu.", "timestamp": 1726414114.3466516, "attack_type": "DNS Query"}
{"message": "Intrusion Detected: Port scanning detected from 8.8.8.8", "timestamp": 1726414114.4954813, "attack_type": "Port Scan"}
{"message": "Detected DNS Query: b'NRsUAHXx.madeupsetup.eu.us-west-1.ec2-utilities.amazonaws.com.' with encoding ascii", "timestamp": 1726414114.628833, "attack_type": "DNS Query"}
{"message": "Decoded DNS Query: NRsUAHXx.madeupsetup.eu.us-west-1.ec2-utilities.amazonaws.com.", "timestamp": 1726414114.7787845, "attack_type": "DNS Query"}
{"message": "Intrusion Detected: Possible DNS exfiltration in query NRsUAHXx.madeupsetup.eu.us-west-1.ec2-utilities.amazonaws.com.", "timestamp": 1726414114.9206579, "attack_type": "DNS Exfiltration"}
{"message": "Detected DNS Query: b'NRsUAHXx.madeupsetup.eu.us-west-1.ec2-utilities.amazonaws.com.' with encoding ascii", "timestamp": 1726414115.0039527, "attack_type": "DNS Query"}
{"message": "Decoded DNS Query: NRsUAHXx.madeupsetup.eu.us-west-1.ec2-utilities.amazonaws.com.", "timestamp": 1726414115.2205856, "attack_type": "DNS Query"}
{"message": "Intrusion Detected: Possible DNS exfiltration in query NRsUAHXx.madeupsetup.eu.us-west-1.ec2-utilities.amazonaws.com.", "timestamp": 1726414115.370689, "attack_type": "DNS Exfiltration"}
{"message": "Intrusion Detected: Port scanning detected from 8.8.8.8", "timestamp": 1726414115.487253, "attack_type": "Port Scan"}
{"message": "Detected DNS Query: b'NRsUAHXx.madeupsetup.eu.windomain.local.' with encoding ascii", "timestamp": 1726414115.729475, "attack_type": "DNS Query"}
{"message": "Decoded DNS Query: NRsUAHXx.madeupsetup.eu.windomain.local.", "timestamp": 1726414115.820512, "attack_type": "DNS Query"}
{"message": "Detected DNS Query: b'NRsUAHXx.madeupsetup.eu.windomain.local.' with encoding ascii", "timestamp": 1726414115.9801023, "attack_type": "DNS Query"}
{"message": "Decoded DNS Query: NRsUAHXx.madeupsetup.eu.windomain.local.", "timestamp": 1726414116.1126826, "attack_type": "DNS Query"}
{"message": "Intrusion Detected: Port scanning detected from 8.8.8.8", "timestamp": 1726414116.3287678, "attack_type": "Port Scan"}
[INFO] Flow: ('192.168.38.104', '8.8.8.8', 49247, 53, 'UDP'), Data Transferred: 121 bytes
[INFO] Flow: ('8.8.8.8', '192.168.38.104', 53, 49247, 'UDP'), Data Transferred: 221 bytes
[INFO] Flow: ('192.168.38.104', '8.8.8.8', 49248, 53, 'UDP'), Data Transferred: 99 bytes
[INFO] Flow: ('18.217.1.57', '192.168.38.104', 80, 63655, 'TCP'), Data Transferred: 54 bytes
[INFO] Packet dropped: Invalid TCP packet characteristics
[INFO] Flow: ('192.168.38.104', '18.217.1.57', 63656, 80, 'TCP'), Data Transferred: 120 bytes
[INFO] Flow: ('8.8.8.8', '192.168.38.104', 53, 49248, 'UDP'), Data Transferred: 174 bytes
[INFO] Flow: ('18.217.1.57', '192.168.38.104', 80, 63655, 'TCP'), Data Transferred: 125 bytes
[INFO] Packet dropped: Invalid TCP packet characteristics
[INFO] Flow: ('192.168.38.104', '18.217.1.57', 63655, 80, 'TCP'), Data Transferred: 677 bytes
{"message": "Traffic Anomaly Detected: 192.168.38.104 shows sudden traffic spike. Current: 677, Avg: 209.2", "timestamp": 1726414116.4625933, "attack_type": "Traffic Anomaly"}
{"message": "Detected DNS Query: b'oDIrXLVR.madeupsetup.eu.' with encoding ascii", "timestamp": 1726414116.628879, "attack_type": "DNS Query"}
{"message": "Decoded DNS Query: oDIrXLVR.madeupsetup.eu.", "timestamp": 1726414116.720374, "attack_type": "DNS Query"}
{"message": "Detected DNS Query: b'oDIrXLVR.madeupsetup.eu.' with encoding ascii", "timestamp": 1726414116.8796659, "attack_type": "DNS Query"}
{"message": "Decoded DNS Query: oDIrXLVR.madeupsetup.eu.", "timestamp": 1726414117.0126245, "attack_type": "DNS Query"}
{"message": "Intrusion Detected: Port scanning detected from 8.8.8.8", "timestamp": 1726414117.1448762, "attack_type": "Port Scan"}
{"message": "Detected DNS Query: b'oDIrXLVR.madeupsetup.eu.us-west-1.ec2-utilities.amazonaws.com.' with encoding ascii", "timestamp": 1726414117.6372097, "attack_type": "DNS Query"}
{"message": "Decoded DNS Query: oDIrXLVR.madeupsetup.eu.us-west-1.ec2-utilities.amazonaws.com.", "timestamp": 1726414117.7954402, "attack_type": "DNS Query"}
{"message": "Intrusion Detected: Possible DNS exfiltration in query oDIrXLVR.madeupsetup.eu.us-west-1.ec2-utilities.amazonaws.com.", "timestamp": 1726414117.9374418, "attack_type": "DNS Exfiltration"}
{"message": "Detected DNS Query: b'oDIrXLVR.madeupsetup.eu.us-west-1.ec2-utilities.amazonaws.com.' with encoding ascii", "timestamp": 1726414118.096431, "attack_type": "DNS Query"}
{"message": "Decoded DNS Query: oDIrXLVR.madeupsetup.eu.us-west-1.ec2-utilities.amazonaws.com.", "timestamp": 1726414118.1874511, "attack_type": "DNS Query"}
{"message": "Intrusion Detected: Possible DNS exfiltration in query oDIrXLVR.madeupsetup.eu.us-west-1.ec2-utilities.amazonaws.com.", "timestamp": 1726414118.3466134, "attack_type": "DNS Exfiltration"}
{"message": "Intrusion Detected: Port scanning detected from 8.8.8.8", "timestamp": 1726414118.5122323, "attack_type": "Port Scan"}
{"message": "Detected DNS Query: b'oDIrXLVR.madeupsetup.eu.windomain.local.' with encoding ascii", "timestamp": 1726414118.6374798, "attack_type": "DNS Query"}
{"message": "Decoded DNS Query: oDIrXLVR.madeupsetup.eu.windomain.local.", "timestamp": 1726414118.7869973, "attack_type": "DNS Query"}
{"message": "Detected DNS Query: b'oDIrXLVR.madeupsetup.eu.windomain.local.' with encoding ascii", "timestamp": 1726414118.921479, "attack_type": "DNS Query"}
{"message": "Decoded DNS Query: oDIrXLVR.madeupsetup.eu.windomain.local.", "timestamp": 1726414119.062351, "attack_type": "DNS Query"}
{"message": "Intrusion Detected: Port scanning detected from 8.8.8.8", "timestamp": 1726414119.1538293, "attack_type": "Port Scan"}
{"message": "Detected DNS Query: b'YTNkLTg0.madeupsetup.eu.' with encoding ascii", "timestamp": 1726414119.3043103, "attack_type": "DNS Query"}
{"message": "Decoded DNS Query: YTNkLTg0.madeupsetup.eu.", "timestamp": 1726414119.462322, "attack_type": "DNS Query"}
[INFO] Flow: ('192.168.38.104', '8.8.8.8', 49249, 53, 'UDP'), Data Transferred: 83 bytes
[INFO] Packet dropped: Invalid TCP packet characteristics
[INFO] Flow: ('18.217.1.57', '192.168.38.104', 80, 63655, 'TCP'), Data Transferred: 179 bytes
[INFO] Flow: ('8.8.8.8', '192.168.38.104', 53, 49249, 'UDP'), Data Transferred: 162 bytes
[INFO] Flow: ('192.168.38.104', '8.8.8.8', 49250, 53, 'UDP'), Data Transferred: 121 bytes
[INFO] Flow: ('8.8.8.8', '192.168.38.104', 53, 49250, 'UDP'), Data Transferred: 221 bytes
[INFO] Flow: ('192.168.38.104', '8.8.8.8', 49251, 53, 'UDP'), Data Transferred: 99 bytes
[INFO] Flow: ('8.8.8.8', '192.168.38.104', 53, 49251, 'UDP'), Data Transferred: 174 bytes
[INFO] Flow: ('192.168.38.104', '18.217.1.57', 49252, 53, 'UDP'), Data Transferred: 83 bytes
[INFO] Flow: ('18.217.1.57', '192.168.38.104', 53, 49252, 'UDP'), Data Transferred: 162 bytes
{"message": "Detected DNS Query: b'YTNkLTg0.madeupsetup.eu.' with encoding ascii", "timestamp": 1726414119.5883315, "attack_type": "DNS Query"}
{"message": "Decoded DNS Query: YTNkLTg0.madeupsetup.eu.", "timestamp": 1726414119.7285328, "attack_type": "DNS Query"}
{"message": "Detected DNS Query: b'YTNkLTg0.madeupsetup.eu.us-west-1.ec2-utilities.amazonaws.com.' with encoding ascii", "timestamp": 1726414119.866799, "attack_type": "DNS Query"}
{"message": "Decoded DNS Query: YTNkLTg0.madeupsetup.eu.us-west-1.ec2-utilities.amazonaws.com.", "timestamp": 1726414119.970256, "attack_type": "DNS Query"}
{"message": "Intrusion Detected: Possible DNS exfiltration in query YTNkLTg0.madeupsetup.eu.us-west-1.ec2-utilities.amazonaws.com.", "timestamp": 1726414120.1213071, "attack_type": "DNS Exfiltration"}
{"message": "Detected DNS Query: b'YTNkLTg0.madeupsetup.eu.us-west-1.ec2-utilities.amazonaws.com.' with encoding ascii", "timestamp": 1726414120.2550735, "attack_type": "DNS Query"}
{"message": "Decoded DNS Query: YTNkLTg0.madeupsetup.eu.us-west-1.ec2-utilities.amazonaws.com.", "timestamp": 1726414120.403564, "attack_type": "DNS Query"}
{"message": "Intrusion Detected: Possible DNS exfiltration in query YTNkLTg0.madeupsetup.eu.us-west-1.ec2-utilities.amazonaws.com.", "timestamp": 1726414120.5373826, "attack_type": "DNS Exfiltration"}
{"message": "Detected DNS Query: b'YTNkLTg0.madeupsetup.eu.windomain.local.' with encoding ascii", "timestamp": 1726414120.6212754, "attack_type": "DNS Query"}
{"message": "Decoded DNS Query: YTNkLTg0.madeupsetup.eu.windomain.local.", "timestamp": 1726414120.7697423, "attack_type": "DNS Query"}
{"message": "Traffic Anomaly Detected: 192.168.38.104 shows sudden traffic spike. Current: 2610, Avg: 407.9", "timestamp": 1726414120.9122152, "attack_type": "Traffic Anomaly"}
[INFO] Flow: ('192.168.38.104', '18.217.1.57', 49253, 53, 'UDP'), Data Transferred: 121 bytes
[INFO] Flow: ('18.217.1.57', '192.168.38.104', 53, 49253, 'UDP'), Data Transferred: 209 bytes
[INFO] Flow: ('192.168.38.104', '18.217.1.57', 49254, 53, 'UDP'), Data Transferred: 99 bytes
[INFO] Flow: ('192.168.38.104', '192.168.38.103', 63657, 5985, 'TCP'), Data Transferred: 66 bytes
[INFO] Packet dropped: Invalid TCP packet characteristics
[INFO] Flow: ('192.168.38.104', '192.168.38.103', 63657, 5985, 'TCP'), Data Transferred: 120 bytes
[INFO] Flow: ('192.168.38.104', '192.168.38.103', 63657, 5985, 'TCP'), Data Transferred: 2610 bytes
[INFO] Flow: ('192.168.38.103', '192.168.38.104', 5985, 63657, 'TCP'), Data Transferred: 54 bytes
[INFO] Flow: ('192.168.38.103', '192.168.38.104', 5985, 63657, 'TCP'), Data Transferred: 449 bytes
[INFO] Flow: ('192.168.38.104', '192.168.38.103', 63657, 5985, 'TCP'), Data Transferred: 2946 bytes
{"message": "Traffic Anomaly Detected: 192.168.38.104 shows sudden traffic spike. Current: 2946, Avg: 634.8", "timestamp": 1726414121.0628052, "attack_type": "Traffic Anomaly"}
{"message": "Traffic Anomaly Detected: 192.168.38.104 shows sudden traffic spike. Current: 6542, Avg: 1280.7", "timestamp": 1726414121.1893778, "attack_type": "Traffic Anomaly"}
{"message": "Traffic Anomaly Detected: 192.168.38.103 shows sudden traffic spike. Current: 11101, Avg: 4691.9", "timestamp": 1726414121.3131907, "attack_type": "Traffic Anomaly"}
[INFO] Flow: ('192.168.38.104', '192.168.38.103', 63657, 5985, 'TCP'), Data Transferred: 6542 bytes
[INFO] Flow: ('192.168.38.103', '192.168.38.104', 5985, 63657, 'TCP'), Data Transferred: 503 bytes
[INFO] Flow: ('192.168.38.103', '192.168.38.104', 5985, 63657, 'TCP'), Data Transferred: 2017 bytes
[INFO] Flow: ('192.168.38.103', '192.168.38.104', 5985, 63657, 'TCP'), Data Transferred: 3531 bytes
[INFO] Flow: ('192.168.38.103', '192.168.38.104', 5985, 63657, 'TCP'), Data Transferred: 5045 bytes
[INFO] Flow: ('192.168.38.103', '192.168.38.104', 5985, 63657, 'TCP'), Data Transferred: 6559 bytes
[INFO] Flow: ('192.168.38.103', '192.168.38.104', 5985, 63657, 'TCP'), Data Transferred: 8073 bytes
[INFO] Flow: ('192.168.38.103', '192.168.38.104', 5985, 63657, 'TCP'), Data Transferred: 9587 bytes
[INFO] Flow: ('192.168.38.103', '192.168.38.104', 5985, 63657, 'TCP'), Data Transferred: 11101 bytes
[INFO] Flow: ('192.168.38.103', '192.168.38.104', 5985, 63657, 'TCP'), Data Transferred: 12615 bytes
{"message": "Traffic Anomaly Detected: 192.168.38.103 shows sudden traffic spike. Current: 12615, Avg: 5948.0", "timestamp": 1726414121.4033563, "attack_type": "Traffic Anomaly"}
{"message": "Traffic Anomaly Detected: 192.168.38.104 shows sudden traffic spike. Current: 6596, Avg: 1928.2", "timestamp": 1726414121.5375102, "attack_type": "Traffic Anomaly"}
{"message": "Traffic Anomaly Detected: 192.168.38.104 shows sudden traffic spike. Current: 6650, Avg: 2583.3", "timestamp": 1726414121.6796095, "attack_type": "Traffic Anomaly"}
[INFO] Flow: ('192.168.38.103', '192.168.38.104', 5985, 63657, 'TCP'), Data Transferred: 14129 bytes
[INFO] Flow: ('192.168.38.103', '192.168.38.104', 5985, 63657, 'TCP'), Data Transferred: 15643 bytes
[INFO] Flow: ('192.168.38.104', '192.168.38.103', 63657, 5985, 'TCP'), Data Transferred: 6596 bytes
[INFO] Flow: ('192.168.38.103', '192.168.38.104', 5985, 63657, 'TCP'), Data Transferred: 17157 bytes
[INFO] Flow: ('192.168.38.103', '192.168.38.104', 5985, 63657, 'TCP'), Data Transferred: 18671 bytes
[INFO] Flow: ('192.168.38.103', '192.168.38.104', 5985, 63657, 'TCP'), Data Transferred: 20185 bytes
[INFO] Flow: ('192.168.38.103', '192.168.38.104', 5985, 63657, 'TCP'), Data Transferred: 21699 bytes
[INFO] Flow: ('192.168.38.103', '192.168.38.104', 5985, 63657, 'TCP'), Data Transferred: 23213 bytes
[INFO] Flow: ('192.168.38.104', '192.168.38.103', 63657, 5985, 'TCP'), Data Transferred: 6650 bytes
[INFO] Flow: ('192.168.38.103', '192.168.38.104', 5985, 63657, 'TCP'), Data Transferred: 24727 bytes
{"message": "Traffic Anomaly Detected: 192.168.38.104 shows sudden traffic spike. Current: 6704, Avg: 3245.4", "timestamp": 1726414121.8393252, "attack_type": "Traffic Anomaly"}
[INFO] Flow: ('192.168.38.103', '192.168.38.104', 5985, 63657, 'TCP'), Data Transferred: 26241 bytes
[INFO] Flow: ('192.168.38.103', '192.168.38.104', 5985, 63657, 'TCP'), Data Transferred: 27755 bytes
[INFO] Flow: ('192.168.38.103', '192.168.38.104', 5985, 63657, 'TCP'), Data Transferred: 29269 bytes
[INFO] Flow: ('192.168.38.103', '192.168.38.104', 5985, 63657, 'TCP'), Data Transferred: 30783 bytes
[INFO] Flow: ('192.168.38.103', '192.168.38.104', 5985, 63657, 'TCP'), Data Transferred: 32297 bytes
[INFO] Flow: ('192.168.38.103', '192.168.38.104', 5985, 63657, 'TCP'), Data Transferred: 33811 bytes
[INFO] Flow: ('192.168.38.103', '192.168.38.104', 5985, 63657, 'TCP'), Data Transferred: 35325 bytes
[INFO] Flow: ('192.168.38.103', '192.168.38.104', 5985, 63657, 'TCP'), Data Transferred: 36839 bytes
[INFO] Flow: ('192.168.38.104', '192.168.38.103', 63657, 5985, 'TCP'), Data Transferred: 6704 bytes
[INFO] Flow: ('192.168.38.103', '192.168.38.104', 5985, 63657, 'TCP'), Data Transferred: 38353 bytes
[INFO] Flow: ('192.168.38.103', '192.168.38.104', 5985, 63657, 'TCP'), Data Transferred: 39867 bytes
[INFO] Flow: ('192.168.38.103', '192.168.38.104', 5985, 63657, 'TCP'), Data Transferred: 41381 bytes
[INFO] Flow: ('192.168.38.103', '192.168.38.104', 5985, 63657, 'TCP'), Data Transferred: 42895 bytes
[INFO] Flow: ('192.168.38.103', '192.168.38.104', 5985, 63657, 'TCP'), Data Transferred: 44409 bytes
[INFO] Flow: ('192.168.38.103', '192.168.38.104', 5985, 63657, 'TCP'), Data Transferred: 45923 bytes
[INFO] Flow: ('192.168.38.103', '192.168.38.104', 5985, 63657, 'TCP'), Data Transferred: 47437 bytes
[INFO] Flow: ('192.168.38.103', '192.168.38.104', 5985, 63657, 'TCP'), Data Transferred: 48951 bytes
[INFO] Flow: ('192.168.38.103', '192.168.38.104', 5985, 63657, 'TCP'), Data Transferred: 50465 bytes
[INFO] Flow: ('192.168.38.104', '192.168.38.103', 63657, 5985, 'TCP'), Data Transferred: 6758 bytes
[INFO] Flow: ('192.168.38.103', '192.168.38.104', 5985, 63657, 'TCP'), Data Transferred: 51979 bytes
[INFO] Flow: ('192.168.38.103', '192.168.38.104', 5985, 63657, 'TCP'), Data Transferred: 53493 bytes
[INFO] Flow: ('192.168.38.103', '192.168.38.104', 5985, 63657, 'TCP'), Data Transferred: 55007 bytes
[INFO] Flow: ('192.168.38.103', '192.168.38.104', 5985, 63657, 'TCP'), Data Transferred: 56521 bytes
[INFO] Flow: ('192.168.38.103', '192.168.38.104', 5985, 63657, 'TCP'), Data Transferred: 58035 bytes
[INFO] Flow: ('192.168.38.103', '192.168.38.104', 5985, 63657, 'TCP'), Data Transferred: 59549 bytes
[INFO] Flow: ('192.168.38.103', '192.168.38.104', 5985, 63657, 'TCP'), Data Transferred: 61063 bytes
[INFO] Flow: ('192.168.38.103', '192.168.38.104', 5985, 63657, 'TCP'), Data Transferred: 62577 bytes
[INFO] Flow: ('192.168.38.103', '192.168.38.104', 5985, 63657, 'TCP'), Data Transferred: 64091 bytes
[INFO] Flow: ('192.168.38.103', '192.168.38.104', 5985, 63657, 'TCP'), Data Transferred: 65605 bytes
[INFO] Flow: ('192.168.38.103', '192.168.38.104', 5985, 63657, 'TCP'), Data Transferred: 67119 bytes
[INFO] Flow: ('192.168.38.103', '192.168.38.104', 5985, 63657, 'TCP'), Data Transferred: 68469 bytes
[INFO] Flow: ('192.168.38.104', '192.168.38.103', 63657, 5985, 'TCP'), Data Transferred: 6812 bytes
[INFO] Flow: ('192.168.38.103', '192.168.38.104', 5985, 63657, 'TCP'), Data Transferred: 69983 bytes
[INFO] Flow: ('192.168.38.103', '192.168.38.104', 5985, 63657, 'TCP'), Data Transferred: 71497 bytes
[INFO] Flow: ('192.168.38.103', '192.168.38.104', 5985, 63657, 'TCP'), Data Transferred: 73011 bytes
[INFO] Flow: ('192.168.38.104', '192.168.38.103', 63657, 5985, 'TCP'), Data Transferred: 6866 bytes
[INFO] Flow: ('192.168.38.103', '192.168.38.104', 5985, 63657, 'TCP'), Data Transferred: 74525 bytes
[INFO] Flow: ('192.168.38.103', '192.168.38.104', 5985, 63657, 'TCP'), Data Transferred: 76039 bytes
[INFO] Flow: ('192.168.38.103', '192.168.38.104', 5985, 63657, 'TCP'), Data Transferred: 77553 bytes
[INFO] Flow: ('192.168.38.103', '192.168.38.104', 5985, 63657, 'TCP'), Data Transferred: 79067 bytes
[INFO] Flow: ('192.168.38.103', '192.168.38.104', 5985, 63657, 'TCP'), Data Transferred: 80581 bytes
[INFO] Flow: ('192.168.38.103', '192.168.38.104', 5985, 63657, 'TCP'), Data Transferred: 81148 bytes
[INFO] Flow: ('192.168.38.104', '192.168.38.103', 63657, 5985, 'TCP'), Data Transferred: 6920 bytes
[INFO] Flow: ('192.168.38.104', '192.168.38.103', 63657, 5985, 'TCP'), Data Transferred: 7256 bytes
[INFO] Flow: ('192.168.38.104', '192.168.38.103', 63657, 5985, 'TCP'), Data Transferred: 10942 bytes
[INFO] Flow: ('192.168.38.103', '192.168.38.104', 5985, 63657, 'TCP'), Data Transferred: 81202 bytes
[INFO] Flow: ('192.168.38.103', '192.168.38.104', 5985, 63657, 'TCP'), Data Transferred: 82716 bytes
[INFO] Flow: ('192.168.38.103', '192.168.38.104', 5985, 63657, 'TCP'), Data Transferred: 84230 bytes
[INFO] Flow: ('192.168.38.103', '192.168.38.104', 5985, 63657, 'TCP'), Data Transferred: 85744 bytes
[INFO] Flow: ('192.168.38.103', '192.168.38.104', 5985, 63657, 'TCP'), Data Transferred: 87258 bytes
[INFO] Flow: ('192.168.38.103', '192.168.38.104', 5985, 63657, 'TCP'), Data Transferred: 88772 bytes
[INFO] Flow: ('192.168.38.103', '192.168.38.104', 5985, 63657, 'TCP'), Data Transferred: 90286 bytes
[INFO] Flow: ('192.168.38.103', '192.168.38.104', 5985, 63657, 'TCP'), Data Transferred: 91800 bytes
[INFO] Flow: ('192.168.38.103', '192.168.38.104', 5985, 63657, 'TCP'), Data Transferred: 93314 bytes
[INFO] Flow: ('192.168.38.103', '192.168.38.104', 5985, 63657, 'TCP'), Data Transferred: 94828 bytes
[INFO] Flow: ('192.168.38.103', '192.168.38.104', 5985, 63657, 'TCP'), Data Transferred: 96342 bytes
[INFO] Flow: ('192.168.38.103', '192.168.38.104', 5985, 63657, 'TCP'), Data Transferred: 97856 bytes
[INFO] Flow: ('192.168.38.103', '192.168.38.104', 5985, 63657, 'TCP'), Data Transferred: 99370 bytes
[INFO] Flow: ('192.168.38.103', '192.168.38.104', 5985, 63657, 'TCP'), Data Transferred: 100884 bytes
[INFO] Flow: ('192.168.38.103', '192.168.38.104', 5985, 63657, 'TCP'), Data Transferred: 102398 bytes
[INFO] Flow: ('192.168.38.103', '192.168.38.104', 5985, 63657, 'TCP'), Data Transferred: 103912 bytes
[INFO] Flow: ('192.168.38.103', '192.168.38.104', 5985, 63657, 'TCP'), Data Transferred: 105426 bytes
[INFO] Flow: ('192.168.38.104', '192.168.38.103', 63657, 5985, 'TCP'), Data Transferred: 10996 bytes
[INFO] Flow: ('192.168.38.103', '192.168.38.104', 5985, 63657, 'TCP'), Data Transferred: 106940 bytes
[INFO] Flow: ('192.168.38.103', '192.168.38.104', 5985, 63657, 'TCP'), Data Transferred: 108454 bytes
[INFO] Flow: ('192.168.38.103', '192.168.38.104', 5985, 63657, 'TCP'), Data Transferred: 109968 bytes
[INFO] Flow: ('192.168.38.103', '192.168.38.104', 5985, 63657, 'TCP'), Data Transferred: 111482 bytes
[INFO] Flow: ('192.168.38.103', '192.168.38.104', 5985, 63657, 'TCP'), Data Transferred: 112996 bytes
[INFO] Flow: ('192.168.38.103', '192.168.38.104', 5985, 63657, 'TCP'), Data Transferred: 114510 bytes
[INFO] Flow: ('192.168.38.103', '192.168.38.104', 5985, 63657, 'TCP'), Data Transferred: 116024 bytes
[INFO] Flow: ('192.168.38.103', '192.168.38.104', 5985, 63657, 'TCP'), Data Transferred: 117538 bytes
[INFO] Flow: ('192.168.38.103', '192.168.38.104', 5985, 63657, 'TCP'), Data Transferred: 119052 bytes
[INFO] Flow: ('192.168.38.103', '192.168.38.104', 5985, 63657, 'TCP'), Data Transferred: 120566 bytes
[INFO] Flow: ('192.168.38.103', '192.168.38.104', 5985, 63657, 'TCP'), Data Transferred: 122080 bytes
[INFO] Flow: ('192.168.38.103', '192.168.38.104', 5985, 63657, 'TCP'), Data Transferred: 123594 bytes
[INFO] Flow: ('192.168.38.103', '192.168.38.104', 5985, 63657, 'TCP'), Data Transferred: 125108 bytes
[INFO] Flow: ('192.168.38.103', '192.168.38.104', 5985, 63657, 'TCP'), Data Transferred: 126622 bytes
[INFO] Flow: ('192.168.38.103', '192.168.38.104', 5985, 63657, 'TCP'), Data Transferred: 128136 bytes
[INFO] Flow: ('192.168.38.103', '192.168.38.104', 5985, 63657, 'TCP'), Data Transferred: 129650 bytes
[INFO] Flow: ('192.168.38.103', '192.168.38.104', 5985, 63657, 'TCP'), Data Transferred: 131164 bytes
[INFO] Flow: ('192.168.38.103', '192.168.38.104', 5985, 63657, 'TCP'), Data Transferred: 132678 bytes
[INFO] Flow: ('192.168.38.103', '192.168.38.104', 5985, 63657, 'TCP'), Data Transferred: 134192 bytes
[INFO] Flow: ('192.168.38.103', '192.168.38.104', 5985, 63657, 'TCP'), Data Transferred: 135706 bytes
[INFO] Flow: ('192.168.38.103', '192.168.38.104', 5985, 63657, 'TCP'), Data Transferred: 137220 bytes
[INFO] Flow: ('192.168.38.104', '192.168.38.103', 63657, 5985, 'TCP'), Data Transferred: 11050 bytes
[INFO] Flow: ('192.168.38.103', '192.168.38.104', 5985, 63657, 'TCP'), Data Transferred: 138734 bytes
[INFO] Flow: ('192.168.38.103', '192.168.38.104', 5985, 63657, 'TCP'), Data Transferred: 140248 bytes
[INFO] Flow: ('192.168.38.103', '192.168.38.104', 5985, 63657, 'TCP'), Data Transferred: 141762 bytes
[INFO] Flow: ('192.168.38.103', '192.168.38.104', 5985, 63657, 'TCP'), Data Transferred: 143276 bytes
[INFO] Flow: ('192.168.38.103', '192.168.38.104', 5985, 63657, 'TCP'), Data Transferred: 144790 bytes
[INFO] Flow: ('192.168.38.103', '192.168.38.104', 5985, 63657, 'TCP'), Data Transferred: 146304 bytes
[INFO] Flow: ('192.168.38.103', '192.168.38.104', 5985, 63657, 'TCP'), Data Transferred: 147818 bytes
[INFO] Flow: ('192.168.38.103', '192.168.38.104', 5985, 63657, 'TCP'), Data Transferred: 149332 bytes
[INFO] Flow: ('192.168.38.103', '192.168.38.104', 5985, 63657, 'TCP'), Data Transferred: 150846 bytes
[INFO] Flow: ('192.168.38.103', '192.168.38.104', 5985, 63657, 'TCP'), Data Transferred: 152360 bytes
[INFO] Flow: ('192.168.38.103', '192.168.38.104', 5985, 63657, 'TCP'), Data Transferred: 153874 bytes
[INFO] Flow: ('192.168.38.103', '192.168.38.104', 5985, 63657, 'TCP'), Data Transferred: 155388 bytes
[INFO] Flow: ('192.168.38.103', '192.168.38.104', 5985, 63657, 'TCP'), Data Transferred: 156902 bytes
[INFO] Flow: ('192.168.38.103', '192.168.38.104', 5985, 63657, 'TCP'), Data Transferred: 158416 bytes
[INFO] Flow: ('192.168.38.103', '192.168.38.104', 5985, 63657, 'TCP'), Data Transferred: 159930 bytes
[INFO] Flow: ('192.168.38.103', '192.168.38.104', 5985, 63657, 'TCP'), Data Transferred: 161444 bytes
[INFO] Flow: ('192.168.38.103', '192.168.38.104', 5985, 63657, 'TCP'), Data Transferred: 162958 bytes
[INFO] Flow: ('192.168.38.103', '192.168.38.104', 5985, 63657, 'TCP'), Data Transferred: 164472 bytes
[INFO] Flow: ('192.168.38.103', '192.168.38.104', 5985, 63657, 'TCP'), Data Transferred: 165986 bytes
[INFO] Flow: ('192.168.38.103', '192.168.38.104', 5985, 63657, 'TCP'), Data Transferred: 166939 bytes
[INFO] Flow: ('192.168.38.104', '192.168.38.103', 63657, 5985, 'TCP'), Data Transferred: 11104 bytes
[INFO] Flow: ('192.168.38.104', '192.168.38.103', 63657, 5985, 'TCP'), Data Transferred: 11158 bytes
[INFO] Flow: ('192.168.38.104', '192.168.38.103', 63658, 5985, 'TCP'), Data Transferred: 66 bytes
[INFO] Packet dropped: Invalid TCP packet characteristics
[INFO] Flow: ('192.168.38.104', '192.168.38.103', 63658, 5985, 'TCP'), Data Transferred: 120 bytes
[INFO] Flow: ('192.168.38.104', '192.168.38.103', 63658, 5985, 'TCP'), Data Transferred: 2664 bytes
[INFO] Flow: ('192.168.38.103', '192.168.38.104', 5985, 63658, 'TCP'), Data Transferred: 54 bytes
[INFO] Flow: ('192.168.38.103', '192.168.38.104', 5985, 63658, 'TCP'), Data Transferred: 449 bytes
[INFO] Flow: ('192.168.38.104', '192.168.38.103', 63658, 5985, 'TCP'), Data Transferred: 3054 bytes
[INFO] Flow: ('192.168.38.104', '192.168.38.103', 63658, 5985, 'TCP'), Data Transferred: 4415 bytes
[INFO] Flow: ('192.168.38.103', '192.168.38.104', 5985, 63658, 'TCP'), Data Transferred: 503 bytes
[INFO] Flow: ('192.168.38.103', '192.168.38.104', 5985, 63658, 'TCP'), Data Transferred: 2017 bytes
[INFO] Flow: ('192.168.38.103', '192.168.38.104', 5985, 63658, 'TCP'), Data Transferred: 2570 bytes
[INFO] Flow: ('192.168.38.104', '192.168.38.103', 63658, 5985, 'TCP'), Data Transferred: 4469 bytes
[INFO] Flow: ('192.168.38.104', '192.168.38.103', 63658, 5985, 'TCP'), Data Transferred: 4859 bytes
{"message": "Traffic Anomaly Detected: 192.168.38.104 shows sudden traffic spike. Current: 11494, Avg: 4910.6", "timestamp": 1726414122.2959316, "attack_type": "Traffic Anomaly"}
{"message": "Traffic Anomaly Detected: 192.168.38.104 shows sudden traffic spike. Current: 15180, Avg: 5312.8", "timestamp": 1726414122.3798625, "attack_type": "Traffic Anomaly"}
{"message": "Traffic Anomaly Detected: 192.168.38.103 shows sudden traffic spike. Current: 166993, Avg: 67260.7", "timestamp": 1726414122.5955806, "attack_type": "Traffic Anomaly"}
{"message": "Traffic Anomaly Detected: 192.168.38.103 shows sudden traffic spike. Current: 168507, Avg: 51341.9", "timestamp": 1726414122.7295623, "attack_type": "Traffic Anomaly"}
{"message": "Traffic Anomaly Detected: 192.168.38.103 shows sudden traffic spike. Current: 170021, Avg: 51650.1", "timestamp": 1726414122.8622155, "attack_type": "Traffic Anomaly"}
{"message": "Traffic Anomaly Detected: 192.168.38.103 shows sudden traffic spike. Current: 171535, Avg: 68798.2", "timestamp": 1726414123.0455132, "attack_type": "Traffic Anomaly"}
[INFO] Flow: ('192.168.38.104', '192.168.38.103', 63658, 5985, 'TCP'), Data Transferred: 6807 bytes
[INFO] Flow: ('192.168.38.103', '192.168.38.104', 5985, 63658, 'TCP'), Data Transferred: 2624 bytes
[INFO] Flow: ('192.168.38.104', '192.168.38.103', 63657, 5985, 'TCP'), Data Transferred: 11494 bytes
[INFO] Flow: ('192.168.38.104', '192.168.38.103', 63657, 5985, 'TCP'), Data Transferred: 15180 bytes
[INFO] Flow: ('192.168.38.103', '192.168.38.104', 5985, 63657, 'TCP'), Data Transferred: 166993 bytes
[INFO] Flow: ('192.168.38.103', '192.168.38.104', 5985, 63658, 'TCP'), Data Transferred: 2763 bytes
[INFO] Flow: ('192.168.38.103', '192.168.38.104', 5985, 63657, 'TCP'), Data Transferred: 168507 bytes
[INFO] Flow: ('192.168.38.103', '192.168.38.104', 5985, 63657, 'TCP'), Data Transferred: 170021 bytes
[INFO] Flow: ('192.168.38.103', '192.168.38.104', 5985, 63657, 'TCP'), Data Transferred: 171535 bytes
[INFO] Flow: ('192.168.38.103', '192.168.38.104', 5985, 63657, 'TCP'), Data Transferred: 173049 bytes
{"message": "Traffic Anomaly Detected: 192.168.38.103 shows sudden traffic spike. Current: 173049, Avg: 86058.2", "timestamp": 1726414123.2036486, "attack_type": "Traffic Anomaly"}
[INFO] Flow: ('192.168.38.103', '192.168.38.104', 5985, 63657, 'TCP'), Data Transferred: 174563 bytes
[INFO] Flow: ('192.168.38.103', '192.168.38.104', 5985, 63657, 'TCP'), Data Transferred: 176077 bytes
[INFO] Flow: ('192.168.38.103', '192.168.38.104', 5985, 63657, 'TCP'), Data Transferred: 177591 bytes
[INFO] Flow: ('192.168.38.103', '192.168.38.104', 5985, 63657, 'TCP'), Data Transferred: 179105 bytes
[INFO] Flow: ('192.168.38.103', '192.168.38.104', 5985, 63657, 'TCP'), Data Transferred: 180619 bytes
[INFO] Flow: ('192.168.38.103', '192.168.38.104', 5985, 63657, 'TCP'), Data Transferred: 182133 bytes
[INFO] Flow: ('192.168.38.103', '192.168.38.104', 5985, 63657, 'TCP'), Data Transferred: 183647 bytes
[INFO] Flow: ('192.168.38.104', '192.168.38.103', 63658, 5985, 'TCP'), Data Transferred: 7197 bytes
[INFO] Flow: ('192.168.38.103', '192.168.38.104', 5985, 63657, 'TCP'), Data Transferred: 185161 bytes
[INFO] Flow: ('192.168.38.103', '192.168.38.104', 5985, 63657, 'TCP'), Data Transferred: 186675 bytes
[INFO] Flow: ('192.168.38.103', '192.168.38.104', 5985, 63657, 'TCP'), Data Transferred: 188189 bytes
[INFO] Flow: ('192.168.38.103', '192.168.38.104', 5985, 63657, 'TCP'), Data Transferred: 189703 bytes
[INFO] Flow: ('192.168.38.103', '192.168.38.104', 5985, 63657, 'TCP'), Data Transferred: 191217 bytes
[INFO] Flow: ('192.168.38.104', '192.168.38.103', 63658, 5985, 'TCP'), Data Transferred: 8987 bytes
[INFO] Flow: ('192.168.38.104', '192.168.38.103', 63657, 5985, 'TCP'), Data Transferred: 15234 bytes
[INFO] Flow: ('192.168.38.103', '192.168.38.104', 5985, 63657, 'TCP'), Data Transferred: 192731 bytes
[INFO] Flow: ('192.168.38.103', '192.168.38.104', 5985, 63657, 'TCP'), Data Transferred: 194245 bytes
[INFO] Flow: ('192.168.38.103', '192.168.38.104', 5985, 63657, 'TCP'), Data Transferred: 195759 bytes
[INFO] Flow: ('192.168.38.103', '192.168.38.104', 5985, 63657, 'TCP'), Data Transferred: 197273 bytes
[INFO] Flow: ('192.168.38.103', '192.168.38.104', 5985, 63657, 'TCP'), Data Transferred: 198787 bytes
[INFO] Flow: ('192.168.38.103', '192.168.38.104', 5985, 63657, 'TCP'), Data Transferred: 200301 bytes
[INFO] Flow: ('192.168.38.103', '192.168.38.104', 5985, 63657, 'TCP'), Data Transferred: 201815 bytes
[INFO] Flow: ('192.168.38.103', '192.168.38.104', 5985, 63657, 'TCP'), Data Transferred: 203329 bytes
[INFO] Flow: ('192.168.38.103', '192.168.38.104', 5985, 63657, 'TCP'), Data Transferred: 204843 bytes
[INFO] Flow: ('192.168.38.103', '192.168.38.104', 5985, 63657, 'TCP'), Data Transferred: 206357 bytes
[INFO] Flow: ('192.168.38.103', '192.168.38.104', 5985, 63657, 'TCP'), Data Transferred: 207871 bytes
[INFO] Flow: ('192.168.38.103', '192.168.38.104', 5985, 63657, 'TCP'), Data Transferred: 209385 bytes
[INFO] Flow: ('192.168.38.103', '192.168.38.104', 5985, 63657, 'TCP'), Data Transferred: 210899 bytes
[INFO] Flow: ('192.168.38.103', '192.168.38.104', 5985, 63657, 'TCP'), Data Transferred: 212413 bytes
[INFO] Flow: ('192.168.38.103', '192.168.38.104', 5985, 63657, 'TCP'), Data Transferred: 213927 bytes
[INFO] Flow: ('192.168.38.103', '192.168.38.104', 5985, 63657, 'TCP'), Data Transferred: 215441 bytes
[INFO] Flow: ('192.168.38.103', '192.168.38.104', 5985, 63657, 'TCP'), Data Transferred: 216955 bytes
[INFO] Flow: ('192.168.38.103', '192.168.38.104', 5985, 63657, 'TCP'), Data Transferred: 218469 bytes
[INFO] Flow: ('192.168.38.103', '192.168.38.104', 5985, 63657, 'TCP'), Data Transferred: 219983 bytes
[INFO] Flow: ('192.168.38.103', '192.168.38.104', 5985, 63657, 'TCP'), Data Transferred: 221497 bytes
[INFO] Flow: ('192.168.38.103', '192.168.38.104', 5985, 63657, 'TCP'), Data Transferred: 223011 bytes
[INFO] Flow: ('192.168.38.103', '192.168.38.104', 5985, 63657, 'TCP'), Data Transferred: 224525 bytes
[INFO] Flow: ('192.168.38.103', '192.168.38.104', 5985, 63657, 'TCP'), Data Transferred: 226039 bytes
[INFO] Flow: ('192.168.38.103', '192.168.38.104', 5985, 63657, 'TCP'), Data Transferred: 227553 bytes
[INFO] Flow: ('192.168.38.103', '192.168.38.104', 5985, 63657, 'TCP'), Data Transferred: 229067 bytes
[INFO] Flow: ('192.168.38.103', '192.168.38.104', 5985, 63657, 'TCP'), Data Transferred: 230581 bytes
[INFO] Flow: ('192.168.38.103', '192.168.38.104', 5985, 63657, 'TCP'), Data Transferred: 232095 bytes
[INFO] Flow: ('192.168.38.103', '192.168.38.104', 5985, 63657, 'TCP'), Data Transferred: 233609 bytes
[INFO] Flow: ('192.168.38.103', '192.168.38.104', 5985, 63657, 'TCP'), Data Transferred: 235123 bytes
[INFO] Flow: ('192.168.38.103', '192.168.38.104', 5985, 63657, 'TCP'), Data Transferred: 236637 bytes
[INFO] Flow: ('192.168.38.103', '192.168.38.104', 5985, 63657, 'TCP'), Data Transferred: 238151 bytes
[INFO] Flow: ('192.168.38.103', '192.168.38.104', 5985, 63657, 'TCP'), Data Transferred: 239665 bytes
[INFO] Flow: ('192.168.38.103', '192.168.38.104', 5985, 63657, 'TCP'), Data Transferred: 241179 bytes
[INFO] Flow: ('192.168.38.104', '192.168.38.103', 63657, 5985, 'TCP'), Data Transferred: 15288 bytes
[INFO] Flow: ('192.168.38.103', '192.168.38.104', 5985, 63658, 'TCP'), Data Transferred: 2817 bytes
[INFO] Flow: ('192.168.38.103', '192.168.38.104', 5985, 63657, 'TCP'), Data Transferred: 242693 bytes
[INFO] Flow: ('192.168.38.103', '192.168.38.104', 5985, 63657, 'TCP'), Data Transferred: 244207 bytes
[INFO] Flow: ('192.168.38.103', '192.168.38.104', 5985, 63657, 'TCP'), Data Transferred: 245721 bytes
[INFO] Flow: ('192.168.38.103', '192.168.38.104', 5985, 63657, 'TCP'), Data Transferred: 247235 bytes
[INFO] Flow: ('192.168.38.103', '192.168.38.104', 5985, 63657, 'TCP'), Data Transferred: 248749 bytes
[INFO] Flow: ('192.168.38.103', '192.168.38.104', 5985, 63657, 'TCP'), Data Transferred: 250263 bytes
[INFO] Flow: ('192.168.38.103', '192.168.38.104', 5985, 63657, 'TCP'), Data Transferred: 251158 bytes
[INFO] Packet dropped: Invalid TCP packet characteristics
[INFO] Flow: ('192.168.38.104', '192.168.38.103', 63657, 5985, 'TCP'), Data Transferred: 15342 bytes
[INFO] Flow: ('192.168.38.104', '192.168.38.103', 63658, 5985, 'TCP'), Data Transferred: 9041 bytes
{"message": "Detected DNS Query: b'YTNkLTg0.madeupsetup.eu.windomain.local.' with encoding ascii", "timestamp": 1726414123.6575606, "attack_type": "DNS Query"}
{"message": "Decoded DNS Query: YTNkLTg0.madeupsetup.eu.windomain.local.", "timestamp": 1726414123.728572, "attack_type": "DNS Query"}
{"message": "Detected DNS Query: b'Mk5HboDA.madeupsetup.eu.' with encoding ascii", "timestamp": 1726414123.9451363, "attack_type": "DNS Query"}
{"message": "Decoded DNS Query: Mk5HboDA.madeupsetup.eu.", "timestamp": 1726414124.103549, "attack_type": "DNS Query"}
[INFO] Packet dropped: Invalid TCP packet characteristics
[INFO] Flow: ('192.168.38.103', '192.168.38.104', 5985, 63658, 'TCP'), Data Transferred: 2871 bytes
[INFO] Flow: ('192.168.38.104', '192.168.38.103', 63657, 5985, 'TCP'), Data Transferred: 15678 bytes
[INFO] Flow: ('192.168.38.104', '192.168.38.103', 63657, 5985, 'TCP'), Data Transferred: 19364 bytes
[INFO] Flow: ('192.168.38.103', '192.168.38.104', 5985, 63657, 'TCP'), Data Transferred: 251212 bytes
[INFO] Flow: ('18.217.1.57', '192.168.38.104', 53, 49254, 'UDP'), Data Transferred: 174 bytes
[INFO] Flow: ('192.168.38.104', '8.8.8.8', 49255, 53, 'UDP'), Data Transferred: 83 bytes
[INFO] Flow: ('192.168.38.103', '192.168.38.104', 5985, 63657, 'TCP'), Data Transferred: 252726 bytes
[INFO] Flow: ('192.168.38.103', '192.168.38.104', 5985, 63657, 'TCP'), Data Transferred: 254240 bytes
[INFO] Flow: ('192.168.38.103', '192.168.38.104', 5985, 63657, 'TCP'), Data Transferred: 255754 bytes
[INFO] Flow: ('192.168.38.103', '192.168.38.104', 5985, 63657, 'TCP'), Data Transferred: 257268 bytes
[INFO] Flow: ('192.168.38.103', '192.168.38.104', 5985, 63657, 'TCP'), Data Transferred: 258782 bytes
[INFO] Flow: ('192.168.38.103', '192.168.38.104', 5985, 63657, 'TCP'), Data Transferred: 260296 bytes
[INFO] Flow: ('192.168.38.103', '192.168.38.104', 5985, 63657, 'TCP'), Data Transferred: 261810 bytes
[INFO] Flow: ('192.168.38.103', '192.168.38.104', 5985, 63657, 'TCP'), Data Transferred: 263324 bytes
[INFO] Flow: ('192.168.38.103', '192.168.38.104', 5985, 63657, 'TCP'), Data Transferred: 264838 bytes
[INFO] Flow: ('192.168.38.103', '192.168.38.104', 5985, 63657, 'TCP'), Data Transferred: 266352 bytes
[INFO] Flow: ('192.168.38.103', '192.168.38.104', 5985, 63657, 'TCP'), Data Transferred: 267866 bytes
[INFO] Flow: ('192.168.38.103', '192.168.38.104', 5985, 63657, 'TCP'), Data Transferred: 269380 bytes
[INFO] Flow: ('192.168.38.103', '192.168.38.104', 5985, 63657, 'TCP'), Data Transferred: 270894 bytes
[INFO] Flow: ('192.168.38.103', '192.168.38.104', 5985, 63657, 'TCP'), Data Transferred: 272408 bytes
[INFO] Flow: ('192.168.38.103', '192.168.38.104', 5985, 63657, 'TCP'), Data Transferred: 273922 bytes
[INFO] Flow: ('192.168.38.103', '192.168.38.104', 5985, 63657, 'TCP'), Data Transferred: 275436 bytes
[INFO] Flow: ('192.168.38.103', '192.168.38.104', 5985, 63657, 'TCP'), Data Transferred: 276950 bytes
[INFO] Flow: ('192.168.38.103', '192.168.38.104', 5985, 63657, 'TCP'), Data Transferred: 278464 bytes
[INFO] Flow: ('192.168.38.103', '192.168.38.104', 5985, 63657, 'TCP'), Data Transferred: 279978 bytes
[INFO] Flow: ('192.168.38.103', '192.168.38.104', 5985, 63657, 'TCP'), Data Transferred: 281492 bytes
[INFO] Flow: ('192.168.38.103', '192.168.38.104', 5985, 63657, 'TCP'), Data Transferred: 283006 bytes
[INFO] Flow: ('192.168.38.103', '192.168.38.104', 5985, 63657, 'TCP'), Data Transferred: 284520 bytes
[INFO] Flow: ('192.168.38.103', '192.168.38.104', 5985, 63657, 'TCP'), Data Transferred: 286034 bytes
[INFO] Flow: ('192.168.38.103', '192.168.38.104', 5985, 63657, 'TCP'), Data Transferred: 287548 bytes
[INFO] Flow: ('192.168.38.103', '192.168.38.104', 5985, 63657, 'TCP'), Data Transferred: 289062 bytes
[INFO] Flow: ('192.168.38.103', '192.168.38.104', 5985, 63657, 'TCP'), Data Transferred: 290576 bytes
[INFO] Flow: ('192.168.38.103', '192.168.38.104', 5985, 63657, 'TCP'), Data Transferred: 292090 bytes
[INFO] Flow: ('192.168.38.103', '192.168.38.104', 5985, 63657, 'TCP'), Data Transferred: 293604 bytes
[INFO] Flow: ('192.168.38.103', '192.168.38.104', 5985, 63657, 'TCP'), Data Transferred: 295118 bytes
[INFO] Flow: ('192.168.38.103', '192.168.38.104', 5985, 63657, 'TCP'), Data Transferred: 296632 bytes
[INFO] Flow: ('192.168.38.103', '192.168.38.104', 5985, 63657, 'TCP'), Data Transferred: 298146 bytes
[INFO] Flow: ('192.168.38.103', '192.168.38.104', 5985, 63657, 'TCP'), Data Transferred: 299660 bytes
[INFO] Flow: ('192.168.38.103', '192.168.38.104', 5985, 63657, 'TCP'), Data Transferred: 301174 bytes
[INFO] Flow: ('192.168.38.103', '192.168.38.104', 5985, 63657, 'TCP'), Data Transferred: 302688 bytes
[INFO] Flow: ('192.168.38.103', '192.168.38.104', 5985, 63657, 'TCP'), Data Transferred: 304202 bytes
[INFO] Flow: ('192.168.38.103', '192.168.38.104', 5985, 63657, 'TCP'), Data Transferred: 305716 bytes
[INFO] Flow: ('192.168.38.103', '192.168.38.104', 5985, 63657, 'TCP'), Data Transferred: 307230 bytes
[INFO] Flow: ('192.168.38.103', '192.168.38.104', 5985, 63657, 'TCP'), Data Transferred: 308744 bytes
[INFO] Flow: ('192.168.38.103', '192.168.38.104', 5985, 63657, 'TCP'), Data Transferred: 310258 bytes
[INFO] Flow: ('192.168.38.103', '192.168.38.104', 5985, 63657, 'TCP'), Data Transferred: 311772 bytes
[INFO] Flow: ('192.168.38.103', '192.168.38.104', 5985, 63657, 'TCP'), Data Transferred: 313286 bytes
[INFO] Flow: ('192.168.38.103', '192.168.38.104', 5985, 63657, 'TCP'), Data Transferred: 314800 bytes
[INFO] Flow: ('192.168.38.103', '192.168.38.104', 5985, 63657, 'TCP'), Data Transferred: 316314 bytes
[INFO] Flow: ('192.168.38.103', '192.168.38.104', 5985, 63657, 'TCP'), Data Transferred: 317828 bytes
[INFO] Flow: ('192.168.38.103', '192.168.38.104', 5985, 63657, 'TCP'), Data Transferred: 319342 bytes
[INFO] Flow: ('192.168.38.103', '192.168.38.104', 5985, 63657, 'TCP'), Data Transferred: 320856 bytes
[INFO] Flow: ('192.168.38.103', '192.168.38.104', 5985, 63657, 'TCP'), Data Transferred: 322370 bytes
[INFO] Flow: ('192.168.38.103', '192.168.38.104', 5985, 63657, 'TCP'), Data Transferred: 323884 bytes
[INFO] Flow: ('192.168.38.103', '192.168.38.104', 5985, 63657, 'TCP'), Data Transferred: 325398 bytes
[INFO] Flow: ('192.168.38.103', '192.168.38.104', 5985, 63657, 'TCP'), Data Transferred: 326912 bytes
[INFO] Flow: ('192.168.38.103', '192.168.38.104', 5985, 63657, 'TCP'), Data Transferred: 328426 bytes
[INFO] Flow: ('192.168.38.103', '192.168.38.104', 5985, 63657, 'TCP'), Data Transferred: 329940 bytes
[INFO] Flow: ('192.168.38.103', '192.168.38.104', 5985, 63657, 'TCP'), Data Transferred: 331454 bytes
[INFO] Flow: ('192.168.38.103', '192.168.38.104', 5985, 63657, 'TCP'), Data Transferred: 332968 bytes
[INFO] Flow: ('192.168.38.103', '192.168.38.104', 5985, 63657, 'TCP'), Data Transferred: 334482 bytes
[INFO] Flow: ('192.168.38.103', '192.168.38.104', 5985, 63657, 'TCP'), Data Transferred: 335996 bytes
[INFO] Flow: ('192.168.38.103', '192.168.38.104', 5985, 63657, 'TCP'), Data Transferred: 337423 bytes
[INFO] Flow: ('192.168.38.104', '192.168.38.103', 63657, 5985, 'TCP'), Data Transferred: 19418 bytes
[INFO] Flow: ('192.168.38.104', '192.168.38.103', 63657, 5985, 'TCP'), Data Transferred: 19472 bytes
[INFO] Flow: ('192.168.38.104', '192.168.38.103', 63657, 5985, 'TCP'), Data Transferred: 19526 bytes
[INFO] Flow: ('192.168.38.104', '192.168.38.103', 63657, 5985, 'TCP'), Data Transferred: 19862 bytes
[INFO] Flow: ('192.168.38.104', '192.168.38.103', 63657, 5985, 'TCP'), Data Transferred: 23548 bytes
[INFO] Flow: ('192.168.38.103', '192.168.38.104', 5985, 63657, 'TCP'), Data Transferred: 337477 bytes
[INFO] Flow: ('192.168.38.103', '192.168.38.104', 5985, 63657, 'TCP'), Data Transferred: 338991 bytes
[INFO] Flow: ('192.168.38.103', '192.168.38.104', 5985, 63657, 'TCP'), Data Transferred: 340505 bytes
[INFO] Flow: ('192.168.38.103', '192.168.38.104', 5985, 63657, 'TCP'), Data Transferred: 342019 bytes
[INFO] Flow: ('192.168.38.103', '192.168.38.104', 5985, 63657, 'TCP'), Data Transferred: 343533 bytes
[INFO] Flow: ('192.168.38.103', '192.168.38.104', 5985, 63657, 'TCP'), Data Transferred: 345047 bytes
[INFO] Flow: ('192.168.38.103', '192.168.38.104', 5985, 63657, 'TCP'), Data Transferred: 346561 bytes
[INFO] Flow: ('192.168.38.103', '192.168.38.104', 5985, 63657, 'TCP'), Data Transferred: 348075 bytes
[INFO] Flow: ('192.168.38.103', '192.168.38.104', 5985, 63657, 'TCP'), Data Transferred: 349589 bytes
[INFO] Flow: ('192.168.38.103', '192.168.38.104', 5985, 63657, 'TCP'), Data Transferred: 351103 bytes
[INFO] Flow: ('192.168.38.103', '192.168.38.104', 5985, 63657, 'TCP'), Data Transferred: 352617 bytes
[INFO] Flow: ('192.168.38.103', '192.168.38.104', 5985, 63657, 'TCP'), Data Transferred: 354131 bytes
[INFO] Flow: ('192.168.38.103', '192.168.38.104', 5985, 63657, 'TCP'), Data Transferred: 355645 bytes
[INFO] Flow: ('192.168.38.103', '192.168.38.104', 5985, 63657, 'TCP'), Data Transferred: 357159 bytes
[INFO] Flow: ('192.168.38.103', '192.168.38.104', 5985, 63657, 'TCP'), Data Transferred: 358673 bytes
[INFO] Flow: ('192.168.38.103', '192.168.38.104', 5985, 63657, 'TCP'), Data Transferred: 360187 bytes
[INFO] Flow: ('192.168.38.103', '192.168.38.104', 5985, 63657, 'TCP'), Data Transferred: 361701 bytes
[INFO] Flow: ('192.168.38.104', '192.168.38.103', 63657, 5985, 'TCP'), Data Transferred: 23602 bytes
[INFO] Flow: ('192.168.38.103', '192.168.38.104', 5985, 63657, 'TCP'), Data Transferred: 363215 bytes
[INFO] Flow: ('192.168.38.103', '192.168.38.104', 5985, 63657, 'TCP'), Data Transferred: 364729 bytes
[INFO] Flow: ('192.168.38.103', '192.168.38.104', 5985, 63657, 'TCP'), Data Transferred: 366243 bytes
[INFO] Flow: ('192.168.38.103', '192.168.38.104', 5985, 63657, 'TCP'), Data Transferred: 367757 bytes
[INFO] Flow: ('192.168.38.103', '192.168.38.104', 5985, 63657, 'TCP'), Data Transferred: 369271 bytes
[INFO] Flow: ('192.168.38.103', '192.168.38.104', 5985, 63657, 'TCP'), Data Transferred: 370785 bytes
[INFO] Flow: ('192.168.38.103', '192.168.38.104', 5985, 63657, 'TCP'), Data Transferred: 372299 bytes
[INFO] Flow: ('192.168.38.103', '192.168.38.104', 5985, 63657, 'TCP'), Data Transferred: 373813 bytes
[INFO] Flow: ('192.168.38.103', '192.168.38.104', 5985, 63657, 'TCP'), Data Transferred: 375327 bytes
[INFO] Flow: ('192.168.38.103', '192.168.38.104', 5985, 63657, 'TCP'), Data Transferred: 376841 bytes
[INFO] Flow: ('192.168.38.103', '192.168.38.104', 5985, 63657, 'TCP'), Data Transferred: 378355 bytes
[INFO] Flow: ('192.168.38.103', '192.168.38.104', 5985, 63657, 'TCP'), Data Transferred: 379869 bytes
[INFO] Flow: ('192.168.38.103', '192.168.38.104', 5985, 63657, 'TCP'), Data Transferred: 381383 bytes
[INFO] Flow: ('192.168.38.103', '192.168.38.104', 5985, 63657, 'TCP'), Data Transferred: 382897 bytes
[INFO] Flow: ('192.168.38.103', '192.168.38.104', 5985, 63657, 'TCP'), Data Transferred: 384411 bytes
[INFO] Flow: ('192.168.38.103', '192.168.38.104', 5985, 63657, 'TCP'), Data Transferred: 385925 bytes
[INFO] Flow: ('192.168.38.103', '192.168.38.104', 5985, 63657, 'TCP'), Data Transferred: 387439 bytes
[INFO] Flow: ('192.168.38.103', '192.168.38.104', 5985, 63657, 'TCP'), Data Transferred: 388953 bytes
[INFO] Flow: ('192.168.38.103', '192.168.38.104', 5985, 63657, 'TCP'), Data Transferred: 390467 bytes
[INFO] Flow: ('192.168.38.103', '192.168.38.104', 5985, 63657, 'TCP'), Data Transferred: 391981 bytes
[INFO] Flow: ('192.168.38.103', '192.168.38.104', 5985, 63657, 'TCP'), Data Transferred: 393495 bytes
[INFO] Flow: ('192.168.38.103', '192.168.38.104', 5985, 63657, 'TCP'), Data Transferred: 395009 bytes
[INFO] Flow: ('192.168.38.103', '192.168.38.104', 5985, 63657, 'TCP'), Data Transferred: 396523 bytes
[INFO] Flow: ('192.168.38.103', '192.168.38.104', 5985, 63657, 'TCP'), Data Transferred: 398037 bytes
[INFO] Flow: ('192.168.38.103', '192.168.38.104', 5985, 63657, 'TCP'), Data Transferred: 399551 bytes
[INFO] Flow: ('192.168.38.103', '192.168.38.104', 5985, 63657, 'TCP'), Data Transferred: 401065 bytes
[INFO] Flow: ('192.168.38.103', '192.168.38.104', 5985, 63657, 'TCP'), Data Transferred: 402579 bytes
[INFO] Flow: ('192.168.38.103', '192.168.38.104', 5985, 63657, 'TCP'), Data Transferred: 404093 bytes
[INFO] Flow: ('192.168.38.103', '192.168.38.104', 5985, 63657, 'TCP'), Data Transferred: 405607 bytes
[INFO] Flow: ('192.168.38.103', '192.168.38.104', 5985, 63657, 'TCP'), Data Transferred: 407121 bytes
[INFO] Flow: ('192.168.38.103', '192.168.38.104', 5985, 63657, 'TCP'), Data Transferred: 408635 bytes
[INFO] Flow: ('192.168.38.103', '192.168.38.104', 5985, 63657, 'TCP'), Data Transferred: 410149 bytes
[INFO] Flow: ('192.168.38.103', '192.168.38.104', 5985, 63657, 'TCP'), Data Transferred: 411663 bytes
[INFO] Flow: ('192.168.38.103', '192.168.38.104', 5985, 63657, 'TCP'), Data Transferred: 413177 bytes
[INFO] Flow: ('192.168.38.103', '192.168.38.104', 5985, 63657, 'TCP'), Data Transferred: 414691 bytes
[INFO] Flow: ('192.168.38.103', '192.168.38.104', 5985, 63657, 'TCP'), Data Transferred: 416205 bytes
[INFO] Flow: ('192.168.38.103', '192.168.38.104', 5985, 63657, 'TCP'), Data Transferred: 417719 bytes
[INFO] Flow: ('192.168.38.103', '192.168.38.104', 5985, 63657, 'TCP'), Data Transferred: 419233 bytes
[INFO] Flow: ('192.168.38.103', '192.168.38.104', 5985, 63657, 'TCP'), Data Transferred: 420747 bytes
[INFO] Flow: ('192.168.38.103', '192.168.38.104', 5985, 63657, 'TCP'), Data Transferred: 422261 bytes
[INFO] Flow: ('192.168.38.103', '192.168.38.104', 5985, 63657, 'TCP'), Data Transferred: 423656 bytes
[INFO] Flow: ('192.168.38.104', '192.168.38.103', 63657, 5985, 'TCP'), Data Transferred: 23656 bytes
[INFO] Flow: ('192.168.38.104', '192.168.38.103', 63657, 5985, 'TCP'), Data Transferred: 23710 bytes
{"message": "Detected DNS Query: b'Mk5HboDA.madeupsetup.eu.' with encoding ascii", "timestamp": 1726414124.5428877, "attack_type": "DNS Query"}
{"message": "Decoded DNS Query: Mk5HboDA.madeupsetup.eu.", "timestamp": 1726414124.6284595, "attack_type": "DNS Query"}
{"message": "Intrusion Detected: Port scanning detected from 8.8.8.8", "timestamp": 1726414124.795042, "attack_type": "Port Scan"}
{"message": "Detected DNS Query: b'Mk5HboDA.madeupsetup.eu.us-west-1.ec2-utilities.amazonaws.com.' with encoding ascii", "timestamp": 1726414124.953638, "attack_type": "DNS Query"}
{"message": "Decoded DNS Query: Mk5HboDA.madeupsetup.eu.us-west-1.ec2-utilities.amazonaws.com.", "timestamp": 1726414125.078599, "attack_type": "DNS Query"}
{"message": "Intrusion Detected: Possible DNS exfiltration in query Mk5HboDA.madeupsetup.eu.us-west-1.ec2-utilities.amazonaws.com.", "timestamp": 1726414125.2375176, "attack_type": "DNS Exfiltration"}
[INFO] Flow: ('8.8.8.8', '192.168.38.104', 53, 49255, 'UDP'), Data Transferred: 162 bytes
[INFO] Flow: ('192.168.38.104', '192.168.38.103', 63657, 5985, 'TCP'), Data Transferred: 23764 bytes
[INFO] Flow: ('192.168.38.104', '8.8.8.8', 49256, 53, 'UDP'), Data Transferred: 121 bytes
[INFO] Flow: ('192.168.38.104', '192.168.38.103', 63657, 5985, 'TCP'), Data Transferred: 24100 bytes
[INFO] Flow: ('192.168.38.104', '192.168.38.103', 63657, 5985, 'TCP'), Data Transferred: 27786 bytes
[INFO] Flow: ('192.168.38.103', '192.168.38.104', 5985, 63657, 'TCP'), Data Transferred: 423710 bytes
[INFO] Flow: ('192.168.38.103', '192.168.38.104', 5985, 63657, 'TCP'), Data Transferred: 425224 bytes
[INFO] Flow: ('192.168.38.103', '192.168.38.104', 5985, 63657, 'TCP'), Data Transferred: 426738 bytes
[INFO] Flow: ('192.168.38.103', '192.168.38.104', 5985, 63657, 'TCP'), Data Transferred: 428252 bytes
[INFO] Flow: ('192.168.38.103', '192.168.38.104', 5985, 63657, 'TCP'), Data Transferred: 429766 bytes
[INFO] Flow: ('192.168.38.103', '192.168.38.104', 5985, 63657, 'TCP'), Data Transferred: 431280 bytes
[INFO] Flow: ('192.168.38.103', '192.168.38.104', 5985, 63657, 'TCP'), Data Transferred: 432794 bytes
[INFO] Flow: ('192.168.38.103', '192.168.38.104', 5985, 63657, 'TCP'), Data Transferred: 434308 bytes
[INFO] Flow: ('192.168.38.103', '192.168.38.104', 5985, 63657, 'TCP'), Data Transferred: 435822 bytes
[INFO] Flow: ('192.168.38.103', '192.168.38.104', 5985, 63657, 'TCP'), Data Transferred: 437336 bytes
[INFO] Flow: ('192.168.38.103', '192.168.38.104', 5985, 63657, 'TCP'), Data Transferred: 438850 bytes
[INFO] Flow: ('192.168.38.104', '192.168.38.103', 63657, 5985, 'TCP'), Data Transferred: 27840 bytes
[INFO] Flow: ('192.168.38.103', '192.168.38.104', 5985, 63657, 'TCP'), Data Transferred: 440364 bytes
[INFO] Flow: ('192.168.38.103', '192.168.38.104', 5985, 63657, 'TCP'), Data Transferred: 441878 bytes
[INFO] Flow: ('192.168.38.103', '192.168.38.104', 5985, 63657, 'TCP'), Data Transferred: 443392 bytes
[INFO] Flow: ('192.168.38.103', '192.168.38.104', 5985, 63657, 'TCP'), Data Transferred: 444906 bytes
[INFO] Flow: ('192.168.38.103', '192.168.38.104', 5985, 63657, 'TCP'), Data Transferred: 446420 bytes
[INFO] Flow: ('192.168.38.103', '192.168.38.104', 5985, 63657, 'TCP'), Data Transferred: 447934 bytes
[INFO] Flow: ('192.168.38.103', '192.168.38.104', 5985, 63657, 'TCP'), Data Transferred: 449448 bytes
[INFO] Flow: ('192.168.38.103', '192.168.38.104', 5985, 63657, 'TCP'), Data Transferred: 450962 bytes
[INFO] Flow: ('192.168.38.103', '192.168.38.104', 5985, 63657, 'TCP'), Data Transferred: 452476 bytes
[INFO] Flow: ('192.168.38.103', '192.168.38.104', 5985, 63657, 'TCP'), Data Transferred: 453990 bytes
[INFO] Flow: ('192.168.38.103', '192.168.38.104', 5985, 63657, 'TCP'), Data Transferred: 455504 bytes
[INFO] Flow: ('192.168.38.103', '192.168.38.104', 5985, 63657, 'TCP'), Data Transferred: 457018 bytes
[INFO] Flow: ('192.168.38.103', '192.168.38.104', 5985, 63657, 'TCP'), Data Transferred: 458532 bytes
[INFO] Flow: ('192.168.38.103', '192.168.38.104', 5985, 63657, 'TCP'), Data Transferred: 460046 bytes
[INFO] Flow: ('192.168.38.103', '192.168.38.104', 5985, 63657, 'TCP'), Data Transferred: 461560 bytes
[INFO] Flow: ('192.168.38.103', '192.168.38.104', 5985, 63657, 'TCP'), Data Transferred: 463074 bytes
[INFO] Flow: ('192.168.38.103', '192.168.38.104', 5985, 63657, 'TCP'), Data Transferred: 464588 bytes
[INFO] Flow: ('192.168.38.103', '192.168.38.104', 5985, 63657, 'TCP'), Data Transferred: 466102 bytes
[INFO] Flow: ('192.168.38.103', '192.168.38.104', 5985, 63657, 'TCP'), Data Transferred: 467616 bytes
[INFO] Flow: ('192.168.38.103', '192.168.38.104', 5985, 63657, 'TCP'), Data Transferred: 469130 bytes
[INFO] Flow: ('192.168.38.103', '192.168.38.104', 5985, 63657, 'TCP'), Data Transferred: 470644 bytes
[INFO] Flow: ('192.168.38.103', '192.168.38.104', 5985, 63657, 'TCP'), Data Transferred: 472158 bytes
[INFO] Flow: ('192.168.38.103', '192.168.38.104', 5985, 63657, 'TCP'), Data Transferred: 473672 bytes
{"message": "Detected DNS Query: b'Mk5HboDA.madeupsetup.eu.us-west-1.ec2-utilities.amazonaws.com.' with encoding ascii", "timestamp": 1726414125.4009013, "attack_type": "DNS Query"}
{"message": "Decoded DNS Query: Mk5HboDA.madeupsetup.eu.us-west-1.ec2-utilities.amazonaws.com.", "timestamp": 1726414125.5697443, "attack_type": "DNS Query"}
{"message": "Intrusion Detected: Possible DNS exfiltration in query Mk5HboDA.madeupsetup.eu.us-west-1.ec2-utilities.amazonaws.com.", "timestamp": 1726414125.6947234, "attack_type": "DNS Exfiltration"}
{"message": "Intrusion Detected: Port scanning detected from 8.8.8.8", "timestamp": 1726414125.8531804, "attack_type": "Port Scan"}
{"message": "Detected DNS Query: b'Mk5HboDA.madeupsetup.eu.windomain.local.' with encoding ascii", "timestamp": 1726414126.0126226, "attack_type": "DNS Query"}
{"message": "Decoded DNS Query: Mk5HboDA.madeupsetup.eu.windomain.local.", "timestamp": 1726414126.1698291, "attack_type": "DNS Query"}
[INFO] Flow: ('192.168.38.103', '192.168.38.104', 5985, 63657, 'TCP'), Data Transferred: 475186 bytes
[INFO] Flow: ('192.168.38.103', '192.168.38.104', 5985, 63657, 'TCP'), Data Transferred: 476700 bytes
[INFO] Flow: ('192.168.38.103', '192.168.38.104', 5985, 63657, 'TCP'), Data Transferred: 478214 bytes
[INFO] Flow: ('192.168.38.103', '192.168.38.104', 5985, 63657, 'TCP'), Data Transferred: 479728 bytes
[INFO] Flow: ('192.168.38.103', '192.168.38.104', 5985, 63657, 'TCP'), Data Transferred: 481131 bytes
[INFO] Flow: ('192.168.38.104', '192.168.38.103', 63657, 5985, 'TCP'), Data Transferred: 27894 bytes
[INFO] Flow: ('8.8.8.8', '192.168.38.104', 53, 49256, 'UDP'), Data Transferred: 209 bytes
[INFO] Flow: ('192.168.38.104', '8.8.8.8', 49257, 53, 'UDP'), Data Transferred: 99 bytes
[INFO] Flow: ('192.168.38.104', '192.168.38.103', 63657, 5985, 'TCP'), Data Transferred: 28230 bytes
[INFO] Flow: ('192.168.38.104', '192.168.38.103', 63657, 5985, 'TCP'), Data Transferred: 30020 bytes
{"message": "Intrusion Detected: HTTP Covert Channel Detected in User-Agent: Mozilla/5.0 (Windows NT 10.0; Win64; x64) AppleWebKit/537.36 (KHTML, like Gecko) Chrome/84.0.4147.105 Safari/537.36", "timestamp": 1726414126.6709485, "attack_type": "HTTP Covert Channel"}
{"message": "Detected DNS Query: b'Mk5HboDA.madeupsetup.eu.windomain.local.' with encoding ascii", "timestamp": 1726414126.765205, "attack_type": "DNS Query"}
{"message": "Decoded DNS Query: Mk5HboDA.madeupsetup.eu.windomain.local.", "timestamp": 1726414126.9447405, "attack_type": "DNS Query"}
{"message": "Intrusion Detected: Port scanning detected from 8.8.8.8", "timestamp": 1726414127.0822656, "attack_type": "Port Scan"}
{"message": "Detected DNS Query: b'JX5nT3mx.madeupsetup.eu.' with encoding ascii", "timestamp": 1726414127.20359, "attack_type": "DNS Query"}
{"message": "Decoded DNS Query: JX5nT3mx.madeupsetup.eu.", "timestamp": 1726414127.328354, "attack_type": "DNS Query"}
[INFO] Flow: ('192.168.38.103', '192.168.38.104', 5985, 63657, 'TCP'), Data Transferred: 481185 bytes
[INFO] Flow: ('192.168.38.103', '192.168.38.104', 5985, 63657, 'TCP'), Data Transferred: 481324 bytes
[INFO] Packet dropped: Invalid TCP packet characteristics
[INFO] Packet dropped: Invalid TCP packet characteristics
[INFO] Flow: ('192.168.38.104', '192.168.38.103', 63657, 5985, 'TCP'), Data Transferred: 30074 bytes
[INFO] Flow: ('192.168.38.104', '18.217.1.57', 63659, 80, 'TCP'), Data Transferred: 66 bytes
[INFO] Flow: ('192.168.38.104', '18.217.1.57', 63656, 80, 'TCP'), Data Transferred: 623 bytes
[INFO] Flow: ('8.8.8.8', '192.168.38.104', 53, 49257, 'UDP'), Data Transferred: 174 bytes
[INFO] Flow: ('192.168.38.104', '8.8.8.8', 49258, 53, 'UDP'), Data Transferred: 83 bytes
[INFO] Flow: ('8.8.8.8', '192.168.38.104', 53, 49258, 'UDP'), Data Transferred: 162 bytes
{"message": "Detected DNS Query: b'JX5nT3mx.madeupsetup.eu.' with encoding ascii", "timestamp": 1726414127.412217, "attack_type": "DNS Query"}
{"message": "Decoded DNS Query: JX5nT3mx.madeupsetup.eu.", "timestamp": 1726414127.5527456, "attack_type": "DNS Query"}
{"message": "Intrusion Detected: Port scanning detected from 8.8.8.8", "timestamp": 1726414127.6865177, "attack_type": "Port Scan"}
{"message": "Detected DNS Query: b'JX5nT3mx.madeupsetup.eu.us-west-1.ec2-utilities.amazonaws.com.' with encoding ascii", "timestamp": 1726414127.828764, "attack_type": "DNS Query"}
{"message": "Decoded DNS Query: JX5nT3mx.madeupsetup.eu.us-west-1.ec2-utilities.amazonaws.com.", "timestamp": 1726414127.9198682, "attack_type": "DNS Query"}
{"message": "Intrusion Detected: Possible DNS exfiltration in query JX5nT3mx.madeupsetup.eu.us-west-1.ec2-utilities.amazonaws.com.", "timestamp": 1726414128.053379, "attack_type": "DNS Exfiltration"}
{"message": "Detected DNS Query: b'JX5nT3mx.madeupsetup.eu.us-west-1.ec2-utilities.amazonaws.com.' with encoding ascii", "timestamp": 1726414128.2106714, "attack_type": "DNS Query"}
{"message": "Decoded DNS Query: JX5nT3mx.madeupsetup.eu.us-west-1.ec2-utilities.amazonaws.com.", "timestamp": 1726414128.4072442, "attack_type": "DNS Query"}
{"message": "Intrusion Detected: Possible DNS exfiltration in query JX5nT3mx.madeupsetup.eu.us-west-1.ec2-utilities.amazonaws.com.", "timestamp": 1726414128.58252, "attack_type": "DNS Exfiltration"}
{"message": "Intrusion Detected: Port scanning detected from 8.8.8.8", "timestamp": 1726414128.735742, "attack_type": "Port Scan"}
{"message": "Detected DNS Query: b'JX5nT3mx.madeupsetup.eu.windomain.local.' with encoding ascii", "timestamp": 1726414128.9164011, "attack_type": "DNS Query"}
{"message": "Decoded DNS Query: JX5nT3mx.madeupsetup.eu.windomain.local.", "timestamp": 1726414129.1032836, "attack_type": "DNS Query"}
{"message": "Detected DNS Query: b'JX5nT3mx.madeupsetup.eu.windomain.local.' with encoding ascii", "timestamp": 1726414129.299604, "attack_type": "DNS Query"}
{"message": "Decoded DNS Query: JX5nT3mx.madeupsetup.eu.windomain.local.", "timestamp": 1726414129.4822745, "attack_type": "DNS Query"}
{"message": "Intrusion Detected: Port scanning detected from 8.8.8.8", "timestamp": 1726414129.6577077, "attack_type": "Port Scan"}
{"message": "Detected DNS Query: b'Q9yUm/uO.madeupsetup.eu.' with encoding ascii", "timestamp": 1726414129.844502, "attack_type": "DNS Query"}
{"message": "Decoded DNS Query: Q9yUm/uO.madeupsetup.eu.", "timestamp": 1726414129.9694247, "attack_type": "DNS Query"}
[INFO] Flow: ('192.168.38.104', '8.8.8.8', 49259, 53, 'UDP'), Data Transferred: 121 bytes
[INFO] Flow: ('8.8.8.8', '192.168.38.104', 53, 49259, 'UDP'), Data Transferred: 209 bytes
[INFO] Flow: ('192.168.38.104', '8.8.8.8', 49260, 53, 'UDP'), Data Transferred: 99 bytes
[INFO] Flow: ('8.8.8.8', '192.168.38.104', 53, 49260, 'UDP'), Data Transferred: 174 bytes
[INFO] Flow: ('192.168.38.104', '8.8.8.8', 49261, 53, 'UDP'), Data Transferred: 83 bytes
[INFO] Flow: ('18.217.1.57', '192.168.38.104', 80, 63656, 'TCP'), Data Transferred: 54 bytes
[INFO] Packet dropped: Invalid TCP packet characteristics
[INFO] Flow: ('192.168.38.104', '18.217.1.57', 63659, 80, 'TCP'), Data Transferred: 120 bytes
[INFO] Flow: ('18.217.1.57', '192.168.38.104', 80, 63656, 'TCP'), Data Transferred: 125 bytes
[INFO] Packet dropped: Invalid TCP packet characteristics
{"message": "Detected DNS Query: b'Q9yUm/uO.madeupsetup.eu.' with encoding ascii", "timestamp": 1726414130.0544076, "attack_type": "DNS Query"}
{"message": "Decoded DNS Query: Q9yUm/uO.madeupsetup.eu.", "timestamp": 1726414130.2196012, "attack_type": "DNS Query"}
{"message": "Intrusion Detected: Port scanning detected from 8.8.8.8", "timestamp": 1726414130.399196, "attack_type": "Port Scan"}
{"message": "Detected DNS Query: b'Q9yUm/uO.madeupsetup.eu.us-west-1.ec2-utilities.amazonaws.com.' with encoding ascii", "timestamp": 1726414130.5490997, "attack_type": "DNS Query"}
{"message": "Decoded DNS Query: Q9yUm/uO.madeupsetup.eu.us-west-1.ec2-utilities.amazonaws.com.", "timestamp": 1726414130.72782, "attack_type": "DNS Query"}
{"message": "Intrusion Detected: Possible DNS exfiltration in query Q9yUm/uO.madeupsetup.eu.us-west-1.ec2-utilities.amazonaws.com.", "timestamp": 1726414130.8115342, "attack_type": "DNS Exfiltration"}
{"message": "Detected DNS Query: b'Q9yUm/uO.madeupsetup.eu.us-west-1.ec2-utilities.amazonaws.com.' with encoding ascii", "timestamp": 1726414130.944683, "attack_type": "DNS Query"}
{"message": "Decoded DNS Query: Q9yUm/uO.madeupsetup.eu.us-west-1.ec2-utilities.amazonaws.com.", "timestamp": 1726414131.086252, "attack_type": "DNS Query"}
{"message": "Intrusion Detected: Possible DNS exfiltration in query Q9yUm/uO.madeupsetup.eu.us-west-1.ec2-utilities.amazonaws.com.", "timestamp": 1726414131.2405443, "attack_type": "DNS Exfiltration"}
{"message": "Intrusion Detected: Port scanning detected from 8.8.8.8", "timestamp": 1726414131.3491569, "attack_type": "Port Scan"}
{"message": "Detected DNS Query: b'Q9yUm/uO.madeupsetup.eu.windomain.local.' with encoding ascii", "timestamp": 1726414131.4989924, "attack_type": "DNS Query"}
{"message": "Decoded DNS Query: Q9yUm/uO.madeupsetup.eu.windomain.local.", "timestamp": 1726414131.648381, "attack_type": "DNS Query"}
{"message": "Detected DNS Query: b'Q9yUm/uO.madeupsetup.eu.windomain.local.' with encoding ascii", "timestamp": 1726414131.8245003, "attack_type": "DNS Query"}
{"message": "Decoded DNS Query: Q9yUm/uO.madeupsetup.eu.windomain.local.", "timestamp": 1726414131.9235275, "attack_type": "DNS Query"}
{"message": "Intrusion Detected: Port scanning detected from 8.8.8.8", "timestamp": 1726414132.0822937, "attack_type": "Port Scan"}
{"message": "Detected DNS Query: b'GBsIaOVw.madeupsetup.eu.' with encoding ascii", "timestamp": 1726414132.232365, "attack_type": "DNS Query"}
{"message": "Decoded DNS Query: GBsIaOVw.madeupsetup.eu.", "timestamp": 1726414132.402248, "attack_type": "DNS Query"}
[INFO] Flow: ('192.168.38.104', '18.217.1.57', 63656, 80, 'TCP'), Data Transferred: 677 bytes
[INFO] Flow: ('8.8.8.8', '192.168.38.104', 53, 49261, 'UDP'), Data Transferred: 162 bytes
[INFO] Flow: ('192.168.38.104', '8.8.8.8', 49262, 53, 'UDP'), Data Transferred: 121 bytes
[INFO] Packet dropped: Invalid TCP packet characteristics
[INFO] Flow: ('8.8.8.8', '192.168.38.104', 53, 49262, 'UDP'), Data Transferred: 209 bytes
[INFO] Flow: ('192.168.38.104', '8.8.8.8', 49263, 53, 'UDP'), Data Transferred: 99 bytes
[INFO] Flow: ('8.8.8.8', '192.168.38.104', 53, 49263, 'UDP'), Data Transferred: 174 bytes
[INFO] Flow: ('192.168.38.104', '8.8.8.8', 49264, 53, 'UDP'), Data Transferred: 83 bytes
[INFO] Flow: ('18.217.1.57', '192.168.38.104', 80, 63656, 'TCP'), Data Transferred: 179 bytes
[INFO] Flow: ('8.8.8.8', '192.168.38.104', 53, 49264, 'UDP'), Data Transferred: 162 bytes
{"message": "Detected DNS Query: b'GBsIaOVw.madeupsetup.eu.' with encoding ascii", "timestamp": 1726414132.570378, "attack_type": "DNS Query"}
{"message": "Decoded DNS Query: GBsIaOVw.madeupsetup.eu.", "timestamp": 1726414132.7110794, "attack_type": "DNS Query"}
{"message": "Intrusion Detected: Port scanning detected from 8.8.8.8", "timestamp": 1726414132.8610508, "attack_type": "Port Scan"}
{"message": "Detected DNS Query: b'GBsIaOVw.madeupsetup.eu.us-west-1.ec2-utilities.amazonaws.com.' with encoding ascii", "timestamp": 1726414133.0032969, "attack_type": "DNS Query"}
{"message": "Decoded DNS Query: GBsIaOVw.madeupsetup.eu.us-west-1.ec2-utilities.amazonaws.com.", "timestamp": 1726414133.1108263, "attack_type": "DNS Query"}
{"message": "Intrusion Detected: Possible DNS exfiltration in query GBsIaOVw.madeupsetup.eu.us-west-1.ec2-utilities.amazonaws.com.", "timestamp": 1726414133.2698321, "attack_type": "DNS Exfiltration"}
{"message": "Detected DNS Query: b'GBsIaOVw.madeupsetup.eu.us-west-1.ec2-utilities.amazonaws.com.' with encoding ascii", "timestamp": 1726414133.4452171, "attack_type": "DNS Query"}
{"message": "Decoded DNS Query: GBsIaOVw.madeupsetup.eu.us-west-1.ec2-utilities.amazonaws.com.", "timestamp": 1726414133.5984483, "attack_type": "DNS Query"}
{"message": "Intrusion Detected: Possible DNS exfiltration in query GBsIaOVw.madeupsetup.eu.us-west-1.ec2-utilities.amazonaws.com.", "timestamp": 1726414133.7236407, "attack_type": "DNS Exfiltration"}
{"message": "Intrusion Detected: Port scanning detected from 8.8.8.8", "timestamp": 1726414133.8901534, "attack_type": "Port Scan"}
{"message": "Detected DNS Query: b'GBsIaOVw.madeupsetup.eu.windomain.local.' with encoding ascii", "timestamp": 1726414134.0602672, "attack_type": "DNS Query"}
{"message": "Decoded DNS Query: GBsIaOVw.madeupsetup.eu.windomain.local.", "timestamp": 1726414134.2363958, "attack_type": "DNS Query"}
{"message": "Detected DNS Query: b'GBsIaOVw.madeupsetup.eu.windomain.local.' with encoding ascii", "timestamp": 1726414134.4343042, "attack_type": "DNS Query"}
{"message": "Decoded DNS Query: GBsIaOVw.madeupsetup.eu.windomain.local.", "timestamp": 1726414134.5946739, "attack_type": "DNS Query"}
{"message": "Intrusion Detected: Port scanning detected from 8.8.8.8", "timestamp": 1726414134.777833, "attack_type": "Port Scan"}
{"message": "Detected DNS Query: b'udbwL8HA.madeupsetup.eu.' with encoding ascii", "timestamp": 1726414134.9453852, "attack_type": "DNS Query"}
{"message": "Decoded DNS Query: udbwL8HA.madeupsetup.eu.", "timestamp": 1726414135.1364381, "attack_type": "DNS Query"}
{"message": "Detected DNS Query: b'udbwL8HA.madeupsetup.eu.' with encoding ascii", "timestamp": 1726414135.3204017, "attack_type": "DNS Query"}
{"message": "Decoded DNS Query: udbwL8HA.madeupsetup.eu.", "timestamp": 1726414135.4861403, "attack_type": "DNS Query"}
{"message": "Intrusion Detected: Port scanning detected from 8.8.8.8", "timestamp": 1726414135.6190794, "attack_type": "Port Scan"}
{"message": "Detected DNS Query: b'udbwL8HA.madeupsetup.eu.us-west-1.ec2-utilities.amazonaws.com.' with encoding ascii", "timestamp": 1726414135.703242, "attack_type": "DNS Query"}
{"message": "Decoded DNS Query: udbwL8HA.madeupsetup.eu.us-west-1.ec2-utilities.amazonaws.com.", "timestamp": 1726414135.8689203, "attack_type": "DNS Query"}
{"message": "Intrusion Detected: Possible DNS exfiltration in query udbwL8HA.madeupsetup.eu.us-west-1.ec2-utilities.amazonaws.com.", "timestamp": 1726414136.0024586, "attack_type": "DNS Exfiltration"}
{"message": "Detected DNS Query: b'udbwL8HA.madeupsetup.eu.us-west-1.ec2-utilities.amazonaws.com.' with encoding ascii", "timestamp": 1726414136.1786926, "attack_type": "DNS Query"}
{"message": "Decoded DNS Query: udbwL8HA.madeupsetup.eu.us-west-1.ec2-utilities.amazonaws.com.", "timestamp": 1726414136.2695382, "attack_type": "DNS Query"}
{"message": "Intrusion Detected: Possible DNS exfiltration in query udbwL8HA.madeupsetup.eu.us-west-1.ec2-utilities.amazonaws.com.", "timestamp": 1726414136.4366589, "attack_type": "DNS Exfiltration"}
{"message": "Intrusion Detected: Port scanning detected from 8.8.8.8", "timestamp": 1726414136.5781817, "attack_type": "Port Scan"}
{"message": "Detected DNS Query: b'udbwL8HA.madeupsetup.eu.windomain.local.' with encoding ascii", "timestamp": 1726414136.7695222, "attack_type": "DNS Query"}
{"message": "Decoded DNS Query: udbwL8HA.madeupsetup.eu.windomain.local.", "timestamp": 1726414136.927664, "attack_type": "DNS Query"}
[INFO] Flow: ('192.168.38.104', '8.8.8.8', 49265, 53, 'UDP'), Data Transferred: 121 bytes
[INFO] Flow: ('8.8.8.8', '192.168.38.104', 53, 49265, 'UDP'), Data Transferred: 209 bytes
[INFO] Flow: ('192.168.38.104', '8.8.8.8', 49266, 53, 'UDP'), Data Transferred: 99 bytes
[INFO] Flow: ('8.8.8.8', '192.168.38.104', 53, 49266, 'UDP'), Data Transferred: 174 bytes
[INFO] Flow: ('192.168.38.104', '8.8.8.8', 49267, 53, 'UDP'), Data Transferred: 83 bytes
[INFO] Flow: ('8.8.8.8', '192.168.38.104', 53, 49267, 'UDP'), Data Transferred: 162 bytes
[INFO] Flow: ('192.168.38.104', '8.8.8.8', 49268, 53, 'UDP'), Data Transferred: 121 bytes
[INFO] Flow: ('8.8.8.8', '192.168.38.104', 53, 49268, 'UDP'), Data Transferred: 221 bytes
[INFO] Flow: ('192.168.38.104', '8.8.8.8', 49269, 53, 'UDP'), Data Transferred: 99 bytes
[INFO] Flow: ('8.8.8.8', '192.168.38.104', 53, 49269, 'UDP'), Data Transferred: 174 bytes
{"message": "Detected DNS Query: b'udbwL8HA.madeupsetup.eu.windomain.local.' with encoding ascii", "timestamp": 1726414137.0701947, "attack_type": "DNS Query"}
{"message": "Decoded DNS Query: udbwL8HA.madeupsetup.eu.windomain.local.", "timestamp": 1726414137.2276387, "attack_type": "DNS Query"}
{"message": "Intrusion Detected: Port scanning detected from 8.8.8.8", "timestamp": 1726414137.3280025, "attack_type": "Port Scan"}
{"message": "Detected DNS Query: b'UtR5YJk0.madeupsetup.eu.' with encoding ascii", "timestamp": 1726414137.545251, "attack_type": "DNS Query"}
{"message": "Decoded DNS Query: UtR5YJk0.madeupsetup.eu.", "timestamp": 1726414137.6362836, "attack_type": "DNS Query"}
{"message": "Detected DNS Query: b'UtR5YJk0.madeupsetup.eu.' with encoding ascii", "timestamp": 1726414137.7863111, "attack_type": "DNS Query"}
{"message": "Decoded DNS Query: UtR5YJk0.madeupsetup.eu.", "timestamp": 1726414137.9356582, "attack_type": "DNS Query"}
{"message": "Intrusion Detected: Port scanning detected from 8.8.8.8", "timestamp": 1726414138.1034133, "attack_type": "Port Scan"}
{"message": "Detected DNS Query: b'UtR5YJk0.madeupsetup.eu.us-west-1.ec2-utilities.amazonaws.com.' with encoding ascii", "timestamp": 1726414138.2708929, "attack_type": "DNS Query"}
{"message": "Decoded DNS Query: UtR5YJk0.madeupsetup.eu.us-west-1.ec2-utilities.amazonaws.com.", "timestamp": 1726414138.369388, "attack_type": "DNS Query"}
{"message": "Intrusion Detected: Possible DNS exfiltration in query UtR5YJk0.madeupsetup.eu.us-west-1.ec2-utilities.amazonaws.com.", "timestamp": 1726414138.5450692, "attack_type": "DNS Exfiltration"}
{"message": "Detected DNS Query: b'UtR5YJk0.madeupsetup.eu.us-west-1.ec2-utilities.amazonaws.com.' with encoding ascii", "timestamp": 1726414138.703003, "attack_type": "DNS Query"}
{"message": "Decoded DNS Query: UtR5YJk0.madeupsetup.eu.us-west-1.ec2-utilities.amazonaws.com.", "timestamp": 1726414138.9924154, "attack_type": "DNS Query"}
{"message": "Intrusion Detected: Possible DNS exfiltration in query UtR5YJk0.madeupsetup.eu.us-west-1.ec2-utilities.amazonaws.com.", "timestamp": 1726414139.0852928, "attack_type": "DNS Exfiltration"}
{"message": "Intrusion Detected: Port scanning detected from 8.8.8.8", "timestamp": 1726414139.2277591, "attack_type": "Port Scan"}
{"message": "Detected DNS Query: b'UtR5YJk0.madeupsetup.eu.windomain.local.' with encoding ascii", "timestamp": 1726414139.361294, "attack_type": "DNS Query"}
{"message": "Decoded DNS Query: UtR5YJk0.madeupsetup.eu.windomain.local.", "timestamp": 1726414139.5281134, "attack_type": "DNS Query"}
{"message": "Detected DNS Query: b'UtR5YJk0.madeupsetup.eu.windomain.local.' with encoding ascii", "timestamp": 1726414139.6362624, "attack_type": "DNS Query"}
{"message": "Decoded DNS Query: UtR5YJk0.madeupsetup.eu.windomain.local.", "timestamp": 1726414139.8189337, "attack_type": "DNS Query"}
{"message": "Intrusion Detected: Port scanning detected from 8.8.8.8", "timestamp": 1726414140.069658, "attack_type": "Port Scan"}
{"message": "Detected DNS Query: b'hTid4evh.madeupsetup.eu.' with encoding ascii", "timestamp": 1726414140.2364395, "attack_type": "DNS Query"}
{"message": "Decoded DNS Query: hTid4evh.madeupsetup.eu.", "timestamp": 1726414140.4178705, "attack_type": "DNS Query"}
{"message": "Detected DNS Query: b'hTid4evh.madeupsetup.eu.' with encoding ascii", "timestamp": 1726414140.5866153, "attack_type": "DNS Query"}
{"message": "Decoded DNS Query: hTid4evh.madeupsetup.eu.", "timestamp": 1726414140.7022786, "attack_type": "DNS Query"}
{"message": "Intrusion Detected: Port scanning detected from 8.8.8.8", "timestamp": 1726414140.890856, "attack_type": "Port Scan"}
{"message": "Detected DNS Query: b'hTid4evh.madeupsetup.eu.us-west-1.ec2-utilities.amazonaws.com.' with encoding ascii", "timestamp": 1726414141.032485, "attack_type": "DNS Query"}
{"message": "Decoded DNS Query: hTid4evh.madeupsetup.eu.us-west-1.ec2-utilities.amazonaws.com.", "timestamp": 1726414141.1574748, "attack_type": "DNS Query"}
{"message": "Intrusion Detected: Possible DNS exfiltration in query hTid4evh.madeupsetup.eu.us-west-1.ec2-utilities.amazonaws.com.", "timestamp": 1726414141.3323383, "attack_type": "DNS Exfiltration"}
[INFO] Flow: ('192.168.38.104', '8.8.8.8', 49270, 53, 'UDP'), Data Transferred: 83 bytes
[INFO] Flow: ('8.8.8.8', '192.168.38.104', 53, 49270, 'UDP'), Data Transferred: 162 bytes
[INFO] Flow: ('192.168.38.104', '8.8.8.8', 49271, 53, 'UDP'), Data Transferred: 121 bytes
[INFO] Flow: ('8.8.8.8', '192.168.38.104', 53, 49271, 'UDP'), Data Transferred: 221 bytes
[INFO] Flow: ('192.168.38.104', '8.8.8.8', 49272, 53, 'UDP'), Data Transferred: 99 bytes
[INFO] Flow: ('8.8.8.8', '192.168.38.104', 53, 49272, 'UDP'), Data Transferred: 174 bytes
[INFO] Flow: ('192.168.38.104', '8.8.8.8', 49273, 53, 'UDP'), Data Transferred: 83 bytes
[INFO] Flow: ('8.8.8.8', '192.168.38.104', 53, 49273, 'UDP'), Data Transferred: 162 bytes
[INFO] Flow: ('192.168.38.104', '8.8.8.8', 49274, 53, 'UDP'), Data Transferred: 121 bytes
[INFO] Flow: ('8.8.8.8', '192.168.38.104', 53, 49274, 'UDP'), Data Transferred: 209 bytes
{"message": "Detected DNS Query: b'hTid4evh.madeupsetup.eu.us-west-1.ec2-utilities.amazonaws.com.' with encoding ascii", "timestamp": 1726414141.5239215, "attack_type": "DNS Query"}
{"message": "Decoded DNS Query: hTid4evh.madeupsetup.eu.us-west-1.ec2-utilities.amazonaws.com.", "timestamp": 1726414141.6947954, "attack_type": "DNS Query"}
{"message": "Intrusion Detected: Possible DNS exfiltration in query hTid4evh.madeupsetup.eu.us-west-1.ec2-utilities.amazonaws.com.", "timestamp": 1726414141.8274934, "attack_type": "DNS Exfiltration"}
{"message": "Intrusion Detected: Port scanning detected from 8.8.8.8", "timestamp": 1726414141.9325373, "attack_type": "Port Scan"}
{"message": "Detected DNS Query: b'hTid4evh.madeupsetup.eu.windomain.local.' with encoding ascii", "timestamp": 1726414142.0911562, "attack_type": "DNS Query"}
{"message": "Decoded DNS Query: hTid4evh.madeupsetup.eu.windomain.local.", "timestamp": 1726414142.2564237, "attack_type": "DNS Query"}
{"message": "Detected DNS Query: b'hTid4evh.madeupsetup.eu.windomain.local.' with encoding ascii", "timestamp": 1726414142.4069269, "attack_type": "DNS Query"}
{"message": "Decoded DNS Query: hTid4evh.madeupsetup.eu.windomain.local.", "timestamp": 1726414142.511013, "attack_type": "DNS Query"}
{"message": "Intrusion Detected: Port scanning detected from 8.8.8.8", "timestamp": 1726414142.6734147, "attack_type": "Port Scan"}
{"message": "Detected DNS Query: b'ky4GGyGX.madeupsetup.eu.' with encoding ascii", "timestamp": 1726414142.8248613, "attack_type": "DNS Query"}
{"message": "Decoded DNS Query: ky4GGyGX.madeupsetup.eu.", "timestamp": 1726414142.9811618, "attack_type": "DNS Query"}
{"message": "Detected DNS Query: b'ky4GGyGX.madeupsetup.eu.' with encoding ascii", "timestamp": 1726414143.082575, "attack_type": "DNS Query"}
{"message": "Decoded DNS Query: ky4GGyGX.madeupsetup.eu.", "timestamp": 1726414143.25706, "attack_type": "DNS Query"}
{"message": "Intrusion Detected: Port scanning detected from 8.8.8.8", "timestamp": 1726414143.4194505, "attack_type": "Port Scan"}
{"message": "Detected DNS Query: b'ky4GGyGX.madeupsetup.eu.us-west-1.ec2-utilities.amazonaws.com.' with encoding ascii", "timestamp": 1726414143.5656052, "attack_type": "DNS Query"}
{"message": "Decoded DNS Query: ky4GGyGX.madeupsetup.eu.us-west-1.ec2-utilities.amazonaws.com.", "timestamp": 1726414143.730866, "attack_type": "DNS Query"}
{"message": "Intrusion Detected: Possible DNS exfiltration in query ky4GGyGX.madeupsetup.eu.us-west-1.ec2-utilities.amazonaws.com.", "timestamp": 1726414143.9235322, "attack_type": "DNS Exfiltration"}
{"message": "Detected DNS Query: b'ky4GGyGX.madeupsetup.eu.us-west-1.ec2-utilities.amazonaws.com.' with encoding ascii", "timestamp": 1726414144.0986946, "attack_type": "DNS Query"}
{"message": "Decoded DNS Query: ky4GGyGX.madeupsetup.eu.us-west-1.ec2-utilities.amazonaws.com.", "timestamp": 1726414144.260526, "attack_type": "DNS Query"}
{"message": "Intrusion Detected: Possible DNS exfiltration in query ky4GGyGX.madeupsetup.eu.us-west-1.ec2-utilities.amazonaws.com.", "timestamp": 1726414144.394634, "attack_type": "DNS Exfiltration"}
{"message": "Intrusion Detected: Port scanning detected from 8.8.8.8", "timestamp": 1726414144.4984226, "attack_type": "Port Scan"}
{"message": "Detected DNS Query: b'ky4GGyGX.madeupsetup.eu.windomain.local.' with encoding ascii", "timestamp": 1726414144.6740918, "attack_type": "DNS Query"}
{"message": "Decoded DNS Query: ky4GGyGX.madeupsetup.eu.windomain.local.", "timestamp": 1726414144.8233244, "attack_type": "DNS Query"}
{"message": "Intrusion Detected: HTTP Covert Channel Detected in User-Agent: Mozilla/5.0 (Windows NT 10.0; Win64; x64) AppleWebKit/537.36 (KHTML, like Gecko) Chrome/84.0.4147.105 Safari/537.36", "timestamp": 1726414144.9910984, "attack_type": "HTTP Covert Channel"}
{"message": "Traffic Anomaly Detected: 192.168.38.104 shows sudden traffic spike. Current: 623, Avg: 151.5", "timestamp": 1726414145.1652572, "attack_type": "Traffic Anomaly"}
[INFO] Flow: ('192.168.38.104', '8.8.8.8', 49275, 53, 'UDP'), Data Transferred: 99 bytes
[INFO] Flow: ('8.8.8.8', '192.168.38.104', 53, 49275, 'UDP'), Data Transferred: 174 bytes
[INFO] Flow: ('192.168.38.104', '8.8.8.8', 49276, 53, 'UDP'), Data Transferred: 83 bytes
[INFO] Flow: ('8.8.8.8', '192.168.38.104', 53, 49276, 'UDP'), Data Transferred: 162 bytes
[INFO] Flow: ('192.168.38.104', '8.8.8.8', 49277, 53, 'UDP'), Data Transferred: 121 bytes
[INFO] Flow: ('8.8.8.8', '192.168.38.104', 53, 49277, 'UDP'), Data Transferred: 221 bytes
[INFO] Flow: ('192.168.38.104', '8.8.8.8', 49278, 53, 'UDP'), Data Transferred: 99 bytes
[INFO] Flow: ('192.168.38.104', '18.217.1.57', 63660, 80, 'TCP'), Data Transferred: 66 bytes
[INFO] Flow: ('192.168.38.104', '18.217.1.57', 63659, 80, 'TCP'), Data Transferred: 623 bytes
[INFO] Flow: ('8.8.8.8', '192.168.38.104', 53, 49278, 'UDP'), Data Transferred: 174 bytes
{"message": "Detected DNS Query: b'ky4GGyGX.madeupsetup.eu.windomain.local.' with encoding ascii", "timestamp": 1726414145.3356526, "attack_type": "DNS Query"}
{"message": "Decoded DNS Query: ky4GGyGX.madeupsetup.eu.windomain.local.", "timestamp": 1726414145.4773288, "attack_type": "DNS Query"}
{"message": "Intrusion Detected: Port scanning detected from 8.8.8.8", "timestamp": 1726414145.6733308, "attack_type": "Port Scan"}
{"message": "Detected DNS Query: b'XJbKd2Gc.madeupsetup.eu.' with encoding ascii", "timestamp": 1726414145.857259, "attack_type": "DNS Query"}
{"message": "Decoded DNS Query: XJbKd2Gc.madeupsetup.eu.", "timestamp": 1726414146.0562797, "attack_type": "DNS Query"}
{"message": "Detected DNS Query: b'XJbKd2Gc.madeupsetup.eu.' with encoding ascii", "timestamp": 1726414146.2572532, "attack_type": "DNS Query"}
{"message": "Decoded DNS Query: XJbKd2Gc.madeupsetup.eu.", "timestamp": 1726414146.4416373, "attack_type": "DNS Query"}
{"message": "Detected DNS Query: b'XJbKd2Gc.madeupsetup.eu.us-west-1.ec2-utilities.amazonaws.com.' with encoding ascii", "timestamp": 1726414146.6444657, "attack_type": "DNS Query"}
{"message": "Decoded DNS Query: XJbKd2Gc.madeupsetup.eu.us-west-1.ec2-utilities.amazonaws.com.", "timestamp": 1726414146.7934184, "attack_type": "DNS Query"}
{"message": "Intrusion Detected: Possible DNS exfiltration in query XJbKd2Gc.madeupsetup.eu.us-west-1.ec2-utilities.amazonaws.com.", "timestamp": 1726414146.8771036, "attack_type": "DNS Exfiltration"}
{"message": "Traffic Anomaly Detected: 192.168.38.104 shows sudden traffic spike. Current: 677, Avg: 209.2", "timestamp": 1726414147.018905, "attack_type": "Traffic Anomaly"}
[INFO] Flow: ('192.168.38.104', '8.8.8.8', 49279, 53, 'UDP'), Data Transferred: 83 bytes
[INFO] Packet dropped: Invalid TCP packet characteristics
[INFO] Flow: ('192.168.38.104', '18.217.1.57', 63660, 80, 'TCP'), Data Transferred: 120 bytes
[INFO] Flow: ('8.8.8.8', '192.168.38.104', 53, 49279, 'UDP'), Data Transferred: 162 bytes
[INFO] Flow: ('192.168.38.104', '8.8.8.8', 49280, 53, 'UDP'), Data Transferred: 121 bytes
[INFO] Flow: ('18.217.1.57', '192.168.38.104', 80, 63659, 'TCP'), Data Transferred: 54 bytes
[INFO] Flow: ('18.217.1.57', '192.168.38.104', 80, 63659, 'TCP'), Data Transferred: 125 bytes
[INFO] Packet dropped: Invalid TCP packet characteristics
[INFO] Flow: ('192.168.38.104', '18.217.1.57', 63659, 80, 'TCP'), Data Transferred: 677 bytes
[INFO] Packet dropped: Invalid TCP packet characteristics
{"message": "Detected DNS Query: b'XJbKd2Gc.madeupsetup.eu.us-west-1.ec2-utilities.amazonaws.com.' with encoding ascii", "timestamp": 1726414147.1771357, "attack_type": "DNS Query"}
{"message": "Decoded DNS Query: XJbKd2Gc.madeupsetup.eu.us-west-1.ec2-utilities.amazonaws.com.", "timestamp": 1726414147.335487, "attack_type": "DNS Query"}
{"message": "Intrusion Detected: Possible DNS exfiltration in query XJbKd2Gc.madeupsetup.eu.us-west-1.ec2-utilities.amazonaws.com.", "timestamp": 1726414147.435632, "attack_type": "DNS Exfiltration"}
{"message": "Detected DNS Query: b'XJbKd2Gc.madeupsetup.eu.windomain.local.' with encoding ascii", "timestamp": 1726414147.5854495, "attack_type": "DNS Query"}
{"message": "Decoded DNS Query: XJbKd2Gc.madeupsetup.eu.windomain.local.", "timestamp": 1726414147.7275, "attack_type": "DNS Query"}
{"message": "Detected DNS Query: b'XJbKd2Gc.madeupsetup.eu.windomain.local.' with encoding ascii", "timestamp": 1726414147.8708827, "attack_type": "DNS Query"}
{"message": "Decoded DNS Query: XJbKd2Gc.madeupsetup.eu.windomain.local.", "timestamp": 1726414147.960523, "attack_type": "DNS Query"}
{"message": "Detected DNS Query: b'yHINlfmQ.madeupsetup.eu.' with encoding ascii", "timestamp": 1726414148.110749, "attack_type": "DNS Query"}
{"message": "Decoded DNS Query: yHINlfmQ.madeupsetup.eu.", "timestamp": 1726414148.2859502, "attack_type": "DNS Query"}
{"message": "Detected DNS Query: b'yHINlfmQ.madeupsetup.eu.' with encoding ascii", "timestamp": 1726414148.4694805, "attack_type": "DNS Query"}
{"message": "Decoded DNS Query: yHINlfmQ.madeupsetup.eu.", "timestamp": 1726414148.610505, "attack_type": "DNS Query"}
{"message": "Detected DNS Query: b'yHINlfmQ.madeupsetup.eu.us-west-1.ec2-utilities.amazonaws.com.' with encoding ascii", "timestamp": 1726414148.7694783, "attack_type": "DNS Query"}
{"message": "Decoded DNS Query: yHINlfmQ.madeupsetup.eu.us-west-1.ec2-utilities.amazonaws.com.", "timestamp": 1726414148.9274402, "attack_type": "DNS Query"}
{"message": "Intrusion Detected: Possible DNS exfiltration in query yHINlfmQ.madeupsetup.eu.us-west-1.ec2-utilities.amazonaws.com.", "timestamp": 1726414149.0689802, "attack_type": "DNS Exfiltration"}
{"message": "Detected DNS Query: b'yHINlfmQ.madeupsetup.eu.us-west-1.ec2-utilities.amazonaws.com.' with encoding ascii", "timestamp": 1726414149.1445804, "attack_type": "DNS Query"}
{"message": "Decoded DNS Query: yHINlfmQ.madeupsetup.eu.us-west-1.ec2-utilities.amazonaws.com.", "timestamp": 1726414149.285401, "attack_type": "DNS Query"}
{"message": "Intrusion Detected: Possible DNS exfiltration in query yHINlfmQ.madeupsetup.eu.us-west-1.ec2-utilities.amazonaws.com.", "timestamp": 1726414149.4105086, "attack_type": "DNS Exfiltration"}
{"message": "Detected DNS Query: b'yHINlfmQ.madeupsetup.eu.windomain.local.' with encoding ascii", "timestamp": 1726414149.5854378, "attack_type": "DNS Query"}
{"message": "Decoded DNS Query: yHINlfmQ.madeupsetup.eu.windomain.local.", "timestamp": 1726414149.7935812, "attack_type": "DNS Query"}
[INFO] Flow: ('8.8.8.8', '192.168.38.104', 53, 49280, 'UDP'), Data Transferred: 209 bytes
[INFO] Flow: ('192.168.38.104', '8.8.8.8', 49281, 53, 'UDP'), Data Transferred: 99 bytes
[INFO] Flow: ('8.8.8.8', '192.168.38.104', 53, 49281, 'UDP'), Data Transferred: 174 bytes
[INFO] Flow: ('192.168.38.104', '8.8.8.8', 49282, 53, 'UDP'), Data Transferred: 83 bytes
[INFO] Flow: ('8.8.8.8', '192.168.38.104', 53, 49282, 'UDP'), Data Transferred: 162 bytes
[INFO] Flow: ('192.168.38.104', '8.8.8.8', 49283, 53, 'UDP'), Data Transferred: 121 bytes
[INFO] Flow: ('8.8.8.8', '192.168.38.104', 53, 49283, 'UDP'), Data Transferred: 221 bytes
[INFO] Flow: ('18.217.1.57', '192.168.38.104', 80, 63659, 'TCP'), Data Transferred: 179 bytes
[INFO] Flow: ('192.168.38.104', '8.8.8.8', 49284, 53, 'UDP'), Data Transferred: 99 bytes
[INFO] Flow: ('8.8.8.8', '192.168.38.104', 53, 49284, 'UDP'), Data Transferred: 174 bytes
{"message": "Detected DNS Query: b'yHINlfmQ.madeupsetup.eu.windomain.local.' with encoding ascii", "timestamp": 1726414149.8855321, "attack_type": "DNS Query"}
{"message": "Decoded DNS Query: yHINlfmQ.madeupsetup.eu.windomain.local.", "timestamp": 1726414150.068855, "attack_type": "DNS Query"}
{"message": "Detected DNS Query: b'TerVtBw4.madeupsetup.eu.' with encoding ascii", "timestamp": 1726414150.2106616, "attack_type": "DNS Query"}
{"message": "Decoded DNS Query: TerVtBw4.madeupsetup.eu.", "timestamp": 1726414150.3596961, "attack_type": "DNS Query"}
{"message": "Detected DNS Query: b'TerVtBw4.madeupsetup.eu.' with encoding ascii", "timestamp": 1726414150.4355688, "attack_type": "DNS Query"}
{"message": "Decoded DNS Query: TerVtBw4.madeupsetup.eu.", "timestamp": 1726414150.618333, "attack_type": "DNS Query"}
{"message": "Detected DNS Query: b'TerVtBw4.madeupsetup.eu.us-west-1.ec2-utilities.amazonaws.com.' with encoding ascii", "timestamp": 1726414150.7775972, "attack_type": "DNS Query"}
{"message": "Decoded DNS Query: TerVtBw4.madeupsetup.eu.us-west-1.ec2-utilities.amazonaws.com.", "timestamp": 1726414150.926694, "attack_type": "DNS Query"}
{"message": "Intrusion Detected: Possible DNS exfiltration in query TerVtBw4.madeupsetup.eu.us-west-1.ec2-utilities.amazonaws.com.", "timestamp": 1726414151.093902, "attack_type": "DNS Exfiltration"}
{"message": "Detected DNS Query: b'TerVtBw4.madeupsetup.eu.us-west-1.ec2-utilities.amazonaws.com.' with encoding ascii", "timestamp": 1726414151.2770736, "attack_type": "DNS Query"}
{"message": "Decoded DNS Query: TerVtBw4.madeupsetup.eu.us-west-1.ec2-utilities.amazonaws.com.", "timestamp": 1726414151.4512343, "attack_type": "DNS Query"}
{"message": "Intrusion Detected: Possible DNS exfiltration in query TerVtBw4.madeupsetup.eu.us-west-1.ec2-utilities.amazonaws.com.", "timestamp": 1726414151.6268327, "attack_type": "DNS Exfiltration"}
{"message": "Detected DNS Query: b'TerVtBw4.madeupsetup.eu.windomain.local.' with encoding ascii", "timestamp": 1726414151.792442, "attack_type": "DNS Query"}
{"message": "Decoded DNS Query: TerVtBw4.madeupsetup.eu.windomain.local.", "timestamp": 1726414151.9600184, "attack_type": "DNS Query"}
{"message": "Detected DNS Query: b'TerVtBw4.madeupsetup.eu.windomain.local.' with encoding ascii", "timestamp": 1726414152.1278002, "attack_type": "DNS Query"}
{"message": "Decoded DNS Query: TerVtBw4.madeupsetup.eu.windomain.local.", "timestamp": 1726414152.3183541, "attack_type": "DNS Query"}
{"message": "Detected DNS Query: b'rgiQTZeg.madeupsetup.eu.' with encoding ascii", "timestamp": 1726414152.4695797, "attack_type": "DNS Query"}
{"message": "Decoded DNS Query: rgiQTZeg.madeupsetup.eu.", "timestamp": 1726414152.5687475, "attack_type": "DNS Query"}
{"message": "Detected DNS Query: b'rgiQTZeg.madeupsetup.eu.' with encoding ascii", "timestamp": 1726414152.7104464, "attack_type": "DNS Query"}
{"message": "Decoded DNS Query: rgiQTZeg.madeupsetup.eu.", "timestamp": 1726414152.8515506, "attack_type": "DNS Query"}
{"message": "Detected DNS Query: b'rgiQTZeg.madeupsetup.eu.us-west-1.ec2-utilities.amazonaws.com.' with encoding ascii", "timestamp": 1726414152.9942534, "attack_type": "DNS Query"}
{"message": "Decoded DNS Query: rgiQTZeg.madeupsetup.eu.us-west-1.ec2-utilities.amazonaws.com.", "timestamp": 1726414153.0767558, "attack_type": "DNS Query"}
{"message": "Intrusion Detected: Possible DNS exfiltration in query rgiQTZeg.madeupsetup.eu.us-west-1.ec2-utilities.amazonaws.com.", "timestamp": 1726414153.210767, "attack_type": "DNS Exfiltration"}
[INFO] Flow: ('192.168.38.104', '8.8.8.8', 49285, 53, 'UDP'), Data Transferred: 83 bytes
[INFO] Flow: ('8.8.8.8', '192.168.38.104', 53, 49285, 'UDP'), Data Transferred: 162 bytes
[INFO] Flow: ('192.168.38.104', '8.8.8.8', 49286, 53, 'UDP'), Data Transferred: 121 bytes
[INFO] Flow: ('8.8.8.8', '192.168.38.104', 53, 49286, 'UDP'), Data Transferred: 221 bytes
[INFO] Flow: ('192.168.38.104', '8.8.8.8', 49287, 53, 'UDP'), Data Transferred: 99 bytes
[INFO] Flow: ('8.8.8.8', '192.168.38.104', 53, 49287, 'UDP'), Data Transferred: 174 bytes
[INFO] Flow: ('192.168.38.104', '8.8.8.8', 49288, 53, 'UDP'), Data Transferred: 83 bytes
[INFO] Flow: ('8.8.8.8', '192.168.38.104', 53, 49288, 'UDP'), Data Transferred: 162 bytes
[INFO] Flow: ('192.168.38.104', '8.8.8.8', 49289, 53, 'UDP'), Data Transferred: 121 bytes
[INFO] Flow: ('8.8.8.8', '192.168.38.104', 53, 49289, 'UDP'), Data Transferred: 221 bytes
{"message": "Detected DNS Query: b'rgiQTZeg.madeupsetup.eu.us-west-1.ec2-utilities.amazonaws.com.' with encoding ascii", "timestamp": 1726414153.3522363, "attack_type": "DNS Query"}
{"message": "Decoded DNS Query: rgiQTZeg.madeupsetup.eu.us-west-1.ec2-utilities.amazonaws.com.", "timestamp": 1726414153.48475, "attack_type": "DNS Query"}
{"message": "Intrusion Detected: Possible DNS exfiltration in query rgiQTZeg.madeupsetup.eu.us-west-1.ec2-utilities.amazonaws.com.", "timestamp": 1726414153.618933, "attack_type": "DNS Exfiltration"}
{"message": "Intrusion Detected: Port scanning detected from 8.8.8.8", "timestamp": 1726414153.70152, "attack_type": "Port Scan"}
{"message": "Detected DNS Query: b'rgiQTZeg.madeupsetup.eu.windomain.local.' with encoding ascii", "timestamp": 1726414153.8439155, "attack_type": "DNS Query"}
{"message": "Decoded DNS Query: rgiQTZeg.madeupsetup.eu.windomain.local.", "timestamp": 1726414153.9765925, "attack_type": "DNS Query"}
{"message": "Detected DNS Query: b'rgiQTZeg.madeupsetup.eu.windomain.local.' with encoding ascii", "timestamp": 1726414154.1275823, "attack_type": "DNS Query"}
{"message": "Decoded DNS Query: rgiQTZeg.madeupsetup.eu.windomain.local.", "timestamp": 1726414154.267986, "attack_type": "DNS Query"}
{"message": "Intrusion Detected: Port scanning detected from 8.8.8.8", "timestamp": 1726414154.344235, "attack_type": "Port Scan"}
{"message": "Detected DNS Query: b'mqqZKNFc.madeupsetup.eu.' with encoding ascii", "timestamp": 1726414154.4766514, "attack_type": "DNS Query"}
{"message": "Decoded DNS Query: mqqZKNFc.madeupsetup.eu.", "timestamp": 1726414154.660043, "attack_type": "DNS Query"}
{"message": "Detected DNS Query: b'mqqZKNFc.madeupsetup.eu.' with encoding ascii", "timestamp": 1726414154.8274488, "attack_type": "DNS Query"}
{"message": "Decoded DNS Query: mqqZKNFc.madeupsetup.eu.", "timestamp": 1726414154.9767945, "attack_type": "DNS Query"}
{"message": "Intrusion Detected: Port scanning detected from 8.8.8.8", "timestamp": 1726414155.0688756, "attack_type": "Port Scan"}
{"message": "Detected DNS Query: b'mqqZKNFc.madeupsetup.eu.us-west-1.ec2-utilities.amazonaws.com.' with encoding ascii", "timestamp": 1726414155.3104646, "attack_type": "DNS Query"}
{"message": "Decoded DNS Query: mqqZKNFc.madeupsetup.eu.us-west-1.ec2-utilities.amazonaws.com.", "timestamp": 1726414155.4936237, "attack_type": "DNS Query"}
{"message": "Intrusion Detected: Possible DNS exfiltration in query mqqZKNFc.madeupsetup.eu.us-west-1.ec2-utilities.amazonaws.com.", "timestamp": 1726414155.640487, "attack_type": "DNS Exfiltration"}
{"message": "Detected DNS Query: b'mqqZKNFc.madeupsetup.eu.us-west-1.ec2-utilities.amazonaws.com.' with encoding ascii", "timestamp": 1726414155.7775338, "attack_type": "DNS Query"}
{"message": "Decoded DNS Query: mqqZKNFc.madeupsetup.eu.us-west-1.ec2-utilities.amazonaws.com.", "timestamp": 1726414155.8768806, "attack_type": "DNS Query"}
{"message": "Intrusion Detected: Possible DNS exfiltration in query mqqZKNFc.madeupsetup.eu.us-west-1.ec2-utilities.amazonaws.com.", "timestamp": 1726414156.026916, "attack_type": "DNS Exfiltration"}
{"message": "Intrusion Detected: Port scanning detected from 8.8.8.8", "timestamp": 1726414156.2008717, "attack_type": "Port Scan"}
{"message": "Detected DNS Query: b'mqqZKNFc.madeupsetup.eu.windomain.local.' with encoding ascii", "timestamp": 1726414156.34373, "attack_type": "DNS Query"}
{"message": "Decoded DNS Query: mqqZKNFc.madeupsetup.eu.windomain.local.", "timestamp": 1726414156.4433858, "attack_type": "DNS Query"}
{"message": "Detected DNS Query: b'mqqZKNFc.madeupsetup.eu.windomain.local.' with encoding ascii", "timestamp": 1726414156.5934706, "attack_type": "DNS Query"}
{"message": "Decoded DNS Query: mqqZKNFc.madeupsetup.eu.windomain.local.", "timestamp": 1726414156.760605, "attack_type": "DNS Query"}
{"message": "Intrusion Detected: Port scanning detected from 8.8.8.8", "timestamp": 1726414156.9185042, "attack_type": "Port Scan"}
{"message": "Detected DNS Query: b'hurTYxbn.madeupsetup.eu.' with encoding ascii", "timestamp": 1726414157.0526602, "attack_type": "DNS Query"}
{"message": "Decoded DNS Query: hurTYxbn.madeupsetup.eu.", "timestamp": 1726414157.2957075, "attack_type": "DNS Query"}
[INFO] Flow: ('192.168.38.104', '8.8.8.8', 49290, 53, 'UDP'), Data Transferred: 99 bytes
[INFO] Flow: ('8.8.8.8', '192.168.38.104', 53, 49290, 'UDP'), Data Transferred: 174 bytes
[INFO] Flow: ('192.168.38.104', '8.8.8.8', 49291, 53, 'UDP'), Data Transferred: 83 bytes
[INFO] Flow: ('8.8.8.8', '192.168.38.104', 53, 49291, 'UDP'), Data Transferred: 162 bytes
[INFO] Flow: ('192.168.38.104', '8.8.8.8', 49292, 53, 'UDP'), Data Transferred: 121 bytes
[INFO] Flow: ('8.8.8.8', '192.168.38.104', 53, 49292, 'UDP'), Data Transferred: 209 bytes
[INFO] Flow: ('192.168.38.104', '8.8.8.8', 49293, 53, 'UDP'), Data Transferred: 99 bytes
[INFO] Flow: ('8.8.8.8', '192.168.38.104', 53, 49293, 'UDP'), Data Transferred: 174 bytes
[INFO] Flow: ('192.168.38.104', '8.8.8.8', 49294, 53, 'UDP'), Data Transferred: 83 bytes
[INFO] Flow: ('8.8.8.8', '192.168.38.104', 53, 49294, 'UDP'), Data Transferred: 162 bytes
{"message": "Detected DNS Query: b'hurTYxbn.madeupsetup.eu.' with encoding ascii", "timestamp": 1726414157.377277, "attack_type": "DNS Query"}
{"message": "Decoded DNS Query: hurTYxbn.madeupsetup.eu.", "timestamp": 1726414157.5424442, "attack_type": "DNS Query"}
{"message": "Intrusion Detected: Port scanning detected from 8.8.8.8", "timestamp": 1726414157.7011893, "attack_type": "Port Scan"}
{"message": "Detected DNS Query: b'hurTYxbn.madeupsetup.eu.us-west-1.ec2-utilities.amazonaws.com.' with encoding ascii", "timestamp": 1726414157.8769724, "attack_type": "DNS Query"}
{"message": "Decoded DNS Query: hurTYxbn.madeupsetup.eu.us-west-1.ec2-utilities.amazonaws.com.", "timestamp": 1726414158.034503, "attack_type": "DNS Query"}
{"message": "Intrusion Detected: Possible DNS exfiltration in query hurTYxbn.madeupsetup.eu.us-west-1.ec2-utilities.amazonaws.com.", "timestamp": 1726414158.184707, "attack_type": "DNS Exfiltration"}
{"message": "Intrusion Detected: HTTP Covert Channel Detected in User-Agent: Mozilla/5.0 (Windows NT 10.0; Win64; x64) AppleWebKit/537.36 (KHTML, like Gecko) Chrome/84.0.4147.105 Safari/537.36", "timestamp": 1726414158.2770274, "attack_type": "HTTP Covert Channel"}
{"message": "Traffic Anomaly Detected: 192.168.38.104 shows sudden traffic spike. Current: 623, Avg: 149.9", "timestamp": 1726414158.451619, "attack_type": "Traffic Anomaly"}
{"message": "Detected DNS Query: b'hurTYxbn.madeupsetup.eu.us-west-1.ec2-utilities.amazonaws.com.' with encoding ascii", "timestamp": 1726414158.6018963, "attack_type": "DNS Query"}
{"message": "Decoded DNS Query: hurTYxbn.madeupsetup.eu.us-west-1.ec2-utilities.amazonaws.com.", "timestamp": 1726414158.7260828, "attack_type": "DNS Query"}
{"message": "Intrusion Detected: Possible DNS exfiltration in query hurTYxbn.madeupsetup.eu.us-west-1.ec2-utilities.amazonaws.com.", "timestamp": 1726414158.876791, "attack_type": "DNS Exfiltration"}
{"message": "Intrusion Detected: Port scanning detected from 8.8.8.8", "timestamp": 1726414158.9690948, "attack_type": "Port Scan"}
{"message": "Detected DNS Query: b'hurTYxbn.madeupsetup.eu.windomain.local.' with encoding ascii", "timestamp": 1726414159.1356514, "attack_type": "DNS Query"}
{"message": "Decoded DNS Query: hurTYxbn.madeupsetup.eu.windomain.local.", "timestamp": 1726414159.3006966, "attack_type": "DNS Query"}
{"message": "Detected DNS Query: b'hurTYxbn.madeupsetup.eu.windomain.local.' with encoding ascii", "timestamp": 1726414159.460778, "attack_type": "DNS Query"}
{"message": "Decoded DNS Query: hurTYxbn.madeupsetup.eu.windomain.local.", "timestamp": 1726414159.6101947, "attack_type": "DNS Query"}
{"message": "Intrusion Detected: Port scanning detected from 8.8.8.8", "timestamp": 1726414159.8009212, "attack_type": "Port Scan"}
{"message": "Detected DNS Query: b'M2yc0p/K.madeupsetup.eu.' with encoding ascii", "timestamp": 1726414160.267117, "attack_type": "DNS Query"}
{"message": "Decoded DNS Query: M2yc0p/K.madeupsetup.eu.", "timestamp": 1726414160.3674922, "attack_type": "DNS Query"}
{"message": "Detected DNS Query: b'M2yc0p/K.madeupsetup.eu.' with encoding ascii", "timestamp": 1726414160.5106344, "attack_type": "DNS Query"}
{"message": "Decoded DNS Query: M2yc0p/K.madeupsetup.eu.", "timestamp": 1726414160.6932268, "attack_type": "DNS Query"}
{"message": "Intrusion Detected: Port scanning detected from 8.8.8.8", "timestamp": 1726414160.826667, "attack_type": "Port Scan"}
{"message": "Detected DNS Query: b'M2yc0p/K.madeupsetup.eu.us-west-1.ec2-utilities.amazonaws.com.' with encoding ascii", "timestamp": 1726414161.010949, "attack_type": "DNS Query"}
{"message": "Decoded DNS Query: M2yc0p/K.madeupsetup.eu.us-west-1.ec2-utilities.amazonaws.com.", "timestamp": 1726414161.1938157, "attack_type": "DNS Query"}
{"message": "Intrusion Detected: Possible DNS exfiltration in query M2yc0p/K.madeupsetup.eu.us-west-1.ec2-utilities.amazonaws.com.", "timestamp": 1726414161.3009226, "attack_type": "DNS Exfiltration"}
[INFO] Flow: ('192.168.38.104', '8.8.8.8', 49295, 53, 'UDP'), Data Transferred: 121 bytes
[INFO] Flow: ('192.168.38.104', '18.217.1.57', 63661, 80, 'TCP'), Data Transferred: 66 bytes
[INFO] Flow: ('192.168.38.104', '18.217.1.57', 63660, 80, 'TCP'), Data Transferred: 623 bytes
[INFO] Flow: ('8.8.8.8', '192.168.38.104', 53, 49295, 'UDP'), Data Transferred: 221 bytes
[INFO] Flow: ('192.168.38.104', '8.8.8.8', 49296, 53, 'UDP'), Data Transferred: 99 bytes
[INFO] Flow: ('8.8.8.8', '192.168.38.104', 53, 49296, 'UDP'), Data Transferred: 174 bytes
[INFO] Flow: ('192.168.38.104', '8.8.8.8', 49297, 53, 'UDP'), Data Transferred: 83 bytes
[INFO] Flow: ('8.8.8.8', '192.168.38.104', 53, 49297, 'UDP'), Data Transferred: 162 bytes
[INFO] Flow: ('192.168.38.104', '8.8.8.8', 49298, 53, 'UDP'), Data Transferred: 121 bytes
[INFO] Flow: ('8.8.8.8', '192.168.38.104', 53, 49298, 'UDP'), Data Transferred: 209 bytes
{"message": "Detected DNS Query: b'M2yc0p/K.madeupsetup.eu.us-west-1.ec2-utilities.amazonaws.com.' with encoding ascii", "timestamp": 1726414161.4444396, "attack_type": "DNS Query"}
{"message": "Decoded DNS Query: M2yc0p/K.madeupsetup.eu.us-west-1.ec2-utilities.amazonaws.com.", "timestamp": 1726414161.593105, "attack_type": "DNS Query"}
{"message": "Intrusion Detected: Possible DNS exfiltration in query M2yc0p/K.madeupsetup.eu.us-west-1.ec2-utilities.amazonaws.com.", "timestamp": 1726414161.768512, "attack_type": "DNS Exfiltration"}
{"message": "Intrusion Detected: Port scanning detected from 8.8.8.8", "timestamp": 1726414161.892198, "attack_type": "Port Scan"}
{"message": "Detected DNS Query: b'M2yc0p/K.madeupsetup.eu.windomain.local.' with encoding ascii", "timestamp": 1726414162.0022314, "attack_type": "DNS Query"}
{"message": "Decoded DNS Query: M2yc0p/K.madeupsetup.eu.windomain.local.", "timestamp": 1726414162.1784425, "attack_type": "DNS Query"}
{"message": "Detected DNS Query: b'M2yc0p/K.madeupsetup.eu.windomain.local.' with encoding ascii", "timestamp": 1726414162.3022144, "attack_type": "DNS Query"}
{"message": "Decoded DNS Query: M2yc0p/K.madeupsetup.eu.windomain.local.", "timestamp": 1726414162.4854155, "attack_type": "DNS Query"}
{"message": "Intrusion Detected: Port scanning detected from 8.8.8.8", "timestamp": 1726414162.6601744, "attack_type": "Port Scan"}
{"message": "Traffic Anomaly Detected: 192.168.38.104 shows sudden traffic spike. Current: 677, Avg: 209.2", "timestamp": 1726414162.8794665, "attack_type": "Traffic Anomaly"}
{"message": "Detected DNS Query: b'k9hfHtFr.madeupsetup.eu.' with encoding ascii", "timestamp": 1726414163.0384436, "attack_type": "DNS Query"}
{"message": "Decoded DNS Query: k9hfHtFr.madeupsetup.eu.", "timestamp": 1726414163.1925056, "attack_type": "DNS Query"}
[INFO] Flow: ('192.168.38.104', '8.8.8.8', 49299, 53, 'UDP'), Data Transferred: 99 bytes
[INFO] Packet dropped: Invalid TCP packet characteristics
[INFO] Flow: ('192.168.38.104', '18.217.1.57', 63661, 80, 'TCP'), Data Transferred: 120 bytes
[INFO] Flow: ('18.217.1.57', '192.168.38.104', 80, 63660, 'TCP'), Data Transferred: 54 bytes
[INFO] Flow: ('8.8.8.8', '192.168.38.104', 53, 49299, 'UDP'), Data Transferred: 174 bytes
[INFO] Flow: ('18.217.1.57', '192.168.38.104', 80, 63660, 'TCP'), Data Transferred: 125 bytes
[INFO] Packet dropped: Invalid TCP packet characteristics
[INFO] Flow: ('192.168.38.104', '18.217.1.57', 63660, 80, 'TCP'), Data Transferred: 677 bytes
[INFO] Flow: ('192.168.38.104', '8.8.8.8', 49300, 53, 'UDP'), Data Transferred: 83 bytes
[INFO] Flow: ('8.8.8.8', '192.168.38.104', 53, 49300, 'UDP'), Data Transferred: 162 bytes
{"message": "Detected DNS Query: b'k9hfHtFr.madeupsetup.eu.' with encoding ascii", "timestamp": 1726414163.352485, "attack_type": "DNS Query"}
{"message": "Decoded DNS Query: k9hfHtFr.madeupsetup.eu.", "timestamp": 1726414163.4428148, "attack_type": "DNS Query"}
{"message": "Intrusion Detected: Port scanning detected from 8.8.8.8", "timestamp": 1726414163.576678, "attack_type": "Port Scan"}
{"message": "Detected DNS Query: b'k9hfHtFr.madeupsetup.eu.us-west-1.ec2-utilities.amazonaws.com.' with encoding ascii", "timestamp": 1726414163.7275171, "attack_type": "DNS Query"}
{"message": "Decoded DNS Query: k9hfHtFr.madeupsetup.eu.us-west-1.ec2-utilities.amazonaws.com.", "timestamp": 1726414163.8594117, "attack_type": "DNS Query"}
{"message": "Intrusion Detected: Possible DNS exfiltration in query k9hfHtFr.madeupsetup.eu.us-west-1.ec2-utilities.amazonaws.com.", "timestamp": 1726414164.0097134, "attack_type": "DNS Exfiltration"}
{"message": "Detected DNS Query: b'k9hfHtFr.madeupsetup.eu.us-west-1.ec2-utilities.amazonaws.com.' with encoding ascii", "timestamp": 1726414164.1450536, "attack_type": "DNS Query"}
{"message": "Decoded DNS Query: k9hfHtFr.madeupsetup.eu.us-west-1.ec2-utilities.amazonaws.com.", "timestamp": 1726414164.2269213, "attack_type": "DNS Query"}
{"message": "Intrusion Detected: Possible DNS exfiltration in query k9hfHtFr.madeupsetup.eu.us-west-1.ec2-utilities.amazonaws.com.", "timestamp": 1726414164.4007318, "attack_type": "DNS Exfiltration"}
{"message": "Intrusion Detected: Port scanning detected from 8.8.8.8", "timestamp": 1726414164.5345094, "attack_type": "Port Scan"}
{"message": "Detected DNS Query: b'k9hfHtFr.madeupsetup.eu.windomain.local.' with encoding ascii", "timestamp": 1726414164.6772823, "attack_type": "DNS Query"}
{"message": "Decoded DNS Query: k9hfHtFr.madeupsetup.eu.windomain.local.", "timestamp": 1726414164.8599157, "attack_type": "DNS Query"}
{"message": "Detected DNS Query: b'k9hfHtFr.madeupsetup.eu.windomain.local.' with encoding ascii", "timestamp": 1726414164.9594398, "attack_type": "DNS Query"}
{"message": "Decoded DNS Query: k9hfHtFr.madeupsetup.eu.windomain.local.", "timestamp": 1726414165.0926085, "attack_type": "DNS Query"}
{"message": "Intrusion Detected: Port scanning detected from 8.8.8.8", "timestamp": 1726414165.2436144, "attack_type": "Port Scan"}
{"message": "Detected DNS Query: b'3gEtiL6U.madeupsetup.eu.' with encoding ascii", "timestamp": 1726414165.394402, "attack_type": "DNS Query"}
{"message": "Decoded DNS Query: 3gEtiL6U.madeupsetup.eu.", "timestamp": 1726414165.5503535, "attack_type": "DNS Query"}
{"message": "Detected DNS Query: b'3gEtiL6U.madeupsetup.eu.' with encoding ascii", "timestamp": 1726414165.6850102, "attack_type": "DNS Query"}
{"message": "Decoded DNS Query: 3gEtiL6U.madeupsetup.eu.", "timestamp": 1726414165.7701414, "attack_type": "DNS Query"}
{"message": "Intrusion Detected: Port scanning detected from 8.8.8.8", "timestamp": 1726414165.934747, "attack_type": "Port Scan"}
{"message": "Detected DNS Query: b'3gEtiL6U.madeupsetup.eu.us-west-1.ec2-utilities.amazonaws.com.' with encoding ascii", "timestamp": 1726414166.0766737, "attack_type": "DNS Query"}
{"message": "Decoded DNS Query: 3gEtiL6U.madeupsetup.eu.us-west-1.ec2-utilities.amazonaws.com.", "timestamp": 1726414166.210089, "attack_type": "DNS Query"}
{"message": "Intrusion Detected: Possible DNS exfiltration in query 3gEtiL6U.madeupsetup.eu.us-west-1.ec2-utilities.amazonaws.com.", "timestamp": 1726414166.3343663, "attack_type": "DNS Exfiltration"}
[INFO] Flow: ('192.168.38.104', '8.8.8.8', 49301, 53, 'UDP'), Data Transferred: 121 bytes
[INFO] Packet dropped: Invalid TCP packet characteristics
[INFO] Flow: ('8.8.8.8', '192.168.38.104', 53, 49301, 'UDP'), Data Transferred: 221 bytes
[INFO] Flow: ('192.168.38.104', '8.8.8.8', 49302, 53, 'UDP'), Data Transferred: 99 bytes
[INFO] Flow: ('8.8.8.8', '192.168.38.104', 53, 49302, 'UDP'), Data Transferred: 174 bytes
[INFO] Flow: ('192.168.38.104', '8.8.8.8', 49303, 53, 'UDP'), Data Transferred: 83 bytes
[INFO] Flow: ('18.217.1.57', '192.168.38.104', 80, 63660, 'TCP'), Data Transferred: 179 bytes
[INFO] Flow: ('8.8.8.8', '192.168.38.104', 53, 49303, 'UDP'), Data Transferred: 162 bytes
[INFO] Flow: ('192.168.38.104', '8.8.8.8', 49304, 53, 'UDP'), Data Transferred: 121 bytes
[INFO] Flow: ('8.8.8.8', '192.168.38.104', 53, 49304, 'UDP'), Data Transferred: 209 bytes
{"message": "Detected DNS Query: b'3gEtiL6U.madeupsetup.eu.us-west-1.ec2-utilities.amazonaws.com.' with encoding ascii", "timestamp": 1726414166.4605436, "attack_type": "DNS Query"}
{"message": "Decoded DNS Query: 3gEtiL6U.madeupsetup.eu.us-west-1.ec2-utilities.amazonaws.com.", "timestamp": 1726414166.5598075, "attack_type": "DNS Query"}
{"message": "Intrusion Detected: Possible DNS exfiltration in query 3gEtiL6U.madeupsetup.eu.us-west-1.ec2-utilities.amazonaws.com.", "timestamp": 1726414166.7038538, "attack_type": "DNS Exfiltration"}
{"message": "Intrusion Detected: Port scanning detected from 8.8.8.8", "timestamp": 1726414166.8509512, "attack_type": "Port Scan"}
{"message": "Detected DNS Query: b'3gEtiL6U.madeupsetup.eu.windomain.local.' with encoding ascii", "timestamp": 1726414166.9685965, "attack_type": "DNS Query"}
{"message": "Decoded DNS Query: 3gEtiL6U.madeupsetup.eu.windomain.local.", "timestamp": 1726414167.0602705, "attack_type": "DNS Query"}
{"message": "Detected DNS Query: b'3gEtiL6U.madeupsetup.eu.windomain.local.' with encoding ascii", "timestamp": 1726414167.1934025, "attack_type": "DNS Query"}
{"message": "Decoded DNS Query: 3gEtiL6U.madeupsetup.eu.windomain.local.", "timestamp": 1726414167.3599021, "attack_type": "DNS Query"}
{"message": "Intrusion Detected: Port scanning detected from 8.8.8.8", "timestamp": 1726414167.510394, "attack_type": "Port Scan"}
{"message": "Intrusion Detected: HTTP Covert Channel Detected in User-Agent: Mozilla/5.0 (Windows NT 10.0; Win64; x64) AppleWebKit/537.36 (KHTML, like Gecko) Chrome/84.0.4147.105 Safari/537.36", "timestamp": 1726414167.6605458, "attack_type": "HTTP Covert Channel"}
{"message": "Traffic Anomaly Detected: 192.168.38.104 shows sudden traffic spike. Current: 623, Avg: 209.2", "timestamp": 1726414167.8014493, "attack_type": "Traffic Anomaly"}
{"message": "Detected DNS Query: b'J+3dTlY7.madeupsetup.eu.' with encoding ascii", "timestamp": 1726414167.9755704, "attack_type": "DNS Query"}
{"message": "Decoded DNS Query: J+3dTlY7.madeupsetup.eu.", "timestamp": 1726414168.1252875, "attack_type": "DNS Query"}
{"message": "Detected DNS Query: b'J+3dTlY7.madeupsetup.eu.' with encoding ascii", "timestamp": 1726414168.2627642, "attack_type": "DNS Query"}
{"message": "Decoded DNS Query: J+3dTlY7.madeupsetup.eu.", "timestamp": 1726414168.434125, "attack_type": "DNS Query"}
{"message": "Intrusion Detected: Port scanning detected from 8.8.8.8", "timestamp": 1726414168.576578, "attack_type": "Port Scan"}
{"message": "Detected DNS Query: b'J+3dTlY7.madeupsetup.eu.us-west-1.ec2-utilities.amazonaws.com.' with encoding ascii", "timestamp": 1726414168.7350712, "attack_type": "DNS Query"}
{"message": "Decoded DNS Query: J+3dTlY7.madeupsetup.eu.us-west-1.ec2-utilities.amazonaws.com.", "timestamp": 1726414168.8677144, "attack_type": "DNS Query"}
{"message": "Intrusion Detected: Possible DNS exfiltration in query J+3dTlY7.madeupsetup.eu.us-west-1.ec2-utilities.amazonaws.com.", "timestamp": 1726414168.959726, "attack_type": "DNS Exfiltration"}
{"message": "Detected DNS Query: b'J+3dTlY7.madeupsetup.eu.us-west-1.ec2-utilities.amazonaws.com.' with encoding ascii", "timestamp": 1726414169.1100194, "attack_type": "DNS Query"}
{"message": "Decoded DNS Query: J+3dTlY7.madeupsetup.eu.us-west-1.ec2-utilities.amazonaws.com.", "timestamp": 1726414169.234757, "attack_type": "DNS Query"}
{"message": "Intrusion Detected: Possible DNS exfiltration in query J+3dTlY7.madeupsetup.eu.us-west-1.ec2-utilities.amazonaws.com.", "timestamp": 1726414169.3763776, "attack_type": "DNS Exfiltration"}
{"message": "Intrusion Detected: Port scanning detected from 8.8.8.8", "timestamp": 1726414169.4761631, "attack_type": "Port Scan"}
{"message": "Detected DNS Query: b'J+3dTlY7.madeupsetup.eu.windomain.local.' with encoding ascii", "timestamp": 1726414169.6343715, "attack_type": "DNS Query"}
{"message": "Decoded DNS Query: J+3dTlY7.madeupsetup.eu.windomain.local.", "timestamp": 1726414169.7584362, "attack_type": "DNS Query"}
[INFO] Flow: ('192.168.38.104', '8.8.8.8', 49305, 53, 'UDP'), Data Transferred: 99 bytes
[INFO] Flow: ('8.8.8.8', '192.168.38.104', 53, 49305, 'UDP'), Data Transferred: 174 bytes
[INFO] Flow: ('192.168.38.104', '18.217.1.57', 63662, 80, 'TCP'), Data Transferred: 66 bytes
[INFO] Flow: ('192.168.38.104', '18.217.1.57', 63661, 80, 'TCP'), Data Transferred: 623 bytes
[INFO] Flow: ('192.168.38.104', '8.8.8.8', 49306, 53, 'UDP'), Data Transferred: 83 bytes
[INFO] Flow: ('8.8.8.8', '192.168.38.104', 53, 49306, 'UDP'), Data Transferred: 162 bytes
[INFO] Flow: ('192.168.38.104', '8.8.8.8', 49307, 53, 'UDP'), Data Transferred: 121 bytes
[INFO] Flow: ('8.8.8.8', '192.168.38.104', 53, 49307, 'UDP'), Data Transferred: 209 bytes
[INFO] Flow: ('192.168.38.104', '8.8.8.8', 49308, 53, 'UDP'), Data Transferred: 99 bytes
[INFO] Flow: ('8.8.8.8', '192.168.38.104', 53, 49308, 'UDP'), Data Transferred: 174 bytes
{"message": "Detected DNS Query: b'J+3dTlY7.madeupsetup.eu.windomain.local.' with encoding ascii", "timestamp": 1726414169.9271848, "attack_type": "DNS Query"}
{"message": "Decoded DNS Query: J+3dTlY7.madeupsetup.eu.windomain.local.", "timestamp": 1726414170.0596282, "attack_type": "DNS Query"}
{"message": "Intrusion Detected: Port scanning detected from 8.8.8.8", "timestamp": 1726414170.2266119, "attack_type": "Port Scan"}
{"message": "Detected DNS Query: b'WBYd1saM.madeupsetup.eu.' with encoding ascii", "timestamp": 1726414170.3604987, "attack_type": "DNS Query"}
{"message": "Decoded DNS Query: WBYd1saM.madeupsetup.eu.", "timestamp": 1726414170.5006483, "attack_type": "DNS Query"}
{"message": "Traffic Anomaly Detected: 192.168.38.104 shows sudden traffic spike. Current: 677, Avg: 209.2", "timestamp": 1726414170.577072, "attack_type": "Traffic Anomaly"}
{"message": "Detected DNS Query: b'WBYd1saM.madeupsetup.eu.' with encoding ascii", "timestamp": 1726414170.759744, "attack_type": "DNS Query"}
{"message": "Decoded DNS Query: WBYd1saM.madeupsetup.eu.", "timestamp": 1726414170.9090097, "attack_type": "DNS Query"}
{"message": "Intrusion Detected: Port scanning detected from 8.8.8.8", "timestamp": 1726414171.0594866, "attack_type": "Port Scan"}
[INFO] Flow: ('192.168.38.104', '8.8.8.8', 49309, 53, 'UDP'), Data Transferred: 83 bytes
[INFO] Packet dropped: Invalid TCP packet characteristics
[INFO] Flow: ('192.168.38.104', '18.217.1.57', 63662, 80, 'TCP'), Data Transferred: 120 bytes
[INFO] Flow: ('18.217.1.57', '192.168.38.104', 80, 63661, 'TCP'), Data Transferred: 54 bytes
[INFO] Flow: ('18.217.1.57', '192.168.38.104', 80, 63661, 'TCP'), Data Transferred: 125 bytes
[INFO] Packet dropped: Invalid TCP packet characteristics
[INFO] Flow: ('192.168.38.104', '18.217.1.57', 63661, 80, 'TCP'), Data Transferred: 677 bytes
[INFO] Packet dropped: Invalid TCP packet characteristics
[INFO] Flow: ('8.8.8.8', '192.168.38.104', 53, 49309, 'UDP'), Data Transferred: 162 bytes
[INFO] Flow: ('192.168.38.104', '8.8.8.8', 49310, 53, 'UDP'), Data Transferred: 121 bytes
{"message": "Detected DNS Query: b'WBYd1saM.madeupsetup.eu.us-west-1.ec2-utilities.amazonaws.com.' with encoding ascii", "timestamp": 1726414171.1847079, "attack_type": "DNS Query"}
{"message": "Decoded DNS Query: WBYd1saM.madeupsetup.eu.us-west-1.ec2-utilities.amazonaws.com.", "timestamp": 1726414171.3171015, "attack_type": "DNS Query"}
{"message": "Intrusion Detected: Possible DNS exfiltration in query WBYd1saM.madeupsetup.eu.us-west-1.ec2-utilities.amazonaws.com.", "timestamp": 1726414171.484415, "attack_type": "DNS Exfiltration"}
{"message": "Detected DNS Query: b'WBYd1saM.madeupsetup.eu.us-west-1.ec2-utilities.amazonaws.com.' with encoding ascii", "timestamp": 1726414171.9246414, "attack_type": "DNS Query"}
{"message": "Decoded DNS Query: WBYd1saM.madeupsetup.eu.us-west-1.ec2-utilities.amazonaws.com.", "timestamp": 1726414172.1088712, "attack_type": "DNS Query"}
{"message": "Intrusion Detected: Possible DNS exfiltration in query WBYd1saM.madeupsetup.eu.us-west-1.ec2-utilities.amazonaws.com.", "timestamp": 1726414172.1933484, "attack_type": "DNS Exfiltration"}
{"message": "Intrusion Detected: Port scanning detected from 8.8.8.8", "timestamp": 1726414172.3260546, "attack_type": "Port Scan"}
{"message": "Detected DNS Query: b'WBYd1saM.madeupsetup.eu.windomain.local.' with encoding ascii", "timestamp": 1726414172.4923575, "attack_type": "DNS Query"}
{"message": "Decoded DNS Query: WBYd1saM.madeupsetup.eu.windomain.local.", "timestamp": 1726414172.6174061, "attack_type": "DNS Query"}
{"message": "Detected DNS Query: b'WBYd1saM.madeupsetup.eu.windomain.local.' with encoding ascii", "timestamp": 1726414172.7423635, "attack_type": "DNS Query"}
{"message": "Decoded DNS Query: WBYd1saM.madeupsetup.eu.windomain.local.", "timestamp": 1726414172.909195, "attack_type": "DNS Query"}
{"message": "Intrusion Detected: Port scanning detected from 8.8.8.8", "timestamp": 1726414173.0589077, "attack_type": "Port Scan"}
{"message": "Detected DNS Query: b'UykMEuPb.madeupsetup.eu.' with encoding ascii", "timestamp": 1726414173.2015834, "attack_type": "DNS Query"}
{"message": "Decoded DNS Query: UykMEuPb.madeupsetup.eu.", "timestamp": 1726414173.367965, "attack_type": "DNS Query"}
{"message": "Detected DNS Query: b'UykMEuPb.madeupsetup.eu.' with encoding ascii", "timestamp": 1726414173.509729, "attack_type": "DNS Query"}
{"message": "Decoded DNS Query: UykMEuPb.madeupsetup.eu.", "timestamp": 1726414173.6616044, "attack_type": "DNS Query"}
{"message": "Intrusion Detected: Port scanning detected from 8.8.8.8", "timestamp": 1726414173.7598784, "attack_type": "Port Scan"}
{"message": "Detected DNS Query: b'UykMEuPb.madeupsetup.eu.us-west-1.ec2-utilities.amazonaws.com.' with encoding ascii", "timestamp": 1726414173.917616, "attack_type": "DNS Query"}
{"message": "Decoded DNS Query: UykMEuPb.madeupsetup.eu.us-west-1.ec2-utilities.amazonaws.com.", "timestamp": 1726414174.0834174, "attack_type": "DNS Query"}
{"message": "Intrusion Detected: Possible DNS exfiltration in query UykMEuPb.madeupsetup.eu.us-west-1.ec2-utilities.amazonaws.com.", "timestamp": 1726414174.3004205, "attack_type": "DNS Exfiltration"}
{"message": "Detected DNS Query: b'UykMEuPb.madeupsetup.eu.us-west-1.ec2-utilities.amazonaws.com.' with encoding ascii", "timestamp": 1726414174.4848392, "attack_type": "DNS Query"}
{"message": "Decoded DNS Query: UykMEuPb.madeupsetup.eu.us-west-1.ec2-utilities.amazonaws.com.", "timestamp": 1726414174.5756962, "attack_type": "DNS Query"}
{"message": "Intrusion Detected: Possible DNS exfiltration in query UykMEuPb.madeupsetup.eu.us-west-1.ec2-utilities.amazonaws.com.", "timestamp": 1726414174.7424746, "attack_type": "DNS Exfiltration"}
{"message": "Intrusion Detected: Port scanning detected from 8.8.8.8", "timestamp": 1726414174.9592974, "attack_type": "Port Scan"}
{"message": "Detected DNS Query: b'UykMEuPb.madeupsetup.eu.windomain.local.' with encoding ascii", "timestamp": 1726414175.0425646, "attack_type": "DNS Query"}
{"message": "Decoded DNS Query: UykMEuPb.madeupsetup.eu.windomain.local.", "timestamp": 1726414175.175426, "attack_type": "DNS Query"}
[INFO] Flow: ('8.8.8.8', '192.168.38.104', 53, 49310, 'UDP'), Data Transferred: 221 bytes
[INFO] Flow: ('192.168.38.104', '8.8.8.8', 49311, 53, 'UDP'), Data Transferred: 99 bytes
[INFO] Flow: ('8.8.8.8', '192.168.38.104', 53, 49311, 'UDP'), Data Transferred: 174 bytes
[INFO] Flow: ('192.168.38.104', '8.8.8.8', 49312, 53, 'UDP'), Data Transferred: 83 bytes
[INFO] Flow: ('18.217.1.57', '192.168.38.104', 80, 63661, 'TCP'), Data Transferred: 179 bytes
[INFO] Flow: ('8.8.8.8', '192.168.38.104', 53, 49312, 'UDP'), Data Transferred: 162 bytes
[INFO] Flow: ('192.168.38.104', '8.8.8.8', 49313, 53, 'UDP'), Data Transferred: 121 bytes
[INFO] Flow: ('8.8.8.8', '192.168.38.104', 53, 49313, 'UDP'), Data Transferred: 209 bytes
[INFO] Flow: ('192.168.38.104', '8.8.8.8', 49314, 53, 'UDP'), Data Transferred: 99 bytes
[INFO] Flow: ('8.8.8.8', '192.168.38.104', 53, 49314, 'UDP'), Data Transferred: 174 bytes
{"message": "Detected DNS Query: b'UykMEuPb.madeupsetup.eu.windomain.local.' with encoding ascii", "timestamp": 1726414175.3097327, "attack_type": "DNS Query"}
{"message": "Decoded DNS Query: UykMEuPb.madeupsetup.eu.windomain.local.", "timestamp": 1726414175.4423406, "attack_type": "DNS Query"}
{"message": "Intrusion Detected: Port scanning detected from 8.8.8.8", "timestamp": 1726414175.6176076, "attack_type": "Port Scan"}
{"message": "Detected DNS Query: b'usspm1e3.madeupsetup.eu.' with encoding ascii", "timestamp": 1726414175.7507818, "attack_type": "DNS Query"}
{"message": "Decoded DNS Query: usspm1e3.madeupsetup.eu.", "timestamp": 1726414175.8756833, "attack_type": "DNS Query"}
{"message": "Intrusion Detected: HTTP Covert Channel Detected in User-Agent: Mozilla/5.0 (Windows NT 10.0; Win64; x64) AppleWebKit/537.36 (KHTML, like Gecko) Chrome/84.0.4147.105 Safari/537.36", "timestamp": 1726414175.968259, "attack_type": "HTTP Covert Channel"}
{"message": "Traffic Anomaly Detected: 192.168.38.104 shows sudden traffic spike. Current: 623, Avg: 209.2", "timestamp": 1726414176.092689, "attack_type": "Traffic Anomaly"}
{"message": "Detected DNS Query: b'usspm1e3.madeupsetup.eu.' with encoding ascii", "timestamp": 1726414176.2516508, "attack_type": "DNS Query"}
{"message": "Decoded DNS Query: usspm1e3.madeupsetup.eu.", "timestamp": 1726414176.375578, "attack_type": "DNS Query"}
{"message": "Intrusion Detected: Port scanning detected from 8.8.8.8", "timestamp": 1726414176.5169635, "attack_type": "Port Scan"}
{"message": "Detected DNS Query: b'usspm1e3.madeupsetup.eu.us-west-1.ec2-utilities.amazonaws.com.' with encoding ascii", "timestamp": 1726414176.6559093, "attack_type": "DNS Query"}
{"message": "Decoded DNS Query: usspm1e3.madeupsetup.eu.us-west-1.ec2-utilities.amazonaws.com.", "timestamp": 1726414176.7923634, "attack_type": "DNS Query"}
{"message": "Intrusion Detected: Possible DNS exfiltration in query usspm1e3.madeupsetup.eu.us-west-1.ec2-utilities.amazonaws.com.", "timestamp": 1726414176.867108, "attack_type": "DNS Exfiltration"}
{"message": "Detected DNS Query: b'usspm1e3.madeupsetup.eu.us-west-1.ec2-utilities.amazonaws.com.' with encoding ascii", "timestamp": 1726414177.0095315, "attack_type": "DNS Query"}
{"message": "Decoded DNS Query: usspm1e3.madeupsetup.eu.us-west-1.ec2-utilities.amazonaws.com.", "timestamp": 1726414177.1504288, "attack_type": "DNS Query"}
{"message": "Intrusion Detected: Possible DNS exfiltration in query usspm1e3.madeupsetup.eu.us-west-1.ec2-utilities.amazonaws.com.", "timestamp": 1726414177.3002467, "attack_type": "DNS Exfiltration"}
{"message": "Intrusion Detected: Port scanning detected from 8.8.8.8", "timestamp": 1726414177.3753414, "attack_type": "Port Scan"}
{"message": "Detected DNS Query: b'usspm1e3.madeupsetup.eu.windomain.local.' with encoding ascii", "timestamp": 1726414177.5259266, "attack_type": "DNS Query"}
{"message": "Decoded DNS Query: usspm1e3.madeupsetup.eu.windomain.local.", "timestamp": 1726414177.6672387, "attack_type": "DNS Query"}
{"message": "Detected DNS Query: b'usspm1e3.madeupsetup.eu.windomain.local.' with encoding ascii", "timestamp": 1726414177.8006349, "attack_type": "DNS Query"}
{"message": "Decoded DNS Query: usspm1e3.madeupsetup.eu.windomain.local.", "timestamp": 1726414177.8836954, "attack_type": "DNS Query"}
{"message": "Intrusion Detected: Port scanning detected from 8.8.8.8", "timestamp": 1726414178.034408, "attack_type": "Port Scan"}
{"message": "Detected DNS Query: b'n6LAUOHr.madeupsetup.eu.' with encoding ascii", "timestamp": 1726414178.1594894, "attack_type": "DNS Query"}
{"message": "Decoded DNS Query: n6LAUOHr.madeupsetup.eu.", "timestamp": 1726414178.316758, "attack_type": "DNS Query"}
[INFO] Flow: ('192.168.38.104', '8.8.8.8', 49315, 53, 'UDP'), Data Transferred: 83 bytes
[INFO] Flow: ('192.168.38.104', '18.217.1.57', 63663, 80, 'TCP'), Data Transferred: 66 bytes
[INFO] Flow: ('192.168.38.104', '18.217.1.57', 63662, 80, 'TCP'), Data Transferred: 623 bytes
[INFO] Flow: ('8.8.8.8', '192.168.38.104', 53, 49315, 'UDP'), Data Transferred: 162 bytes
[INFO] Flow: ('192.168.38.104', '8.8.8.8', 49316, 53, 'UDP'), Data Transferred: 121 bytes
[INFO] Flow: ('8.8.8.8', '192.168.38.104', 53, 49316, 'UDP'), Data Transferred: 221 bytes
[INFO] Flow: ('192.168.38.104', '8.8.8.8', 49317, 53, 'UDP'), Data Transferred: 99 bytes
[INFO] Flow: ('8.8.8.8', '192.168.38.104', 53, 49317, 'UDP'), Data Transferred: 174 bytes
[INFO] Flow: ('192.168.38.104', '8.8.8.8', 49318, 53, 'UDP'), Data Transferred: 83 bytes
[INFO] Flow: ('8.8.8.8', '192.168.38.104', 53, 49318, 'UDP'), Data Transferred: 162 bytes
{"message": "Detected DNS Query: b'n6LAUOHr.madeupsetup.eu.' with encoding ascii", "timestamp": 1726414178.468491, "attack_type": "DNS Query"}
{"message": "Decoded DNS Query: n6LAUOHr.madeupsetup.eu.", "timestamp": 1726414178.6235487, "attack_type": "DNS Query"}
{"message": "Intrusion Detected: Port scanning detected from 8.8.8.8", "timestamp": 1726414178.7506554, "attack_type": "Port Scan"}
{"message": "Detected DNS Query: b'n6LAUOHr.madeupsetup.eu.us-west-1.ec2-utilities.amazonaws.com.' with encoding ascii", "timestamp": 1726414178.9184809, "attack_type": "DNS Query"}
{"message": "Decoded DNS Query: n6LAUOHr.madeupsetup.eu.us-west-1.ec2-utilities.amazonaws.com.", "timestamp": 1726414179.0513015, "attack_type": "DNS Query"}
{"message": "Intrusion Detected: Possible DNS exfiltration in query n6LAUOHr.madeupsetup.eu.us-west-1.ec2-utilities.amazonaws.com.", "timestamp": 1726414179.2174215, "attack_type": "DNS Exfiltration"}
{"message": "Traffic Anomaly Detected: 192.168.38.104 shows sudden traffic spike. Current: 677, Avg: 209.2", "timestamp": 1726414179.4024181, "attack_type": "Traffic Anomaly"}
{"message": "Detected DNS Query: b'n6LAUOHr.madeupsetup.eu.us-west-1.ec2-utilities.amazonaws.com.' with encoding ascii", "timestamp": 1726414179.550922, "attack_type": "DNS Query"}
{"message": "Decoded DNS Query: n6LAUOHr.madeupsetup.eu.us-west-1.ec2-utilities.amazonaws.com.", "timestamp": 1726414179.7000413, "attack_type": "DNS Query"}
{"message": "Intrusion Detected: Possible DNS exfiltration in query n6LAUOHr.madeupsetup.eu.us-west-1.ec2-utilities.amazonaws.com.", "timestamp": 1726414179.8339918, "attack_type": "DNS Exfiltration"}
{"message": "Intrusion Detected: Port scanning detected from 8.8.8.8", "timestamp": 1726414179.967236, "attack_type": "Port Scan"}
{"message": "Detected DNS Query: b'n6LAUOHr.madeupsetup.eu.windomain.local.' with encoding ascii", "timestamp": 1726414180.0676742, "attack_type": "DNS Query"}
{"message": "Decoded DNS Query: n6LAUOHr.madeupsetup.eu.windomain.local.", "timestamp": 1726414180.2254045, "attack_type": "DNS Query"}
[INFO] Flow: ('192.168.38.104', '8.8.8.8', 49319, 53, 'UDP'), Data Transferred: 121 bytes
[INFO] Packet dropped: Invalid TCP packet characteristics
[INFO] Flow: ('192.168.38.104', '18.217.1.57', 63663, 80, 'TCP'), Data Transferred: 120 bytes
[INFO] Flow: ('18.217.1.57', '192.168.38.104', 80, 63662, 'TCP'), Data Transferred: 54 bytes
[INFO] Flow: ('18.217.1.57', '192.168.38.104', 80, 63662, 'TCP'), Data Transferred: 125 bytes
[INFO] Packet dropped: Invalid TCP packet characteristics
[INFO] Flow: ('192.168.38.104', '18.217.1.57', 63662, 80, 'TCP'), Data Transferred: 677 bytes
[INFO] Flow: ('8.8.8.8', '192.168.38.104', 53, 49319, 'UDP'), Data Transferred: 221 bytes
[INFO] Flow: ('192.168.38.104', '8.8.8.8', 49320, 53, 'UDP'), Data Transferred: 99 bytes
[INFO] Packet dropped: Invalid TCP packet characteristics
{"message": "Detected DNS Query: b'n6LAUOHr.madeupsetup.eu.windomain.local.' with encoding ascii", "timestamp": 1726414180.3844993, "attack_type": "DNS Query"}
{"message": "Decoded DNS Query: n6LAUOHr.madeupsetup.eu.windomain.local.", "timestamp": 1726414180.5423517, "attack_type": "DNS Query"}
{"message": "Intrusion Detected: Port scanning detected from 8.8.8.8", "timestamp": 1726414180.6756268, "attack_type": "Port Scan"}
{"message": "Detected DNS Query: b'a7fKrq7b.madeupsetup.eu.' with encoding ascii", "timestamp": 1726414180.7601428, "attack_type": "DNS Query"}
{"message": "Decoded DNS Query: a7fKrq7b.madeupsetup.eu.", "timestamp": 1726414180.9413264, "attack_type": "DNS Query"}
{"message": "Intrusion Detected: HTTP Covert Channel Detected in User-Agent: Mozilla/5.0 (Windows NT 10.0; Win64; x64) AppleWebKit/537.36 (KHTML, like Gecko) Chrome/84.0.4147.105 Safari/537.36", "timestamp": 1726414181.1347916, "attack_type": "HTTP Covert Channel"}
{"message": "Traffic Anomaly Detected: 192.168.38.104 shows sudden traffic spike. Current: 623, Avg: 209.2", "timestamp": 1726414181.27489, "attack_type": "Traffic Anomaly"}
{"message": "Detected DNS Query: b'a7fKrq7b.madeupsetup.eu.' with encoding ascii", "timestamp": 1726414181.4263353, "attack_type": "DNS Query"}
{"message": "Decoded DNS Query: a7fKrq7b.madeupsetup.eu.", "timestamp": 1726414181.575284, "attack_type": "DNS Query"}
{"message": "Intrusion Detected: Port scanning detected from 8.8.8.8", "timestamp": 1726414181.7669468, "attack_type": "Port Scan"}
{"message": "Detected DNS Query: b'a7fKrq7b.madeupsetup.eu.us-west-1.ec2-utilities.amazonaws.com.' with encoding ascii", "timestamp": 1726414181.9261577, "attack_type": "DNS Query"}
{"message": "Decoded DNS Query: a7fKrq7b.madeupsetup.eu.us-west-1.ec2-utilities.amazonaws.com.", "timestamp": 1726414182.0665402, "attack_type": "DNS Query"}
{"message": "Intrusion Detected: Possible DNS exfiltration in query a7fKrq7b.madeupsetup.eu.us-west-1.ec2-utilities.amazonaws.com.", "timestamp": 1726414182.1502023, "attack_type": "DNS Exfiltration"}
{"message": "Detected DNS Query: b'a7fKrq7b.madeupsetup.eu.us-west-1.ec2-utilities.amazonaws.com.' with encoding ascii", "timestamp": 1726414182.3094635, "attack_type": "DNS Query"}
{"message": "Decoded DNS Query: a7fKrq7b.madeupsetup.eu.us-west-1.ec2-utilities.amazonaws.com.", "timestamp": 1726414182.4891205, "attack_type": "DNS Query"}
{"message": "Intrusion Detected: Possible DNS exfiltration in query a7fKrq7b.madeupsetup.eu.us-west-1.ec2-utilities.amazonaws.com.", "timestamp": 1726414182.6415274, "attack_type": "DNS Exfiltration"}
{"message": "Intrusion Detected: Port scanning detected from 8.8.8.8", "timestamp": 1726414182.7499819, "attack_type": "Port Scan"}
{"message": "Detected DNS Query: b'a7fKrq7b.madeupsetup.eu.windomain.local.' with encoding ascii", "timestamp": 1726414182.8923767, "attack_type": "DNS Query"}
{"message": "Decoded DNS Query: a7fKrq7b.madeupsetup.eu.windomain.local.", "timestamp": 1726414183.0422187, "attack_type": "DNS Query"}
[INFO] Flow: ('8.8.8.8', '192.168.38.104', 53, 49320, 'UDP'), Data Transferred: 174 bytes
[INFO] Flow: ('192.168.38.104', '8.8.8.8', 49321, 53, 'UDP'), Data Transferred: 83 bytes
[INFO] Flow: ('192.168.38.104', '18.217.1.57', 63664, 80, 'TCP'), Data Transferred: 66 bytes
[INFO] Flow: ('192.168.38.104', '18.217.1.57', 63663, 80, 'TCP'), Data Transferred: 623 bytes
[INFO] Flow: ('18.217.1.57', '192.168.38.104', 80, 63662, 'TCP'), Data Transferred: 179 bytes
[INFO] Flow: ('8.8.8.8', '192.168.38.104', 53, 49321, 'UDP'), Data Transferred: 162 bytes
[INFO] Flow: ('192.168.38.104', '8.8.8.8', 49322, 53, 'UDP'), Data Transferred: 121 bytes
[INFO] Flow: ('8.8.8.8', '192.168.38.104', 53, 49322, 'UDP'), Data Transferred: 209 bytes
[INFO] Flow: ('192.168.38.104', '8.8.8.8', 49323, 53, 'UDP'), Data Transferred: 99 bytes
[INFO] Flow: ('8.8.8.8', '192.168.38.104', 53, 49323, 'UDP'), Data Transferred: 174 bytes
{"message": "Detected DNS Query: b'a7fKrq7b.madeupsetup.eu.windomain.local.' with encoding ascii", "timestamp": 1726414183.2256098, "attack_type": "DNS Query"}
{"message": "Decoded DNS Query: a7fKrq7b.madeupsetup.eu.windomain.local.", "timestamp": 1726414183.3748584, "attack_type": "DNS Query"}
{"message": "Intrusion Detected: Port scanning detected from 8.8.8.8", "timestamp": 1726414183.5254037, "attack_type": "Port Scan"}
{"message": "Detected DNS Query: b'NLWqvffb.madeupsetup.eu.' with encoding ascii", "timestamp": 1726414183.6094217, "attack_type": "DNS Query"}
{"message": "Decoded DNS Query: NLWqvffb.madeupsetup.eu.", "timestamp": 1726414183.7914066, "attack_type": "DNS Query"}
{"message": "Detected DNS Query: b'NLWqvffb.madeupsetup.eu.' with encoding ascii", "timestamp": 1726414183.9433494, "attack_type": "DNS Query"}
{"message": "Decoded DNS Query: NLWqvffb.madeupsetup.eu.", "timestamp": 1726414184.0750427, "attack_type": "DNS Query"}
{"message": "Intrusion Detected: Port scanning detected from 8.8.8.8", "timestamp": 1726414184.216706, "attack_type": "Port Scan"}
{"message": "Traffic Anomaly Detected: 192.168.38.104 shows sudden traffic spike. Current: 677, Avg: 264.8", "timestamp": 1726414184.3759723, "attack_type": "Traffic Anomaly"}
{"message": "Detected DNS Query: b'NLWqvffb.madeupsetup.eu.us-west-1.ec2-utilities.amazonaws.com.' with encoding ascii", "timestamp": 1726414184.5255756, "attack_type": "DNS Query"}
{"message": "Decoded DNS Query: NLWqvffb.madeupsetup.eu.us-west-1.ec2-utilities.amazonaws.com.", "timestamp": 1726414184.6834228, "attack_type": "DNS Query"}
{"message": "Intrusion Detected: Possible DNS exfiltration in query NLWqvffb.madeupsetup.eu.us-west-1.ec2-utilities.amazonaws.com.", "timestamp": 1726414184.8903863, "attack_type": "DNS Exfiltration"}
[INFO] Flow: ('192.168.38.104', '8.8.8.8', 49324, 53, 'UDP'), Data Transferred: 83 bytes
[INFO] Packet dropped: Invalid TCP packet characteristics
[INFO] Flow: ('192.168.38.104', '18.217.1.57', 63664, 80, 'TCP'), Data Transferred: 120 bytes
[INFO] Flow: ('18.217.1.57', '192.168.38.104', 80, 63663, 'TCP'), Data Transferred: 54 bytes
[INFO] Flow: ('8.8.8.8', '192.168.38.104', 53, 49324, 'UDP'), Data Transferred: 162 bytes
[INFO] Flow: ('18.217.1.57', '192.168.38.104', 80, 63663, 'TCP'), Data Transferred: 125 bytes
[INFO] Packet dropped: Invalid TCP packet characteristics
[INFO] Flow: ('192.168.38.104', '18.217.1.57', 63663, 80, 'TCP'), Data Transferred: 677 bytes
[INFO] Flow: ('192.168.38.104', '8.8.8.8', 49325, 53, 'UDP'), Data Transferred: 121 bytes
[INFO] Packet dropped: Invalid TCP packet characteristics
{"message": "Detected DNS Query: b'NLWqvffb.madeupsetup.eu.us-west-1.ec2-utilities.amazonaws.com.' with encoding ascii", "timestamp": 1726414185.058461, "attack_type": "DNS Query"}
{"message": "Decoded DNS Query: NLWqvffb.madeupsetup.eu.us-west-1.ec2-utilities.amazonaws.com.", "timestamp": 1726414185.224681, "attack_type": "DNS Query"}
{"message": "Intrusion Detected: Possible DNS exfiltration in query NLWqvffb.madeupsetup.eu.us-west-1.ec2-utilities.amazonaws.com.", "timestamp": 1726414185.3325143, "attack_type": "DNS Exfiltration"}
{"message": "Intrusion Detected: Port scanning detected from 8.8.8.8", "timestamp": 1726414185.4834335, "attack_type": "Port Scan"}
{"message": "Detected DNS Query: b'NLWqvffb.madeupsetup.eu.windomain.local.' with encoding ascii", "timestamp": 1726414185.625641, "attack_type": "DNS Query"}
{"message": "Decoded DNS Query: NLWqvffb.madeupsetup.eu.windomain.local.", "timestamp": 1726414185.7837017, "attack_type": "DNS Query"}
{"message": "Detected DNS Query: b'NLWqvffb.madeupsetup.eu.windomain.local.' with encoding ascii", "timestamp": 1726414185.9507234, "attack_type": "DNS Query"}
{"message": "Decoded DNS Query: NLWqvffb.madeupsetup.eu.windomain.local.", "timestamp": 1726414186.0830362, "attack_type": "DNS Query"}
{"message": "Intrusion Detected: Port scanning detected from 8.8.8.8", "timestamp": 1726414186.1749396, "attack_type": "Port Scan"}
{"message": "Detected DNS Query: b'jA7cwYZS.madeupsetup.eu.' with encoding ascii", "timestamp": 1726414186.3332558, "attack_type": "DNS Query"}
{"message": "Decoded DNS Query: jA7cwYZS.madeupsetup.eu.", "timestamp": 1726414186.492303, "attack_type": "DNS Query"}
{"message": "Detected DNS Query: b'jA7cwYZS.madeupsetup.eu.' with encoding ascii", "timestamp": 1726414186.667087, "attack_type": "DNS Query"}
{"message": "Decoded DNS Query: jA7cwYZS.madeupsetup.eu.", "timestamp": 1726414186.8244421, "attack_type": "DNS Query"}
{"message": "Intrusion Detected: Port scanning detected from 8.8.8.8", "timestamp": 1726414186.9584973, "attack_type": "Port Scan"}
{"message": "Detected DNS Query: b'jA7cwYZS.madeupsetup.eu.us-west-1.ec2-utilities.amazonaws.com.' with encoding ascii", "timestamp": 1726414187.0416007, "attack_type": "DNS Query"}
{"message": "Decoded DNS Query: jA7cwYZS.madeupsetup.eu.us-west-1.ec2-utilities.amazonaws.com.", "timestamp": 1726414187.1916792, "attack_type": "DNS Query"}
{"message": "Intrusion Detected: Possible DNS exfiltration in query jA7cwYZS.madeupsetup.eu.us-west-1.ec2-utilities.amazonaws.com.", "timestamp": 1726414187.3331387, "attack_type": "DNS Exfiltration"}
{"message": "Detected DNS Query: b'jA7cwYZS.madeupsetup.eu.us-west-1.ec2-utilities.amazonaws.com.' with encoding ascii", "timestamp": 1726414187.492977, "attack_type": "DNS Query"}
{"message": "Decoded DNS Query: jA7cwYZS.madeupsetup.eu.us-west-1.ec2-utilities.amazonaws.com.", "timestamp": 1726414187.6740935, "attack_type": "DNS Query"}
{"message": "Intrusion Detected: Possible DNS exfiltration in query jA7cwYZS.madeupsetup.eu.us-west-1.ec2-utilities.amazonaws.com.", "timestamp": 1726414187.8168216, "attack_type": "DNS Exfiltration"}
{"message": "Intrusion Detected: Port scanning detected from 8.8.8.8", "timestamp": 1726414188.0411716, "attack_type": "Port Scan"}
{"message": "Detected DNS Query: b'jA7cwYZS.madeupsetup.eu.windomain.local.' with encoding ascii", "timestamp": 1726414188.2083755, "attack_type": "DNS Query"}
{"message": "Decoded DNS Query: jA7cwYZS.madeupsetup.eu.windomain.local.", "timestamp": 1726414188.3493917, "attack_type": "DNS Query"}
[INFO] Flow: ('8.8.8.8', '192.168.38.104', 53, 49325, 'UDP'), Data Transferred: 209 bytes
[INFO] Flow: ('192.168.38.104', '8.8.8.8', 49326, 53, 'UDP'), Data Transferred: 99 bytes
[INFO] Flow: ('8.8.8.8', '192.168.38.104', 53, 49326, 'UDP'), Data Transferred: 174 bytes
[INFO] Flow: ('192.168.38.104', '8.8.8.8', 49327, 53, 'UDP'), Data Transferred: 83 bytes
[INFO] Flow: ('8.8.8.8', '192.168.38.104', 53, 49327, 'UDP'), Data Transferred: 162 bytes
[INFO] Flow: ('192.168.38.104', '8.8.8.8', 49328, 53, 'UDP'), Data Transferred: 121 bytes
[INFO] Flow: ('18.217.1.57', '192.168.38.104', 80, 63663, 'TCP'), Data Transferred: 179 bytes
[INFO] Flow: ('8.8.8.8', '192.168.38.104', 53, 49328, 'UDP'), Data Transferred: 221 bytes
[INFO] Flow: ('192.168.38.104', '8.8.8.8', 49329, 53, 'UDP'), Data Transferred: 99 bytes
[INFO] Flow: ('8.8.8.8', '192.168.38.104', 53, 49329, 'UDP'), Data Transferred: 174 bytes
{"message": "Detected DNS Query: b'jA7cwYZS.madeupsetup.eu.windomain.local.' with encoding ascii", "timestamp": 1726414188.501106, "attack_type": "DNS Query"}
{"message": "Decoded DNS Query: jA7cwYZS.madeupsetup.eu.windomain.local.", "timestamp": 1726414188.642436, "attack_type": "DNS Query"}
{"message": "Intrusion Detected: Port scanning detected from 8.8.8.8", "timestamp": 1726414188.7245982, "attack_type": "Port Scan"}
{"message": "Detected DNS Query: b'YQoNqdqR.madeupsetup.eu.' with encoding ascii", "timestamp": 1726414188.8593538, "attack_type": "DNS Query"}
{"message": "Decoded DNS Query: YQoNqdqR.madeupsetup.eu.", "timestamp": 1726414189.0246506, "attack_type": "DNS Query"}
{"message": "Detected DNS Query: b'YQoNqdqR.madeupsetup.eu.' with encoding ascii", "timestamp": 1726414189.1584716, "attack_type": "DNS Query"}
{"message": "Decoded DNS Query: YQoNqdqR.madeupsetup.eu.", "timestamp": 1726414189.325006, "attack_type": "DNS Query"}
{"message": "Intrusion Detected: Port scanning detected from 8.8.8.8", "timestamp": 1726414189.4336593, "attack_type": "Port Scan"}
{"message": "Detected DNS Query: b'YQoNqdqR.madeupsetup.eu.us-west-1.ec2-utilities.amazonaws.com.' with encoding ascii", "timestamp": 1726414189.575774, "attack_type": "DNS Query"}
{"message": "Decoded DNS Query: YQoNqdqR.madeupsetup.eu.us-west-1.ec2-utilities.amazonaws.com.", "timestamp": 1726414189.7082374, "attack_type": "DNS Query"}
{"message": "Intrusion Detected: Possible DNS exfiltration in query YQoNqdqR.madeupsetup.eu.us-west-1.ec2-utilities.amazonaws.com.", "timestamp": 1726414189.8581042, "attack_type": "DNS Exfiltration"}
{"message": "Detected DNS Query: b'YQoNqdqR.madeupsetup.eu.us-west-1.ec2-utilities.amazonaws.com.' with encoding ascii", "timestamp": 1726414190.0345502, "attack_type": "DNS Query"}
{"message": "Decoded DNS Query: YQoNqdqR.madeupsetup.eu.us-west-1.ec2-utilities.amazonaws.com.", "timestamp": 1726414190.21618, "attack_type": "DNS Query"}
{"message": "Intrusion Detected: Possible DNS exfiltration in query YQoNqdqR.madeupsetup.eu.us-west-1.ec2-utilities.amazonaws.com.", "timestamp": 1726414190.400257, "attack_type": "DNS Exfiltration"}
{"message": "Intrusion Detected: Port scanning detected from 8.8.8.8", "timestamp": 1726414190.5976522, "attack_type": "Port Scan"}
{"message": "Detected DNS Query: b'YQoNqdqR.madeupsetup.eu.windomain.local.' with encoding ascii", "timestamp": 1726414190.766694, "attack_type": "DNS Query"}
{"message": "Decoded DNS Query: YQoNqdqR.madeupsetup.eu.windomain.local.", "timestamp": 1726414190.9171152, "attack_type": "DNS Query"}
{"message": "Detected DNS Query: b'YQoNqdqR.madeupsetup.eu.windomain.local.' with encoding ascii", "timestamp": 1726414191.050658, "attack_type": "DNS Query"}
{"message": "Decoded DNS Query: YQoNqdqR.madeupsetup.eu.windomain.local.", "timestamp": 1726414191.1408818, "attack_type": "DNS Query"}
{"message": "Intrusion Detected: Port scanning detected from 8.8.8.8", "timestamp": 1726414191.2755358, "attack_type": "Port Scan"}
{"message": "Detected DNS Query: b'bEJJWqvq.madeupsetup.eu.' with encoding ascii", "timestamp": 1726414191.4416838, "attack_type": "DNS Query"}
{"message": "Decoded DNS Query: bEJJWqvq.madeupsetup.eu.", "timestamp": 1726414191.574272, "attack_type": "DNS Query"}
{"message": "Detected DNS Query: b'bEJJWqvq.madeupsetup.eu.' with encoding ascii", "timestamp": 1726414191.7031705, "attack_type": "DNS Query"}
{"message": "Decoded DNS Query: bEJJWqvq.madeupsetup.eu.", "timestamp": 1726414191.7738366, "attack_type": "DNS Query"}
{"message": "Intrusion Detected: Port scanning detected from 8.8.8.8", "timestamp": 1726414191.949411, "attack_type": "Port Scan"}
{"message": "Detected DNS Query: b'bEJJWqvq.madeupsetup.eu.us-west-1.ec2-utilities.amazonaws.com.' with encoding ascii", "timestamp": 1726414192.4005806, "attack_type": "DNS Query"}
{"message": "Decoded DNS Query: bEJJWqvq.madeupsetup.eu.us-west-1.ec2-utilities.amazonaws.com.", "timestamp": 1726414192.5503068, "attack_type": "DNS Query"}
{"message": "Intrusion Detected: Possible DNS exfiltration in query bEJJWqvq.madeupsetup.eu.us-west-1.ec2-utilities.amazonaws.com.", "timestamp": 1726414192.7163079, "attack_type": "DNS Exfiltration"}
[INFO] Flow: ('192.168.38.104', '8.8.8.8', 49330, 53, 'UDP'), Data Transferred: 83 bytes
[INFO] Flow: ('8.8.8.8', '192.168.38.104', 53, 49330, 'UDP'), Data Transferred: 162 bytes
[INFO] Flow: ('192.168.38.104', '8.8.8.8', 49331, 53, 'UDP'), Data Transferred: 121 bytes
[INFO] Flow: ('8.8.8.8', '192.168.38.104', 53, 49331, 'UDP'), Data Transferred: 209 bytes
[INFO] Flow: ('192.168.38.104', '8.8.8.8', 49332, 53, 'UDP'), Data Transferred: 99 bytes
[INFO] Flow: ('8.8.8.8', '192.168.38.104', 53, 49332, 'UDP'), Data Transferred: 174 bytes
[INFO] Flow: ('192.168.38.104', '8.8.8.8', 49333, 53, 'UDP'), Data Transferred: 83 bytes
[INFO] Flow: ('8.8.8.8', '192.168.38.104', 53, 49333, 'UDP'), Data Transferred: 162 bytes
[INFO] Flow: ('192.168.38.104', '8.8.8.8', 49334, 53, 'UDP'), Data Transferred: 121 bytes
[INFO] Flow: ('8.8.8.8', '192.168.38.104', 53, 49334, 'UDP'), Data Transferred: 209 bytes
{"message": "Detected DNS Query: b'bEJJWqvq.madeupsetup.eu.us-west-1.ec2-utilities.amazonaws.com.' with encoding ascii", "timestamp": 1726414192.8842888, "attack_type": "DNS Query"}
{"message": "Decoded DNS Query: bEJJWqvq.madeupsetup.eu.us-west-1.ec2-utilities.amazonaws.com.", "timestamp": 1726414193.0322394, "attack_type": "DNS Query"}
{"message": "Intrusion Detected: Possible DNS exfiltration in query bEJJWqvq.madeupsetup.eu.us-west-1.ec2-utilities.amazonaws.com.", "timestamp": 1726414193.1078453, "attack_type": "DNS Exfiltration"}
{"message": "Intrusion Detected: Port scanning detected from 8.8.8.8", "timestamp": 1726414193.2826715, "attack_type": "Port Scan"}
{"message": "Detected DNS Query: b'bEJJWqvq.madeupsetup.eu.windomain.local.' with encoding ascii", "timestamp": 1726414193.4164093, "attack_type": "DNS Query"}
{"message": "Decoded DNS Query: bEJJWqvq.madeupsetup.eu.windomain.local.", "timestamp": 1726414193.5574977, "attack_type": "DNS Query"}
{"message": "Detected DNS Query: b'bEJJWqvq.madeupsetup.eu.windomain.local.' with encoding ascii", "timestamp": 1726414193.716064, "attack_type": "DNS Query"}
{"message": "Decoded DNS Query: bEJJWqvq.madeupsetup.eu.windomain.local.", "timestamp": 1726414193.7827213, "attack_type": "DNS Query"}
{"message": "Intrusion Detected: Port scanning detected from 8.8.8.8", "timestamp": 1726414193.9163997, "attack_type": "Port Scan"}
{"message": "Detected DNS Query: b'rIrbCl8t.madeupsetup.eu.' with encoding ascii", "timestamp": 1726414194.0922425, "attack_type": "DNS Query"}
{"message": "Decoded DNS Query: rIrbCl8t.madeupsetup.eu.", "timestamp": 1726414194.2162793, "attack_type": "DNS Query"}
{"message": "Intrusion Detected: HTTP Covert Channel Detected in User-Agent: Mozilla/5.0 (Windows NT 10.0; Win64; x64) AppleWebKit/537.36 (KHTML, like Gecko) Chrome/84.0.4147.105 Safari/537.36", "timestamp": 1726414194.2914503, "attack_type": "HTTP Covert Channel"}
{"message": "Traffic Anomaly Detected: 192.168.38.104 shows sudden traffic spike. Current: 623, Avg: 147.7", "timestamp": 1726414194.433596, "attack_type": "Traffic Anomaly"}
{"message": "Detected DNS Query: b'rIrbCl8t.madeupsetup.eu.' with encoding ascii", "timestamp": 1726414194.582962, "attack_type": "DNS Query"}
{"message": "Decoded DNS Query: rIrbCl8t.madeupsetup.eu.", "timestamp": 1726414194.7324982, "attack_type": "DNS Query"}
{"message": "Intrusion Detected: Port scanning detected from 8.8.8.8", "timestamp": 1726414194.8654518, "attack_type": "Port Scan"}
{"message": "Detected DNS Query: b'rIrbCl8t.madeupsetup.eu.us-west-1.ec2-utilities.amazonaws.com.' with encoding ascii", "timestamp": 1726414194.9503083, "attack_type": "DNS Query"}
{"message": "Decoded DNS Query: rIrbCl8t.madeupsetup.eu.us-west-1.ec2-utilities.amazonaws.com.", "timestamp": 1726414195.0823452, "attack_type": "DNS Query"}
{"message": "Intrusion Detected: Possible DNS exfiltration in query rIrbCl8t.madeupsetup.eu.us-west-1.ec2-utilities.amazonaws.com.", "timestamp": 1726414195.2415946, "attack_type": "DNS Exfiltration"}
[INFO] Flow: ('192.168.38.104', '8.8.8.8', 49335, 53, 'UDP'), Data Transferred: 99 bytes
[INFO] Flow: ('8.8.8.8', '192.168.38.104', 53, 49335, 'UDP'), Data Transferred: 174 bytes
[INFO] Flow: ('192.168.38.104', '8.8.8.8', 49336, 53, 'UDP'), Data Transferred: 83 bytes
[INFO] Flow: ('192.168.38.104', '18.217.1.57', 63665, 80, 'TCP'), Data Transferred: 66 bytes
[INFO] Flow: ('192.168.38.104', '18.217.1.57', 63664, 80, 'TCP'), Data Transferred: 623 bytes
[INFO] Flow: ('8.8.8.8', '192.168.38.104', 53, 49336, 'UDP'), Data Transferred: 162 bytes
[INFO] Flow: ('192.168.38.104', '8.8.8.8', 49337, 53, 'UDP'), Data Transferred: 121 bytes
[INFO] Flow: ('18.217.1.57', '192.168.38.104', 80, 63664, 'TCP'), Data Transferred: 54 bytes
[INFO] Packet dropped: Invalid TCP packet characteristics
[INFO] Flow: ('192.168.38.104', '18.217.1.57', 63665, 80, 'TCP'), Data Transferred: 120 bytes
{"message": "Traffic Anomaly Detected: 192.168.38.104 shows sudden traffic spike. Current: 677, Avg: 209.2", "timestamp": 1726414195.375823, "attack_type": "Traffic Anomaly"}
{"message": "Detected DNS Query: b'rIrbCl8t.madeupsetup.eu.us-west-1.ec2-utilities.amazonaws.com.' with encoding ascii", "timestamp": 1726414195.5000174, "attack_type": "DNS Query"}
{"message": "Decoded DNS Query: rIrbCl8t.madeupsetup.eu.us-west-1.ec2-utilities.amazonaws.com.", "timestamp": 1726414195.640961, "attack_type": "DNS Query"}
{"message": "Intrusion Detected: Possible DNS exfiltration in query rIrbCl8t.madeupsetup.eu.us-west-1.ec2-utilities.amazonaws.com.", "timestamp": 1726414195.8161147, "attack_type": "DNS Exfiltration"}
{"message": "Intrusion Detected: Port scanning detected from 8.8.8.8", "timestamp": 1726414195.9857244, "attack_type": "Port Scan"}
{"message": "Detected DNS Query: b'rIrbCl8t.madeupsetup.eu.windomain.local.' with encoding ascii", "timestamp": 1726414196.1572378, "attack_type": "DNS Query"}
{"message": "Decoded DNS Query: rIrbCl8t.madeupsetup.eu.windomain.local.", "timestamp": 1726414196.3073547, "attack_type": "DNS Query"}
{"message": "Detected DNS Query: b'rIrbCl8t.madeupsetup.eu.windomain.local.' with encoding ascii", "timestamp": 1726414196.4086134, "attack_type": "DNS Query"}
{"message": "Decoded DNS Query: rIrbCl8t.madeupsetup.eu.windomain.local.", "timestamp": 1726414196.533974, "attack_type": "DNS Query"}
{"message": "Intrusion Detected: Port scanning detected from 8.8.8.8", "timestamp": 1726414196.6993408, "attack_type": "Port Scan"}
{"message": "Detected DNS Query: b'2VPCMWzB.madeupsetup.eu.' with encoding ascii", "timestamp": 1726414196.8588333, "attack_type": "DNS Query"}
{"message": "Decoded DNS Query: 2VPCMWzB.madeupsetup.eu.", "timestamp": 1726414196.9992785, "attack_type": "DNS Query"}
{"message": "Detected DNS Query: b'2VPCMWzB.madeupsetup.eu.' with encoding ascii", "timestamp": 1726414197.1497023, "attack_type": "DNS Query"}
{"message": "Decoded DNS Query: 2VPCMWzB.madeupsetup.eu.", "timestamp": 1726414197.2326915, "attack_type": "DNS Query"}
{"message": "Intrusion Detected: Port scanning detected from 8.8.8.8", "timestamp": 1726414197.407451, "attack_type": "Port Scan"}
[INFO] Flow: ('18.217.1.57', '192.168.38.104', 80, 63664, 'TCP'), Data Transferred: 125 bytes
[INFO] Packet dropped: Invalid TCP packet characteristics
[INFO] Flow: ('192.168.38.104', '18.217.1.57', 63664, 80, 'TCP'), Data Transferred: 677 bytes
[INFO] Packet dropped: Invalid TCP packet characteristics
[INFO] Flow: ('8.8.8.8', '192.168.38.104', 53, 49337, 'UDP'), Data Transferred: 209 bytes
[INFO] Flow: ('192.168.38.104', '8.8.8.8', 49338, 53, 'UDP'), Data Transferred: 99 bytes
[INFO] Flow: ('8.8.8.8', '192.168.38.104', 53, 49338, 'UDP'), Data Transferred: 174 bytes
[INFO] Flow: ('192.168.38.104', '8.8.8.8', 49339, 53, 'UDP'), Data Transferred: 83 bytes
[INFO] Flow: ('8.8.8.8', '192.168.38.104', 53, 49339, 'UDP'), Data Transferred: 162 bytes
[INFO] Flow: ('192.168.38.104', '8.8.8.8', 49340, 53, 'UDP'), Data Transferred: 121 bytes
{"message": "Detected DNS Query: b'2VPCMWzB.madeupsetup.eu.us-west-1.ec2-utilities.amazonaws.com.' with encoding ascii", "timestamp": 1726414197.542421, "attack_type": "DNS Query"}
{"message": "Decoded DNS Query: 2VPCMWzB.madeupsetup.eu.us-west-1.ec2-utilities.amazonaws.com.", "timestamp": 1726414197.679846, "attack_type": "DNS Query"}
{"message": "Intrusion Detected: Possible DNS exfiltration in query 2VPCMWzB.madeupsetup.eu.us-west-1.ec2-utilities.amazonaws.com.", "timestamp": 1726414197.8344364, "attack_type": "DNS Exfiltration"}
{"message": "Detected DNS Query: b'2VPCMWzB.madeupsetup.eu.us-west-1.ec2-utilities.amazonaws.com.' with encoding ascii", "timestamp": 1726414197.933734, "attack_type": "DNS Query"}
{"message": "Decoded DNS Query: 2VPCMWzB.madeupsetup.eu.us-west-1.ec2-utilities.amazonaws.com.", "timestamp": 1726414198.082603, "attack_type": "DNS Query"}
{"message": "Intrusion Detected: Possible DNS exfiltration in query 2VPCMWzB.madeupsetup.eu.us-west-1.ec2-utilities.amazonaws.com.", "timestamp": 1726414198.2158916, "attack_type": "DNS Exfiltration"}
{"message": "Intrusion Detected: Port scanning detected from 8.8.8.8", "timestamp": 1726414198.357582, "attack_type": "Port Scan"}
{"message": "Detected DNS Query: b'2VPCMWzB.madeupsetup.eu.windomain.local.' with encoding ascii", "timestamp": 1726414198.4507084, "attack_type": "DNS Query"}
{"message": "Decoded DNS Query: 2VPCMWzB.madeupsetup.eu.windomain.local.", "timestamp": 1726414198.6404192, "attack_type": "DNS Query"}
{"message": "Detected DNS Query: b'2VPCMWzB.madeupsetup.eu.windomain.local.' with encoding ascii", "timestamp": 1726414198.816621, "attack_type": "DNS Query"}
{"message": "Decoded DNS Query: 2VPCMWzB.madeupsetup.eu.windomain.local.", "timestamp": 1726414198.9740505, "attack_type": "DNS Query"}
{"message": "Intrusion Detected: Port scanning detected from 8.8.8.8", "timestamp": 1726414199.1494365, "attack_type": "Port Scan"}
{"message": "Detected DNS Query: b'vH/vJiy2.madeupsetup.eu.' with encoding ascii", "timestamp": 1726414199.3167248, "attack_type": "DNS Query"}
{"message": "Decoded DNS Query: vH/vJiy2.madeupsetup.eu.", "timestamp": 1726414199.4737458, "attack_type": "DNS Query"}
{"message": "Detected DNS Query: b'vH/vJiy2.madeupsetup.eu.' with encoding ascii", "timestamp": 1726414199.6079273, "attack_type": "DNS Query"}
{"message": "Decoded DNS Query: vH/vJiy2.madeupsetup.eu.", "timestamp": 1726414199.7575157, "attack_type": "DNS Query"}
{"message": "Intrusion Detected: Port scanning detected from 8.8.8.8", "timestamp": 1726414199.8487093, "attack_type": "Port Scan"}
{"message": "Detected DNS Query: b'vH/vJiy2.madeupsetup.eu.us-west-1.ec2-utilities.amazonaws.com.' with encoding ascii", "timestamp": 1726414199.9913447, "attack_type": "DNS Query"}
{"message": "Decoded DNS Query: vH/vJiy2.madeupsetup.eu.us-west-1.ec2-utilities.amazonaws.com.", "timestamp": 1726414200.1660411, "attack_type": "DNS Query"}
{"message": "Intrusion Detected: Possible DNS exfiltration in query vH/vJiy2.madeupsetup.eu.us-west-1.ec2-utilities.amazonaws.com.", "timestamp": 1726414200.299627, "attack_type": "DNS Exfiltration"}
{"message": "Detected DNS Query: b'vH/vJiy2.madeupsetup.eu.us-west-1.ec2-utilities.amazonaws.com.' with encoding ascii", "timestamp": 1726414200.440695, "attack_type": "DNS Query"}
{"message": "Decoded DNS Query: vH/vJiy2.madeupsetup.eu.us-west-1.ec2-utilities.amazonaws.com.", "timestamp": 1726414200.5326452, "attack_type": "DNS Query"}
{"message": "Intrusion Detected: Possible DNS exfiltration in query vH/vJiy2.madeupsetup.eu.us-west-1.ec2-utilities.amazonaws.com.", "timestamp": 1726414200.732807, "attack_type": "DNS Exfiltration"}
{"message": "Intrusion Detected: Port scanning detected from 8.8.8.8", "timestamp": 1726414200.8823888, "attack_type": "Port Scan"}
{"message": "Detected DNS Query: b'vH/vJiy2.madeupsetup.eu.windomain.local.' with encoding ascii", "timestamp": 1726414201.0496075, "attack_type": "DNS Query"}
{"message": "Decoded DNS Query: vH/vJiy2.madeupsetup.eu.windomain.local.", "timestamp": 1726414201.148248, "attack_type": "DNS Query"}
[INFO] Flow: ('18.217.1.57', '192.168.38.104', 80, 63664, 'TCP'), Data Transferred: 179 bytes
[INFO] Flow: ('8.8.8.8', '192.168.38.104', 53, 49340, 'UDP'), Data Transferred: 209 bytes
[INFO] Flow: ('192.168.38.104', '8.8.8.8', 49341, 53, 'UDP'), Data Transferred: 99 bytes
[INFO] Flow: ('8.8.8.8', '192.168.38.104', 53, 49341, 'UDP'), Data Transferred: 174 bytes
[INFO] Flow: ('192.168.38.104', '8.8.8.8', 49342, 53, 'UDP'), Data Transferred: 83 bytes
[INFO] Flow: ('8.8.8.8', '192.168.38.104', 53, 49342, 'UDP'), Data Transferred: 162 bytes
[INFO] Flow: ('192.168.38.104', '8.8.8.8', 49343, 53, 'UDP'), Data Transferred: 121 bytes
[INFO] Flow: ('8.8.8.8', '192.168.38.104', 53, 49343, 'UDP'), Data Transferred: 221 bytes
[INFO] Flow: ('192.168.38.104', '8.8.8.8', 49344, 53, 'UDP'), Data Transferred: 99 bytes
[INFO] Flow: ('8.8.8.8', '192.168.38.104', 53, 49344, 'UDP'), Data Transferred: 174 bytes
{"message": "Detected DNS Query: b'vH/vJiy2.madeupsetup.eu.windomain.local.' with encoding ascii", "timestamp": 1726414201.2923684, "attack_type": "DNS Query"}
{"message": "Decoded DNS Query: vH/vJiy2.madeupsetup.eu.windomain.local.", "timestamp": 1726414201.4237266, "attack_type": "DNS Query"}
{"message": "Intrusion Detected: Port scanning detected from 8.8.8.8", "timestamp": 1726414201.5984406, "attack_type": "Port Scan"}
{"message": "Detected DNS Query: b'e8bxxZ92.madeupsetup.eu.' with encoding ascii", "timestamp": 1726414201.7409081, "attack_type": "DNS Query"}
{"message": "Decoded DNS Query: e8bxxZ92.madeupsetup.eu.", "timestamp": 1726414201.8902352, "attack_type": "DNS Query"}
{"message": "Intrusion Detected: HTTP Covert Channel Detected in User-Agent: Mozilla/5.0 (Windows NT 10.0; Win64; x64) AppleWebKit/537.36 (KHTML, like Gecko) Chrome/84.0.4147.105 Safari/537.36", "timestamp": 1726414202.0413399, "attack_type": "HTTP Covert Channel"}
{"message": "Traffic Anomaly Detected: 192.168.38.104 shows sudden traffic spike. Current: 623, Avg: 147.7", "timestamp": 1726414202.1912105, "attack_type": "Traffic Anomaly"}
{"message": "Detected DNS Query: b'e8bxxZ92.madeupsetup.eu.' with encoding ascii", "timestamp": 1726414202.2916725, "attack_type": "DNS Query"}
{"message": "Decoded DNS Query: e8bxxZ92.madeupsetup.eu.", "timestamp": 1726414202.4567096, "attack_type": "DNS Query"}
{"message": "Intrusion Detected: Port scanning detected from 8.8.8.8", "timestamp": 1726414202.599241, "attack_type": "Port Scan"}
{"message": "Detected DNS Query: b'e8bxxZ92.madeupsetup.eu.us-west-1.ec2-utilities.amazonaws.com.' with encoding ascii", "timestamp": 1726414202.7324615, "attack_type": "DNS Query"}
{"message": "Decoded DNS Query: e8bxxZ92.madeupsetup.eu.us-west-1.ec2-utilities.amazonaws.com.", "timestamp": 1726414202.9328327, "attack_type": "DNS Query"}
{"message": "Intrusion Detected: Possible DNS exfiltration in query e8bxxZ92.madeupsetup.eu.us-west-1.ec2-utilities.amazonaws.com.", "timestamp": 1726414203.082695, "attack_type": "DNS Exfiltration"}
{"message": "Detected DNS Query: b'e8bxxZ92.madeupsetup.eu.us-west-1.ec2-utilities.amazonaws.com.' with encoding ascii", "timestamp": 1726414203.2327678, "attack_type": "DNS Query"}
{"message": "Decoded DNS Query: e8bxxZ92.madeupsetup.eu.us-west-1.ec2-utilities.amazonaws.com.", "timestamp": 1726414203.4325202, "attack_type": "DNS Query"}
{"message": "Intrusion Detected: Possible DNS exfiltration in query e8bxxZ92.madeupsetup.eu.us-west-1.ec2-utilities.amazonaws.com.", "timestamp": 1726414203.5247045, "attack_type": "DNS Exfiltration"}
{"message": "Intrusion Detected: Port scanning detected from 8.8.8.8", "timestamp": 1726414203.6569667, "attack_type": "Port Scan"}
{"message": "Detected DNS Query: b'e8bxxZ92.madeupsetup.eu.windomain.local.' with encoding ascii", "timestamp": 1726414203.8403854, "attack_type": "DNS Query"}
{"message": "Decoded DNS Query: e8bxxZ92.madeupsetup.eu.windomain.local.", "timestamp": 1726414203.990218, "attack_type": "DNS Query"}
{"message": "Detected DNS Query: b'e8bxxZ92.madeupsetup.eu.windomain.local.' with encoding ascii", "timestamp": 1726414204.1407387, "attack_type": "DNS Query"}
{"message": "Decoded DNS Query: e8bxxZ92.madeupsetup.eu.windomain.local.", "timestamp": 1726414204.3657196, "attack_type": "DNS Query"}
{"message": "Intrusion Detected: Port scanning detected from 8.8.8.8", "timestamp": 1726414204.532277, "attack_type": "Port Scan"}
{"message": "Detected DNS Query: b'Sk7RnT+D.madeupsetup.eu.' with encoding ascii", "timestamp": 1726414204.6825778, "attack_type": "DNS Query"}
{"message": "Decoded DNS Query: Sk7RnT+D.madeupsetup.eu.", "timestamp": 1726414204.8410985, "attack_type": "DNS Query"}
[INFO] Flow: ('192.168.38.104', '8.8.8.8', 49345, 53, 'UDP'), Data Transferred: 83 bytes
[INFO] Flow: ('192.168.38.104', '18.217.1.57', 63666, 80, 'TCP'), Data Transferred: 66 bytes
[INFO] Flow: ('192.168.38.104', '18.217.1.57', 63665, 80, 'TCP'), Data Transferred: 623 bytes
[INFO] Flow: ('8.8.8.8', '192.168.38.104', 53, 49345, 'UDP'), Data Transferred: 162 bytes
[INFO] Flow: ('192.168.38.104', '8.8.8.8', 49346, 53, 'UDP'), Data Transferred: 121 bytes
[INFO] Flow: ('8.8.8.8', '192.168.38.104', 53, 49346, 'UDP'), Data Transferred: 209 bytes
[INFO] Flow: ('192.168.38.104', '8.8.8.8', 49347, 53, 'UDP'), Data Transferred: 99 bytes
[INFO] Flow: ('8.8.8.8', '192.168.38.104', 53, 49347, 'UDP'), Data Transferred: 174 bytes
[INFO] Flow: ('192.168.38.104', '8.8.8.8', 49348, 53, 'UDP'), Data Transferred: 83 bytes
[INFO] Packet dropped: Invalid TCP packet characteristics
{"message": "Traffic Anomaly Detected: 192.168.38.104 shows sudden traffic spike. Current: 677, Avg: 209.2", "timestamp": 1726414204.9839826, "attack_type": "Traffic Anomaly"}
{"message": "Detected DNS Query: b'Sk7RnT+D.madeupsetup.eu.' with encoding ascii", "timestamp": 1726414205.0834205, "attack_type": "DNS Query"}
{"message": "Decoded DNS Query: Sk7RnT+D.madeupsetup.eu.", "timestamp": 1726414205.2234414, "attack_type": "DNS Query"}
{"message": "Intrusion Detected: Port scanning detected from 8.8.8.8", "timestamp": 1726414205.390638, "attack_type": "Port Scan"}
{"message": "Detected DNS Query: b'Sk7RnT+D.madeupsetup.eu.us-west-1.ec2-utilities.amazonaws.com.' with encoding ascii", "timestamp": 1726414205.5656743, "attack_type": "DNS Query"}
{"message": "Decoded DNS Query: Sk7RnT+D.madeupsetup.eu.us-west-1.ec2-utilities.amazonaws.com.", "timestamp": 1726414205.7072227, "attack_type": "DNS Query"}
{"message": "Intrusion Detected: Possible DNS exfiltration in query Sk7RnT+D.madeupsetup.eu.us-west-1.ec2-utilities.amazonaws.com.", "timestamp": 1726414205.8571768, "attack_type": "DNS Exfiltration"}
[INFO] Flow: ('192.168.38.104', '18.217.1.57', 63666, 80, 'TCP'), Data Transferred: 120 bytes
[INFO] Flow: ('18.217.1.57', '192.168.38.104', 80, 63665, 'TCP'), Data Transferred: 54 bytes
[INFO] Flow: ('18.217.1.57', '192.168.38.104', 80, 63665, 'TCP'), Data Transferred: 125 bytes
[INFO] Packet dropped: Invalid TCP packet characteristics
[INFO] Flow: ('192.168.38.104', '18.217.1.57', 63665, 80, 'TCP'), Data Transferred: 677 bytes
[INFO] Packet dropped: Invalid TCP packet characteristics
[INFO] Flow: ('8.8.8.8', '192.168.38.104', 53, 49348, 'UDP'), Data Transferred: 162 bytes
[INFO] Flow: ('192.168.38.104', '8.8.8.8', 49349, 53, 'UDP'), Data Transferred: 121 bytes
[INFO] Flow: ('18.217.1.57', '192.168.38.104', 80, 63665, 'TCP'), Data Transferred: 179 bytes
[INFO] Flow: ('8.8.8.8', '192.168.38.104', 53, 49349, 'UDP'), Data Transferred: 209 bytes
{"message": "Detected DNS Query: b'Sk7RnT+D.madeupsetup.eu.us-west-1.ec2-utilities.amazonaws.com.' with encoding ascii", "timestamp": 1726414205.9502363, "attack_type": "DNS Query"}
{"message": "Decoded DNS Query: Sk7RnT+D.madeupsetup.eu.us-west-1.ec2-utilities.amazonaws.com.", "timestamp": 1726414206.1244278, "attack_type": "DNS Query"}
{"message": "Intrusion Detected: Possible DNS exfiltration in query Sk7RnT+D.madeupsetup.eu.us-west-1.ec2-utilities.amazonaws.com.", "timestamp": 1726414206.2491446, "attack_type": "DNS Exfiltration"}
{"message": "Intrusion Detected: Port scanning detected from 8.8.8.8", "timestamp": 1726414206.4486482, "attack_type": "Port Scan"}
{"message": "Detected DNS Query: b'Sk7RnT+D.madeupsetup.eu.windomain.local.' with encoding ascii", "timestamp": 1726414206.6331575, "attack_type": "DNS Query"}
{"message": "Decoded DNS Query: Sk7RnT+D.madeupsetup.eu.windomain.local.", "timestamp": 1726414206.7987294, "attack_type": "DNS Query"}
{"message": "Detected DNS Query: b'Sk7RnT+D.madeupsetup.eu.windomain.local.' with encoding ascii", "timestamp": 1726414206.982462, "attack_type": "DNS Query"}
{"message": "Decoded DNS Query: Sk7RnT+D.madeupsetup.eu.windomain.local.", "timestamp": 1726414207.1490562, "attack_type": "DNS Query"}
{"message": "Detected DNS Query: b'CeBXXXFy.madeupsetup.eu.' with encoding ascii", "timestamp": 1726414207.32378, "attack_type": "DNS Query"}
{"message": "Decoded DNS Query: CeBXXXFy.madeupsetup.eu.", "timestamp": 1726414207.5062933, "attack_type": "DNS Query"}
{"message": "Intrusion Detected: HTTP Covert Channel Detected in User-Agent: Mozilla/5.0 (Windows NT 10.0; Win64; x64) AppleWebKit/537.36 (KHTML, like Gecko) Chrome/84.0.4147.105 Safari/537.36", "timestamp": 1726414207.6403098, "attack_type": "HTTP Covert Channel"}
{"message": "Traffic Anomaly Detected: 192.168.38.104 shows sudden traffic spike. Current: 623, Avg: 209.2", "timestamp": 1726414207.7830448, "attack_type": "Traffic Anomaly"}
{"message": "Detected DNS Query: b'CeBXXXFy.madeupsetup.eu.' with encoding ascii", "timestamp": 1726414207.8829176, "attack_type": "DNS Query"}
{"message": "Decoded DNS Query: CeBXXXFy.madeupsetup.eu.", "timestamp": 1726414208.056576, "attack_type": "DNS Query"}
{"message": "Detected DNS Query: b'CeBXXXFy.madeupsetup.eu.us-west-1.ec2-utilities.amazonaws.com.' with encoding ascii", "timestamp": 1726414208.2074075, "attack_type": "DNS Query"}
{"message": "Decoded DNS Query: CeBXXXFy.madeupsetup.eu.us-west-1.ec2-utilities.amazonaws.com.", "timestamp": 1726414208.3310995, "attack_type": "DNS Query"}
{"message": "Intrusion Detected: Possible DNS exfiltration in query CeBXXXFy.madeupsetup.eu.us-west-1.ec2-utilities.amazonaws.com.", "timestamp": 1726414208.4403877, "attack_type": "DNS Exfiltration"}
{"message": "Detected DNS Query: b'CeBXXXFy.madeupsetup.eu.us-west-1.ec2-utilities.amazonaws.com.' with encoding ascii", "timestamp": 1726414208.515282, "attack_type": "DNS Query"}
{"message": "Decoded DNS Query: CeBXXXFy.madeupsetup.eu.us-west-1.ec2-utilities.amazonaws.com.", "timestamp": 1726414208.6483831, "attack_type": "DNS Query"}
{"message": "Intrusion Detected: Possible DNS exfiltration in query CeBXXXFy.madeupsetup.eu.us-west-1.ec2-utilities.amazonaws.com.", "timestamp": 1726414208.806905, "attack_type": "DNS Exfiltration"}
{"message": "Detected DNS Query: b'CeBXXXFy.madeupsetup.eu.windomain.local.' with encoding ascii", "timestamp": 1726414208.965707, "attack_type": "DNS Query"}
{"message": "Decoded DNS Query: CeBXXXFy.madeupsetup.eu.windomain.local.", "timestamp": 1726414209.0404449, "attack_type": "DNS Query"}
[INFO] Flow: ('192.168.38.104', '8.8.8.8', 49350, 53, 'UDP'), Data Transferred: 99 bytes
[INFO] Flow: ('8.8.8.8', '192.168.38.104', 53, 49350, 'UDP'), Data Transferred: 174 bytes
[INFO] Flow: ('192.168.38.104', '8.8.8.8', 49351, 53, 'UDP'), Data Transferred: 83 bytes
[INFO] Flow: ('192.168.38.104', '18.217.1.57', 63667, 80, 'TCP'), Data Transferred: 66 bytes
[INFO] Flow: ('192.168.38.104', '18.217.1.57', 63666, 80, 'TCP'), Data Transferred: 623 bytes
[INFO] Flow: ('8.8.8.8', '192.168.38.104', 53, 49351, 'UDP'), Data Transferred: 162 bytes
[INFO] Flow: ('192.168.38.104', '8.8.8.8', 49352, 53, 'UDP'), Data Transferred: 121 bytes
[INFO] Flow: ('8.8.8.8', '192.168.38.104', 53, 49352, 'UDP'), Data Transferred: 209 bytes
[INFO] Flow: ('192.168.38.104', '8.8.8.8', 49353, 53, 'UDP'), Data Transferred: 99 bytes
[INFO] Flow: ('8.8.8.8', '192.168.38.104', 53, 49353, 'UDP'), Data Transferred: 174 bytes
{"message": "Detected DNS Query: b'CeBXXXFy.madeupsetup.eu.windomain.local.' with encoding ascii", "timestamp": 1726414209.1743844, "attack_type": "DNS Query"}
{"message": "Decoded DNS Query: CeBXXXFy.madeupsetup.eu.windomain.local.", "timestamp": 1726414209.3308403, "attack_type": "DNS Query"}
{"message": "Detected DNS Query: b'2Gu7zRXL.madeupsetup.eu.' with encoding ascii", "timestamp": 1726414209.4750729, "attack_type": "DNS Query"}
{"message": "Decoded DNS Query: 2Gu7zRXL.madeupsetup.eu.", "timestamp": 1726414209.5982733, "attack_type": "DNS Query"}
{"message": "Traffic Anomaly Detected: 192.168.38.104 shows sudden traffic spike. Current: 677, Avg: 209.2", "timestamp": 1726414209.7743263, "attack_type": "Traffic Anomaly"}
{"message": "Detected DNS Query: b'2Gu7zRXL.madeupsetup.eu.' with encoding ascii", "timestamp": 1726414209.865685, "attack_type": "DNS Query"}
{"message": "Decoded DNS Query: 2Gu7zRXL.madeupsetup.eu.", "timestamp": 1726414210.0984318, "attack_type": "DNS Query"}
[INFO] Flow: ('192.168.38.104', '8.8.8.8', 49354, 53, 'UDP'), Data Transferred: 83 bytes
[INFO] Packet dropped: Invalid TCP packet characteristics
[INFO] Flow: ('192.168.38.104', '18.217.1.57', 63667, 80, 'TCP'), Data Transferred: 120 bytes
[INFO] Flow: ('18.217.1.57', '192.168.38.104', 80, 63666, 'TCP'), Data Transferred: 54 bytes
[INFO] Flow: ('18.217.1.57', '192.168.38.104', 80, 63666, 'TCP'), Data Transferred: 125 bytes
[INFO] Packet dropped: Invalid TCP packet characteristics
[INFO] Flow: ('192.168.38.104', '18.217.1.57', 63666, 80, 'TCP'), Data Transferred: 677 bytes
[INFO] Packet dropped: Invalid TCP packet characteristics
[INFO] Flow: ('8.8.8.8', '192.168.38.104', 53, 49354, 'UDP'), Data Transferred: 162 bytes
[INFO] Flow: ('192.168.38.104', '8.8.8.8', 49355, 53, 'UDP'), Data Transferred: 121 bytes
{"message": "Detected DNS Query: b'2Gu7zRXL.madeupsetup.eu.us-west-1.ec2-utilities.amazonaws.com.' with encoding ascii", "timestamp": 1726414210.1987915, "attack_type": "DNS Query"}
{"message": "Decoded DNS Query: 2Gu7zRXL.madeupsetup.eu.us-west-1.ec2-utilities.amazonaws.com.", "timestamp": 1726414210.3402572, "attack_type": "DNS Query"}
{"message": "Intrusion Detected: Possible DNS exfiltration in query 2Gu7zRXL.madeupsetup.eu.us-west-1.ec2-utilities.amazonaws.com.", "timestamp": 1726414210.5072598, "attack_type": "DNS Exfiltration"}
{"message": "Detected DNS Query: b'2Gu7zRXL.madeupsetup.eu.us-west-1.ec2-utilities.amazonaws.com.' with encoding ascii", "timestamp": 1726414210.6489935, "attack_type": "DNS Query"}
{"message": "Decoded DNS Query: 2Gu7zRXL.madeupsetup.eu.us-west-1.ec2-utilities.amazonaws.com.", "timestamp": 1726414210.8066325, "attack_type": "DNS Query"}
{"message": "Intrusion Detected: Possible DNS exfiltration in query 2Gu7zRXL.madeupsetup.eu.us-west-1.ec2-utilities.amazonaws.com.", "timestamp": 1726414210.9981613, "attack_type": "DNS Exfiltration"}
{"message": "Detected DNS Query: b'2Gu7zRXL.madeupsetup.eu.windomain.local.' with encoding ascii", "timestamp": 1726414211.1235118, "attack_type": "DNS Query"}
{"message": "Decoded DNS Query: 2Gu7zRXL.madeupsetup.eu.windomain.local.", "timestamp": 1726414211.2487984, "attack_type": "DNS Query"}
{"message": "Detected DNS Query: b'2Gu7zRXL.madeupsetup.eu.windomain.local.' with encoding ascii", "timestamp": 1726414211.3324616, "attack_type": "DNS Query"}
{"message": "Decoded DNS Query: 2Gu7zRXL.madeupsetup.eu.windomain.local.", "timestamp": 1726414211.465311, "attack_type": "DNS Query"}
{"message": "Detected DNS Query: b'OGMtNDkz.madeupsetup.eu.' with encoding ascii", "timestamp": 1726414211.6323097, "attack_type": "DNS Query"}
{"message": "Decoded DNS Query: OGMtNDkz.madeupsetup.eu.", "timestamp": 1726414211.8064094, "attack_type": "DNS Query"}
{"message": "Intrusion Detected: HTTP Covert Channel Detected in User-Agent: Mozilla/5.0 (Windows NT 10.0; Win64; x64) AppleWebKit/537.36 (KHTML, like Gecko) Chrome/84.0.4147.105 Safari/537.36", "timestamp": 1726414211.982389, "attack_type": "HTTP Covert Channel"}
{"message": "Traffic Anomaly Detected: 192.168.38.104 shows sudden traffic spike. Current: 623, Avg: 209.2", "timestamp": 1726414212.1646736, "attack_type": "Traffic Anomaly"}
{"message": "Detected DNS Query: b'OGMtNDkz.madeupsetup.eu.' with encoding ascii", "timestamp": 1726414212.3400164, "attack_type": "DNS Query"}
{"message": "Decoded DNS Query: OGMtNDkz.madeupsetup.eu.", "timestamp": 1726414212.5561185, "attack_type": "DNS Query"}
{"message": "Detected DNS Query: b'OGMtNDkz.madeupsetup.eu.us-west-1.ec2-utilities.amazonaws.com.' with encoding ascii", "timestamp": 1726414212.7165313, "attack_type": "DNS Query"}
{"message": "Decoded DNS Query: OGMtNDkz.madeupsetup.eu.us-west-1.ec2-utilities.amazonaws.com.", "timestamp": 1726414212.8730295, "attack_type": "DNS Query"}
{"message": "Intrusion Detected: Possible DNS exfiltration in query OGMtNDkz.madeupsetup.eu.us-west-1.ec2-utilities.amazonaws.com.", "timestamp": 1726414213.0400376, "attack_type": "DNS Exfiltration"}
[INFO] Flow: ('18.217.1.57', '192.168.38.104', 80, 63666, 'TCP'), Data Transferred: 179 bytes
[INFO] Flow: ('8.8.8.8', '192.168.38.104', 53, 49355, 'UDP'), Data Transferred: 209 bytes
[INFO] Flow: ('192.168.38.104', '8.8.8.8', 49356, 53, 'UDP'), Data Transferred: 99 bytes
[INFO] Flow: ('8.8.8.8', '192.168.38.104', 53, 49356, 'UDP'), Data Transferred: 174 bytes
[INFO] Flow: ('192.168.38.104', '18.217.1.57', 49357, 53, 'UDP'), Data Transferred: 83 bytes
[INFO] Flow: ('192.168.38.104', '18.217.1.57', 63668, 80, 'TCP'), Data Transferred: 66 bytes
[INFO] Flow: ('192.168.38.104', '18.217.1.57', 63667, 80, 'TCP'), Data Transferred: 623 bytes
[INFO] Flow: ('18.217.1.57', '192.168.38.104', 53, 49357, 'UDP'), Data Transferred: 162 bytes
[INFO] Flow: ('192.168.38.104', '18.217.1.57', 49358, 53, 'UDP'), Data Transferred: 121 bytes
[INFO] Packet dropped: Invalid TCP packet characteristics
{"message": "Traffic Anomaly Detected: 192.168.38.104 shows sudden traffic spike. Current: 677, Avg: 270.7", "timestamp": 1726414213.1823158, "attack_type": "Traffic Anomaly"}
{"message": "Detected DNS Query: b'OGMtNDkz.madeupsetup.eu.us-west-1.ec2-utilities.amazonaws.com.' with encoding ascii", "timestamp": 1726414213.2742648, "attack_type": "DNS Query"}
{"message": "Decoded DNS Query: OGMtNDkz.madeupsetup.eu.us-west-1.ec2-utilities.amazonaws.com.", "timestamp": 1726414213.4145775, "attack_type": "DNS Query"}
{"message": "Intrusion Detected: Possible DNS exfiltration in query OGMtNDkz.madeupsetup.eu.us-west-1.ec2-utilities.amazonaws.com.", "timestamp": 1726414213.5814655, "attack_type": "DNS Exfiltration"}
{"message": "Detected DNS Query: b'OGMtNDkz.madeupsetup.eu.windomain.local.' with encoding ascii", "timestamp": 1726414213.7234278, "attack_type": "DNS Query"}
{"message": "Decoded DNS Query: OGMtNDkz.madeupsetup.eu.windomain.local.", "timestamp": 1726414213.8986356, "attack_type": "DNS Query"}
[INFO] Flow: ('18.217.1.57', '192.168.38.104', 80, 63667, 'TCP'), Data Transferred: 54 bytes
[INFO] Flow: ('192.168.38.104', '18.217.1.57', 63668, 80, 'TCP'), Data Transferred: 120 bytes
[INFO] Flow: ('18.217.1.57', '192.168.38.104', 80, 63667, 'TCP'), Data Transferred: 125 bytes
[INFO] Packet dropped: Invalid TCP packet characteristics
[INFO] Flow: ('192.168.38.104', '18.217.1.57', 63667, 80, 'TCP'), Data Transferred: 677 bytes
[INFO] Packet dropped: Invalid TCP packet characteristics
[INFO] Flow: ('18.217.1.57', '192.168.38.104', 53, 49358, 'UDP'), Data Transferred: 209 bytes
[INFO] Flow: ('192.168.38.104', '18.217.1.57', 49359, 53, 'UDP'), Data Transferred: 99 bytes
[INFO] Flow: ('18.217.1.57', '192.168.38.104', 80, 63667, 'TCP'), Data Transferred: 179 bytes
[INFO] Flow: ('18.217.1.57', '192.168.38.104', 53, 49359, 'UDP'), Data Transferred: 174 bytes
{"message": "Detected DNS Query: b'OGMtNDkz.madeupsetup.eu.windomain.local.' with encoding ascii", "timestamp": 1726414214.0074224, "attack_type": "DNS Query"}
{"message": "Decoded DNS Query: OGMtNDkz.madeupsetup.eu.windomain.local.", "timestamp": 1726414214.2310858, "attack_type": "DNS Query"}
{"message": "Intrusion Detected: Port scanning detected from 18.217.1.57", "timestamp": 1726414214.3153858, "attack_type": "Port Scan"}
{"message": "Detected DNS Query: b'vQ6gMW/g.madeupsetup.eu.' with encoding ascii", "timestamp": 1726414214.5146098, "attack_type": "DNS Query"}
{"message": "Decoded DNS Query: vQ6gMW/g.madeupsetup.eu.", "timestamp": 1726414214.6902015, "attack_type": "DNS Query"}
{"message": "Intrusion Detected: HTTP Covert Channel Detected in User-Agent: Mozilla/5.0 (Windows NT 10.0; Win64; x64) AppleWebKit/537.36 (KHTML, like Gecko) Chrome/84.0.4147.105 Safari/537.36", "timestamp": 1726414214.8323011, "attack_type": "HTTP Covert Channel"}
{"message": "Traffic Anomaly Detected: 192.168.38.104 shows sudden traffic spike. Current: 623, Avg: 256.1", "timestamp": 1726414214.989829, "attack_type": "Traffic Anomaly"}
{"message": "Detected DNS Query: b'vQ6gMW/g.madeupsetup.eu.' with encoding ascii", "timestamp": 1726414215.1906817, "attack_type": "DNS Query"}
{"message": "Decoded DNS Query: vQ6gMW/g.madeupsetup.eu.", "timestamp": 1726414215.3405507, "attack_type": "DNS Query"}
{"message": "Detected DNS Query: b'vQ6gMW/g.madeupsetup.eu.us-west-1.ec2-utilities.amazonaws.com.' with encoding ascii", "timestamp": 1726414215.49857, "attack_type": "DNS Query"}
{"message": "Decoded DNS Query: vQ6gMW/g.madeupsetup.eu.us-west-1.ec2-utilities.amazonaws.com.", "timestamp": 1726414215.5984077, "attack_type": "DNS Query"}
{"message": "Intrusion Detected: Possible DNS exfiltration in query vQ6gMW/g.madeupsetup.eu.us-west-1.ec2-utilities.amazonaws.com.", "timestamp": 1726414215.7313352, "attack_type": "DNS Exfiltration"}
{"message": "Detected DNS Query: b'vQ6gMW/g.madeupsetup.eu.us-west-1.ec2-utilities.amazonaws.com.' with encoding ascii", "timestamp": 1726414215.8738947, "attack_type": "DNS Query"}
{"message": "Decoded DNS Query: vQ6gMW/g.madeupsetup.eu.us-west-1.ec2-utilities.amazonaws.com.", "timestamp": 1726414216.0061092, "attack_type": "DNS Query"}
{"message": "Intrusion Detected: Possible DNS exfiltration in query vQ6gMW/g.madeupsetup.eu.us-west-1.ec2-utilities.amazonaws.com.", "timestamp": 1726414216.0989153, "attack_type": "DNS Exfiltration"}
{"message": "Detected DNS Query: b'vQ6gMW/g.madeupsetup.eu.windomain.local.' with encoding ascii", "timestamp": 1726414216.2734916, "attack_type": "DNS Query"}
{"message": "Decoded DNS Query: vQ6gMW/g.madeupsetup.eu.windomain.local.", "timestamp": 1726414216.4314778, "attack_type": "DNS Query"}
[INFO] Flow: ('192.168.38.104', '8.8.8.8', 49360, 53, 'UDP'), Data Transferred: 83 bytes
[INFO] Flow: ('192.168.38.104', '18.217.1.57', 63669, 80, 'TCP'), Data Transferred: 66 bytes
[INFO] Flow: ('192.168.38.104', '18.217.1.57', 63668, 80, 'TCP'), Data Transferred: 623 bytes
[INFO] Flow: ('8.8.8.8', '192.168.38.104', 53, 49360, 'UDP'), Data Transferred: 162 bytes
[INFO] Flow: ('192.168.38.104', '8.8.8.8', 49361, 53, 'UDP'), Data Transferred: 121 bytes
[INFO] Flow: ('8.8.8.8', '192.168.38.104', 53, 49361, 'UDP'), Data Transferred: 209 bytes
[INFO] Flow: ('192.168.38.104', '8.8.8.8', 49362, 53, 'UDP'), Data Transferred: 99 bytes
[INFO] Packet dropped: Invalid TCP packet characteristics
[INFO] Flow: ('192.168.38.104', '18.217.1.57', 63669, 80, 'TCP'), Data Transferred: 120 bytes
[INFO] Flow: ('8.8.8.8', '192.168.38.104', 53, 49362, 'UDP'), Data Transferred: 174 bytes
{"message": "Detected DNS Query: b'vQ6gMW/g.madeupsetup.eu.windomain.local.' with encoding ascii", "timestamp": 1726414216.5905414, "attack_type": "DNS Query"}
{"message": "Decoded DNS Query: vQ6gMW/g.madeupsetup.eu.windomain.local.", "timestamp": 1726414216.7643564, "attack_type": "DNS Query"}
{"message": "Intrusion Detected: Port scanning detected from 18.217.1.57", "timestamp": 1726414216.9405775, "attack_type": "Port Scan"}
{"message": "Detected DNS Query: b'q18YMnNi.madeupsetup.eu.' with encoding ascii", "timestamp": 1726414217.1064882, "attack_type": "DNS Query"}
{"message": "Decoded DNS Query: q18YMnNi.madeupsetup.eu.", "timestamp": 1726414217.2898617, "attack_type": "DNS Query"}
{"message": "Intrusion Detected: Port scanning detected from 18.217.1.57", "timestamp": 1726414217.4825528, "attack_type": "Port Scan"}
{"message": "Traffic Anomaly Detected: 192.168.38.104 shows sudden traffic spike. Current: 677, Avg: 264.8", "timestamp": 1726414217.6484406, "attack_type": "Traffic Anomaly"}
{"message": "Detected DNS Query: b'q18YMnNi.madeupsetup.eu.' with encoding ascii", "timestamp": 1726414217.856297, "attack_type": "DNS Query"}
{"message": "Decoded DNS Query: q18YMnNi.madeupsetup.eu.", "timestamp": 1726414218.0153017, "attack_type": "DNS Query"}
{"message": "Intrusion Detected: Port scanning detected from 8.8.8.8", "timestamp": 1726414218.172697, "attack_type": "Port Scan"}
{"message": "Detected DNS Query: b'q18YMnNi.madeupsetup.eu.us-west-1.ec2-utilities.amazonaws.com.' with encoding ascii", "timestamp": 1726414218.371715, "attack_type": "DNS Query"}
{"message": "Decoded DNS Query: q18YMnNi.madeupsetup.eu.us-west-1.ec2-utilities.amazonaws.com.", "timestamp": 1726414218.5222628, "attack_type": "DNS Query"}
{"message": "Intrusion Detected: Possible DNS exfiltration in query q18YMnNi.madeupsetup.eu.us-west-1.ec2-utilities.amazonaws.com.", "timestamp": 1726414218.6726532, "attack_type": "DNS Exfiltration"}
{"message": "Detected DNS Query: b'q18YMnNi.madeupsetup.eu.us-west-1.ec2-utilities.amazonaws.com.' with encoding ascii", "timestamp": 1726414218.7484095, "attack_type": "DNS Query"}
{"message": "Decoded DNS Query: q18YMnNi.madeupsetup.eu.us-west-1.ec2-utilities.amazonaws.com.", "timestamp": 1726414218.8897033, "attack_type": "DNS Query"}
{"message": "Intrusion Detected: Possible DNS exfiltration in query q18YMnNi.madeupsetup.eu.us-west-1.ec2-utilities.amazonaws.com.", "timestamp": 1726414219.0235116, "attack_type": "DNS Exfiltration"}
{"message": "Intrusion Detected: Port scanning detected from 8.8.8.8", "timestamp": 1726414219.156542, "attack_type": "Port Scan"}
[INFO] Flow: ('18.217.1.57', '192.168.38.104', 80, 63668, 'TCP'), Data Transferred: 54 bytes
[INFO] Flow: ('192.168.38.104', '8.8.8.8', 49363, 53, 'UDP'), Data Transferred: 83 bytes
[INFO] Flow: ('18.217.1.57', '192.168.38.104', 80, 63668, 'TCP'), Data Transferred: 125 bytes
[INFO] Packet dropped: Invalid TCP packet characteristics
[INFO] Flow: ('192.168.38.104', '18.217.1.57', 63668, 80, 'TCP'), Data Transferred: 677 bytes
[INFO] Flow: ('8.8.8.8', '192.168.38.104', 53, 49363, 'UDP'), Data Transferred: 162 bytes
[INFO] Flow: ('192.168.38.104', '8.8.8.8', 49364, 53, 'UDP'), Data Transferred: 121 bytes
[INFO] Packet dropped: Invalid TCP packet characteristics
[INFO] Flow: ('8.8.8.8', '192.168.38.104', 53, 49364, 'UDP'), Data Transferred: 209 bytes
[INFO] Flow: ('192.168.38.104', '8.8.8.8', 49365, 53, 'UDP'), Data Transferred: 99 bytes
{"message": "Detected DNS Query: b'q18YMnNi.madeupsetup.eu.windomain.local.' with encoding ascii", "timestamp": 1726414219.3229015, "attack_type": "DNS Query"}
{"message": "Decoded DNS Query: q18YMnNi.madeupsetup.eu.windomain.local.", "timestamp": 1726414219.4063008, "attack_type": "DNS Query"}
{"message": "Detected DNS Query: b'q18YMnNi.madeupsetup.eu.windomain.local.' with encoding ascii", "timestamp": 1726414219.5573294, "attack_type": "DNS Query"}
{"message": "Decoded DNS Query: q18YMnNi.madeupsetup.eu.windomain.local.", "timestamp": 1726414219.697848, "attack_type": "DNS Query"}
{"message": "Intrusion Detected: Port scanning detected from 8.8.8.8", "timestamp": 1726414219.8479724, "attack_type": "Port Scan"}
{"message": "Detected DNS Query: b'N9teS0Ov.madeupsetup.eu.' with encoding ascii", "timestamp": 1726414219.9901297, "attack_type": "DNS Query"}
{"message": "Decoded DNS Query: N9teS0Ov.madeupsetup.eu.", "timestamp": 1726414220.0894196, "attack_type": "DNS Query"}
{"message": "Detected DNS Query: b'N9teS0Ov.madeupsetup.eu.' with encoding ascii", "timestamp": 1726414220.2573032, "attack_type": "DNS Query"}
{"message": "Decoded DNS Query: N9teS0Ov.madeupsetup.eu.", "timestamp": 1726414220.431361, "attack_type": "DNS Query"}
{"message": "Intrusion Detected: Port scanning detected from 8.8.8.8", "timestamp": 1726414220.6963274, "attack_type": "Port Scan"}
{"message": "Detected DNS Query: b'N9teS0Ov.madeupsetup.eu.us-west-1.ec2-utilities.amazonaws.com.' with encoding ascii", "timestamp": 1726414221.1565773, "attack_type": "DNS Query"}
{"message": "Decoded DNS Query: N9teS0Ov.madeupsetup.eu.us-west-1.ec2-utilities.amazonaws.com.", "timestamp": 1726414221.2473097, "attack_type": "DNS Query"}
{"message": "Intrusion Detected: Possible DNS exfiltration in query N9teS0Ov.madeupsetup.eu.us-west-1.ec2-utilities.amazonaws.com.", "timestamp": 1726414221.3897085, "attack_type": "DNS Exfiltration"}
{"message": "Detected DNS Query: b'N9teS0Ov.madeupsetup.eu.us-west-1.ec2-utilities.amazonaws.com.' with encoding ascii", "timestamp": 1726414221.5245574, "attack_type": "DNS Query"}
{"message": "Decoded DNS Query: N9teS0Ov.madeupsetup.eu.us-west-1.ec2-utilities.amazonaws.com.", "timestamp": 1726414221.6805043, "attack_type": "DNS Query"}
{"message": "Intrusion Detected: Possible DNS exfiltration in query N9teS0Ov.madeupsetup.eu.us-west-1.ec2-utilities.amazonaws.com.", "timestamp": 1726414221.8057015, "attack_type": "DNS Exfiltration"}
{"message": "Intrusion Detected: Port scanning detected from 8.8.8.8", "timestamp": 1726414221.9392993, "attack_type": "Port Scan"}
{"message": "Detected DNS Query: b'N9teS0Ov.madeupsetup.eu.windomain.local.' with encoding ascii", "timestamp": 1726414222.0400996, "attack_type": "DNS Query"}
{"message": "Decoded DNS Query: N9teS0Ov.madeupsetup.eu.windomain.local.", "timestamp": 1726414222.1897428, "attack_type": "DNS Query"}
{"message": "Detected DNS Query: b'N9teS0Ov.madeupsetup.eu.windomain.local.' with encoding ascii", "timestamp": 1726414222.3327177, "attack_type": "DNS Query"}
{"message": "Decoded DNS Query: N9teS0Ov.madeupsetup.eu.windomain.local.", "timestamp": 1726414222.4808078, "attack_type": "DNS Query"}
{"message": "Intrusion Detected: Port scanning detected from 8.8.8.8", "timestamp": 1726414222.6481671, "attack_type": "Port Scan"}
{"message": "Detected DNS Query: b'FbzJBzzB.madeupsetup.eu.' with encoding ascii", "timestamp": 1726414222.8149154, "attack_type": "DNS Query"}
{"message": "Decoded DNS Query: FbzJBzzB.madeupsetup.eu.", "timestamp": 1726414222.980761, "attack_type": "DNS Query"}
[INFO] Flow: ('8.8.8.8', '192.168.38.104', 53, 49365, 'UDP'), Data Transferred: 174 bytes
[INFO] Flow: ('192.168.38.104', '8.8.8.8', 49366, 53, 'UDP'), Data Transferred: 83 bytes
[INFO] Flow: ('8.8.8.8', '192.168.38.104', 53, 49366, 'UDP'), Data Transferred: 162 bytes
[INFO] Flow: ('192.168.38.104', '8.8.8.8', 49367, 53, 'UDP'), Data Transferred: 121 bytes
[INFO] Flow: ('8.8.8.8', '192.168.38.104', 53, 49367, 'UDP'), Data Transferred: 209 bytes
[INFO] Flow: ('192.168.38.104', '8.8.8.8', 49368, 53, 'UDP'), Data Transferred: 99 bytes
[INFO] Flow: ('18.217.1.57', '192.168.38.104', 80, 63668, 'TCP'), Data Transferred: 179 bytes
[INFO] Flow: ('8.8.8.8', '192.168.38.104', 53, 49368, 'UDP'), Data Transferred: 174 bytes
[INFO] Flow: ('192.168.38.104', '8.8.8.8', 49369, 53, 'UDP'), Data Transferred: 83 bytes
[INFO] Flow: ('192.168.38.104', '18.217.1.57', 63670, 80, 'TCP'), Data Transferred: 66 bytes
{"message": "Intrusion Detected: HTTP Covert Channel Detected in User-Agent: Mozilla/5.0 (Windows NT 10.0; Win64; x64) AppleWebKit/537.36 (KHTML, like Gecko) Chrome/84.0.4147.105 Safari/537.36", "timestamp": 1726414223.1567845, "attack_type": "HTTP Covert Channel"}
{"message": "Traffic Anomaly Detected: 192.168.38.104 shows sudden traffic spike. Current: 623, Avg: 205.5", "timestamp": 1726414223.3394568, "attack_type": "Traffic Anomaly"}
{"message": "Traffic Anomaly Detected: 192.168.38.104 shows sudden traffic spike. Current: 677, Avg: 209.2", "timestamp": 1726414223.498796, "attack_type": "Traffic Anomaly"}
{"message": "Detected DNS Query: b'FbzJBzzB.madeupsetup.eu.' with encoding ascii", "timestamp": 1726414223.6476126, "attack_type": "DNS Query"}
{"message": "Decoded DNS Query: FbzJBzzB.madeupsetup.eu.", "timestamp": 1726414223.7388499, "attack_type": "DNS Query"}
{"message": "Intrusion Detected: Port scanning detected from 8.8.8.8", "timestamp": 1726414223.8972998, "attack_type": "Port Scan"}
[INFO] Flow: ('192.168.38.104', '18.217.1.57', 63669, 80, 'TCP'), Data Transferred: 623 bytes
[INFO] Flow: ('18.217.1.57', '192.168.38.104', 80, 63669, 'TCP'), Data Transferred: 54 bytes
[INFO] Packet dropped: Invalid TCP packet characteristics
[INFO] Flow: ('192.168.38.104', '18.217.1.57', 63670, 80, 'TCP'), Data Transferred: 120 bytes
[INFO] Flow: ('18.217.1.57', '192.168.38.104', 80, 63669, 'TCP'), Data Transferred: 125 bytes
[INFO] Packet dropped: Invalid TCP packet characteristics
[INFO] Flow: ('192.168.38.104', '18.217.1.57', 63669, 80, 'TCP'), Data Transferred: 677 bytes
[INFO] Packet dropped: Invalid TCP packet characteristics
[INFO] Flow: ('8.8.8.8', '192.168.38.104', 53, 49369, 'UDP'), Data Transferred: 162 bytes
[INFO] Flow: ('192.168.38.104', '8.8.8.8', 49370, 53, 'UDP'), Data Transferred: 121 bytes
{"message": "Detected DNS Query: b'FbzJBzzB.madeupsetup.eu.us-west-1.ec2-utilities.amazonaws.com.' with encoding ascii", "timestamp": 1726414224.0808077, "attack_type": "DNS Query"}
{"message": "Decoded DNS Query: FbzJBzzB.madeupsetup.eu.us-west-1.ec2-utilities.amazonaws.com.", "timestamp": 1726414224.2704868, "attack_type": "DNS Query"}
{"message": "Intrusion Detected: Possible DNS exfiltration in query FbzJBzzB.madeupsetup.eu.us-west-1.ec2-utilities.amazonaws.com.", "timestamp": 1726414224.430617, "attack_type": "DNS Exfiltration"}
{"message": "Detected DNS Query: b'FbzJBzzB.madeupsetup.eu.us-west-1.ec2-utilities.amazonaws.com.' with encoding ascii", "timestamp": 1726414224.5731874, "attack_type": "DNS Query"}
{"message": "Decoded DNS Query: FbzJBzzB.madeupsetup.eu.us-west-1.ec2-utilities.amazonaws.com.", "timestamp": 1726414224.7144322, "attack_type": "DNS Query"}
{"message": "Intrusion Detected: Possible DNS exfiltration in query FbzJBzzB.madeupsetup.eu.us-west-1.ec2-utilities.amazonaws.com.", "timestamp": 1726414224.8395753, "attack_type": "DNS Exfiltration"}
{"message": "Intrusion Detected: Port scanning detected from 8.8.8.8", "timestamp": 1726414224.9226334, "attack_type": "Port Scan"}
{"message": "Detected DNS Query: b'FbzJBzzB.madeupsetup.eu.windomain.local.' with encoding ascii", "timestamp": 1726414225.0736544, "attack_type": "DNS Query"}
{"message": "Decoded DNS Query: FbzJBzzB.madeupsetup.eu.windomain.local.", "timestamp": 1726414225.3394442, "attack_type": "DNS Query"}
{"message": "Detected DNS Query: b'FbzJBzzB.madeupsetup.eu.windomain.local.' with encoding ascii", "timestamp": 1726414225.4225435, "attack_type": "DNS Query"}
{"message": "Decoded DNS Query: FbzJBzzB.madeupsetup.eu.windomain.local.", "timestamp": 1726414225.564439, "attack_type": "DNS Query"}
{"message": "Intrusion Detected: Port scanning detected from 8.8.8.8", "timestamp": 1726414225.714735, "attack_type": "Port Scan"}
{"message": "Detected DNS Query: b'SmDzvZ71.madeupsetup.eu.' with encoding ascii", "timestamp": 1726414225.8642385, "attack_type": "DNS Query"}
{"message": "Decoded DNS Query: SmDzvZ71.madeupsetup.eu.", "timestamp": 1726414226.0222502, "attack_type": "DNS Query"}
{"message": "Detected DNS Query: b'SmDzvZ71.madeupsetup.eu.' with encoding ascii", "timestamp": 1726414226.1732845, "attack_type": "DNS Query"}
{"message": "Decoded DNS Query: SmDzvZ71.madeupsetup.eu.", "timestamp": 1726414226.3224072, "attack_type": "DNS Query"}
{"message": "Intrusion Detected: Port scanning detected from 8.8.8.8", "timestamp": 1726414226.414487, "attack_type": "Port Scan"}
{"message": "Detected DNS Query: b'SmDzvZ71.madeupsetup.eu.us-west-1.ec2-utilities.amazonaws.com.' with encoding ascii", "timestamp": 1726414226.5484052, "attack_type": "DNS Query"}
{"message": "Decoded DNS Query: SmDzvZ71.madeupsetup.eu.us-west-1.ec2-utilities.amazonaws.com.", "timestamp": 1726414226.70554, "attack_type": "DNS Query"}
{"message": "Intrusion Detected: Possible DNS exfiltration in query SmDzvZ71.madeupsetup.eu.us-west-1.ec2-utilities.amazonaws.com.", "timestamp": 1726414226.8475726, "attack_type": "DNS Exfiltration"}
{"message": "Detected DNS Query: b'SmDzvZ71.madeupsetup.eu.us-west-1.ec2-utilities.amazonaws.com.' with encoding ascii", "timestamp": 1726414226.9225175, "attack_type": "DNS Query"}
{"message": "Decoded DNS Query: SmDzvZ71.madeupsetup.eu.us-west-1.ec2-utilities.amazonaws.com.", "timestamp": 1726414227.0726101, "attack_type": "DNS Query"}
{"message": "Intrusion Detected: Possible DNS exfiltration in query SmDzvZ71.madeupsetup.eu.us-west-1.ec2-utilities.amazonaws.com.", "timestamp": 1726414227.222425, "attack_type": "DNS Exfiltration"}
{"message": "Intrusion Detected: Port scanning detected from 8.8.8.8", "timestamp": 1726414227.3558016, "attack_type": "Port Scan"}
{"message": "Detected DNS Query: b'SmDzvZ71.madeupsetup.eu.windomain.local.' with encoding ascii", "timestamp": 1726414227.490204, "attack_type": "DNS Query"}
{"message": "Decoded DNS Query: SmDzvZ71.madeupsetup.eu.windomain.local.", "timestamp": 1726414227.6391428, "attack_type": "DNS Query"}
[INFO] Flow: ('8.8.8.8', '192.168.38.104', 53, 49370, 'UDP'), Data Transferred: 221 bytes
[INFO] Flow: ('192.168.38.104', '8.8.8.8', 49371, 53, 'UDP'), Data Transferred: 99 bytes
[INFO] Flow: ('8.8.8.8', '192.168.38.104', 53, 49371, 'UDP'), Data Transferred: 174 bytes
[INFO] Flow: ('192.168.38.104', '8.8.8.8', 49372, 53, 'UDP'), Data Transferred: 83 bytes
[INFO] Flow: ('18.217.1.57', '192.168.38.104', 80, 63669, 'TCP'), Data Transferred: 179 bytes
[INFO] Flow: ('8.8.8.8', '192.168.38.104', 53, 49372, 'UDP'), Data Transferred: 162 bytes
[INFO] Flow: ('192.168.38.104', '8.8.8.8', 49373, 53, 'UDP'), Data Transferred: 121 bytes
[INFO] Flow: ('8.8.8.8', '192.168.38.104', 53, 49373, 'UDP'), Data Transferred: 221 bytes
[INFO] Flow: ('192.168.38.104', '8.8.8.8', 49374, 53, 'UDP'), Data Transferred: 99 bytes
[INFO] Flow: ('8.8.8.8', '192.168.38.104', 53, 49374, 'UDP'), Data Transferred: 174 bytes
{"message": "Detected DNS Query: b'SmDzvZ71.madeupsetup.eu.windomain.local.' with encoding ascii", "timestamp": 1726414227.806882, "attack_type": "DNS Query"}
{"message": "Decoded DNS Query: SmDzvZ71.madeupsetup.eu.windomain.local.", "timestamp": 1726414227.9479067, "attack_type": "DNS Query"}
{"message": "Intrusion Detected: Port scanning detected from 8.8.8.8", "timestamp": 1726414228.0977945, "attack_type": "Port Scan"}
{"message": "Detected DNS Query: b'PFD94NTp.madeupsetup.eu.' with encoding ascii", "timestamp": 1726414228.1816123, "attack_type": "DNS Query"}
{"message": "Decoded DNS Query: PFD94NTp.madeupsetup.eu.", "timestamp": 1726414228.3471262, "attack_type": "DNS Query"}
{"message": "Intrusion Detected: HTTP Covert Channel Detected in User-Agent: Mozilla/5.0 (Windows NT 10.0; Win64; x64) AppleWebKit/537.36 (KHTML, like Gecko) Chrome/84.0.4147.105 Safari/537.36", "timestamp": 1726414228.4904172, "attack_type": "HTTP Covert Channel"}
{"message": "Traffic Anomaly Detected: 192.168.38.104 shows sudden traffic spike. Current: 623, Avg: 209.2", "timestamp": 1726414228.6304562, "attack_type": "Traffic Anomaly"}
{"message": "Detected DNS Query: b'PFD94NTp.madeupsetup.eu.' with encoding ascii", "timestamp": 1726414228.823584, "attack_type": "DNS Query"}
{"message": "Decoded DNS Query: PFD94NTp.madeupsetup.eu.", "timestamp": 1726414229.0060253, "attack_type": "DNS Query"}
{"message": "Intrusion Detected: Port scanning detected from 8.8.8.8", "timestamp": 1726414229.1306243, "attack_type": "Port Scan"}
{"message": "Detected DNS Query: b'PFD94NTp.madeupsetup.eu.us-west-1.ec2-utilities.amazonaws.com.' with encoding ascii", "timestamp": 1726414229.1980546, "attack_type": "DNS Query"}
{"message": "Decoded DNS Query: PFD94NTp.madeupsetup.eu.us-west-1.ec2-utilities.amazonaws.com.", "timestamp": 1726414229.3303778, "attack_type": "DNS Query"}
{"message": "Intrusion Detected: Possible DNS exfiltration in query PFD94NTp.madeupsetup.eu.us-west-1.ec2-utilities.amazonaws.com.", "timestamp": 1726414229.504438, "attack_type": "DNS Exfiltration"}
{"message": "Detected DNS Query: b'PFD94NTp.madeupsetup.eu.us-west-1.ec2-utilities.amazonaws.com.' with encoding ascii", "timestamp": 1726414229.672488, "attack_type": "DNS Query"}
{"message": "Decoded DNS Query: PFD94NTp.madeupsetup.eu.us-west-1.ec2-utilities.amazonaws.com.", "timestamp": 1726414229.8052802, "attack_type": "DNS Query"}
{"message": "Intrusion Detected: Possible DNS exfiltration in query PFD94NTp.madeupsetup.eu.us-west-1.ec2-utilities.amazonaws.com.", "timestamp": 1726414229.8805497, "attack_type": "DNS Exfiltration"}
{"message": "Intrusion Detected: Port scanning detected from 8.8.8.8", "timestamp": 1726414230.0475538, "attack_type": "Port Scan"}
{"message": "Detected DNS Query: b'PFD94NTp.madeupsetup.eu.windomain.local.' with encoding ascii", "timestamp": 1726414230.2224624, "attack_type": "DNS Query"}
{"message": "Decoded DNS Query: PFD94NTp.madeupsetup.eu.windomain.local.", "timestamp": 1726414230.355799, "attack_type": "DNS Query"}
[INFO] Flow: ('192.168.38.104', '8.8.8.8', 49375, 53, 'UDP'), Data Transferred: 83 bytes
[INFO] Flow: ('192.168.38.104', '18.217.1.57', 63671, 80, 'TCP'), Data Transferred: 66 bytes
[INFO] Flow: ('192.168.38.104', '18.217.1.57', 63670, 80, 'TCP'), Data Transferred: 623 bytes
[INFO] Flow: ('8.8.8.8', '192.168.38.104', 53, 49375, 'UDP'), Data Transferred: 162 bytes
[INFO] Flow: ('192.168.38.104', '8.8.8.8', 49376, 53, 'UDP'), Data Transferred: 121 bytes
[INFO] Flow: ('8.8.8.8', '192.168.38.104', 53, 49376, 'UDP'), Data Transferred: 209 bytes
[INFO] Packet dropped: Invalid TCP packet characteristics
[INFO] Flow: ('192.168.38.104', '18.217.1.57', 63671, 80, 'TCP'), Data Transferred: 120 bytes
[INFO] Flow: ('192.168.38.104', '8.8.8.8', 49377, 53, 'UDP'), Data Transferred: 99 bytes
[INFO] Flow: ('18.217.1.57', '192.168.38.104', 80, 63670, 'TCP'), Data Transferred: 54 bytes
{"message": "Traffic Anomaly Detected: 192.168.38.104 shows sudden traffic spike. Current: 677, Avg: 209.2", "timestamp": 1726414230.5074258, "attack_type": "Traffic Anomaly"}
{"message": "Detected DNS Query: b'PFD94NTp.madeupsetup.eu.windomain.local.' with encoding ascii", "timestamp": 1726414230.597634, "attack_type": "DNS Query"}
{"message": "Decoded DNS Query: PFD94NTp.madeupsetup.eu.windomain.local.", "timestamp": 1726414230.7473261, "attack_type": "DNS Query"}
{"message": "Intrusion Detected: Port scanning detected from 8.8.8.8", "timestamp": 1726414230.9143953, "attack_type": "Port Scan"}
{"message": "Detected DNS Query: b'/ye5yTrK.madeupsetup.eu.' with encoding ascii", "timestamp": 1726414231.0725682, "attack_type": "DNS Query"}
{"message": "Decoded DNS Query: /ye5yTrK.madeupsetup.eu.", "timestamp": 1726414231.247544, "attack_type": "DNS Query"}
{"message": "Detected DNS Query: b'/ye5yTrK.madeupsetup.eu.' with encoding ascii", "timestamp": 1726414231.4394338, "attack_type": "DNS Query"}
{"message": "Decoded DNS Query: /ye5yTrK.madeupsetup.eu.", "timestamp": 1726414231.6052907, "attack_type": "DNS Query"}
{"message": "Intrusion Detected: Port scanning detected from 8.8.8.8", "timestamp": 1726414231.6974812, "attack_type": "Port Scan"}
{"message": "Detected DNS Query: b'/ye5yTrK.madeupsetup.eu.us-west-1.ec2-utilities.amazonaws.com.' with encoding ascii", "timestamp": 1726414231.7894487, "attack_type": "DNS Query"}
{"message": "Decoded DNS Query: /ye5yTrK.madeupsetup.eu.us-west-1.ec2-utilities.amazonaws.com.", "timestamp": 1726414231.8699648, "attack_type": "DNS Query"}
{"message": "Intrusion Detected: Possible DNS exfiltration in query /ye5yTrK.madeupsetup.eu.us-west-1.ec2-utilities.amazonaws.com.", "timestamp": 1726414231.9724674, "attack_type": "DNS Exfiltration"}
[INFO] Flow: ('18.217.1.57', '192.168.38.104', 80, 63670, 'TCP'), Data Transferred: 125 bytes
[INFO] Packet dropped: Invalid TCP packet characteristics
[INFO] Flow: ('192.168.38.104', '18.217.1.57', 63670, 80, 'TCP'), Data Transferred: 677 bytes
[INFO] Packet dropped: Invalid TCP packet characteristics
[INFO] Flow: ('8.8.8.8', '192.168.38.104', 53, 49377, 'UDP'), Data Transferred: 174 bytes
[INFO] Flow: ('192.168.38.104', '8.8.8.8', 49378, 53, 'UDP'), Data Transferred: 83 bytes
[INFO] Flow: ('8.8.8.8', '192.168.38.104', 53, 49378, 'UDP'), Data Transferred: 162 bytes
[INFO] Flow: ('192.168.38.104', '8.8.8.8', 49379, 53, 'UDP'), Data Transferred: 121 bytes
[INFO] Flow: ('18.217.1.57', '192.168.38.104', 80, 63670, 'TCP'), Data Transferred: 179 bytes
[INFO] Flow: ('8.8.8.8', '192.168.38.104', 53, 49379, 'UDP'), Data Transferred: 221 bytes
{"message": "Detected DNS Query: b'/ye5yTrK.madeupsetup.eu.us-west-1.ec2-utilities.amazonaws.com.' with encoding ascii", "timestamp": 1726414232.064348, "attack_type": "DNS Query"}
{"message": "Decoded DNS Query: /ye5yTrK.madeupsetup.eu.us-west-1.ec2-utilities.amazonaws.com.", "timestamp": 1726414232.2053232, "attack_type": "DNS Query"}
{"message": "Intrusion Detected: Possible DNS exfiltration in query /ye5yTrK.madeupsetup.eu.us-west-1.ec2-utilities.amazonaws.com.", "timestamp": 1726414232.2972817, "attack_type": "DNS Exfiltration"}
{"message": "Intrusion Detected: Port scanning detected from 8.8.8.8", "timestamp": 1726414232.4722655, "attack_type": "Port Scan"}
{"message": "Detected DNS Query: b'/ye5yTrK.madeupsetup.eu.windomain.local.' with encoding ascii", "timestamp": 1726414232.6394675, "attack_type": "DNS Query"}
{"message": "Decoded DNS Query: /ye5yTrK.madeupsetup.eu.windomain.local.", "timestamp": 1726414232.8056965, "attack_type": "DNS Query"}
{"message": "Detected DNS Query: b'/ye5yTrK.madeupsetup.eu.windomain.local.' with encoding ascii", "timestamp": 1726414232.9814093, "attack_type": "DNS Query"}
{"message": "Decoded DNS Query: /ye5yTrK.madeupsetup.eu.windomain.local.", "timestamp": 1726414233.1303067, "attack_type": "DNS Query"}
{"message": "Intrusion Detected: Port scanning detected from 8.8.8.8", "timestamp": 1726414233.2803369, "attack_type": "Port Scan"}
{"message": "Detected DNS Query: b'EwV0JaDu.madeupsetup.eu.' with encoding ascii", "timestamp": 1726414233.4305263, "attack_type": "DNS Query"}
{"message": "Decoded DNS Query: EwV0JaDu.madeupsetup.eu.", "timestamp": 1726414233.5296926, "attack_type": "DNS Query"}
{"message": "Detected DNS Query: b'EwV0JaDu.madeupsetup.eu.' with encoding ascii", "timestamp": 1726414233.6808696, "attack_type": "DNS Query"}
{"message": "Decoded DNS Query: EwV0JaDu.madeupsetup.eu.", "timestamp": 1726414233.8467567, "attack_type": "DNS Query"}
{"message": "Intrusion Detected: Port scanning detected from 8.8.8.8", "timestamp": 1726414233.9470901, "attack_type": "Port Scan"}
{"message": "Detected DNS Query: b'EwV0JaDu.madeupsetup.eu.us-west-1.ec2-utilities.amazonaws.com.' with encoding ascii", "timestamp": 1726414234.0973475, "attack_type": "DNS Query"}
{"message": "Decoded DNS Query: EwV0JaDu.madeupsetup.eu.us-west-1.ec2-utilities.amazonaws.com.", "timestamp": 1726414234.272696, "attack_type": "DNS Query"}
{"message": "Intrusion Detected: Possible DNS exfiltration in query EwV0JaDu.madeupsetup.eu.us-west-1.ec2-utilities.amazonaws.com.", "timestamp": 1726414234.3573537, "attack_type": "DNS Exfiltration"}
{"message": "Detected DNS Query: b'EwV0JaDu.madeupsetup.eu.us-west-1.ec2-utilities.amazonaws.com.' with encoding ascii", "timestamp": 1726414234.4477427, "attack_type": "DNS Query"}
{"message": "Decoded DNS Query: EwV0JaDu.madeupsetup.eu.us-west-1.ec2-utilities.amazonaws.com.", "timestamp": 1726414234.5465894, "attack_type": "DNS Query"}
{"message": "Intrusion Detected: Possible DNS exfiltration in query EwV0JaDu.madeupsetup.eu.us-west-1.ec2-utilities.amazonaws.com.", "timestamp": 1726414234.6973677, "attack_type": "DNS Exfiltration"}
{"message": "Intrusion Detected: Port scanning detected from 8.8.8.8", "timestamp": 1726414234.7806246, "attack_type": "Port Scan"}
{"message": "Detected DNS Query: b'EwV0JaDu.madeupsetup.eu.windomain.local.' with encoding ascii", "timestamp": 1726414234.9147632, "attack_type": "DNS Query"}
{"message": "Decoded DNS Query: EwV0JaDu.madeupsetup.eu.windomain.local.", "timestamp": 1726414235.0878005, "attack_type": "DNS Query"}
{"message": "Intrusion Detected: HTTP Covert Channel Detected in User-Agent: Mozilla/5.0 (Windows NT 10.0; Win64; x64) AppleWebKit/537.36 (KHTML, like Gecko) Chrome/84.0.4147.105 Safari/537.36", "timestamp": 1726414235.2482061, "attack_type": "HTTP Covert Channel"}
{"message": "Traffic Anomaly Detected: 192.168.38.104 shows sudden traffic spike. Current: 623, Avg: 207.1", "timestamp": 1726414235.3885849, "attack_type": "Traffic Anomaly"}
[INFO] Flow: ('192.168.38.104', '8.8.8.8', 49380, 53, 'UDP'), Data Transferred: 99 bytes
[INFO] Flow: ('8.8.8.8', '192.168.38.104', 53, 49380, 'UDP'), Data Transferred: 174 bytes
[INFO] Flow: ('192.168.38.104', '8.8.8.8', 49381, 53, 'UDP'), Data Transferred: 83 bytes
[INFO] Flow: ('8.8.8.8', '192.168.38.104', 53, 49381, 'UDP'), Data Transferred: 162 bytes
[INFO] Flow: ('192.168.38.104', '8.8.8.8', 49382, 53, 'UDP'), Data Transferred: 121 bytes
[INFO] Flow: ('8.8.8.8', '192.168.38.104', 53, 49382, 'UDP'), Data Transferred: 209 bytes
[INFO] Flow: ('192.168.38.104', '8.8.8.8', 49383, 53, 'UDP'), Data Transferred: 99 bytes
[INFO] Flow: ('192.168.38.104', '18.217.1.57', 63672, 80, 'TCP'), Data Transferred: 66 bytes
[INFO] Flow: ('192.168.38.104', '18.217.1.57', 63671, 80, 'TCP'), Data Transferred: 623 bytes
[INFO] Flow: ('8.8.8.8', '192.168.38.104', 53, 49383, 'UDP'), Data Transferred: 174 bytes
{"message": "Detected DNS Query: b'EwV0JaDu.madeupsetup.eu.windomain.local.' with encoding ascii", "timestamp": 1726414235.5307581, "attack_type": "DNS Query"}
{"message": "Decoded DNS Query: EwV0JaDu.madeupsetup.eu.windomain.local.", "timestamp": 1726414235.6888251, "attack_type": "DNS Query"}
{"message": "Intrusion Detected: Port scanning detected from 8.8.8.8", "timestamp": 1726414235.8304312, "attack_type": "Port Scan"}
{"message": "Detected DNS Query: b'N5SEeqoS.madeupsetup.eu.' with encoding ascii", "timestamp": 1726414235.9387262, "attack_type": "DNS Query"}
{"message": "Decoded DNS Query: N5SEeqoS.madeupsetup.eu.", "timestamp": 1726414236.1055639, "attack_type": "DNS Query"}
{"message": "Traffic Anomaly Detected: 192.168.38.104 shows sudden traffic spike. Current: 677, Avg: 209.2", "timestamp": 1726414236.2365532, "attack_type": "Traffic Anomaly"}
{"message": "Detected DNS Query: b'N5SEeqoS.madeupsetup.eu.' with encoding ascii", "timestamp": 1726414236.372399, "attack_type": "DNS Query"}
{"message": "Decoded DNS Query: N5SEeqoS.madeupsetup.eu.", "timestamp": 1726414236.463791, "attack_type": "DNS Query"}
{"message": "Intrusion Detected: Port scanning detected from 8.8.8.8", "timestamp": 1726414236.6212335, "attack_type": "Port Scan"}
[INFO] Flow: ('192.168.38.104', '8.8.8.8', 49384, 53, 'UDP'), Data Transferred: 83 bytes
[INFO] Packet dropped: Invalid TCP packet characteristics
[INFO] Flow: ('192.168.38.104', '18.217.1.57', 63672, 80, 'TCP'), Data Transferred: 120 bytes
[INFO] Flow: ('18.217.1.57', '192.168.38.104', 80, 63671, 'TCP'), Data Transferred: 54 bytes
[INFO] Flow: ('18.217.1.57', '192.168.38.104', 80, 63671, 'TCP'), Data Transferred: 125 bytes
[INFO] Packet dropped: Invalid TCP packet characteristics
[INFO] Flow: ('192.168.38.104', '18.217.1.57', 63671, 80, 'TCP'), Data Transferred: 677 bytes
[INFO] Packet dropped: Invalid TCP packet characteristics
[INFO] Flow: ('8.8.8.8', '192.168.38.104', 53, 49384, 'UDP'), Data Transferred: 162 bytes
[INFO] Flow: ('192.168.38.104', '8.8.8.8', 49385, 53, 'UDP'), Data Transferred: 121 bytes
{"message": "Detected DNS Query: b'N5SEeqoS.madeupsetup.eu.us-west-1.ec2-utilities.amazonaws.com.' with encoding ascii", "timestamp": 1726414236.789084, "attack_type": "DNS Query"}
{"message": "Decoded DNS Query: N5SEeqoS.madeupsetup.eu.us-west-1.ec2-utilities.amazonaws.com.", "timestamp": 1726414237.0767553, "attack_type": "DNS Query"}
{"message": "Intrusion Detected: Possible DNS exfiltration in query N5SEeqoS.madeupsetup.eu.us-west-1.ec2-utilities.amazonaws.com.", "timestamp": 1726414237.2135906, "attack_type": "DNS Exfiltration"}
{"message": "Detected DNS Query: b'N5SEeqoS.madeupsetup.eu.us-west-1.ec2-utilities.amazonaws.com.' with encoding ascii", "timestamp": 1726414237.3054574, "attack_type": "DNS Query"}
{"message": "Decoded DNS Query: N5SEeqoS.madeupsetup.eu.us-west-1.ec2-utilities.amazonaws.com.", "timestamp": 1726414237.458037, "attack_type": "DNS Query"}
{"message": "Intrusion Detected: Possible DNS exfiltration in query N5SEeqoS.madeupsetup.eu.us-west-1.ec2-utilities.amazonaws.com.", "timestamp": 1726414237.620756, "attack_type": "DNS Exfiltration"}
{"message": "Intrusion Detected: Port scanning detected from 8.8.8.8", "timestamp": 1726414237.7547278, "attack_type": "Port Scan"}
{"message": "Detected DNS Query: b'N5SEeqoS.madeupsetup.eu.windomain.local.' with encoding ascii", "timestamp": 1726414237.905638, "attack_type": "DNS Query"}
{"message": "Decoded DNS Query: N5SEeqoS.madeupsetup.eu.windomain.local.", "timestamp": 1726414237.9886487, "attack_type": "DNS Query"}
{"message": "Detected DNS Query: b'N5SEeqoS.madeupsetup.eu.windomain.local.' with encoding ascii", "timestamp": 1726414238.064517, "attack_type": "DNS Query"}
{"message": "Decoded DNS Query: N5SEeqoS.madeupsetup.eu.windomain.local.", "timestamp": 1726414238.1966155, "attack_type": "DNS Query"}
{"message": "Intrusion Detected: Port scanning detected from 8.8.8.8", "timestamp": 1726414238.379835, "attack_type": "Port Scan"}
{"message": "Detected DNS Query: b'aKMnpRkB.madeupsetup.eu.' with encoding ascii", "timestamp": 1726414238.5472744, "attack_type": "DNS Query"}
{"message": "Decoded DNS Query: aKMnpRkB.madeupsetup.eu.", "timestamp": 1726414238.6966949, "attack_type": "DNS Query"}
{"message": "Detected DNS Query: b'aKMnpRkB.madeupsetup.eu.' with encoding ascii", "timestamp": 1726414238.8551579, "attack_type": "DNS Query"}
{"message": "Decoded DNS Query: aKMnpRkB.madeupsetup.eu.", "timestamp": 1726414238.9295247, "attack_type": "DNS Query"}
{"message": "Intrusion Detected: Port scanning detected from 8.8.8.8", "timestamp": 1726414239.156106, "attack_type": "Port Scan"}
{"message": "Detected DNS Query: b'aKMnpRkB.madeupsetup.eu.us-west-1.ec2-utilities.amazonaws.com.' with encoding ascii", "timestamp": 1726414239.2464736, "attack_type": "DNS Query"}
{"message": "Decoded DNS Query: aKMnpRkB.madeupsetup.eu.us-west-1.ec2-utilities.amazonaws.com.", "timestamp": 1726414239.4050827, "attack_type": "DNS Query"}
{"message": "Intrusion Detected: Possible DNS exfiltration in query aKMnpRkB.madeupsetup.eu.us-west-1.ec2-utilities.amazonaws.com.", "timestamp": 1726414239.4885101, "attack_type": "DNS Exfiltration"}
{"message": "Detected DNS Query: b'aKMnpRkB.madeupsetup.eu.us-west-1.ec2-utilities.amazonaws.com.' with encoding ascii", "timestamp": 1726414239.5724666, "attack_type": "DNS Query"}
{"message": "Decoded DNS Query: aKMnpRkB.madeupsetup.eu.us-west-1.ec2-utilities.amazonaws.com.", "timestamp": 1726414239.6722794, "attack_type": "DNS Query"}
{"message": "Intrusion Detected: Possible DNS exfiltration in query aKMnpRkB.madeupsetup.eu.us-west-1.ec2-utilities.amazonaws.com.", "timestamp": 1726414239.819667, "attack_type": "DNS Exfiltration"}
{"message": "Intrusion Detected: Port scanning detected from 8.8.8.8", "timestamp": 1726414239.9637978, "attack_type": "Port Scan"}
{"message": "Detected DNS Query: b'aKMnpRkB.madeupsetup.eu.windomain.local.' with encoding ascii", "timestamp": 1726414240.0555217, "attack_type": "DNS Query"}
{"message": "Decoded DNS Query: aKMnpRkB.madeupsetup.eu.windomain.local.", "timestamp": 1726414240.1964564, "attack_type": "DNS Query"}
[INFO] Flow: ('8.8.8.8', '192.168.38.104', 53, 49385, 'UDP'), Data Transferred: 221 bytes
[INFO] Flow: ('192.168.38.104', '8.8.8.8', 49386, 53, 'UDP'), Data Transferred: 99 bytes
[INFO] Flow: ('8.8.8.8', '192.168.38.104', 53, 49386, 'UDP'), Data Transferred: 174 bytes
[INFO] Flow: ('192.168.38.104', '8.8.8.8', 49387, 53, 'UDP'), Data Transferred: 83 bytes
[INFO] Flow: ('18.217.1.57', '192.168.38.104', 80, 63671, 'TCP'), Data Transferred: 179 bytes
[INFO] Flow: ('8.8.8.8', '192.168.38.104', 53, 49387, 'UDP'), Data Transferred: 162 bytes
[INFO] Flow: ('192.168.38.104', '8.8.8.8', 49388, 53, 'UDP'), Data Transferred: 121 bytes
[INFO] Flow: ('8.8.8.8', '192.168.38.104', 53, 49388, 'UDP'), Data Transferred: 209 bytes
[INFO] Flow: ('192.168.38.104', '8.8.8.8', 49389, 53, 'UDP'), Data Transferred: 99 bytes
[INFO] Flow: ('8.8.8.8', '192.168.38.104', 53, 49389, 'UDP'), Data Transferred: 174 bytes
{"message": "Detected DNS Query: b'aKMnpRkB.madeupsetup.eu.windomain.local.' with encoding ascii", "timestamp": 1726414240.2983272, "attack_type": "DNS Query"}
{"message": "Decoded DNS Query: aKMnpRkB.madeupsetup.eu.windomain.local.", "timestamp": 1726414240.4387538, "attack_type": "DNS Query"}
{"message": "Intrusion Detected: Port scanning detected from 8.8.8.8", "timestamp": 1726414240.6048858, "attack_type": "Port Scan"}
{"message": "Detected DNS Query: b'ttR69hjV.madeupsetup.eu.' with encoding ascii", "timestamp": 1726414240.7387254, "attack_type": "DNS Query"}
{"message": "Decoded DNS Query: ttR69hjV.madeupsetup.eu.", "timestamp": 1726414240.8714914, "attack_type": "DNS Query"}
{"message": "Intrusion Detected: HTTP Covert Channel Detected in User-Agent: Mozilla/5.0 (Windows NT 10.0; Win64; x64) AppleWebKit/537.36 (KHTML, like Gecko) Chrome/84.0.4147.105 Safari/537.36", "timestamp": 1726414240.9802775, "attack_type": "HTTP Covert Channel"}
{"message": "Traffic Anomaly Detected: 192.168.38.104 shows sudden traffic spike. Current: 623, Avg: 209.2", "timestamp": 1726414241.0887806, "attack_type": "Traffic Anomaly"}
{"message": "Detected DNS Query: b'ttR69hjV.madeupsetup.eu.' with encoding ascii", "timestamp": 1726414241.1801307, "attack_type": "DNS Query"}
{"message": "Decoded DNS Query: ttR69hjV.madeupsetup.eu.", "timestamp": 1726414241.329234, "attack_type": "DNS Query"}
{"message": "Intrusion Detected: Port scanning detected from 8.8.8.8", "timestamp": 1726414241.496449, "attack_type": "Port Scan"}
{"message": "Detected DNS Query: b'ttR69hjV.madeupsetup.eu.us-west-1.ec2-utilities.amazonaws.com.' with encoding ascii", "timestamp": 1726414241.6655517, "attack_type": "DNS Query"}
{"message": "Decoded DNS Query: ttR69hjV.madeupsetup.eu.us-west-1.ec2-utilities.amazonaws.com.", "timestamp": 1726414241.8209178, "attack_type": "DNS Query"}
{"message": "Intrusion Detected: Possible DNS exfiltration in query ttR69hjV.madeupsetup.eu.us-west-1.ec2-utilities.amazonaws.com.", "timestamp": 1726414241.9969316, "attack_type": "DNS Exfiltration"}
{"message": "Detected DNS Query: b'ttR69hjV.madeupsetup.eu.us-west-1.ec2-utilities.amazonaws.com.' with encoding ascii", "timestamp": 1726414242.155576, "attack_type": "DNS Query"}
{"message": "Decoded DNS Query: ttR69hjV.madeupsetup.eu.us-west-1.ec2-utilities.amazonaws.com.", "timestamp": 1726414242.3044195, "attack_type": "DNS Query"}
{"message": "Intrusion Detected: Possible DNS exfiltration in query ttR69hjV.madeupsetup.eu.us-west-1.ec2-utilities.amazonaws.com.", "timestamp": 1726414242.4710996, "attack_type": "DNS Exfiltration"}
{"message": "Intrusion Detected: Port scanning detected from 8.8.8.8", "timestamp": 1726414242.654728, "attack_type": "Port Scan"}
{"message": "Detected DNS Query: b'ttR69hjV.madeupsetup.eu.windomain.local.' with encoding ascii", "timestamp": 1726414242.7466655, "attack_type": "DNS Query"}
{"message": "Decoded DNS Query: ttR69hjV.madeupsetup.eu.windomain.local.", "timestamp": 1726414242.8883133, "attack_type": "DNS Query"}
[INFO] Flow: ('192.168.38.104', '8.8.8.8', 49390, 53, 'UDP'), Data Transferred: 83 bytes
[INFO] Flow: ('192.168.38.104', '18.217.1.57', 63673, 80, 'TCP'), Data Transferred: 66 bytes
[INFO] Flow: ('192.168.38.104', '18.217.1.57', 63672, 80, 'TCP'), Data Transferred: 623 bytes
[INFO] Flow: ('8.8.8.8', '192.168.38.104', 53, 49390, 'UDP'), Data Transferred: 162 bytes
[INFO] Flow: ('192.168.38.104', '8.8.8.8', 49391, 53, 'UDP'), Data Transferred: 121 bytes
[INFO] Flow: ('8.8.8.8', '192.168.38.104', 53, 49391, 'UDP'), Data Transferred: 209 bytes
[INFO] Flow: ('192.168.38.104', '8.8.8.8', 49392, 53, 'UDP'), Data Transferred: 99 bytes
[INFO] Packet dropped: Invalid TCP packet characteristics
[INFO] Flow: ('18.217.1.57', '192.168.38.104', 80, 63672, 'TCP'), Data Transferred: 54 bytes
[INFO] Flow: ('192.168.38.104', '18.217.1.57', 63673, 80, 'TCP'), Data Transferred: 120 bytes
{"message": "Detected DNS Query: b'ttR69hjV.madeupsetup.eu.windomain.local.' with encoding ascii", "timestamp": 1726414243.031377, "attack_type": "DNS Query"}
{"message": "Decoded DNS Query: ttR69hjV.madeupsetup.eu.windomain.local.", "timestamp": 1726414243.1625874, "attack_type": "DNS Query"}
{"message": "Intrusion Detected: Port scanning detected from 8.8.8.8", "timestamp": 1726414243.2547867, "attack_type": "Port Scan"}
{"message": "Traffic Anomaly Detected: 192.168.38.104 shows sudden traffic spike. Current: 677, Avg: 209.2", "timestamp": 1726414243.397605, "attack_type": "Traffic Anomaly"}
{"message": "Detected DNS Query: b'fvMGQY0s.madeupsetup.eu.' with encoding ascii", "timestamp": 1726414243.4963799, "attack_type": "DNS Query"}
{"message": "Decoded DNS Query: fvMGQY0s.madeupsetup.eu.", "timestamp": 1726414243.6385586, "attack_type": "DNS Query"}
{"message": "Detected DNS Query: b'fvMGQY0s.madeupsetup.eu.' with encoding ascii", "timestamp": 1726414243.7972257, "attack_type": "DNS Query"}
{"message": "Decoded DNS Query: fvMGQY0s.madeupsetup.eu.", "timestamp": 1726414243.9464214, "attack_type": "DNS Query"}
{"message": "Intrusion Detected: Port scanning detected from 8.8.8.8", "timestamp": 1726414244.129594, "attack_type": "Port Scan"}
{"message": "Detected DNS Query: b'fvMGQY0s.madeupsetup.eu.us-west-1.ec2-utilities.amazonaws.com.' with encoding ascii", "timestamp": 1726414244.2931433, "attack_type": "DNS Query"}
{"message": "Decoded DNS Query: fvMGQY0s.madeupsetup.eu.us-west-1.ec2-utilities.amazonaws.com.", "timestamp": 1726414244.454998, "attack_type": "DNS Query"}
{"message": "Intrusion Detected: Possible DNS exfiltration in query fvMGQY0s.madeupsetup.eu.us-west-1.ec2-utilities.amazonaws.com.", "timestamp": 1726414244.5803223, "attack_type": "DNS Exfiltration"}
[INFO] Flow: ('8.8.8.8', '192.168.38.104', 53, 49392, 'UDP'), Data Transferred: 174 bytes
[INFO] Flow: ('18.217.1.57', '192.168.38.104', 80, 63672, 'TCP'), Data Transferred: 125 bytes
[INFO] Packet dropped: Invalid TCP packet characteristics
[INFO] Flow: ('192.168.38.104', '18.217.1.57', 63672, 80, 'TCP'), Data Transferred: 677 bytes
[INFO] Flow: ('192.168.38.104', '8.8.8.8', 49393, 53, 'UDP'), Data Transferred: 83 bytes
[INFO] Packet dropped: Invalid TCP packet characteristics
[INFO] Flow: ('8.8.8.8', '192.168.38.104', 53, 49393, 'UDP'), Data Transferred: 162 bytes
[INFO] Flow: ('192.168.38.104', '8.8.8.8', 49394, 53, 'UDP'), Data Transferred: 121 bytes
[INFO] Flow: ('18.217.1.57', '192.168.38.104', 80, 63672, 'TCP'), Data Transferred: 179 bytes
[INFO] Flow: ('8.8.8.8', '192.168.38.104', 53, 49394, 'UDP'), Data Transferred: 209 bytes
{"message": "Detected DNS Query: b'fvMGQY0s.madeupsetup.eu.us-west-1.ec2-utilities.amazonaws.com.' with encoding ascii", "timestamp": 1726414244.790389, "attack_type": "DNS Query"}
{"message": "Decoded DNS Query: fvMGQY0s.madeupsetup.eu.us-west-1.ec2-utilities.amazonaws.com.", "timestamp": 1726414244.9544327, "attack_type": "DNS Query"}
{"message": "Intrusion Detected: Possible DNS exfiltration in query fvMGQY0s.madeupsetup.eu.us-west-1.ec2-utilities.amazonaws.com.", "timestamp": 1726414245.1023896, "attack_type": "DNS Exfiltration"}
{"message": "Intrusion Detected: Port scanning detected from 8.8.8.8", "timestamp": 1726414245.2882266, "attack_type": "Port Scan"}
{"message": "Detected DNS Query: b'fvMGQY0s.madeupsetup.eu.windomain.local.' with encoding ascii", "timestamp": 1726414245.4066381, "attack_type": "DNS Query"}
{"message": "Decoded DNS Query: fvMGQY0s.madeupsetup.eu.windomain.local.", "timestamp": 1726414245.5298276, "attack_type": "DNS Query"}
{"message": "Detected DNS Query: b'fvMGQY0s.madeupsetup.eu.windomain.local.' with encoding ascii", "timestamp": 1726414245.6309345, "attack_type": "DNS Query"}
{"message": "Decoded DNS Query: fvMGQY0s.madeupsetup.eu.windomain.local.", "timestamp": 1726414245.7306309, "attack_type": "DNS Query"}
{"message": "Intrusion Detected: Port scanning detected from 8.8.8.8", "timestamp": 1726414245.8132257, "attack_type": "Port Scan"}
{"message": "Detected DNS Query: b'tTTnvTin.madeupsetup.eu.' with encoding ascii", "timestamp": 1726414245.888697, "attack_type": "DNS Query"}
{"message": "Decoded DNS Query: tTTnvTin.madeupsetup.eu.", "timestamp": 1726414246.0549166, "attack_type": "DNS Query"}
{"message": "Detected DNS Query: b'tTTnvTin.madeupsetup.eu.' with encoding ascii", "timestamp": 1726414246.221133, "attack_type": "DNS Query"}
{"message": "Decoded DNS Query: tTTnvTin.madeupsetup.eu.", "timestamp": 1726414246.4130952, "attack_type": "DNS Query"}
{"message": "Intrusion Detected: Port scanning detected from 8.8.8.8", "timestamp": 1726414246.5795026, "attack_type": "Port Scan"}
{"message": "Detected DNS Query: b'tTTnvTin.madeupsetup.eu.us-west-1.ec2-utilities.amazonaws.com.' with encoding ascii", "timestamp": 1726414246.7214818, "attack_type": "DNS Query"}
{"message": "Decoded DNS Query: tTTnvTin.madeupsetup.eu.us-west-1.ec2-utilities.amazonaws.com.", "timestamp": 1726414246.871049, "attack_type": "DNS Query"}
{"message": "Intrusion Detected: Possible DNS exfiltration in query tTTnvTin.madeupsetup.eu.us-west-1.ec2-utilities.amazonaws.com.", "timestamp": 1726414246.9622626, "attack_type": "DNS Exfiltration"}
{"message": "Intrusion Detected: HTTP Covert Channel Detected in User-Agent: Mozilla/5.0 (Windows NT 10.0; Win64; x64) AppleWebKit/537.36 (KHTML, like Gecko) Chrome/84.0.4147.105 Safari/537.36", "timestamp": 1726414247.1303844, "attack_type": "HTTP Covert Channel"}
{"message": "Traffic Anomaly Detected: 192.168.38.104 shows sudden traffic spike. Current: 623, Avg: 209.2", "timestamp": 1726414247.2626352, "attack_type": "Traffic Anomaly"}
{"message": "Detected DNS Query: b'tTTnvTin.madeupsetup.eu.us-west-1.ec2-utilities.amazonaws.com.' with encoding ascii", "timestamp": 1726414247.4125845, "attack_type": "DNS Query"}
{"message": "Decoded DNS Query: tTTnvTin.madeupsetup.eu.us-west-1.ec2-utilities.amazonaws.com.", "timestamp": 1726414247.4965801, "attack_type": "DNS Query"}
{"message": "Intrusion Detected: Possible DNS exfiltration in query tTTnvTin.madeupsetup.eu.us-west-1.ec2-utilities.amazonaws.com.", "timestamp": 1726414247.6546686, "attack_type": "DNS Exfiltration"}
{"message": "Intrusion Detected: Port scanning detected from 8.8.8.8", "timestamp": 1726414247.7791653, "attack_type": "Port Scan"}
{"message": "Detected DNS Query: b'tTTnvTin.madeupsetup.eu.windomain.local.' with encoding ascii", "timestamp": 1726414247.9384506, "attack_type": "DNS Query"}
{"message": "Decoded DNS Query: tTTnvTin.madeupsetup.eu.windomain.local.", "timestamp": 1726414248.0376577, "attack_type": "DNS Query"}
[INFO] Flow: ('192.168.38.104', '8.8.8.8', 49395, 53, 'UDP'), Data Transferred: 99 bytes
[INFO] Flow: ('8.8.8.8', '192.168.38.104', 53, 49395, 'UDP'), Data Transferred: 174 bytes
[INFO] Flow: ('192.168.38.104', '8.8.8.8', 49396, 53, 'UDP'), Data Transferred: 83 bytes
[INFO] Flow: ('8.8.8.8', '192.168.38.104', 53, 49396, 'UDP'), Data Transferred: 162 bytes
[INFO] Flow: ('192.168.38.104', '8.8.8.8', 49397, 53, 'UDP'), Data Transferred: 121 bytes
[INFO] Flow: ('192.168.38.104', '18.217.1.57', 63674, 80, 'TCP'), Data Transferred: 66 bytes
[INFO] Flow: ('192.168.38.104', '18.217.1.57', 63673, 80, 'TCP'), Data Transferred: 623 bytes
[INFO] Flow: ('8.8.8.8', '192.168.38.104', 53, 49397, 'UDP'), Data Transferred: 221 bytes
[INFO] Flow: ('192.168.38.104', '8.8.8.8', 49398, 53, 'UDP'), Data Transferred: 99 bytes
[INFO] Flow: ('8.8.8.8', '192.168.38.104', 53, 49398, 'UDP'), Data Transferred: 174 bytes
{"message": "Detected DNS Query: b'tTTnvTin.madeupsetup.eu.windomain.local.' with encoding ascii", "timestamp": 1726414248.1632035, "attack_type": "DNS Query"}
{"message": "Decoded DNS Query: tTTnvTin.madeupsetup.eu.windomain.local.", "timestamp": 1726414248.312406, "attack_type": "DNS Query"}
{"message": "Intrusion Detected: Port scanning detected from 8.8.8.8", "timestamp": 1726414248.5046031, "attack_type": "Port Scan"}
{"message": "Detected DNS Query: b'SO4JxvAC.madeupsetup.eu.' with encoding ascii", "timestamp": 1726414248.6384187, "attack_type": "DNS Query"}
{"message": "Decoded DNS Query: SO4JxvAC.madeupsetup.eu.", "timestamp": 1726414248.737657, "attack_type": "DNS Query"}
{"message": "Traffic Anomaly Detected: 192.168.38.104 shows sudden traffic spike. Current: 677, Avg: 209.2", "timestamp": 1726414248.9130151, "attack_type": "Traffic Anomaly"}
{"message": "Detected DNS Query: b'SO4JxvAC.madeupsetup.eu.' with encoding ascii", "timestamp": 1726414249.3387654, "attack_type": "DNS Query"}
{"message": "Decoded DNS Query: SO4JxvAC.madeupsetup.eu.", "timestamp": 1726414249.4382706, "attack_type": "DNS Query"}
{"message": "Intrusion Detected: Port scanning detected from 8.8.8.8", "timestamp": 1726414249.7126753, "attack_type": "Port Scan"}
[INFO] Flow: ('192.168.38.104', '8.8.8.8', 49399, 53, 'UDP'), Data Transferred: 83 bytes
[INFO] Flow: ('18.217.1.57', '192.168.38.104', 80, 63673, 'TCP'), Data Transferred: 54 bytes
[INFO] Packet dropped: Invalid TCP packet characteristics
[INFO] Flow: ('192.168.38.104', '18.217.1.57', 63674, 80, 'TCP'), Data Transferred: 120 bytes
[INFO] Flow: ('18.217.1.57', '192.168.38.104', 80, 63673, 'TCP'), Data Transferred: 125 bytes
[INFO] Packet dropped: Invalid TCP packet characteristics
[INFO] Flow: ('192.168.38.104', '18.217.1.57', 63673, 80, 'TCP'), Data Transferred: 677 bytes
[INFO] Packet dropped: Invalid TCP packet characteristics
[INFO] Flow: ('8.8.8.8', '192.168.38.104', 53, 49399, 'UDP'), Data Transferred: 162 bytes
[INFO] Flow: ('192.168.38.104', '8.8.8.8', 49400, 53, 'UDP'), Data Transferred: 121 bytes
{"message": "Detected DNS Query: b'SO4JxvAC.madeupsetup.eu.us-west-1.ec2-utilities.amazonaws.com.' with encoding ascii", "timestamp": 1726414249.8795412, "attack_type": "DNS Query"}
{"message": "Decoded DNS Query: SO4JxvAC.madeupsetup.eu.us-west-1.ec2-utilities.amazonaws.com.", "timestamp": 1726414250.0208042, "attack_type": "DNS Query"}
{"message": "Intrusion Detected: Possible DNS exfiltration in query SO4JxvAC.madeupsetup.eu.us-west-1.ec2-utilities.amazonaws.com.", "timestamp": 1726414250.1633313, "attack_type": "DNS Exfiltration"}
{"message": "Detected DNS Query: b'SO4JxvAC.madeupsetup.eu.us-west-1.ec2-utilities.amazonaws.com.' with encoding ascii", "timestamp": 1726414250.2548883, "attack_type": "DNS Query"}
{"message": "Decoded DNS Query: SO4JxvAC.madeupsetup.eu.us-west-1.ec2-utilities.amazonaws.com.", "timestamp": 1726414250.403905, "attack_type": "DNS Query"}
{"message": "Intrusion Detected: Possible DNS exfiltration in query SO4JxvAC.madeupsetup.eu.us-west-1.ec2-utilities.amazonaws.com.", "timestamp": 1726414250.6613457, "attack_type": "DNS Exfiltration"}
{"message": "Intrusion Detected: Port scanning detected from 8.8.8.8", "timestamp": 1726414250.78778, "attack_type": "Port Scan"}
{"message": "Detected DNS Query: b'SO4JxvAC.madeupsetup.eu.windomain.local.' with encoding ascii", "timestamp": 1726414250.9465733, "attack_type": "DNS Query"}
{"message": "Decoded DNS Query: SO4JxvAC.madeupsetup.eu.windomain.local.", "timestamp": 1726414251.0715883, "attack_type": "DNS Query"}
{"message": "Detected DNS Query: b'SO4JxvAC.madeupsetup.eu.windomain.local.' with encoding ascii", "timestamp": 1726414251.2215924, "attack_type": "DNS Query"}
{"message": "Decoded DNS Query: SO4JxvAC.madeupsetup.eu.windomain.local.", "timestamp": 1726414251.3125927, "attack_type": "DNS Query"}
{"message": "Intrusion Detected: Port scanning detected from 8.8.8.8", "timestamp": 1726414251.4211407, "attack_type": "Port Scan"}
{"message": "Detected DNS Query: b'rAlDx9m7.madeupsetup.eu.' with encoding ascii", "timestamp": 1726414251.5225306, "attack_type": "DNS Query"}
{"message": "Decoded DNS Query: rAlDx9m7.madeupsetup.eu.", "timestamp": 1726414251.6293952, "attack_type": "DNS Query"}
{"message": "Detected DNS Query: b'rAlDx9m7.madeupsetup.eu.' with encoding ascii", "timestamp": 1726414251.7301755, "attack_type": "DNS Query"}
{"message": "Decoded DNS Query: rAlDx9m7.madeupsetup.eu.", "timestamp": 1726414251.8624418, "attack_type": "DNS Query"}
{"message": "Intrusion Detected: Port scanning detected from 8.8.8.8", "timestamp": 1726414251.9874005, "attack_type": "Port Scan"}
{"message": "Detected DNS Query: b'rAlDx9m7.madeupsetup.eu.us-west-1.ec2-utilities.amazonaws.com.' with encoding ascii", "timestamp": 1726414252.1388373, "attack_type": "DNS Query"}
{"message": "Decoded DNS Query: rAlDx9m7.madeupsetup.eu.us-west-1.ec2-utilities.amazonaws.com.", "timestamp": 1726414252.2831426, "attack_type": "DNS Query"}
{"message": "Intrusion Detected: Possible DNS exfiltration in query rAlDx9m7.madeupsetup.eu.us-west-1.ec2-utilities.amazonaws.com.", "timestamp": 1726414252.3632607, "attack_type": "DNS Exfiltration"}
{"message": "Detected DNS Query: b'rAlDx9m7.madeupsetup.eu.us-west-1.ec2-utilities.amazonaws.com.' with encoding ascii", "timestamp": 1726414252.5058718, "attack_type": "DNS Query"}
{"message": "Decoded DNS Query: rAlDx9m7.madeupsetup.eu.us-west-1.ec2-utilities.amazonaws.com.", "timestamp": 1726414252.6468267, "attack_type": "DNS Query"}
{"message": "Intrusion Detected: Possible DNS exfiltration in query rAlDx9m7.madeupsetup.eu.us-west-1.ec2-utilities.amazonaws.com.", "timestamp": 1726414252.78847, "attack_type": "DNS Exfiltration"}
{"message": "Intrusion Detected: Port scanning detected from 8.8.8.8", "timestamp": 1726414252.9454474, "attack_type": "Port Scan"}
{"message": "Detected DNS Query: b'rAlDx9m7.madeupsetup.eu.windomain.local.' with encoding ascii", "timestamp": 1726414253.0863295, "attack_type": "DNS Query"}
{"message": "Decoded DNS Query: rAlDx9m7.madeupsetup.eu.windomain.local.", "timestamp": 1726414253.1868322, "attack_type": "DNS Query"}
[INFO] Flow: ('8.8.8.8', '192.168.38.104', 53, 49400, 'UDP'), Data Transferred: 209 bytes
[INFO] Flow: ('192.168.38.104', '8.8.8.8', 49401, 53, 'UDP'), Data Transferred: 99 bytes
[INFO] Flow: ('8.8.8.8', '192.168.38.104', 53, 49401, 'UDP'), Data Transferred: 174 bytes
[INFO] Flow: ('192.168.38.104', '8.8.8.8', 49402, 53, 'UDP'), Data Transferred: 83 bytes
[INFO] Flow: ('8.8.8.8', '192.168.38.104', 53, 49402, 'UDP'), Data Transferred: 162 bytes
[INFO] Flow: ('18.217.1.57', '192.168.38.104', 80, 63673, 'TCP'), Data Transferred: 179 bytes
[INFO] Flow: ('192.168.38.104', '8.8.8.8', 49403, 53, 'UDP'), Data Transferred: 121 bytes
[INFO] Flow: ('8.8.8.8', '192.168.38.104', 53, 49403, 'UDP'), Data Transferred: 209 bytes
[INFO] Flow: ('192.168.38.104', '8.8.8.8', 49404, 53, 'UDP'), Data Transferred: 99 bytes
[INFO] Flow: ('8.8.8.8', '192.168.38.104', 53, 49404, 'UDP'), Data Transferred: 174 bytes
{"message": "Detected DNS Query: b'rAlDx9m7.madeupsetup.eu.windomain.local.' with encoding ascii", "timestamp": 1726414253.453336, "attack_type": "DNS Query"}
{"message": "Decoded DNS Query: rAlDx9m7.madeupsetup.eu.windomain.local.", "timestamp": 1726414253.587587, "attack_type": "DNS Query"}
{"message": "Intrusion Detected: Port scanning detected from 8.8.8.8", "timestamp": 1726414253.7412019, "attack_type": "Port Scan"}
{"message": "Detected DNS Query: b'fMHx7/PX.madeupsetup.eu.' with encoding ascii", "timestamp": 1726414253.9124215, "attack_type": "DNS Query"}
{"message": "Decoded DNS Query: fMHx7/PX.madeupsetup.eu.", "timestamp": 1726414254.0205824, "attack_type": "DNS Query"}
{"message": "Detected DNS Query: b'fMHx7/PX.madeupsetup.eu.' with encoding ascii", "timestamp": 1726414254.1633677, "attack_type": "DNS Query"}
{"message": "Decoded DNS Query: fMHx7/PX.madeupsetup.eu.", "timestamp": 1726414254.303497, "attack_type": "DNS Query"}
{"message": "Intrusion Detected: Port scanning detected from 8.8.8.8", "timestamp": 1726414254.4373474, "attack_type": "Port Scan"}
{"message": "Detected DNS Query: b'fMHx7/PX.madeupsetup.eu.us-west-1.ec2-utilities.amazonaws.com.' with encoding ascii", "timestamp": 1726414254.5384343, "attack_type": "DNS Query"}
{"message": "Decoded DNS Query: fMHx7/PX.madeupsetup.eu.us-west-1.ec2-utilities.amazonaws.com.", "timestamp": 1726414254.68695, "attack_type": "DNS Query"}
{"message": "Intrusion Detected: Possible DNS exfiltration in query fMHx7/PX.madeupsetup.eu.us-west-1.ec2-utilities.amazonaws.com.", "timestamp": 1726414254.837718, "attack_type": "DNS Exfiltration"}
{"message": "Detected DNS Query: b'fMHx7/PX.madeupsetup.eu.us-west-1.ec2-utilities.amazonaws.com.' with encoding ascii", "timestamp": 1726414254.9626675, "attack_type": "DNS Query"}
{"message": "Decoded DNS Query: fMHx7/PX.madeupsetup.eu.us-west-1.ec2-utilities.amazonaws.com.", "timestamp": 1726414255.1207454, "attack_type": "DNS Query"}
{"message": "Intrusion Detected: Possible DNS exfiltration in query fMHx7/PX.madeupsetup.eu.us-west-1.ec2-utilities.amazonaws.com.", "timestamp": 1726414255.3206403, "attack_type": "DNS Exfiltration"}
{"message": "Intrusion Detected: Port scanning detected from 8.8.8.8", "timestamp": 1726414255.463067, "attack_type": "Port Scan"}
{"message": "Detected DNS Query: b'fMHx7/PX.madeupsetup.eu.windomain.local.' with encoding ascii", "timestamp": 1726414255.6223075, "attack_type": "DNS Query"}
{"message": "Decoded DNS Query: fMHx7/PX.madeupsetup.eu.windomain.local.", "timestamp": 1726414255.8046348, "attack_type": "DNS Query"}
{"message": "Detected DNS Query: b'fMHx7/PX.madeupsetup.eu.windomain.local.' with encoding ascii", "timestamp": 1726414255.9464483, "attack_type": "DNS Query"}
{"message": "Decoded DNS Query: fMHx7/PX.madeupsetup.eu.windomain.local.", "timestamp": 1726414256.1541622, "attack_type": "DNS Query"}
{"message": "Intrusion Detected: Port scanning detected from 8.8.8.8", "timestamp": 1726414256.312688, "attack_type": "Port Scan"}
{"message": "Detected DNS Query: b'yF3zkFuG.madeupsetup.eu.' with encoding ascii", "timestamp": 1726414256.496344, "attack_type": "DNS Query"}
{"message": "Decoded DNS Query: yF3zkFuG.madeupsetup.eu.", "timestamp": 1726414256.6294796, "attack_type": "DNS Query"}
{"message": "Detected DNS Query: b'yF3zkFuG.madeupsetup.eu.' with encoding ascii", "timestamp": 1726414256.7216575, "attack_type": "DNS Query"}
{"message": "Decoded DNS Query: yF3zkFuG.madeupsetup.eu.", "timestamp": 1726414256.8951907, "attack_type": "DNS Query"}
{"message": "Intrusion Detected: Port scanning detected from 8.8.8.8", "timestamp": 1726414257.0288036, "attack_type": "Port Scan"}
[INFO] Flow: ('192.168.38.104', '8.8.8.8', 49405, 53, 'UDP'), Data Transferred: 83 bytes
[INFO] Flow: ('8.8.8.8', '192.168.38.104', 53, 49405, 'UDP'), Data Transferred: 162 bytes
[INFO] Flow: ('192.168.38.104', '8.8.8.8', 49406, 53, 'UDP'), Data Transferred: 121 bytes
[INFO] Flow: ('8.8.8.8', '192.168.38.104', 53, 49406, 'UDP'), Data Transferred: 221 bytes
[INFO] Flow: ('192.168.38.104', '8.8.8.8', 49407, 53, 'UDP'), Data Transferred: 99 bytes
[INFO] Flow: ('8.8.8.8', '192.168.38.104', 53, 49407, 'UDP'), Data Transferred: 174 bytes
[INFO] Flow: ('192.168.38.104', '8.8.8.8', 49408, 53, 'UDP'), Data Transferred: 83 bytes
[INFO] Flow: ('192.168.38.104', '18.217.1.57', 63675, 80, 'TCP'), Data Transferred: 66 bytes
[INFO] Flow: ('8.8.8.8', '192.168.38.104', 53, 49408, 'UDP'), Data Transferred: 162 bytes
[INFO] Flow: ('192.168.38.104', '8.8.8.8', 49409, 53, 'UDP'), Data Transferred: 121 bytes
{"message": "Detected DNS Query: b'yF3zkFuG.madeupsetup.eu.us-west-1.ec2-utilities.amazonaws.com.' with encoding ascii", "timestamp": 1726414257.1640704, "attack_type": "DNS Query"}
{"message": "Decoded DNS Query: yF3zkFuG.madeupsetup.eu.us-west-1.ec2-utilities.amazonaws.com.", "timestamp": 1726414257.2536802, "attack_type": "DNS Query"}
{"message": "Intrusion Detected: Possible DNS exfiltration in query yF3zkFuG.madeupsetup.eu.us-west-1.ec2-utilities.amazonaws.com.", "timestamp": 1726414257.4288087, "attack_type": "DNS Exfiltration"}
{"message": "Detected DNS Query: b'yF3zkFuG.madeupsetup.eu.us-west-1.ec2-utilities.amazonaws.com.' with encoding ascii", "timestamp": 1726414257.5709708, "attack_type": "DNS Query"}
{"message": "Decoded DNS Query: yF3zkFuG.madeupsetup.eu.us-west-1.ec2-utilities.amazonaws.com.", "timestamp": 1726414257.7124894, "attack_type": "DNS Query"}
{"message": "Intrusion Detected: Possible DNS exfiltration in query yF3zkFuG.madeupsetup.eu.us-west-1.ec2-utilities.amazonaws.com.", "timestamp": 1726414257.845749, "attack_type": "DNS Exfiltration"}
{"message": "Intrusion Detected: Port scanning detected from 8.8.8.8", "timestamp": 1726414258.0125442, "attack_type": "Port Scan"}
{"message": "Detected DNS Query: b'yF3zkFuG.madeupsetup.eu.windomain.local.' with encoding ascii", "timestamp": 1726414258.1374896, "attack_type": "DNS Query"}
{"message": "Decoded DNS Query: yF3zkFuG.madeupsetup.eu.windomain.local.", "timestamp": 1726414258.3037925, "attack_type": "DNS Query"}
{"message": "Intrusion Detected: HTTP Covert Channel Detected in User-Agent: Mozilla/5.0 (Windows NT 10.0; Win64; x64) AppleWebKit/537.36 (KHTML, like Gecko) Chrome/84.0.4147.105 Safari/537.36", "timestamp": 1726414258.4042902, "attack_type": "HTTP Covert Channel"}
{"message": "Traffic Anomaly Detected: 192.168.38.104 shows sudden traffic spike. Current: 623, Avg: 151.5", "timestamp": 1726414258.5709898, "attack_type": "Traffic Anomaly"}
{"message": "Detected DNS Query: b'yF3zkFuG.madeupsetup.eu.windomain.local.' with encoding ascii", "timestamp": 1726414258.7135537, "attack_type": "DNS Query"}
{"message": "Decoded DNS Query: yF3zkFuG.madeupsetup.eu.windomain.local.", "timestamp": 1726414258.8612003, "attack_type": "DNS Query"}
{"message": "Intrusion Detected: Port scanning detected from 8.8.8.8", "timestamp": 1726414259.053598, "attack_type": "Port Scan"}
{"message": "Detected DNS Query: b'UFq4pqcs.madeupsetup.eu.' with encoding ascii", "timestamp": 1726414259.1957629, "attack_type": "DNS Query"}
{"message": "Decoded DNS Query: UFq4pqcs.madeupsetup.eu.", "timestamp": 1726414259.3293602, "attack_type": "DNS Query"}
[INFO] Flow: ('8.8.8.8', '192.168.38.104', 53, 49409, 'UDP'), Data Transferred: 221 bytes
[INFO] Flow: ('192.168.38.104', '8.8.8.8', 49410, 53, 'UDP'), Data Transferred: 99 bytes
[INFO] Packet dropped: Not an IP packet
[INFO] Packet dropped: Not an IP packet
[INFO] Flow: ('192.168.38.104', '18.217.1.57', 63674, 80, 'TCP'), Data Transferred: 623 bytes
[INFO] Flow: ('8.8.8.8', '192.168.38.104', 53, 49410, 'UDP'), Data Transferred: 174 bytes
[INFO] Flow: ('192.168.38.104', '8.8.8.8', 49411, 53, 'UDP'), Data Transferred: 83 bytes
[INFO] Packet dropped: Invalid TCP packet characteristics
[INFO] Flow: ('192.168.38.104', '18.217.1.57', 63675, 80, 'TCP'), Data Transferred: 120 bytes
[INFO] Flow: ('8.8.8.8', '192.168.38.104', 53, 49411, 'UDP'), Data Transferred: 162 bytes
{"message": "Detected DNS Query: b'UFq4pqcs.madeupsetup.eu.' with encoding ascii", "timestamp": 1726414259.4301596, "attack_type": "DNS Query"}
{"message": "Decoded DNS Query: UFq4pqcs.madeupsetup.eu.", "timestamp": 1726414259.5788035, "attack_type": "DNS Query"}
{"message": "Intrusion Detected: Port scanning detected from 8.8.8.8", "timestamp": 1726414259.6953673, "attack_type": "Port Scan"}
{"message": "Detected DNS Query: b'UFq4pqcs.madeupsetup.eu.us-west-1.ec2-utilities.amazonaws.com.' with encoding ascii", "timestamp": 1726414259.8379376, "attack_type": "DNS Query"}
{"message": "Decoded DNS Query: UFq4pqcs.madeupsetup.eu.us-west-1.ec2-utilities.amazonaws.com.", "timestamp": 1726414259.9309225, "attack_type": "DNS Query"}
{"message": "Intrusion Detected: Possible DNS exfiltration in query UFq4pqcs.madeupsetup.eu.us-west-1.ec2-utilities.amazonaws.com.", "timestamp": 1726414260.1038318, "attack_type": "DNS Exfiltration"}
{"message": "Traffic Anomaly Detected: 192.168.38.104 shows sudden traffic spike. Current: 677, Avg: 209.2", "timestamp": 1726414260.2468607, "attack_type": "Traffic Anomaly"}
{"message": "Detected DNS Query: b'UFq4pqcs.madeupsetup.eu.us-west-1.ec2-utilities.amazonaws.com.' with encoding ascii", "timestamp": 1726414260.3376465, "attack_type": "DNS Query"}
{"message": "Decoded DNS Query: UFq4pqcs.madeupsetup.eu.us-west-1.ec2-utilities.amazonaws.com.", "timestamp": 1726414260.4643726, "attack_type": "DNS Query"}
{"message": "Intrusion Detected: Possible DNS exfiltration in query UFq4pqcs.madeupsetup.eu.us-west-1.ec2-utilities.amazonaws.com.", "timestamp": 1726414260.5540903, "attack_type": "DNS Exfiltration"}
{"message": "Intrusion Detected: Port scanning detected from 8.8.8.8", "timestamp": 1726414260.720807, "attack_type": "Port Scan"}
{"message": "Detected DNS Query: b'UFq4pqcs.madeupsetup.eu.windomain.local.' with encoding ascii", "timestamp": 1726414260.8126628, "attack_type": "DNS Query"}
{"message": "Decoded DNS Query: UFq4pqcs.madeupsetup.eu.windomain.local.", "timestamp": 1726414260.9371471, "attack_type": "DNS Query"}
{"message": "Detected DNS Query: b'UFq4pqcs.madeupsetup.eu.windomain.local.' with encoding ascii", "timestamp": 1726414261.1126108, "attack_type": "DNS Query"}
{"message": "Decoded DNS Query: UFq4pqcs.madeupsetup.eu.windomain.local.", "timestamp": 1726414261.285606, "attack_type": "DNS Query"}
{"message": "Intrusion Detected: Port scanning detected from 8.8.8.8", "timestamp": 1726414261.4703212, "attack_type": "Port Scan"}
{"message": "Detected DNS Query: b'qmHFH7Ox.madeupsetup.eu.' with encoding ascii", "timestamp": 1726414261.6458814, "attack_type": "DNS Query"}
{"message": "Decoded DNS Query: qmHFH7Ox.madeupsetup.eu.", "timestamp": 1726414261.7454128, "attack_type": "DNS Query"}
[INFO] Flow: ('18.217.1.57', '192.168.38.104', 80, 63674, 'TCP'), Data Transferred: 54 bytes
[INFO] Flow: ('192.168.38.104', '8.8.8.8', 49412, 53, 'UDP'), Data Transferred: 121 bytes
[INFO] Flow: ('18.217.1.57', '192.168.38.104', 80, 63674, 'TCP'), Data Transferred: 125 bytes
[INFO] Packet dropped: Invalid TCP packet characteristics
[INFO] Flow: ('192.168.38.104', '18.217.1.57', 63674, 80, 'TCP'), Data Transferred: 677 bytes
[INFO] Flow: ('8.8.8.8', '192.168.38.104', 53, 49412, 'UDP'), Data Transferred: 209 bytes
[INFO] Flow: ('192.168.38.104', '8.8.8.8', 49413, 53, 'UDP'), Data Transferred: 99 bytes
[INFO] Flow: ('8.8.8.8', '192.168.38.104', 53, 49413, 'UDP'), Data Transferred: 174 bytes
[INFO] Flow: ('192.168.38.104', '8.8.8.8', 49414, 53, 'UDP'), Data Transferred: 83 bytes
[INFO] Packet dropped: Invalid TCP packet characteristics
{"message": "Intrusion Detected: HTTP Covert Channel Detected in User-Agent: Mozilla/5.0 (Windows NT 10.0; Win64; x64) AppleWebKit/537.36 (KHTML, like Gecko) Chrome/84.0.4147.105 Safari/537.36", "timestamp": 1726414261.872452, "attack_type": "HTTP Covert Channel"}
{"message": "Traffic Anomaly Detected: 192.168.38.104 shows sudden traffic spike. Current: 623, Avg: 259.4", "timestamp": 1726414262.0281594, "attack_type": "Traffic Anomaly"}
{"message": "Detected DNS Query: b'qmHFH7Ox.madeupsetup.eu.' with encoding ascii", "timestamp": 1726414262.1373413, "attack_type": "DNS Query"}
{"message": "Decoded DNS Query: qmHFH7Ox.madeupsetup.eu.", "timestamp": 1726414262.286462, "attack_type": "DNS Query"}
{"message": "Intrusion Detected: Port scanning detected from 8.8.8.8", "timestamp": 1726414262.437658, "attack_type": "Port Scan"}
{"message": "Detected DNS Query: b'qmHFH7Ox.madeupsetup.eu.us-west-1.ec2-utilities.amazonaws.com.' with encoding ascii", "timestamp": 1726414262.529311, "attack_type": "DNS Query"}
{"message": "Decoded DNS Query: qmHFH7Ox.madeupsetup.eu.us-west-1.ec2-utilities.amazonaws.com.", "timestamp": 1726414262.686703, "attack_type": "DNS Query"}
{"message": "Intrusion Detected: Possible DNS exfiltration in query qmHFH7Ox.madeupsetup.eu.us-west-1.ec2-utilities.amazonaws.com.", "timestamp": 1726414262.8384516, "attack_type": "DNS Exfiltration"}
[INFO] Flow: ('192.168.38.104', '18.217.1.57', 63676, 80, 'TCP'), Data Transferred: 66 bytes
[INFO] Flow: ('192.168.38.104', '18.217.1.57', 63675, 80, 'TCP'), Data Transferred: 623 bytes
[INFO] Flow: ('18.217.1.57', '192.168.38.104', 80, 63674, 'TCP'), Data Transferred: 179 bytes
[INFO] Flow: ('8.8.8.8', '192.168.38.104', 53, 49414, 'UDP'), Data Transferred: 162 bytes
[INFO] Flow: ('192.168.38.104', '8.8.8.8', 49415, 53, 'UDP'), Data Transferred: 121 bytes
[INFO] Packet dropped: Invalid TCP packet characteristics
[INFO] Flow: ('192.168.38.104', '18.217.1.57', 63676, 80, 'TCP'), Data Transferred: 120 bytes
[INFO] Flow: ('18.217.1.57', '192.168.38.104', 80, 63675, 'TCP'), Data Transferred: 54 bytes
[INFO] Flow: ('18.217.1.57', '192.168.38.104', 80, 63675, 'TCP'), Data Transferred: 125 bytes
[INFO] Packet dropped: Invalid TCP packet characteristics
{"message": "Traffic Anomaly Detected: 192.168.38.104 shows sudden traffic spike. Current: 677, Avg: 270.7", "timestamp": 1726414262.9844706, "attack_type": "Traffic Anomaly"}
{"message": "Detected DNS Query: b'qmHFH7Ox.madeupsetup.eu.us-west-1.ec2-utilities.amazonaws.com.' with encoding ascii", "timestamp": 1726414263.1381698, "attack_type": "DNS Query"}
{"message": "Decoded DNS Query: qmHFH7Ox.madeupsetup.eu.us-west-1.ec2-utilities.amazonaws.com.", "timestamp": 1726414263.2293518, "attack_type": "DNS Query"}
{"message": "Intrusion Detected: Possible DNS exfiltration in query qmHFH7Ox.madeupsetup.eu.us-west-1.ec2-utilities.amazonaws.com.", "timestamp": 1726414263.396037, "attack_type": "DNS Exfiltration"}
{"message": "Intrusion Detected: Port scanning detected from 8.8.8.8", "timestamp": 1726414263.5365994, "attack_type": "Port Scan"}
{"message": "Detected DNS Query: b'qmHFH7Ox.madeupsetup.eu.windomain.local.' with encoding ascii", "timestamp": 1726414263.6810153, "attack_type": "DNS Query"}
{"message": "Decoded DNS Query: qmHFH7Ox.madeupsetup.eu.windomain.local.", "timestamp": 1726414263.8203363, "attack_type": "DNS Query"}
{"message": "Detected DNS Query: b'qmHFH7Ox.madeupsetup.eu.windomain.local.' with encoding ascii", "timestamp": 1726414263.9213426, "attack_type": "DNS Query"}
{"message": "Decoded DNS Query: qmHFH7Ox.madeupsetup.eu.windomain.local.", "timestamp": 1726414264.070624, "attack_type": "DNS Query"}
{"message": "Intrusion Detected: Port scanning detected from 8.8.8.8", "timestamp": 1726414264.2206614, "attack_type": "Port Scan"}
{"message": "Detected DNS Query: b'aHARNwGW.madeupsetup.eu.' with encoding ascii", "timestamp": 1726414264.3627164, "attack_type": "DNS Query"}
{"message": "Decoded DNS Query: aHARNwGW.madeupsetup.eu.", "timestamp": 1726414264.4953122, "attack_type": "DNS Query"}
{"message": "Detected DNS Query: b'aHARNwGW.madeupsetup.eu.' with encoding ascii", "timestamp": 1726414264.655416, "attack_type": "DNS Query"}
{"message": "Decoded DNS Query: aHARNwGW.madeupsetup.eu.", "timestamp": 1726414264.7535808, "attack_type": "DNS Query"}
{"message": "Intrusion Detected: Port scanning detected from 8.8.8.8", "timestamp": 1726414264.8956702, "attack_type": "Port Scan"}
{"message": "Detected DNS Query: b'aHARNwGW.madeupsetup.eu.us-west-1.ec2-utilities.amazonaws.com.' with encoding ascii", "timestamp": 1726414265.0288358, "attack_type": "DNS Query"}
{"message": "Decoded DNS Query: aHARNwGW.madeupsetup.eu.us-west-1.ec2-utilities.amazonaws.com.", "timestamp": 1726414265.203817, "attack_type": "DNS Query"}
{"message": "Intrusion Detected: Possible DNS exfiltration in query aHARNwGW.madeupsetup.eu.us-west-1.ec2-utilities.amazonaws.com.", "timestamp": 1726414265.3451197, "attack_type": "DNS Exfiltration"}
{"message": "Detected DNS Query: b'aHARNwGW.madeupsetup.eu.us-west-1.ec2-utilities.amazonaws.com.' with encoding ascii", "timestamp": 1726414265.4459183, "attack_type": "DNS Query"}
{"message": "Decoded DNS Query: aHARNwGW.madeupsetup.eu.us-west-1.ec2-utilities.amazonaws.com.", "timestamp": 1726414265.6199906, "attack_type": "DNS Query"}
{"message": "Intrusion Detected: Possible DNS exfiltration in query aHARNwGW.madeupsetup.eu.us-west-1.ec2-utilities.amazonaws.com.", "timestamp": 1726414265.753533, "attack_type": "DNS Exfiltration"}
{"message": "Intrusion Detected: Port scanning detected from 8.8.8.8", "timestamp": 1726414265.9032896, "attack_type": "Port Scan"}
[INFO] Flow: ('192.168.38.104', '18.217.1.57', 63675, 80, 'TCP'), Data Transferred: 677 bytes
[INFO] Flow: ('8.8.8.8', '192.168.38.104', 53, 49415, 'UDP'), Data Transferred: 221 bytes
[INFO] Flow: ('192.168.38.104', '8.8.8.8', 49416, 53, 'UDP'), Data Transferred: 99 bytes
[INFO] Flow: ('8.8.8.8', '192.168.38.104', 53, 49416, 'UDP'), Data Transferred: 174 bytes
[INFO] Flow: ('192.168.38.104', '8.8.8.8', 49417, 53, 'UDP'), Data Transferred: 83 bytes
[INFO] Packet dropped: Invalid TCP packet characteristics
[INFO] Flow: ('8.8.8.8', '192.168.38.104', 53, 49417, 'UDP'), Data Transferred: 162 bytes
[INFO] Flow: ('192.168.38.104', '8.8.8.8', 49418, 53, 'UDP'), Data Transferred: 121 bytes
[INFO] Flow: ('8.8.8.8', '192.168.38.104', 53, 49418, 'UDP'), Data Transferred: 221 bytes
[INFO] Flow: ('192.168.38.104', '8.8.8.8', 49419, 53, 'UDP'), Data Transferred: 99 bytes
{"message": "Detected DNS Query: b'aHARNwGW.madeupsetup.eu.windomain.local.' with encoding ascii", "timestamp": 1726414266.0703986, "attack_type": "DNS Query"}
{"message": "Decoded DNS Query: aHARNwGW.madeupsetup.eu.windomain.local.", "timestamp": 1726414266.236285, "attack_type": "DNS Query"}
{"message": "Detected DNS Query: b'aHARNwGW.madeupsetup.eu.windomain.local.' with encoding ascii", "timestamp": 1726414266.3957255, "attack_type": "DNS Query"}
{"message": "Decoded DNS Query: aHARNwGW.madeupsetup.eu.windomain.local.", "timestamp": 1726414266.5435493, "attack_type": "DNS Query"}
{"message": "Intrusion Detected: Port scanning detected from 8.8.8.8", "timestamp": 1726414266.7029753, "attack_type": "Port Scan"}
{"message": "Detected DNS Query: b'a817nStX.madeupsetup.eu.' with encoding ascii", "timestamp": 1726414266.853818, "attack_type": "DNS Query"}
{"message": "Decoded DNS Query: a817nStX.madeupsetup.eu.", "timestamp": 1726414267.011681, "attack_type": "DNS Query"}
{"message": "Intrusion Detected: HTTP Covert Channel Detected in User-Agent: Mozilla/5.0 (Windows NT 10.0; Win64; x64) AppleWebKit/537.36 (KHTML, like Gecko) Chrome/84.0.4147.105 Safari/537.36", "timestamp": 1726414267.1703155, "attack_type": "HTTP Covert Channel"}
{"message": "Traffic Anomaly Detected: 192.168.38.104 shows sudden traffic spike. Current: 623, Avg: 209.2", "timestamp": 1726414267.3448098, "attack_type": "Traffic Anomaly"}
{"message": "Detected DNS Query: b'a817nStX.madeupsetup.eu.' with encoding ascii", "timestamp": 1726414267.495007, "attack_type": "DNS Query"}
{"message": "Decoded DNS Query: a817nStX.madeupsetup.eu.", "timestamp": 1726414267.627954, "attack_type": "DNS Query"}
{"message": "Detected DNS Query: b'a817nStX.madeupsetup.eu.us-west-1.ec2-utilities.amazonaws.com.' with encoding ascii", "timestamp": 1726414267.762719, "attack_type": "DNS Query"}
{"message": "Decoded DNS Query: a817nStX.madeupsetup.eu.us-west-1.ec2-utilities.amazonaws.com.", "timestamp": 1726414267.8536038, "attack_type": "DNS Query"}
{"message": "Intrusion Detected: Possible DNS exfiltration in query a817nStX.madeupsetup.eu.us-west-1.ec2-utilities.amazonaws.com.", "timestamp": 1726414267.9784436, "attack_type": "DNS Exfiltration"}
{"message": "Detected DNS Query: b'a817nStX.madeupsetup.eu.us-west-1.ec2-utilities.amazonaws.com.' with encoding ascii", "timestamp": 1726414268.1284752, "attack_type": "DNS Query"}
{"message": "Decoded DNS Query: a817nStX.madeupsetup.eu.us-west-1.ec2-utilities.amazonaws.com.", "timestamp": 1726414268.2861881, "attack_type": "DNS Query"}
{"message": "Intrusion Detected: Possible DNS exfiltration in query a817nStX.madeupsetup.eu.us-west-1.ec2-utilities.amazonaws.com.", "timestamp": 1726414268.4195404, "attack_type": "DNS Exfiltration"}
{"message": "Detected DNS Query: b'a817nStX.madeupsetup.eu.windomain.local.' with encoding ascii", "timestamp": 1726414268.5456822, "attack_type": "DNS Query"}
{"message": "Decoded DNS Query: a817nStX.madeupsetup.eu.windomain.local.", "timestamp": 1726414268.6360946, "attack_type": "DNS Query"}
[INFO] Flow: ('8.8.8.8', '192.168.38.104', 53, 49419, 'UDP'), Data Transferred: 174 bytes
[INFO] Flow: ('192.168.38.104', '8.8.8.8', 49420, 53, 'UDP'), Data Transferred: 83 bytes
[INFO] Flow: ('18.217.1.57', '192.168.38.104', 80, 63675, 'TCP'), Data Transferred: 179 bytes
[INFO] Flow: ('192.168.38.104', '18.217.1.57', 63677, 80, 'TCP'), Data Transferred: 66 bytes
[INFO] Flow: ('192.168.38.104', '18.217.1.57', 63676, 80, 'TCP'), Data Transferred: 623 bytes
[INFO] Flow: ('8.8.8.8', '192.168.38.104', 53, 49420, 'UDP'), Data Transferred: 162 bytes
[INFO] Flow: ('192.168.38.104', '8.8.8.8', 49421, 53, 'UDP'), Data Transferred: 121 bytes
[INFO] Flow: ('8.8.8.8', '192.168.38.104', 53, 49421, 'UDP'), Data Transferred: 221 bytes
[INFO] Flow: ('192.168.38.104', '8.8.8.8', 49422, 53, 'UDP'), Data Transferred: 99 bytes
[INFO] Flow: ('8.8.8.8', '192.168.38.104', 53, 49422, 'UDP'), Data Transferred: 174 bytes
{"message": "Detected DNS Query: b'a817nStX.madeupsetup.eu.windomain.local.' with encoding ascii", "timestamp": 1726414268.8869033, "attack_type": "DNS Query"}
{"message": "Decoded DNS Query: a817nStX.madeupsetup.eu.windomain.local.", "timestamp": 1726414268.9783604, "attack_type": "DNS Query"}
{"message": "Detected DNS Query: b'g9olPnyg.madeupsetup.eu.' with encoding ascii", "timestamp": 1726414269.1042955, "attack_type": "DNS Query"}
{"message": "Decoded DNS Query: g9olPnyg.madeupsetup.eu.", "timestamp": 1726414269.2533717, "attack_type": "DNS Query"}
{"message": "Traffic Anomaly Detected: 192.168.38.104 shows sudden traffic spike. Current: 677, Avg: 209.2", "timestamp": 1726414269.396559, "attack_type": "Traffic Anomaly"}
{"message": "Detected DNS Query: b'g9olPnyg.madeupsetup.eu.' with encoding ascii", "timestamp": 1726414269.5370297, "attack_type": "DNS Query"}
{"message": "Decoded DNS Query: g9olPnyg.madeupsetup.eu.", "timestamp": 1726414269.7574732, "attack_type": "DNS Query"}
[INFO] Flow: ('192.168.38.104', '8.8.8.8', 49423, 53, 'UDP'), Data Transferred: 83 bytes
[INFO] Packet dropped: Invalid TCP packet characteristics
[INFO] Flow: ('192.168.38.104', '18.217.1.57', 63677, 80, 'TCP'), Data Transferred: 120 bytes
[INFO] Flow: ('18.217.1.57', '192.168.38.104', 80, 63676, 'TCP'), Data Transferred: 54 bytes
[INFO] Flow: ('18.217.1.57', '192.168.38.104', 80, 63676, 'TCP'), Data Transferred: 125 bytes
[INFO] Packet dropped: Invalid TCP packet characteristics
[INFO] Flow: ('192.168.38.104', '18.217.1.57', 63676, 80, 'TCP'), Data Transferred: 677 bytes
[INFO] Packet dropped: Invalid TCP packet characteristics
[INFO] Flow: ('8.8.8.8', '192.168.38.104', 53, 49423, 'UDP'), Data Transferred: 162 bytes
[INFO] Flow: ('192.168.38.104', '8.8.8.8', 49424, 53, 'UDP'), Data Transferred: 121 bytes
{"message": "Detected DNS Query: b'g9olPnyg.madeupsetup.eu.us-west-1.ec2-utilities.amazonaws.com.' with encoding ascii", "timestamp": 1726414269.9124413, "attack_type": "DNS Query"}
{"message": "Decoded DNS Query: g9olPnyg.madeupsetup.eu.us-west-1.ec2-utilities.amazonaws.com.", "timestamp": 1726414270.0698814, "attack_type": "DNS Query"}
{"message": "Intrusion Detected: Possible DNS exfiltration in query g9olPnyg.madeupsetup.eu.us-west-1.ec2-utilities.amazonaws.com.", "timestamp": 1726414270.1951785, "attack_type": "DNS Exfiltration"}
{"message": "Detected DNS Query: b'g9olPnyg.madeupsetup.eu.us-west-1.ec2-utilities.amazonaws.com.' with encoding ascii", "timestamp": 1726414270.3203325, "attack_type": "DNS Query"}
{"message": "Decoded DNS Query: g9olPnyg.madeupsetup.eu.us-west-1.ec2-utilities.amazonaws.com.", "timestamp": 1726414270.4032338, "attack_type": "DNS Query"}
{"message": "Intrusion Detected: Possible DNS exfiltration in query g9olPnyg.madeupsetup.eu.us-west-1.ec2-utilities.amazonaws.com.", "timestamp": 1726414270.5446782, "attack_type": "DNS Exfiltration"}
{"message": "Detected DNS Query: b'g9olPnyg.madeupsetup.eu.windomain.local.' with encoding ascii", "timestamp": 1726414270.67055, "attack_type": "DNS Query"}
{"message": "Decoded DNS Query: g9olPnyg.madeupsetup.eu.windomain.local.", "timestamp": 1726414270.8032804, "attack_type": "DNS Query"}
{"message": "Detected DNS Query: b'g9olPnyg.madeupsetup.eu.windomain.local.' with encoding ascii", "timestamp": 1726414270.878569, "attack_type": "DNS Query"}
{"message": "Decoded DNS Query: g9olPnyg.madeupsetup.eu.windomain.local.", "timestamp": 1726414271.0274901, "attack_type": "DNS Query"}
{"message": "Detected DNS Query: b'PeOZIsZ8.madeupsetup.eu.' with encoding ascii", "timestamp": 1726414271.1538208, "attack_type": "DNS Query"}
{"message": "Decoded DNS Query: PeOZIsZ8.madeupsetup.eu.", "timestamp": 1726414271.2858377, "attack_type": "DNS Query"}
{"message": "Detected DNS Query: b'PeOZIsZ8.madeupsetup.eu.' with encoding ascii", "timestamp": 1726414271.369693, "attack_type": "DNS Query"}
{"message": "Decoded DNS Query: PeOZIsZ8.madeupsetup.eu.", "timestamp": 1726414271.6022806, "attack_type": "DNS Query"}
{"message": "Detected DNS Query: b'PeOZIsZ8.madeupsetup.eu.us-west-1.ec2-utilities.amazonaws.com.' with encoding ascii", "timestamp": 1726414271.80096, "attack_type": "DNS Query"}
{"message": "Decoded DNS Query: PeOZIsZ8.madeupsetup.eu.us-west-1.ec2-utilities.amazonaws.com.", "timestamp": 1726414271.9367735, "attack_type": "DNS Query"}
{"message": "Intrusion Detected: Possible DNS exfiltration in query PeOZIsZ8.madeupsetup.eu.us-west-1.ec2-utilities.amazonaws.com.", "timestamp": 1726414272.0364876, "attack_type": "DNS Exfiltration"}
{"message": "Detected DNS Query: b'PeOZIsZ8.madeupsetup.eu.us-west-1.ec2-utilities.amazonaws.com.' with encoding ascii", "timestamp": 1726414272.1795673, "attack_type": "DNS Query"}
{"message": "Decoded DNS Query: PeOZIsZ8.madeupsetup.eu.us-west-1.ec2-utilities.amazonaws.com.", "timestamp": 1726414272.3355334, "attack_type": "DNS Query"}
{"message": "Intrusion Detected: Possible DNS exfiltration in query PeOZIsZ8.madeupsetup.eu.us-west-1.ec2-utilities.amazonaws.com.", "timestamp": 1726414272.536808, "attack_type": "DNS Exfiltration"}
[INFO] Flow: ('8.8.8.8', '192.168.38.104', 53, 49424, 'UDP'), Data Transferred: 209 bytes
[INFO] Flow: ('192.168.38.104', '8.8.8.8', 49425, 53, 'UDP'), Data Transferred: 99 bytes
[INFO] Flow: ('8.8.8.8', '192.168.38.104', 53, 49425, 'UDP'), Data Transferred: 174 bytes
[INFO] Flow: ('192.168.38.104', '8.8.8.8', 49426, 53, 'UDP'), Data Transferred: 83 bytes
[INFO] Flow: ('18.217.1.57', '192.168.38.104', 80, 63676, 'TCP'), Data Transferred: 179 bytes
[INFO] Flow: ('8.8.8.8', '192.168.38.104', 53, 49426, 'UDP'), Data Transferred: 162 bytes
[INFO] Flow: ('192.168.38.104', '8.8.8.8', 49427, 53, 'UDP'), Data Transferred: 121 bytes
[INFO] Flow: ('192.168.38.104', '18.217.1.57', 63678, 80, 'TCP'), Data Transferred: 66 bytes
[INFO] Flow: ('8.8.8.8', '192.168.38.104', 53, 49427, 'UDP'), Data Transferred: 209 bytes
[INFO] Flow: ('192.168.38.104', '8.8.8.8', 49428, 53, 'UDP'), Data Transferred: 99 bytes
{"message": "Detected DNS Query: b'PeOZIsZ8.madeupsetup.eu.windomain.local.' with encoding ascii", "timestamp": 1726414272.6705043, "attack_type": "DNS Query"}
{"message": "Decoded DNS Query: PeOZIsZ8.madeupsetup.eu.windomain.local.", "timestamp": 1726414272.8041, "attack_type": "DNS Query"}
{"message": "Detected DNS Query: b'PeOZIsZ8.madeupsetup.eu.windomain.local.' with encoding ascii", "timestamp": 1726414272.9708004, "attack_type": "DNS Query"}
{"message": "Decoded DNS Query: PeOZIsZ8.madeupsetup.eu.windomain.local.", "timestamp": 1726414273.1110482, "attack_type": "DNS Query"}
{"message": "Detected DNS Query: b'pDt02i0L.madeupsetup.eu.' with encoding ascii", "timestamp": 1726414273.2040765, "attack_type": "DNS Query"}
{"message": "Decoded DNS Query: pDt02i0L.madeupsetup.eu.", "timestamp": 1726414273.336241, "attack_type": "DNS Query"}
{"message": "Intrusion Detected: HTTP Covert Channel Detected in User-Agent: Mozilla/5.0 (Windows NT 10.0; Win64; x64) AppleWebKit/537.36 (KHTML, like Gecko) Chrome/84.0.4147.105 Safari/537.36", "timestamp": 1726414273.5031512, "attack_type": "HTTP Covert Channel"}
{"message": "Traffic Anomaly Detected: 192.168.38.104 shows sudden traffic spike. Current: 623, Avg: 209.2", "timestamp": 1726414273.6275375, "attack_type": "Traffic Anomaly"}
{"message": "Detected DNS Query: b'pDt02i0L.madeupsetup.eu.' with encoding ascii", "timestamp": 1726414273.7981358, "attack_type": "DNS Query"}
{"message": "Decoded DNS Query: pDt02i0L.madeupsetup.eu.", "timestamp": 1726414273.8857868, "attack_type": "DNS Query"}
{"message": "Detected DNS Query: b'pDt02i0L.madeupsetup.eu.us-west-1.ec2-utilities.amazonaws.com.' with encoding ascii", "timestamp": 1726414274.0539145, "attack_type": "DNS Query"}
{"message": "Decoded DNS Query: pDt02i0L.madeupsetup.eu.us-west-1.ec2-utilities.amazonaws.com.", "timestamp": 1726414274.194575, "attack_type": "DNS Query"}
{"message": "Intrusion Detected: Possible DNS exfiltration in query pDt02i0L.madeupsetup.eu.us-west-1.ec2-utilities.amazonaws.com.", "timestamp": 1726414274.3445141, "attack_type": "DNS Exfiltration"}
{"message": "Detected DNS Query: b'pDt02i0L.madeupsetup.eu.us-west-1.ec2-utilities.amazonaws.com.' with encoding ascii", "timestamp": 1726414274.4285965, "attack_type": "DNS Query"}
{"message": "Decoded DNS Query: pDt02i0L.madeupsetup.eu.us-west-1.ec2-utilities.amazonaws.com.", "timestamp": 1726414274.685671, "attack_type": "DNS Query"}
{"message": "Intrusion Detected: Possible DNS exfiltration in query pDt02i0L.madeupsetup.eu.us-west-1.ec2-utilities.amazonaws.com.", "timestamp": 1726414274.7866423, "attack_type": "DNS Exfiltration"}
{"message": "Intrusion Detected: Port scanning detected from 8.8.8.8", "timestamp": 1726414274.936486, "attack_type": "Port Scan"}
[INFO] Flow: ('8.8.8.8', '192.168.38.104', 53, 49428, 'UDP'), Data Transferred: 174 bytes
[INFO] Flow: ('192.168.38.104', '8.8.8.8', 49429, 53, 'UDP'), Data Transferred: 83 bytes
[INFO] Flow: ('192.168.38.104', '18.217.1.57', 63677, 80, 'TCP'), Data Transferred: 623 bytes
[INFO] Packet dropped: Invalid TCP packet characteristics
[INFO] Flow: ('192.168.38.104', '18.217.1.57', 63678, 80, 'TCP'), Data Transferred: 120 bytes
[INFO] Flow: ('8.8.8.8', '192.168.38.104', 53, 49429, 'UDP'), Data Transferred: 162 bytes
[INFO] Flow: ('192.168.38.104', '8.8.8.8', 49430, 53, 'UDP'), Data Transferred: 121 bytes
[INFO] Flow: ('8.8.8.8', '192.168.38.104', 53, 49430, 'UDP'), Data Transferred: 221 bytes
[INFO] Flow: ('18.217.1.57', '192.168.38.104', 80, 63677, 'TCP'), Data Transferred: 54 bytes
[INFO] Flow: ('192.168.38.104', '8.8.8.8', 49431, 53, 'UDP'), Data Transferred: 99 bytes
{"message": "Detected DNS Query: b'pDt02i0L.madeupsetup.eu.windomain.local.' with encoding ascii", "timestamp": 1726414275.1133437, "attack_type": "DNS Query"}
{"message": "Decoded DNS Query: pDt02i0L.madeupsetup.eu.windomain.local.", "timestamp": 1726414275.2613883, "attack_type": "DNS Query"}
{"message": "Traffic Anomaly Detected: 192.168.38.104 shows sudden traffic spike. Current: 677, Avg: 209.2", "timestamp": 1726414275.3959951, "attack_type": "Traffic Anomaly"}
{"message": "Detected DNS Query: b'pDt02i0L.madeupsetup.eu.windomain.local.' with encoding ascii", "timestamp": 1726414275.552666, "attack_type": "DNS Query"}
{"message": "Decoded DNS Query: pDt02i0L.madeupsetup.eu.windomain.local.", "timestamp": 1726414275.7048032, "attack_type": "DNS Query"}
{"message": "Intrusion Detected: Port scanning detected from 8.8.8.8", "timestamp": 1726414275.8525693, "attack_type": "Port Scan"}
{"message": "Detected DNS Query: b'JnZqfeEB.madeupsetup.eu.' with encoding ascii", "timestamp": 1726414276.0196226, "attack_type": "DNS Query"}
{"message": "Decoded DNS Query: JnZqfeEB.madeupsetup.eu.", "timestamp": 1726414276.12746, "attack_type": "DNS Query"}
{"message": "Detected DNS Query: b'JnZqfeEB.madeupsetup.eu.' with encoding ascii", "timestamp": 1726414276.261581, "attack_type": "DNS Query"}
{"message": "Decoded DNS Query: JnZqfeEB.madeupsetup.eu.", "timestamp": 1726414276.402372, "attack_type": "DNS Query"}
{"message": "Intrusion Detected: Port scanning detected from 8.8.8.8", "timestamp": 1726414276.5613773, "attack_type": "Port Scan"}
{"message": "Detected DNS Query: b'JnZqfeEB.madeupsetup.eu.us-west-1.ec2-utilities.amazonaws.com.' with encoding ascii", "timestamp": 1726414276.6455035, "attack_type": "DNS Query"}
{"message": "Decoded DNS Query: JnZqfeEB.madeupsetup.eu.us-west-1.ec2-utilities.amazonaws.com.", "timestamp": 1726414276.8024664, "attack_type": "DNS Query"}
{"message": "Intrusion Detected: Possible DNS exfiltration in query JnZqfeEB.madeupsetup.eu.us-west-1.ec2-utilities.amazonaws.com.", "timestamp": 1726414276.9274967, "attack_type": "DNS Exfiltration"}
{"message": "Detected DNS Query: b'JnZqfeEB.madeupsetup.eu.us-west-1.ec2-utilities.amazonaws.com.' with encoding ascii", "timestamp": 1726414277.1011925, "attack_type": "DNS Query"}
{"message": "Decoded DNS Query: JnZqfeEB.madeupsetup.eu.us-west-1.ec2-utilities.amazonaws.com.", "timestamp": 1726414277.235629, "attack_type": "DNS Query"}
{"message": "Intrusion Detected: Possible DNS exfiltration in query JnZqfeEB.madeupsetup.eu.us-west-1.ec2-utilities.amazonaws.com.", "timestamp": 1726414277.4111078, "attack_type": "DNS Exfiltration"}
{"message": "Intrusion Detected: Port scanning detected from 8.8.8.8", "timestamp": 1726414277.5446956, "attack_type": "Port Scan"}
[INFO] Flow: ('18.217.1.57', '192.168.38.104', 80, 63677, 'TCP'), Data Transferred: 125 bytes
[INFO] Packet dropped: Invalid TCP packet characteristics
[INFO] Flow: ('192.168.38.104', '18.217.1.57', 63677, 80, 'TCP'), Data Transferred: 677 bytes
[INFO] Flow: ('8.8.8.8', '192.168.38.104', 53, 49431, 'UDP'), Data Transferred: 174 bytes
[INFO] Flow: ('192.168.38.104', '8.8.8.8', 49432, 53, 'UDP'), Data Transferred: 83 bytes
[INFO] Packet dropped: Invalid TCP packet characteristics
[INFO] Flow: ('8.8.8.8', '192.168.38.104', 53, 49432, 'UDP'), Data Transferred: 162 bytes
[INFO] Flow: ('192.168.38.104', '8.8.8.8', 49433, 53, 'UDP'), Data Transferred: 121 bytes
[INFO] Flow: ('8.8.8.8', '192.168.38.104', 53, 49433, 'UDP'), Data Transferred: 209 bytes
[INFO] Flow: ('192.168.38.104', '8.8.8.8', 49434, 53, 'UDP'), Data Transferred: 99 bytes
{"message": "Detected DNS Query: b'JnZqfeEB.madeupsetup.eu.windomain.local.' with encoding ascii", "timestamp": 1726414277.694716, "attack_type": "DNS Query"}
{"message": "Decoded DNS Query: JnZqfeEB.madeupsetup.eu.windomain.local.", "timestamp": 1726414277.8607504, "attack_type": "DNS Query"}
{"message": "Detected DNS Query: b'JnZqfeEB.madeupsetup.eu.windomain.local.' with encoding ascii", "timestamp": 1726414277.9448528, "attack_type": "DNS Query"}
{"message": "Decoded DNS Query: JnZqfeEB.madeupsetup.eu.windomain.local.", "timestamp": 1726414278.1105957, "attack_type": "DNS Query"}
{"message": "Intrusion Detected: Port scanning detected from 8.8.8.8", "timestamp": 1726414278.2442954, "attack_type": "Port Scan"}
{"message": "Detected DNS Query: b'LC5AR00m.madeupsetup.eu.' with encoding ascii", "timestamp": 1726414278.3948855, "attack_type": "DNS Query"}
{"message": "Decoded DNS Query: LC5AR00m.madeupsetup.eu.", "timestamp": 1726414278.545163, "attack_type": "DNS Query"}
{"message": "Intrusion Detected: HTTP Covert Channel Detected in User-Agent: Mozilla/5.0 (Windows NT 10.0; Win64; x64) AppleWebKit/537.36 (KHTML, like Gecko) Chrome/84.0.4147.105 Safari/537.36", "timestamp": 1726414278.9616265, "attack_type": "HTTP Covert Channel"}
{"message": "Traffic Anomaly Detected: 192.168.38.104 shows sudden traffic spike. Current: 623, Avg: 209.2", "timestamp": 1726414279.0443933, "attack_type": "Traffic Anomaly"}
{"message": "Detected DNS Query: b'LC5AR00m.madeupsetup.eu.' with encoding ascii", "timestamp": 1726414279.1695035, "attack_type": "DNS Query"}
{"message": "Decoded DNS Query: LC5AR00m.madeupsetup.eu.", "timestamp": 1726414279.3273435, "attack_type": "DNS Query"}
{"message": "Intrusion Detected: Port scanning detected from 8.8.8.8", "timestamp": 1726414279.4862676, "attack_type": "Port Scan"}
{"message": "Detected DNS Query: b'LC5AR00m.madeupsetup.eu.us-west-1.ec2-utilities.amazonaws.com.' with encoding ascii", "timestamp": 1726414279.611424, "attack_type": "DNS Query"}
{"message": "Decoded DNS Query: LC5AR00m.madeupsetup.eu.us-west-1.ec2-utilities.amazonaws.com.", "timestamp": 1726414279.7444756, "attack_type": "DNS Query"}
{"message": "Intrusion Detected: Possible DNS exfiltration in query LC5AR00m.madeupsetup.eu.us-west-1.ec2-utilities.amazonaws.com.", "timestamp": 1726414279.9112318, "attack_type": "DNS Exfiltration"}
[INFO] Flow: ('8.8.8.8', '192.168.38.104', 53, 49434, 'UDP'), Data Transferred: 174 bytes
[INFO] Flow: ('192.168.38.104', '8.8.8.8', 49435, 53, 'UDP'), Data Transferred: 83 bytes
[INFO] Flow: ('18.217.1.57', '192.168.38.104', 80, 63677, 'TCP'), Data Transferred: 179 bytes
[INFO] Flow: ('192.168.38.104', '18.217.1.57', 63679, 80, 'TCP'), Data Transferred: 66 bytes
[INFO] Flow: ('192.168.38.104', '18.217.1.57', 63678, 80, 'TCP'), Data Transferred: 623 bytes
[INFO] Flow: ('8.8.8.8', '192.168.38.104', 53, 49435, 'UDP'), Data Transferred: 162 bytes
[INFO] Flow: ('192.168.38.104', '8.8.8.8', 49436, 53, 'UDP'), Data Transferred: 121 bytes
[INFO] Packet dropped: Invalid TCP packet characteristics
[INFO] Flow: ('192.168.38.104', '18.217.1.57', 63679, 80, 'TCP'), Data Transferred: 120 bytes
[INFO] Flow: ('8.8.8.8', '192.168.38.104', 53, 49436, 'UDP'), Data Transferred: 221 bytes
{"message": "Detected DNS Query: b'LC5AR00m.madeupsetup.eu.us-west-1.ec2-utilities.amazonaws.com.' with encoding ascii", "timestamp": 1726414280.086696, "attack_type": "DNS Query"}
{"message": "Decoded DNS Query: LC5AR00m.madeupsetup.eu.us-west-1.ec2-utilities.amazonaws.com.", "timestamp": 1726414280.2277026, "attack_type": "DNS Query"}
{"message": "Intrusion Detected: Possible DNS exfiltration in query LC5AR00m.madeupsetup.eu.us-west-1.ec2-utilities.amazonaws.com.", "timestamp": 1726414280.4024374, "attack_type": "DNS Exfiltration"}
{"message": "Intrusion Detected: Port scanning detected from 8.8.8.8", "timestamp": 1726414280.5698438, "attack_type": "Port Scan"}
{"message": "Detected DNS Query: b'LC5AR00m.madeupsetup.eu.windomain.local.' with encoding ascii", "timestamp": 1726414280.7203104, "attack_type": "DNS Query"}
{"message": "Decoded DNS Query: LC5AR00m.madeupsetup.eu.windomain.local.", "timestamp": 1726414280.8193505, "attack_type": "DNS Query"}
{"message": "Intrusion Detected: Port scanning detected from 18.217.1.57", "timestamp": 1726414280.952836, "attack_type": "Port Scan"}
{"message": "Intrusion Detected: Port scanning detected from 18.217.1.57", "timestamp": 1726414281.1030042, "attack_type": "Port Scan"}
{"message": "Traffic Anomaly Detected: 192.168.38.104 shows sudden traffic spike. Current: 677, Avg: 209.2", "timestamp": 1726414281.2360628, "attack_type": "Traffic Anomaly"}
{"message": "Detected DNS Query: b'LC5AR00m.madeupsetup.eu.windomain.local.' with encoding ascii", "timestamp": 1726414281.3703277, "attack_type": "DNS Query"}
{"message": "Decoded DNS Query: LC5AR00m.madeupsetup.eu.windomain.local.", "timestamp": 1726414281.4524508, "attack_type": "DNS Query"}
{"message": "Intrusion Detected: Port scanning detected from 8.8.8.8", "timestamp": 1726414281.611359, "attack_type": "Port Scan"}
{"message": "Detected DNS Query: b'5ga9YWjo.madeupsetup.eu.' with encoding ascii", "timestamp": 1726414281.752564, "attack_type": "DNS Query"}
{"message": "Decoded DNS Query: 5ga9YWjo.madeupsetup.eu.", "timestamp": 1726414281.9024842, "attack_type": "DNS Query"}
{"message": "Detected DNS Query: b'5ga9YWjo.madeupsetup.eu.' with encoding ascii", "timestamp": 1726414282.0535254, "attack_type": "DNS Query"}
{"message": "Decoded DNS Query: 5ga9YWjo.madeupsetup.eu.", "timestamp": 1726414282.1939194, "attack_type": "DNS Query"}
{"message": "Intrusion Detected: Port scanning detected from 8.8.8.8", "timestamp": 1726414282.3608358, "attack_type": "Port Scan"}
[INFO] Flow: ('192.168.38.104', '8.8.8.8', 49437, 53, 'UDP'), Data Transferred: 99 bytes
[INFO] Flow: ('18.217.1.57', '192.168.38.104', 80, 63678, 'TCP'), Data Transferred: 54 bytes
[INFO] Flow: ('18.217.1.57', '192.168.38.104', 80, 63678, 'TCP'), Data Transferred: 125 bytes
[INFO] Packet dropped: Invalid TCP packet characteristics
[INFO] Flow: ('192.168.38.104', '18.217.1.57', 63678, 80, 'TCP'), Data Transferred: 677 bytes
[INFO] Flow: ('8.8.8.8', '192.168.38.104', 53, 49437, 'UDP'), Data Transferred: 174 bytes
[INFO] Flow: ('192.168.38.104', '8.8.8.8', 49438, 53, 'UDP'), Data Transferred: 83 bytes
[INFO] Packet dropped: Invalid TCP packet characteristics
[INFO] Flow: ('8.8.8.8', '192.168.38.104', 53, 49438, 'UDP'), Data Transferred: 162 bytes
[INFO] Flow: ('192.168.38.104', '8.8.8.8', 49439, 53, 'UDP'), Data Transferred: 121 bytes
{"message": "Detected DNS Query: b'5ga9YWjo.madeupsetup.eu.us-west-1.ec2-utilities.amazonaws.com.' with encoding ascii", "timestamp": 1726414282.552454, "attack_type": "DNS Query"}
{"message": "Decoded DNS Query: 5ga9YWjo.madeupsetup.eu.us-west-1.ec2-utilities.amazonaws.com.", "timestamp": 1726414282.7025018, "attack_type": "DNS Query"}
{"message": "Intrusion Detected: Possible DNS exfiltration in query 5ga9YWjo.madeupsetup.eu.us-west-1.ec2-utilities.amazonaws.com.", "timestamp": 1726414282.8605933, "attack_type": "DNS Exfiltration"}
{"message": "Detected DNS Query: b'5ga9YWjo.madeupsetup.eu.us-west-1.ec2-utilities.amazonaws.com.' with encoding ascii", "timestamp": 1726414283.0112662, "attack_type": "DNS Query"}
{"message": "Decoded DNS Query: 5ga9YWjo.madeupsetup.eu.us-west-1.ec2-utilities.amazonaws.com.", "timestamp": 1726414283.0965872, "attack_type": "DNS Query"}
{"message": "Intrusion Detected: Possible DNS exfiltration in query 5ga9YWjo.madeupsetup.eu.us-west-1.ec2-utilities.amazonaws.com.", "timestamp": 1726414283.1685774, "attack_type": "DNS Exfiltration"}
{"message": "Intrusion Detected: Port scanning detected from 8.8.8.8", "timestamp": 1726414283.2774901, "attack_type": "Port Scan"}
{"message": "Detected DNS Query: b'5ga9YWjo.madeupsetup.eu.windomain.local.' with encoding ascii", "timestamp": 1726414283.3615687, "attack_type": "DNS Query"}
{"message": "Decoded DNS Query: 5ga9YWjo.madeupsetup.eu.windomain.local.", "timestamp": 1726414283.5186133, "attack_type": "DNS Query"}
{"message": "Detected DNS Query: b'5ga9YWjo.madeupsetup.eu.windomain.local.' with encoding ascii", "timestamp": 1726414283.6695733, "attack_type": "DNS Query"}
{"message": "Decoded DNS Query: 5ga9YWjo.madeupsetup.eu.windomain.local.", "timestamp": 1726414283.8023226, "attack_type": "DNS Query"}
{"message": "Intrusion Detected: Port scanning detected from 8.8.8.8", "timestamp": 1726414283.885595, "attack_type": "Port Scan"}
{"message": "Detected DNS Query: b'MS05YzBm.madeupsetup.eu.' with encoding ascii", "timestamp": 1726414284.0198874, "attack_type": "DNS Query"}
{"message": "Decoded DNS Query: MS05YzBm.madeupsetup.eu.", "timestamp": 1726414284.1694036, "attack_type": "DNS Query"}
{"message": "Intrusion Detected: HTTP Covert Channel Detected in User-Agent: Mozilla/5.0 (Windows NT 10.0; Win64; x64) AppleWebKit/537.36 (KHTML, like Gecko) Chrome/84.0.4147.105 Safari/537.36", "timestamp": 1726414284.2529695, "attack_type": "HTTP Covert Channel"}
{"message": "Traffic Anomaly Detected: 192.168.38.104 shows sudden traffic spike. Current: 623, Avg: 209.2", "timestamp": 1726414284.3356845, "attack_type": "Traffic Anomaly"}
{"message": "Detected DNS Query: b'MS05YzBm.madeupsetup.eu.' with encoding ascii", "timestamp": 1726414284.4282448, "attack_type": "DNS Query"}
{"message": "Decoded DNS Query: MS05YzBm.madeupsetup.eu.", "timestamp": 1726414284.5272703, "attack_type": "DNS Query"}
{"message": "Detected DNS Query: b'MS05YzBm.madeupsetup.eu.us-west-1.ec2-utilities.amazonaws.com.' with encoding ascii", "timestamp": 1726414284.6531613, "attack_type": "DNS Query"}
{"message": "Decoded DNS Query: MS05YzBm.madeupsetup.eu.us-west-1.ec2-utilities.amazonaws.com.", "timestamp": 1726414284.8184144, "attack_type": "DNS Query"}
{"message": "Intrusion Detected: Possible DNS exfiltration in query MS05YzBm.madeupsetup.eu.us-west-1.ec2-utilities.amazonaws.com.", "timestamp": 1726414284.951198, "attack_type": "DNS Exfiltration"}
[INFO] Flow: ('8.8.8.8', '192.168.38.104', 53, 49439, 'UDP'), Data Transferred: 209 bytes
[INFO] Flow: ('192.168.38.104', '8.8.8.8', 49440, 53, 'UDP'), Data Transferred: 99 bytes
[INFO] Flow: ('8.8.8.8', '192.168.38.104', 53, 49440, 'UDP'), Data Transferred: 174 bytes
[INFO] Flow: ('192.168.38.104', '18.217.1.57', 49441, 53, 'UDP'), Data Transferred: 83 bytes
[INFO] Flow: ('18.217.1.57', '192.168.38.104', 80, 63678, 'TCP'), Data Transferred: 179 bytes
[INFO] Flow: ('192.168.38.104', '18.217.1.57', 63680, 80, 'TCP'), Data Transferred: 66 bytes
[INFO] Flow: ('192.168.38.104', '18.217.1.57', 63679, 80, 'TCP'), Data Transferred: 623 bytes
[INFO] Flow: ('18.217.1.57', '192.168.38.104', 53, 49441, 'UDP'), Data Transferred: 162 bytes
[INFO] Flow: ('192.168.38.104', '18.217.1.57', 49442, 53, 'UDP'), Data Transferred: 121 bytes
[INFO] Packet dropped: Invalid TCP packet characteristics
{"message": "Traffic Anomaly Detected: 192.168.38.104 shows sudden traffic spike. Current: 677, Avg: 267.0", "timestamp": 1726414285.0782707, "attack_type": "Traffic Anomaly"}
{"message": "Detected DNS Query: b'MS05YzBm.madeupsetup.eu.us-west-1.ec2-utilities.amazonaws.com.' with encoding ascii", "timestamp": 1726414285.2190347, "attack_type": "DNS Query"}
{"message": "Decoded DNS Query: MS05YzBm.madeupsetup.eu.us-west-1.ec2-utilities.amazonaws.com.", "timestamp": 1726414285.3681078, "attack_type": "DNS Query"}
{"message": "Intrusion Detected: Possible DNS exfiltration in query MS05YzBm.madeupsetup.eu.us-west-1.ec2-utilities.amazonaws.com.", "timestamp": 1726414285.5358522, "attack_type": "DNS Exfiltration"}
{"message": "Detected DNS Query: b'MS05YzBm.madeupsetup.eu.windomain.local.' with encoding ascii", "timestamp": 1726414285.652491, "attack_type": "DNS Query"}
{"message": "Decoded DNS Query: MS05YzBm.madeupsetup.eu.windomain.local.", "timestamp": 1726414285.803448, "attack_type": "DNS Query"}
[INFO] Flow: ('192.168.38.104', '18.217.1.57', 63680, 80, 'TCP'), Data Transferred: 120 bytes
[INFO] Flow: ('18.217.1.57', '192.168.38.104', 80, 63679, 'TCP'), Data Transferred: 54 bytes
[INFO] Flow: ('18.217.1.57', '192.168.38.104', 80, 63679, 'TCP'), Data Transferred: 125 bytes
[INFO] Packet dropped: Invalid TCP packet characteristics
[INFO] Flow: ('192.168.38.104', '18.217.1.57', 63679, 80, 'TCP'), Data Transferred: 677 bytes
[INFO] Flow: ('18.217.1.57', '192.168.38.104', 53, 49442, 'UDP'), Data Transferred: 221 bytes
[INFO] Flow: ('192.168.38.104', '18.217.1.57', 49443, 53, 'UDP'), Data Transferred: 99 bytes
[INFO] Packet dropped: Invalid TCP packet characteristics
[INFO] Flow: ('18.217.1.57', '192.168.38.104', 80, 63679, 'TCP'), Data Transferred: 179 bytes
[INFO] Flow: ('18.217.1.57', '192.168.38.104', 53, 49443, 'UDP'), Data Transferred: 174 bytes
{"message": "Detected DNS Query: b'MS05YzBm.madeupsetup.eu.windomain.local.' with encoding ascii", "timestamp": 1726414285.961531, "attack_type": "DNS Query"}
{"message": "Decoded DNS Query: MS05YzBm.madeupsetup.eu.windomain.local.", "timestamp": 1726414286.1693413, "attack_type": "DNS Query"}
{"message": "Detected DNS Query: b'T1Fqpwju.madeupsetup.eu.' with encoding ascii", "timestamp": 1726414286.319414, "attack_type": "DNS Query"}
{"message": "Decoded DNS Query: T1Fqpwju.madeupsetup.eu.", "timestamp": 1726414286.4523258, "attack_type": "DNS Query"}
{"message": "Detected DNS Query: b'T1Fqpwju.madeupsetup.eu.' with encoding ascii", "timestamp": 1726414286.5783083, "attack_type": "DNS Query"}
{"message": "Decoded DNS Query: T1Fqpwju.madeupsetup.eu.", "timestamp": 1726414286.6684508, "attack_type": "DNS Query"}
{"message": "Intrusion Detected: Port scanning detected from 8.8.8.8", "timestamp": 1726414286.802521, "attack_type": "Port Scan"}
{"message": "Detected DNS Query: b'T1Fqpwju.madeupsetup.eu.us-west-1.ec2-utilities.amazonaws.com.' with encoding ascii", "timestamp": 1726414286.9612606, "attack_type": "DNS Query"}
{"message": "Decoded DNS Query: T1Fqpwju.madeupsetup.eu.us-west-1.ec2-utilities.amazonaws.com.", "timestamp": 1726414287.1356988, "attack_type": "DNS Query"}
{"message": "Intrusion Detected: Possible DNS exfiltration in query T1Fqpwju.madeupsetup.eu.us-west-1.ec2-utilities.amazonaws.com.", "timestamp": 1726414287.2686243, "attack_type": "DNS Exfiltration"}
{"message": "Intrusion Detected: HTTP Covert Channel Detected in User-Agent: Mozilla/5.0 (Windows NT 10.0; Win64; x64) AppleWebKit/537.36 (KHTML, like Gecko) Chrome/84.0.4147.105 Safari/537.36", "timestamp": 1726414287.4554095, "attack_type": "HTTP Covert Channel"}
{"message": "Traffic Anomaly Detected: 192.168.38.104 shows sudden traffic spike. Current: 623, Avg: 259.9", "timestamp": 1726414287.6743555, "attack_type": "Traffic Anomaly"}
{"message": "Detected DNS Query: b'T1Fqpwju.madeupsetup.eu.us-west-1.ec2-utilities.amazonaws.com.' with encoding ascii", "timestamp": 1726414287.777149, "attack_type": "DNS Query"}
{"message": "Decoded DNS Query: T1Fqpwju.madeupsetup.eu.us-west-1.ec2-utilities.amazonaws.com.", "timestamp": 1726414287.9354148, "attack_type": "DNS Query"}
{"message": "Intrusion Detected: Possible DNS exfiltration in query T1Fqpwju.madeupsetup.eu.us-west-1.ec2-utilities.amazonaws.com.", "timestamp": 1726414288.0941582, "attack_type": "DNS Exfiltration"}
{"message": "Intrusion Detected: Port scanning detected from 8.8.8.8", "timestamp": 1726414288.2347393, "attack_type": "Port Scan"}
{"message": "Detected DNS Query: b'T1Fqpwju.madeupsetup.eu.windomain.local.' with encoding ascii", "timestamp": 1726414288.3775835, "attack_type": "DNS Query"}
{"message": "Decoded DNS Query: T1Fqpwju.madeupsetup.eu.windomain.local.", "timestamp": 1726414288.5356321, "attack_type": "DNS Query"}
{"message": "Detected DNS Query: b'T1Fqpwju.madeupsetup.eu.windomain.local.' with encoding ascii", "timestamp": 1726414288.6280966, "attack_type": "DNS Query"}
{"message": "Decoded DNS Query: T1Fqpwju.madeupsetup.eu.windomain.local.", "timestamp": 1726414288.7599785, "attack_type": "DNS Query"}
{"message": "Intrusion Detected: Port scanning detected from 8.8.8.8", "timestamp": 1726414288.8936853, "attack_type": "Port Scan"}
{"message": "Detected DNS Query: b'qpvqibHM.madeupsetup.eu.' with encoding ascii", "timestamp": 1726414289.0353234, "attack_type": "DNS Query"}
{"message": "Decoded DNS Query: qpvqibHM.madeupsetup.eu.", "timestamp": 1726414289.1266851, "attack_type": "DNS Query"}
[INFO] Flow: ('192.168.38.104', '8.8.8.8', 49444, 53, 'UDP'), Data Transferred: 83 bytes
[INFO] Flow: ('192.168.38.104', '18.217.1.57', 63681, 80, 'TCP'), Data Transferred: 66 bytes
[INFO] Flow: ('8.8.8.8', '192.168.38.104', 53, 49444, 'UDP'), Data Transferred: 162 bytes
[INFO] Flow: ('192.168.38.104', '8.8.8.8', 49445, 53, 'UDP'), Data Transferred: 121 bytes
[INFO] Flow: ('192.168.38.104', '18.217.1.57', 63680, 80, 'TCP'), Data Transferred: 623 bytes
[INFO] Flow: ('8.8.8.8', '192.168.38.104', 53, 49445, 'UDP'), Data Transferred: 209 bytes
[INFO] Flow: ('192.168.38.104', '8.8.8.8', 49446, 53, 'UDP'), Data Transferred: 99 bytes
[INFO] Flow: ('8.8.8.8', '192.168.38.104', 53, 49446, 'UDP'), Data Transferred: 174 bytes
[INFO] Flow: ('192.168.38.104', '8.8.8.8', 49447, 53, 'UDP'), Data Transferred: 83 bytes
[INFO] Flow: ('8.8.8.8', '192.168.38.104', 53, 49447, 'UDP'), Data Transferred: 162 bytes
{"message": "Detected DNS Query: b'qpvqibHM.madeupsetup.eu.' with encoding ascii", "timestamp": 1726414289.294637, "attack_type": "DNS Query"}
{"message": "Decoded DNS Query: qpvqibHM.madeupsetup.eu.", "timestamp": 1726414289.4444246, "attack_type": "DNS Query"}
{"message": "Intrusion Detected: Port scanning detected from 8.8.8.8", "timestamp": 1726414289.6194224, "attack_type": "Port Scan"}
{"message": "Detected DNS Query: b'qpvqibHM.madeupsetup.eu.us-west-1.ec2-utilities.amazonaws.com.' with encoding ascii", "timestamp": 1726414289.7859752, "attack_type": "DNS Query"}
{"message": "Decoded DNS Query: qpvqibHM.madeupsetup.eu.us-west-1.ec2-utilities.amazonaws.com.", "timestamp": 1726414289.9432027, "attack_type": "DNS Query"}
{"message": "Intrusion Detected: Possible DNS exfiltration in query qpvqibHM.madeupsetup.eu.us-west-1.ec2-utilities.amazonaws.com.", "timestamp": 1726414290.0948708, "attack_type": "DNS Exfiltration"}
{"message": "Detected DNS Query: b'qpvqibHM.madeupsetup.eu.us-west-1.ec2-utilities.amazonaws.com.' with encoding ascii", "timestamp": 1726414290.245767, "attack_type": "DNS Query"}
{"message": "Decoded DNS Query: qpvqibHM.madeupsetup.eu.us-west-1.ec2-utilities.amazonaws.com.", "timestamp": 1726414290.3943074, "attack_type": "DNS Query"}
{"message": "Intrusion Detected: Possible DNS exfiltration in query qpvqibHM.madeupsetup.eu.us-west-1.ec2-utilities.amazonaws.com.", "timestamp": 1726414290.5445988, "attack_type": "DNS Exfiltration"}
{"message": "Intrusion Detected: Port scanning detected from 8.8.8.8", "timestamp": 1726414290.627529, "attack_type": "Port Scan"}
{"message": "Detected DNS Query: b'qpvqibHM.madeupsetup.eu.windomain.local.' with encoding ascii", "timestamp": 1726414290.7777963, "attack_type": "DNS Query"}
{"message": "Decoded DNS Query: qpvqibHM.madeupsetup.eu.windomain.local.", "timestamp": 1726414290.9290087, "attack_type": "DNS Query"}
{"message": "Detected DNS Query: b'qpvqibHM.madeupsetup.eu.windomain.local.' with encoding ascii", "timestamp": 1726414291.052576, "attack_type": "DNS Query"}
{"message": "Decoded DNS Query: qpvqibHM.madeupsetup.eu.windomain.local.", "timestamp": 1726414291.143303, "attack_type": "DNS Query"}
{"message": "Intrusion Detected: Port scanning detected from 8.8.8.8", "timestamp": 1726414291.2943547, "attack_type": "Port Scan"}
{"message": "Detected DNS Query: b'jm+OqSx7.madeupsetup.eu.' with encoding ascii", "timestamp": 1726414291.4442828, "attack_type": "DNS Query"}
{"message": "Decoded DNS Query: jm+OqSx7.madeupsetup.eu.", "timestamp": 1726414291.593318, "attack_type": "DNS Query"}
[INFO] Flow: ('192.168.38.104', '8.8.8.8', 49448, 53, 'UDP'), Data Transferred: 121 bytes
[INFO] Packet dropped: Invalid TCP packet characteristics
[INFO] Flow: ('192.168.38.104', '18.217.1.57', 63681, 80, 'TCP'), Data Transferred: 120 bytes
[INFO] Flow: ('8.8.8.8', '192.168.38.104', 53, 49448, 'UDP'), Data Transferred: 209 bytes
[INFO] Flow: ('192.168.38.104', '8.8.8.8', 49449, 53, 'UDP'), Data Transferred: 99 bytes
[INFO] Flow: ('8.8.8.8', '192.168.38.104', 53, 49449, 'UDP'), Data Transferred: 174 bytes
[INFO] Flow: ('192.168.38.104', '8.8.8.8', 49450, 53, 'UDP'), Data Transferred: 83 bytes
[INFO] Flow: ('18.217.1.57', '192.168.38.104', 80, 63680, 'TCP'), Data Transferred: 54 bytes
[INFO] Flow: ('18.217.1.57', '192.168.38.104', 80, 63680, 'TCP'), Data Transferred: 125 bytes
[INFO] Packet dropped: Invalid TCP packet characteristics
{"message": "Traffic Anomaly Detected: 192.168.38.104 shows sudden traffic spike. Current: 677, Avg: 209.2", "timestamp": 1726414291.7196155, "attack_type": "Traffic Anomaly"}
{"message": "Detected DNS Query: b'jm+OqSx7.madeupsetup.eu.' with encoding ascii", "timestamp": 1726414291.811291, "attack_type": "DNS Query"}
{"message": "Decoded DNS Query: jm+OqSx7.madeupsetup.eu.", "timestamp": 1726414291.9682984, "attack_type": "DNS Query"}
{"message": "Intrusion Detected: Port scanning detected from 8.8.8.8", "timestamp": 1726414292.1179998, "attack_type": "Port Scan"}
{"message": "Detected DNS Query: b'jm+OqSx7.madeupsetup.eu.us-west-1.ec2-utilities.amazonaws.com.' with encoding ascii", "timestamp": 1726414292.2612574, "attack_type": "DNS Query"}
{"message": "Decoded DNS Query: jm+OqSx7.madeupsetup.eu.us-west-1.ec2-utilities.amazonaws.com.", "timestamp": 1726414292.4102974, "attack_type": "DNS Query"}
{"message": "Intrusion Detected: Possible DNS exfiltration in query jm+OqSx7.madeupsetup.eu.us-west-1.ec2-utilities.amazonaws.com.", "timestamp": 1726414292.4852061, "attack_type": "DNS Exfiltration"}
{"message": "Detected DNS Query: b'jm+OqSx7.madeupsetup.eu.us-west-1.ec2-utilities.amazonaws.com.' with encoding ascii", "timestamp": 1726414292.6036377, "attack_type": "DNS Query"}
{"message": "Decoded DNS Query: jm+OqSx7.madeupsetup.eu.us-west-1.ec2-utilities.amazonaws.com.", "timestamp": 1726414292.7848687, "attack_type": "DNS Query"}
{"message": "Intrusion Detected: Possible DNS exfiltration in query jm+OqSx7.madeupsetup.eu.us-west-1.ec2-utilities.amazonaws.com.", "timestamp": 1726414292.9441023, "attack_type": "DNS Exfiltration"}
{"message": "Intrusion Detected: Port scanning detected from 8.8.8.8", "timestamp": 1726414293.1187208, "attack_type": "Port Scan"}
{"message": "Detected DNS Query: b'jm+OqSx7.madeupsetup.eu.windomain.local.' with encoding ascii", "timestamp": 1726414293.2604847, "attack_type": "DNS Query"}
{"message": "Decoded DNS Query: jm+OqSx7.madeupsetup.eu.windomain.local.", "timestamp": 1726414293.418827, "attack_type": "DNS Query"}
{"message": "Detected DNS Query: b'jm+OqSx7.madeupsetup.eu.windomain.local.' with encoding ascii", "timestamp": 1726414293.5443082, "attack_type": "DNS Query"}
{"message": "Decoded DNS Query: jm+OqSx7.madeupsetup.eu.windomain.local.", "timestamp": 1726414293.7849236, "attack_type": "DNS Query"}
{"message": "Intrusion Detected: Port scanning detected from 8.8.8.8", "timestamp": 1726414293.943012, "attack_type": "Port Scan"}
{"message": "Detected DNS Query: b'V0XjJNSR.madeupsetup.eu.' with encoding ascii", "timestamp": 1726414294.076782, "attack_type": "DNS Query"}
{"message": "Decoded DNS Query: V0XjJNSR.madeupsetup.eu.", "timestamp": 1726414294.226607, "attack_type": "DNS Query"}
[INFO] Flow: ('192.168.38.104', '18.217.1.57', 63680, 80, 'TCP'), Data Transferred: 677 bytes
[INFO] Packet dropped: Invalid TCP packet characteristics
[INFO] Flow: ('8.8.8.8', '192.168.38.104', 53, 49450, 'UDP'), Data Transferred: 162 bytes
[INFO] Flow: ('192.168.38.104', '8.8.8.8', 49451, 53, 'UDP'), Data Transferred: 121 bytes
[INFO] Flow: ('8.8.8.8', '192.168.38.104', 53, 49451, 'UDP'), Data Transferred: 221 bytes
[INFO] Flow: ('192.168.38.104', '8.8.8.8', 49452, 53, 'UDP'), Data Transferred: 99 bytes
[INFO] Flow: ('8.8.8.8', '192.168.38.104', 53, 49452, 'UDP'), Data Transferred: 174 bytes
[INFO] Flow: ('192.168.38.104', '8.8.8.8', 49453, 53, 'UDP'), Data Transferred: 83 bytes
[INFO] Flow: ('18.217.1.57', '192.168.38.104', 80, 63680, 'TCP'), Data Transferred: 179 bytes
[INFO] Flow: ('192.168.38.104', '18.217.1.57', 63682, 80, 'TCP'), Data Transferred: 66 bytes
{"message": "Intrusion Detected: HTTP Covert Channel Detected in User-Agent: Mozilla/5.0 (Windows NT 10.0; Win64; x64) AppleWebKit/537.36 (KHTML, like Gecko) Chrome/84.0.4147.105 Safari/537.36", "timestamp": 1726414294.3526664, "attack_type": "HTTP Covert Channel"}
{"message": "Traffic Anomaly Detected: 192.168.38.104 shows sudden traffic spike. Current: 623, Avg: 209.2", "timestamp": 1726414294.4356594, "attack_type": "Traffic Anomaly"}
{"message": "Detected DNS Query: b'V0XjJNSR.madeupsetup.eu.' with encoding ascii", "timestamp": 1726414294.560262, "attack_type": "DNS Query"}
{"message": "Decoded DNS Query: V0XjJNSR.madeupsetup.eu.", "timestamp": 1726414294.6925979, "attack_type": "DNS Query"}
{"message": "Intrusion Detected: Port scanning detected from 8.8.8.8", "timestamp": 1726414294.8346934, "attack_type": "Port Scan"}
{"message": "Detected DNS Query: b'V0XjJNSR.madeupsetup.eu.us-west-1.ec2-utilities.amazonaws.com.' with encoding ascii", "timestamp": 1726414294.960602, "attack_type": "DNS Query"}
{"message": "Decoded DNS Query: V0XjJNSR.madeupsetup.eu.us-west-1.ec2-utilities.amazonaws.com.", "timestamp": 1726414295.0347936, "attack_type": "DNS Query"}
{"message": "Intrusion Detected: Possible DNS exfiltration in query V0XjJNSR.madeupsetup.eu.us-west-1.ec2-utilities.amazonaws.com.", "timestamp": 1726414295.1686356, "attack_type": "DNS Exfiltration"}
{"message": "Detected DNS Query: b'V0XjJNSR.madeupsetup.eu.us-west-1.ec2-utilities.amazonaws.com.' with encoding ascii", "timestamp": 1726414295.294111, "attack_type": "DNS Query"}
{"message": "Decoded DNS Query: V0XjJNSR.madeupsetup.eu.us-west-1.ec2-utilities.amazonaws.com.", "timestamp": 1726414295.4508533, "attack_type": "DNS Query"}
{"message": "Intrusion Detected: Possible DNS exfiltration in query V0XjJNSR.madeupsetup.eu.us-west-1.ec2-utilities.amazonaws.com.", "timestamp": 1726414295.5522451, "attack_type": "DNS Exfiltration"}
{"message": "Intrusion Detected: Port scanning detected from 8.8.8.8", "timestamp": 1726414295.718826, "attack_type": "Port Scan"}
{"message": "Detected DNS Query: b'V0XjJNSR.madeupsetup.eu.windomain.local.' with encoding ascii", "timestamp": 1726414295.8771803, "attack_type": "DNS Query"}
{"message": "Decoded DNS Query: V0XjJNSR.madeupsetup.eu.windomain.local.", "timestamp": 1726414296.0105302, "attack_type": "DNS Query"}
{"message": "Detected DNS Query: b'V0XjJNSR.madeupsetup.eu.windomain.local.' with encoding ascii", "timestamp": 1726414296.185674, "attack_type": "DNS Query"}
{"message": "Decoded DNS Query: V0XjJNSR.madeupsetup.eu.windomain.local.", "timestamp": 1726414296.3268068, "attack_type": "DNS Query"}
{"message": "Intrusion Detected: Port scanning detected from 8.8.8.8", "timestamp": 1726414296.4010286, "attack_type": "Port Scan"}
{"message": "Detected DNS Query: b'hRnW+JSQ.madeupsetup.eu.' with encoding ascii", "timestamp": 1726414296.5444286, "attack_type": "DNS Query"}
{"message": "Decoded DNS Query: hRnW+JSQ.madeupsetup.eu.", "timestamp": 1726414296.67719, "attack_type": "DNS Query"}
[INFO] Flow: ('192.168.38.104', '18.217.1.57', 63681, 80, 'TCP'), Data Transferred: 623 bytes
[INFO] Flow: ('8.8.8.8', '192.168.38.104', 53, 49453, 'UDP'), Data Transferred: 162 bytes
[INFO] Flow: ('192.168.38.104', '8.8.8.8', 49454, 53, 'UDP'), Data Transferred: 121 bytes
[INFO] Flow: ('8.8.8.8', '192.168.38.104', 53, 49454, 'UDP'), Data Transferred: 209 bytes
[INFO] Flow: ('192.168.38.104', '8.8.8.8', 49455, 53, 'UDP'), Data Transferred: 99 bytes
[INFO] Flow: ('8.8.8.8', '192.168.38.104', 53, 49455, 'UDP'), Data Transferred: 174 bytes
[INFO] Flow: ('192.168.38.104', '8.8.8.8', 49456, 53, 'UDP'), Data Transferred: 83 bytes
[INFO] Packet dropped: Invalid TCP packet characteristics
[INFO] Flow: ('192.168.38.104', '18.217.1.57', 63682, 80, 'TCP'), Data Transferred: 120 bytes
[INFO] Flow: ('18.217.1.57', '192.168.38.104', 80, 63681, 'TCP'), Data Transferred: 54 bytes
{"message": "Detected DNS Query: b'hRnW+JSQ.madeupsetup.eu.' with encoding ascii", "timestamp": 1726414296.8444588, "attack_type": "DNS Query"}
{"message": "Decoded DNS Query: hRnW+JSQ.madeupsetup.eu.", "timestamp": 1726414297.01808, "attack_type": "DNS Query"}
{"message": "Intrusion Detected: Port scanning detected from 8.8.8.8", "timestamp": 1726414297.093507, "attack_type": "Port Scan"}
{"message": "Detected DNS Query: b'hRnW+JSQ.madeupsetup.eu.us-west-1.ec2-utilities.amazonaws.com.' with encoding ascii", "timestamp": 1726414297.2516568, "attack_type": "DNS Query"}
{"message": "Decoded DNS Query: hRnW+JSQ.madeupsetup.eu.us-west-1.ec2-utilities.amazonaws.com.", "timestamp": 1726414297.3765082, "attack_type": "DNS Query"}
{"message": "Intrusion Detected: Possible DNS exfiltration in query hRnW+JSQ.madeupsetup.eu.us-west-1.ec2-utilities.amazonaws.com.", "timestamp": 1726414297.5010412, "attack_type": "DNS Exfiltration"}
{"message": "Traffic Anomaly Detected: 192.168.38.104 shows sudden traffic spike. Current: 677, Avg: 209.2", "timestamp": 1726414297.5944834, "attack_type": "Traffic Anomaly"}
{"message": "Detected DNS Query: b'hRnW+JSQ.madeupsetup.eu.us-west-1.ec2-utilities.amazonaws.com.' with encoding ascii", "timestamp": 1726414297.7190337, "attack_type": "DNS Query"}
{"message": "Decoded DNS Query: hRnW+JSQ.madeupsetup.eu.us-west-1.ec2-utilities.amazonaws.com.", "timestamp": 1726414297.96901, "attack_type": "DNS Query"}
{"message": "Intrusion Detected: Possible DNS exfiltration in query hRnW+JSQ.madeupsetup.eu.us-west-1.ec2-utilities.amazonaws.com.", "timestamp": 1726414298.1185203, "attack_type": "DNS Exfiltration"}
{"message": "Intrusion Detected: Port scanning detected from 8.8.8.8", "timestamp": 1726414298.2015738, "attack_type": "Port Scan"}
{"message": "Detected DNS Query: b'hRnW+JSQ.madeupsetup.eu.windomain.local.' with encoding ascii", "timestamp": 1726414298.3688967, "attack_type": "DNS Query"}
{"message": "Decoded DNS Query: hRnW+JSQ.madeupsetup.eu.windomain.local.", "timestamp": 1726414298.510438, "attack_type": "DNS Query"}
{"message": "Detected DNS Query: b'hRnW+JSQ.madeupsetup.eu.windomain.local.' with encoding ascii", "timestamp": 1726414298.6511047, "attack_type": "DNS Query"}
{"message": "Decoded DNS Query: hRnW+JSQ.madeupsetup.eu.windomain.local.", "timestamp": 1726414298.8032398, "attack_type": "DNS Query"}
{"message": "Intrusion Detected: Port scanning detected from 8.8.8.8", "timestamp": 1726414298.9437904, "attack_type": "Port Scan"}
[INFO] Flow: ('8.8.8.8', '192.168.38.104', 53, 49456, 'UDP'), Data Transferred: 162 bytes
[INFO] Flow: ('192.168.38.104', '8.8.8.8', 49457, 53, 'UDP'), Data Transferred: 121 bytes
[INFO] Flow: ('18.217.1.57', '192.168.38.104', 80, 63681, 'TCP'), Data Transferred: 125 bytes
[INFO] Packet dropped: Invalid TCP packet characteristics
[INFO] Flow: ('192.168.38.104', '18.217.1.57', 63681, 80, 'TCP'), Data Transferred: 677 bytes
[INFO] Flow: ('8.8.8.8', '192.168.38.104', 53, 49457, 'UDP'), Data Transferred: 221 bytes
[INFO] Flow: ('192.168.38.104', '8.8.8.8', 49458, 53, 'UDP'), Data Transferred: 99 bytes
[INFO] Packet dropped: Invalid TCP packet characteristics
[INFO] Flow: ('8.8.8.8', '192.168.38.104', 53, 49458, 'UDP'), Data Transferred: 174 bytes
[INFO] Flow: ('192.168.38.104', '8.8.8.8', 49459, 53, 'UDP'), Data Transferred: 83 bytes
{"message": "Detected DNS Query: b'5gvgR+3U.madeupsetup.eu.' with encoding ascii", "timestamp": 1726414299.0849743, "attack_type": "DNS Query"}
{"message": "Decoded DNS Query: 5gvgR+3U.madeupsetup.eu.", "timestamp": 1726414299.1762867, "attack_type": "DNS Query"}
{"message": "Detected DNS Query: b'5gvgR+3U.madeupsetup.eu.' with encoding ascii", "timestamp": 1726414299.3448565, "attack_type": "DNS Query"}
{"message": "Decoded DNS Query: 5gvgR+3U.madeupsetup.eu.", "timestamp": 1726414299.4765284, "attack_type": "DNS Query"}
{"message": "Intrusion Detected: Port scanning detected from 8.8.8.8", "timestamp": 1726414299.6267006, "attack_type": "Port Scan"}
{"message": "Detected DNS Query: b'5gvgR+3U.madeupsetup.eu.us-west-1.ec2-utilities.amazonaws.com.' with encoding ascii", "timestamp": 1726414299.810655, "attack_type": "DNS Query"}
{"message": "Decoded DNS Query: 5gvgR+3U.madeupsetup.eu.us-west-1.ec2-utilities.amazonaws.com.", "timestamp": 1726414299.9517107, "attack_type": "DNS Query"}
{"message": "Intrusion Detected: Possible DNS exfiltration in query 5gvgR+3U.madeupsetup.eu.us-west-1.ec2-utilities.amazonaws.com.", "timestamp": 1726414300.0264995, "attack_type": "DNS Exfiltration"}
{"message": "Traffic Anomaly Detected: 192.168.38.104 shows sudden traffic spike. Current: 96969, Avg: 9849.3", "timestamp": 1726414300.1755595, "attack_type": "Traffic Anomaly"}
{"message": "Traffic Anomaly Detected: 192.168.38.104 shows sudden traffic spike. Current: 99517, Avg: 19788.9", "timestamp": 1726414300.351454, "attack_type": "Traffic Anomaly"}
{"message": "Traffic Anomaly Detected: 192.168.38.104 shows sudden traffic spike. Current: 99571, Avg: 29736.1", "timestamp": 1726414300.4775958, "attack_type": "Traffic Anomaly"}
{"message": "Detected DNS Query: b'5gvgR+3U.madeupsetup.eu.us-west-1.ec2-utilities.amazonaws.com.' with encoding ascii", "timestamp": 1726414300.6104927, "attack_type": "DNS Query"}
{"message": "Decoded DNS Query: 5gvgR+3U.madeupsetup.eu.us-west-1.ec2-utilities.amazonaws.com.", "timestamp": 1726414300.7599163, "attack_type": "DNS Query"}
{"message": "Intrusion Detected: Possible DNS exfiltration in query 5gvgR+3U.madeupsetup.eu.us-west-1.ec2-utilities.amazonaws.com.", "timestamp": 1726414300.8516219, "attack_type": "DNS Exfiltration"}
{"message": "Intrusion Detected: Port scanning detected from 8.8.8.8", "timestamp": 1726414301.0526423, "attack_type": "Port Scan"}
[INFO] Flow: ('8.8.8.8', '192.168.38.104', 53, 49459, 'UDP'), Data Transferred: 162 bytes
[INFO] Flow: ('192.168.38.104', '8.8.8.8', 49460, 53, 'UDP'), Data Transferred: 121 bytes
[INFO] Flow: ('192.168.38.104', '192.168.38.103', 63635, 5985, 'TCP'), Data Transferred: 96969 bytes
[INFO] Flow: ('192.168.38.104', '192.168.38.103', 63635, 5985, 'TCP'), Data Transferred: 99517 bytes
[INFO] Flow: ('192.168.38.103', '192.168.38.104', 5985, 63635, 'TCP'), Data Transferred: 55649 bytes
[INFO] Flow: ('192.168.38.103', '192.168.38.104', 5985, 63635, 'TCP'), Data Transferred: 57163 bytes
[INFO] Flow: ('192.168.38.103', '192.168.38.104', 5985, 63635, 'TCP'), Data Transferred: 57716 bytes
[INFO] Flow: ('192.168.38.104', '192.168.38.103', 63635, 5985, 'TCP'), Data Transferred: 99571 bytes
[INFO] Flow: ('8.8.8.8', '192.168.38.104', 53, 49460, 'UDP'), Data Transferred: 221 bytes
[INFO] Flow: ('192.168.38.104', '8.8.8.8', 49461, 53, 'UDP'), Data Transferred: 99 bytes
{"message": "Detected DNS Query: b'5gvgR+3U.madeupsetup.eu.windomain.local.' with encoding ascii", "timestamp": 1726414301.1345015, "attack_type": "DNS Query"}
{"message": "Decoded DNS Query: 5gvgR+3U.madeupsetup.eu.windomain.local.", "timestamp": 1726414301.260063, "attack_type": "DNS Query"}
{"message": "Detected DNS Query: b'5gvgR+3U.madeupsetup.eu.windomain.local.' with encoding ascii", "timestamp": 1726414301.4266896, "attack_type": "DNS Query"}
{"message": "Decoded DNS Query: 5gvgR+3U.madeupsetup.eu.windomain.local.", "timestamp": 1726414301.5594912, "attack_type": "DNS Query"}
{"message": "Intrusion Detected: Port scanning detected from 8.8.8.8", "timestamp": 1726414301.6929095, "attack_type": "Port Scan"}
{"message": "Detected DNS Query: b'vdGM6BgJ.madeupsetup.eu.' with encoding ascii", "timestamp": 1726414301.7681973, "attack_type": "DNS Query"}
{"message": "Decoded DNS Query: vdGM6BgJ.madeupsetup.eu.", "timestamp": 1726414301.9015563, "attack_type": "DNS Query"}
{"message": "Traffic Anomaly Detected: 192.168.38.105 shows sudden traffic spike. Current: 32246, Avg: 10498.5", "timestamp": 1726414302.0266798, "attack_type": "Traffic Anomaly"}
[INFO] Flow: ('18.217.1.57', '192.168.38.104', 80, 63681, 'TCP'), Data Transferred: 179 bytes
[INFO] Flow: ('8.8.8.8', '192.168.38.104', 53, 49461, 'UDP'), Data Transferred: 174 bytes
[INFO] Flow: ('192.168.38.104', '8.8.8.8', 49462, 53, 'UDP'), Data Transferred: 83 bytes
[INFO] Packet dropped: Invalid TCP packet characteristics
[INFO] Flow: ('192.168.38.104', '192.168.38.105', 63683, 8412, 'TCP'), Data Transferred: 66 bytes
[INFO] Packet dropped: Invalid TCP packet characteristics
[INFO] Flow: ('192.168.38.104', '192.168.38.105', 63683, 8412, 'TCP'), Data Transferred: 120 bytes
[INFO] Flow: ('192.168.38.105', '192.168.38.104', 8412, 63640, 'TCP'), Data Transferred: 32246 bytes
[INFO] Packet dropped: Invalid TCP packet characteristics
[INFO] Packet dropped: Invalid TCP packet characteristics
{"message": "Intrusion Detected: HTTP Covert Channel Detected in User-Agent: Mozilla/5.0 (Windows NT 10.0; Win64; x64) AppleWebKit/537.36 (KHTML, like Gecko) Chrome/84.0.4147.105 Safari/537.36", "timestamp": 1726414302.1603281, "attack_type": "HTTP Covert Channel"}
[INFO] Flow: ('192.168.38.104', '18.217.1.57', 63684, 80, 'TCP'), Data Transferred: 66 bytes
[INFO] Flow: ('192.168.38.104', '18.217.1.57', 63682, 80, 'TCP'), Data Transferred: 623 bytes
[INFO] Flow: ('192.168.38.104', '192.168.38.105', 63683, 8412, 'TCP'), Data Transferred: 691 bytes
[INFO] Flow: ('192.168.38.105', '192.168.38.104', 8412, 63683, 'TCP'), Data Transferred: 54 bytes
[INFO] Flow: ('192.168.38.105', '192.168.38.104', 8412, 63683, 'TCP'), Data Transferred: 1474 bytes
[INFO] Flow: ('192.168.38.104', '192.168.38.105', 63683, 8412, 'TCP'), Data Transferred: 809 bytes
[INFO] Packet dropped: Invalid TCP packet characteristics
[INFO] Flow: ('192.168.38.105', '192.168.38.104', 8412, 63641, 'TCP'), Data Transferred: 1861 bytes
[INFO] Packet dropped: Invalid TCP packet characteristics
[INFO] Packet dropped: Invalid TCP packet characteristics
{"message": "Traffic Anomaly Detected: 192.168.38.104 shows sudden traffic spike. Current: 691, Avg: 333.5", "timestamp": 1726414302.6608145, "attack_type": "Traffic Anomaly"}
{"message": "Traffic Anomaly Detected: 192.168.38.104 shows sudden traffic spike. Current: 1294, Avg: 528.9", "timestamp": 1726414302.8026195, "attack_type": "Traffic Anomaly"}
[INFO] Flow: ('192.168.38.104', '192.168.38.105', 63685, 8412, 'TCP'), Data Transferred: 66 bytes
[INFO] Packet dropped: Invalid TCP packet characteristics
[INFO] Flow: ('192.168.38.104', '192.168.38.105', 63685, 8412, 'TCP'), Data Transferred: 120 bytes
[INFO] Flow: ('192.168.38.104', '192.168.38.105', 63685, 8412, 'TCP'), Data Transferred: 691 bytes
[INFO] Flow: ('192.168.38.105', '192.168.38.104', 8412, 63685, 'TCP'), Data Transferred: 54 bytes
[INFO] Flow: ('192.168.38.105', '192.168.38.104', 8412, 63685, 'TCP'), Data Transferred: 1474 bytes
[INFO] Flow: ('192.168.38.104', '192.168.38.105', 63685, 8412, 'TCP'), Data Transferred: 809 bytes
[INFO] Flow: ('192.168.38.105', '192.168.38.104', 8412, 63683, 'TCP'), Data Transferred: 1528 bytes
[INFO] Flow: ('192.168.38.104', '192.168.38.105', 63683, 8412, 'TCP'), Data Transferred: 1294 bytes
[INFO] Flow: ('192.168.38.105', '192.168.38.104', 8412, 63683, 'TCP'), Data Transferred: 1582 bytes
{"message": "Detected DNS Query: b'vdGM6BgJ.madeupsetup.eu.' with encoding ascii", "timestamp": 1726414302.8936076, "attack_type": "DNS Query"}
{"message": "Decoded DNS Query: vdGM6BgJ.madeupsetup.eu.", "timestamp": 1726414303.034035, "attack_type": "DNS Query"}
{"message": "Intrusion Detected: Port scanning detected from 8.8.8.8", "timestamp": 1726414303.1595457, "attack_type": "Port Scan"}
{"message": "Detected DNS Query: b'vdGM6BgJ.madeupsetup.eu.us-west-1.ec2-utilities.amazonaws.com.' with encoding ascii", "timestamp": 1726414303.3172934, "attack_type": "DNS Query"}
{"message": "Decoded DNS Query: vdGM6BgJ.madeupsetup.eu.us-west-1.ec2-utilities.amazonaws.com.", "timestamp": 1726414303.510562, "attack_type": "DNS Query"}
{"message": "Intrusion Detected: Possible DNS exfiltration in query vdGM6BgJ.madeupsetup.eu.us-west-1.ec2-utilities.amazonaws.com.", "timestamp": 1726414303.6595218, "attack_type": "DNS Exfiltration"}
[INFO] Packet dropped: Invalid TCP packet characteristics
[INFO] Flow: ('192.168.38.104', '18.217.1.57', 63684, 80, 'TCP'), Data Transferred: 120 bytes
[INFO] Flow: ('18.217.1.57', '192.168.38.104', 80, 63682, 'TCP'), Data Transferred: 54 bytes
[INFO] Flow: ('8.8.8.8', '192.168.38.104', 53, 49462, 'UDP'), Data Transferred: 162 bytes
[INFO] Flow: ('18.217.1.57', '192.168.38.104', 80, 63682, 'TCP'), Data Transferred: 125 bytes
[INFO] Packet dropped: Invalid TCP packet characteristics
[INFO] Flow: ('192.168.38.104', '18.217.1.57', 63682, 80, 'TCP'), Data Transferred: 677 bytes
[INFO] Flow: ('192.168.38.104', '8.8.8.8', 49463, 53, 'UDP'), Data Transferred: 121 bytes
[INFO] Packet dropped: Invalid TCP packet characteristics
[INFO] Flow: ('192.168.38.105', '192.168.38.104', 8412, 63683, 'TCP'), Data Transferred: 2844 bytes
{"message": "Traffic Anomaly Detected: 192.168.38.105 shows sudden traffic spike. Current: 14867, Avg: 3159.0", "timestamp": 1726414303.8184342, "attack_type": "Traffic Anomaly"}
{"message": "Traffic Anomaly Detected: 192.168.38.105 shows sudden traffic spike. Current: 16678, Avg: 4821.4", "timestamp": 1726414303.9597657, "attack_type": "Traffic Anomaly"}
{"message": "Traffic Anomaly Detected: 192.168.38.104 shows sudden traffic spike. Current: 1348, Avg: 605.5", "timestamp": 1726414304.1343744, "attack_type": "Traffic Anomaly"}
{"message": "Traffic Anomaly Detected: 192.168.38.105 shows sudden traffic spike. Current: 23870, Avg: 7061.0", "timestamp": 1726414304.326684, "attack_type": "Traffic Anomaly"}
{"message": "Traffic Anomaly Detected: 192.168.38.105 shows sudden traffic spike. Current: 32139, Avg: 10088.8", "timestamp": 1726414304.4924808, "attack_type": "Traffic Anomaly"}
{"message": "Traffic Anomaly Detected: 192.168.38.105 shows sudden traffic spike. Current: 32222, Avg: 13305.6", "timestamp": 1726414304.6424465, "attack_type": "Traffic Anomaly"}
{"message": "Traffic Anomaly Detected: 192.168.38.104 shows sudden traffic spike. Current: 1402, Avg: 664.8", "timestamp": 1726414304.7845302, "attack_type": "Traffic Anomaly"}
{"message": "Detected DNS Query: b'vdGM6BgJ.madeupsetup.eu.us-west-1.ec2-utilities.amazonaws.com.' with encoding ascii", "timestamp": 1726414304.8676605, "attack_type": "DNS Query"}
{"message": "Decoded DNS Query: vdGM6BgJ.madeupsetup.eu.us-west-1.ec2-utilities.amazonaws.com.", "timestamp": 1726414305.0091717, "attack_type": "DNS Query"}
{"message": "Intrusion Detected: Possible DNS exfiltration in query vdGM6BgJ.madeupsetup.eu.us-west-1.ec2-utilities.amazonaws.com.", "timestamp": 1726414305.1847088, "attack_type": "DNS Exfiltration"}
{"message": "Intrusion Detected: Port scanning detected from 8.8.8.8", "timestamp": 1726414305.317728, "attack_type": "Port Scan"}
[INFO] Flow: ('192.168.38.105', '192.168.38.104', 8412, 63683, 'TCP'), Data Transferred: 5852 bytes
[INFO] Flow: ('192.168.38.105', '192.168.38.104', 8412, 63683, 'TCP'), Data Transferred: 14867 bytes
[INFO] Flow: ('192.168.38.105', '192.168.38.104', 8412, 63683, 'TCP'), Data Transferred: 16678 bytes
[INFO] Flow: ('192.168.38.104', '192.168.38.105', 63683, 8412, 'TCP'), Data Transferred: 1348 bytes
[INFO] Flow: ('192.168.38.105', '192.168.38.104', 8412, 63683, 'TCP'), Data Transferred: 23870 bytes
[INFO] Flow: ('192.168.38.105', '192.168.38.104', 8412, 63683, 'TCP'), Data Transferred: 32139 bytes
[INFO] Flow: ('192.168.38.105', '192.168.38.104', 8412, 63683, 'TCP'), Data Transferred: 32222 bytes
[INFO] Flow: ('192.168.38.104', '192.168.38.105', 63683, 8412, 'TCP'), Data Transferred: 1402 bytes
[INFO] Flow: ('8.8.8.8', '192.168.38.104', 53, 49463, 'UDP'), Data Transferred: 221 bytes
[INFO] Flow: ('192.168.38.104', '8.8.8.8', 49464, 53, 'UDP'), Data Transferred: 99 bytes
{"message": "Detected DNS Query: b'vdGM6BgJ.madeupsetup.eu.windomain.local.' with encoding ascii", "timestamp": 1726414305.3851273, "attack_type": "DNS Query"}
{"message": "Decoded DNS Query: vdGM6BgJ.madeupsetup.eu.windomain.local.", "timestamp": 1726414305.5258954, "attack_type": "DNS Query"}
{"message": "Detected DNS Query: b'vdGM6BgJ.madeupsetup.eu.windomain.local.' with encoding ascii", "timestamp": 1726414305.6691024, "attack_type": "DNS Query"}
{"message": "Decoded DNS Query: vdGM6BgJ.madeupsetup.eu.windomain.local.", "timestamp": 1726414305.8006666, "attack_type": "DNS Query"}
{"message": "Intrusion Detected: Port scanning detected from 8.8.8.8", "timestamp": 1726414305.9092753, "attack_type": "Port Scan"}
{"message": "Detected DNS Query: b'8SHMsy3c.madeupsetup.eu.' with encoding ascii", "timestamp": 1726414306.0510182, "attack_type": "DNS Query"}
{"message": "Decoded DNS Query: 8SHMsy3c.madeupsetup.eu.", "timestamp": 1726414306.226191, "attack_type": "DNS Query"}
{"message": "Traffic Anomaly Detected: 192.168.38.104 shows sudden traffic spike. Current: 5931, Avg: 1188.4", "timestamp": 1726414306.3849952, "attack_type": "Traffic Anomaly"}
{"message": "Traffic Anomaly Detected: 192.168.38.104 shows sudden traffic spike. Current: 5985, Avg: 1706.0", "timestamp": 1726414306.5684726, "attack_type": "Traffic Anomaly"}
{"message": "Detected DNS Query: b'8SHMsy3c.madeupsetup.eu.' with encoding ascii", "timestamp": 1726414306.7015119, "attack_type": "DNS Query"}
{"message": "Decoded DNS Query: 8SHMsy3c.madeupsetup.eu.", "timestamp": 1726414306.842647, "attack_type": "DNS Query"}
{"message": "Intrusion Detected: Port scanning detected from 8.8.8.8", "timestamp": 1726414306.926613, "attack_type": "Port Scan"}
[INFO] Flow: ('8.8.8.8', '192.168.38.104', 53, 49464, 'UDP'), Data Transferred: 174 bytes
[INFO] Flow: ('192.168.38.104', '8.8.8.8', 49465, 53, 'UDP'), Data Transferred: 83 bytes
[INFO] Flow: ('192.168.38.105', '192.168.38.104', 8412, 63685, 'TCP'), Data Transferred: 1528 bytes
[INFO] Flow: ('192.168.38.104', '192.168.38.105', 63685, 8412, 'TCP'), Data Transferred: 5931 bytes
[INFO] Flow: ('192.168.38.105', '192.168.38.104', 8412, 63685, 'TCP'), Data Transferred: 1582 bytes
[INFO] Flow: ('192.168.38.105', '192.168.38.104', 8412, 63685, 'TCP'), Data Transferred: 1783 bytes
[INFO] Flow: ('18.217.1.57', '192.168.38.104', 80, 63682, 'TCP'), Data Transferred: 179 bytes
[INFO] Flow: ('192.168.38.104', '192.168.38.105', 63685, 8412, 'TCP'), Data Transferred: 5985 bytes
[INFO] Flow: ('8.8.8.8', '192.168.38.104', 53, 49465, 'UDP'), Data Transferred: 162 bytes
[INFO] Flow: ('192.168.38.104', '8.8.8.8', 49466, 53, 'UDP'), Data Transferred: 121 bytes
{"message": "Detected DNS Query: b'8SHMsy3c.madeupsetup.eu.us-west-1.ec2-utilities.amazonaws.com.' with encoding ascii", "timestamp": 1726414307.0600362, "attack_type": "DNS Query"}
{"message": "Decoded DNS Query: 8SHMsy3c.madeupsetup.eu.us-west-1.ec2-utilities.amazonaws.com.", "timestamp": 1726414307.217484, "attack_type": "DNS Query"}
{"message": "Intrusion Detected: Possible DNS exfiltration in query 8SHMsy3c.madeupsetup.eu.us-west-1.ec2-utilities.amazonaws.com.", "timestamp": 1726414307.3927958, "attack_type": "DNS Exfiltration"}
{"message": "Detected DNS Query: b'8SHMsy3c.madeupsetup.eu.us-west-1.ec2-utilities.amazonaws.com.' with encoding ascii", "timestamp": 1726414307.5678494, "attack_type": "DNS Query"}
{"message": "Decoded DNS Query: 8SHMsy3c.madeupsetup.eu.us-west-1.ec2-utilities.amazonaws.com.", "timestamp": 1726414307.7428255, "attack_type": "DNS Query"}
{"message": "Intrusion Detected: Possible DNS exfiltration in query 8SHMsy3c.madeupsetup.eu.us-west-1.ec2-utilities.amazonaws.com.", "timestamp": 1726414307.9093297, "attack_type": "DNS Exfiltration"}
{"message": "Intrusion Detected: Port scanning detected from 8.8.8.8", "timestamp": 1726414308.0675025, "attack_type": "Port Scan"}
{"message": "Intrusion Detected: HTTP Covert Channel Detected in User-Agent: Mozilla/5.0 (Windows NT 10.0; Win64; x64) AppleWebKit/537.36 (KHTML, like Gecko) Chrome/84.0.4147.105 Safari/537.36", "timestamp": 1726414308.1597245, "attack_type": "HTTP Covert Channel"}
{"message": "Detected DNS Query: b'8SHMsy3c.madeupsetup.eu.windomain.local.' with encoding ascii", "timestamp": 1726414308.3261993, "attack_type": "DNS Query"}
{"message": "Decoded DNS Query: 8SHMsy3c.madeupsetup.eu.windomain.local.", "timestamp": 1726414308.500842, "attack_type": "DNS Query"}
{"message": "Detected DNS Query: b'8SHMsy3c.madeupsetup.eu.windomain.local.' with encoding ascii", "timestamp": 1726414308.6512222, "attack_type": "DNS Query"}
{"message": "Decoded DNS Query: 8SHMsy3c.madeupsetup.eu.windomain.local.", "timestamp": 1726414308.7860358, "attack_type": "DNS Query"}
{"message": "Intrusion Detected: Port scanning detected from 8.8.8.8", "timestamp": 1726414308.8761942, "attack_type": "Port Scan"}
{"message": "Detected DNS Query: b'LKMt6CLM.madeupsetup.eu.' with encoding ascii", "timestamp": 1726414309.0184371, "attack_type": "DNS Query"}
{"message": "Decoded DNS Query: LKMt6CLM.madeupsetup.eu.", "timestamp": 1726414309.193115, "attack_type": "DNS Query"}
{"message": "Detected DNS Query: b'LKMt6CLM.madeupsetup.eu.' with encoding ascii", "timestamp": 1726414309.426454, "attack_type": "DNS Query"}
{"message": "Decoded DNS Query: LKMt6CLM.madeupsetup.eu.", "timestamp": 1726414309.5716846, "attack_type": "DNS Query"}
{"message": "Intrusion Detected: Port scanning detected from 8.8.8.8", "timestamp": 1726414309.6593628, "attack_type": "Port Scan"}
{"message": "Detected DNS Query: b'LKMt6CLM.madeupsetup.eu.us-west-1.ec2-utilities.amazonaws.com.' with encoding ascii", "timestamp": 1726414309.80066, "attack_type": "DNS Query"}
{"message": "Decoded DNS Query: LKMt6CLM.madeupsetup.eu.us-west-1.ec2-utilities.amazonaws.com.", "timestamp": 1726414309.9598708, "attack_type": "DNS Query"}
{"message": "Intrusion Detected: Possible DNS exfiltration in query LKMt6CLM.madeupsetup.eu.us-west-1.ec2-utilities.amazonaws.com.", "timestamp": 1726414310.117915, "attack_type": "DNS Exfiltration"}
{"message": "Detected DNS Query: b'LKMt6CLM.madeupsetup.eu.us-west-1.ec2-utilities.amazonaws.com.' with encoding ascii", "timestamp": 1726414310.2513292, "attack_type": "DNS Query"}
{"message": "Decoded DNS Query: LKMt6CLM.madeupsetup.eu.us-west-1.ec2-utilities.amazonaws.com.", "timestamp": 1726414310.4644961, "attack_type": "DNS Query"}
{"message": "Intrusion Detected: Possible DNS exfiltration in query LKMt6CLM.madeupsetup.eu.us-west-1.ec2-utilities.amazonaws.com.", "timestamp": 1726414310.6425586, "attack_type": "DNS Exfiltration"}
{"message": "Intrusion Detected: Port scanning detected from 8.8.8.8", "timestamp": 1726414310.7751658, "attack_type": "Port Scan"}
[INFO] Flow: ('192.168.38.104', '18.217.1.57', 63686, 80, 'TCP'), Data Transferred: 66 bytes
[INFO] Flow: ('8.8.8.8', '192.168.38.104', 53, 49466, 'UDP'), Data Transferred: 209 bytes
[INFO] Flow: ('192.168.38.104', '18.217.1.57', 63684, 80, 'TCP'), Data Transferred: 623 bytes
[INFO] Flow: ('192.168.38.104', '8.8.8.8', 49467, 53, 'UDP'), Data Transferred: 99 bytes
[INFO] Flow: ('8.8.8.8', '192.168.38.104', 53, 49467, 'UDP'), Data Transferred: 174 bytes
[INFO] Flow: ('192.168.38.104', '8.8.8.8', 49468, 53, 'UDP'), Data Transferred: 83 bytes
[INFO] Flow: ('8.8.8.8', '192.168.38.104', 53, 49468, 'UDP'), Data Transferred: 162 bytes
[INFO] Flow: ('192.168.38.104', '8.8.8.8', 49469, 53, 'UDP'), Data Transferred: 121 bytes
[INFO] Flow: ('8.8.8.8', '192.168.38.104', 53, 49469, 'UDP'), Data Transferred: 209 bytes
[INFO] Flow: ('192.168.38.104', '8.8.8.8', 49470, 53, 'UDP'), Data Transferred: 99 bytes
{"message": "Detected DNS Query: b'LKMt6CLM.madeupsetup.eu.windomain.local.' with encoding ascii", "timestamp": 1726414310.8765867, "attack_type": "DNS Query"}
{"message": "Decoded DNS Query: LKMt6CLM.madeupsetup.eu.windomain.local.", "timestamp": 1726414311.0258691, "attack_type": "DNS Query"}
{"message": "Detected DNS Query: b'LKMt6CLM.madeupsetup.eu.windomain.local.' with encoding ascii", "timestamp": 1726414311.159841, "attack_type": "DNS Query"}
{"message": "Decoded DNS Query: LKMt6CLM.madeupsetup.eu.windomain.local.", "timestamp": 1726414311.2837474, "attack_type": "DNS Query"}
{"message": "Intrusion Detected: Port scanning detected from 8.8.8.8", "timestamp": 1726414311.425603, "attack_type": "Port Scan"}
{"message": "Detected DNS Query: b'EYysecBH.madeupsetup.eu.' with encoding ascii", "timestamp": 1726414311.5932915, "attack_type": "DNS Query"}
{"message": "Decoded DNS Query: EYysecBH.madeupsetup.eu.", "timestamp": 1726414311.6844316, "attack_type": "DNS Query"}
{"message": "Traffic Anomaly Detected: 192.168.38.104 shows sudden traffic spike. Current: 677, Avg: 209.2", "timestamp": 1726414311.8346052, "attack_type": "Traffic Anomaly"}
[INFO] Flow: ('8.8.8.8', '192.168.38.104', 53, 49470, 'UDP'), Data Transferred: 174 bytes
[INFO] Flow: ('192.168.38.104', '8.8.8.8', 49471, 53, 'UDP'), Data Transferred: 83 bytes
[INFO] Packet dropped: Invalid TCP packet characteristics
[INFO] Flow: ('192.168.38.104', '18.217.1.57', 63686, 80, 'TCP'), Data Transferred: 120 bytes
[INFO] Flow: ('18.217.1.57', '192.168.38.104', 80, 63684, 'TCP'), Data Transferred: 54 bytes
[INFO] Flow: ('18.217.1.57', '192.168.38.104', 80, 63684, 'TCP'), Data Transferred: 125 bytes
[INFO] Packet dropped: Invalid TCP packet characteristics
[INFO] Flow: ('192.168.38.104', '18.217.1.57', 63684, 80, 'TCP'), Data Transferred: 677 bytes
[INFO] Packet dropped: Invalid TCP packet characteristics
[INFO] Flow: ('8.8.8.8', '192.168.38.104', 53, 49471, 'UDP'), Data Transferred: 162 bytes
{"message": "Detected DNS Query: b'EYysecBH.madeupsetup.eu.' with encoding ascii", "timestamp": 1726414312.0092754, "attack_type": "DNS Query"}
{"message": "Decoded DNS Query: EYysecBH.madeupsetup.eu.", "timestamp": 1726414312.1676095, "attack_type": "DNS Query"}
{"message": "Intrusion Detected: Port scanning detected from 8.8.8.8", "timestamp": 1726414312.3255372, "attack_type": "Port Scan"}
{"message": "Detected DNS Query: b'EYysecBH.madeupsetup.eu.us-west-1.ec2-utilities.amazonaws.com.' with encoding ascii", "timestamp": 1726414312.4841292, "attack_type": "DNS Query"}
{"message": "Decoded DNS Query: EYysecBH.madeupsetup.eu.us-west-1.ec2-utilities.amazonaws.com.", "timestamp": 1726414312.6258814, "attack_type": "DNS Query"}
{"message": "Intrusion Detected: Possible DNS exfiltration in query EYysecBH.madeupsetup.eu.us-west-1.ec2-utilities.amazonaws.com.", "timestamp": 1726414312.784038, "attack_type": "DNS Exfiltration"}
{"message": "Detected DNS Query: b'EYysecBH.madeupsetup.eu.us-west-1.ec2-utilities.amazonaws.com.' with encoding ascii", "timestamp": 1726414312.9266484, "attack_type": "DNS Query"}
{"message": "Decoded DNS Query: EYysecBH.madeupsetup.eu.us-west-1.ec2-utilities.amazonaws.com.", "timestamp": 1726414313.016833, "attack_type": "DNS Query"}
{"message": "Intrusion Detected: Possible DNS exfiltration in query EYysecBH.madeupsetup.eu.us-west-1.ec2-utilities.amazonaws.com.", "timestamp": 1726414313.183392, "attack_type": "DNS Exfiltration"}
{"message": "Intrusion Detected: Port scanning detected from 8.8.8.8", "timestamp": 1726414313.3595514, "attack_type": "Port Scan"}
{"message": "Detected DNS Query: b'EYysecBH.madeupsetup.eu.windomain.local.' with encoding ascii", "timestamp": 1726414313.4938664, "attack_type": "DNS Query"}
{"message": "Decoded DNS Query: EYysecBH.madeupsetup.eu.windomain.local.", "timestamp": 1726414313.625775, "attack_type": "DNS Query"}
{"message": "Detected DNS Query: b'EYysecBH.madeupsetup.eu.windomain.local.' with encoding ascii", "timestamp": 1726414313.7181282, "attack_type": "DNS Query"}
{"message": "Decoded DNS Query: EYysecBH.madeupsetup.eu.windomain.local.", "timestamp": 1726414313.9673564, "attack_type": "DNS Query"}
{"message": "Intrusion Detected: Port scanning detected from 8.8.8.8", "timestamp": 1726414314.0753458, "attack_type": "Port Scan"}
{"message": "Detected DNS Query: b'tpesAYtj.madeupsetup.eu.' with encoding ascii", "timestamp": 1726414314.2274294, "attack_type": "DNS Query"}
{"message": "Decoded DNS Query: tpesAYtj.madeupsetup.eu.", "timestamp": 1726414314.3675709, "attack_type": "DNS Query"}
{"message": "Detected DNS Query: b'tpesAYtj.madeupsetup.eu.' with encoding ascii", "timestamp": 1726414314.5016186, "attack_type": "DNS Query"}
{"message": "Decoded DNS Query: tpesAYtj.madeupsetup.eu.", "timestamp": 1726414314.708837, "attack_type": "DNS Query"}
{"message": "Intrusion Detected: Port scanning detected from 8.8.8.8", "timestamp": 1726414314.8670108, "attack_type": "Port Scan"}
{"message": "Detected DNS Query: b'tpesAYtj.madeupsetup.eu.us-west-1.ec2-utilities.amazonaws.com.' with encoding ascii", "timestamp": 1726414315.067907, "attack_type": "DNS Query"}
{"message": "Decoded DNS Query: tpesAYtj.madeupsetup.eu.us-west-1.ec2-utilities.amazonaws.com.", "timestamp": 1726414315.2341585, "attack_type": "DNS Query"}
{"message": "Intrusion Detected: Possible DNS exfiltration in query tpesAYtj.madeupsetup.eu.us-west-1.ec2-utilities.amazonaws.com.", "timestamp": 1726414315.3924215, "attack_type": "DNS Exfiltration"}
{"message": "Detected DNS Query: b'tpesAYtj.madeupsetup.eu.us-west-1.ec2-utilities.amazonaws.com.' with encoding ascii", "timestamp": 1726414315.5345995, "attack_type": "DNS Query"}
{"message": "Decoded DNS Query: tpesAYtj.madeupsetup.eu.us-west-1.ec2-utilities.amazonaws.com.", "timestamp": 1726414315.7664921, "attack_type": "DNS Query"}
{"message": "Intrusion Detected: Possible DNS exfiltration in query tpesAYtj.madeupsetup.eu.us-west-1.ec2-utilities.amazonaws.com.", "timestamp": 1726414315.9424284, "attack_type": "DNS Exfiltration"}
{"message": "Intrusion Detected: Port scanning detected from 8.8.8.8", "timestamp": 1726414316.1255167, "attack_type": "Port Scan"}
[INFO] Flow: ('192.168.38.104', '8.8.8.8', 49472, 53, 'UDP'), Data Transferred: 121 bytes
[INFO] Flow: ('8.8.8.8', '192.168.38.104', 53, 49472, 'UDP'), Data Transferred: 209 bytes
[INFO] Flow: ('192.168.38.104', '8.8.8.8', 49473, 53, 'UDP'), Data Transferred: 99 bytes
[INFO] Flow: ('8.8.8.8', '192.168.38.104', 53, 49473, 'UDP'), Data Transferred: 174 bytes
[INFO] Flow: ('192.168.38.104', '8.8.8.8', 49474, 53, 'UDP'), Data Transferred: 83 bytes
[INFO] Flow: ('8.8.8.8', '192.168.38.104', 53, 49474, 'UDP'), Data Transferred: 162 bytes
[INFO] Flow: ('192.168.38.104', '8.8.8.8', 49475, 53, 'UDP'), Data Transferred: 121 bytes
[INFO] Flow: ('18.217.1.57', '192.168.38.104', 80, 63684, 'TCP'), Data Transferred: 179 bytes
[INFO] Flow: ('8.8.8.8', '192.168.38.104', 53, 49475, 'UDP'), Data Transferred: 209 bytes
[INFO] Flow: ('192.168.38.104', '8.8.8.8', 49476, 53, 'UDP'), Data Transferred: 99 bytes
{"message": "Detected DNS Query: b'tpesAYtj.madeupsetup.eu.windomain.local.' with encoding ascii", "timestamp": 1726414316.2674508, "attack_type": "DNS Query"}
{"message": "Decoded DNS Query: tpesAYtj.madeupsetup.eu.windomain.local.", "timestamp": 1726414316.376227, "attack_type": "DNS Query"}
{"message": "Detected DNS Query: b'tpesAYtj.madeupsetup.eu.windomain.local.' with encoding ascii", "timestamp": 1726414316.5259986, "attack_type": "DNS Query"}
{"message": "Decoded DNS Query: tpesAYtj.madeupsetup.eu.windomain.local.", "timestamp": 1726414316.6997435, "attack_type": "DNS Query"}
{"message": "Intrusion Detected: Port scanning detected from 8.8.8.8", "timestamp": 1726414316.834006, "attack_type": "Port Scan"}
{"message": "Detected DNS Query: b'Q1L7fBbd.madeupsetup.eu.' with encoding ascii", "timestamp": 1726414316.9668171, "attack_type": "DNS Query"}
{"message": "Decoded DNS Query: Q1L7fBbd.madeupsetup.eu.", "timestamp": 1726414317.0915587, "attack_type": "DNS Query"}
{"message": "Detected DNS Query: b'Q1L7fBbd.madeupsetup.eu.' with encoding ascii", "timestamp": 1726414317.192411, "attack_type": "DNS Query"}
{"message": "Decoded DNS Query: Q1L7fBbd.madeupsetup.eu.", "timestamp": 1726414317.3422658, "attack_type": "DNS Query"}
{"message": "Intrusion Detected: Port scanning detected from 8.8.8.8", "timestamp": 1726414317.5339456, "attack_type": "Port Scan"}
{"message": "Detected DNS Query: b'Q1L7fBbd.madeupsetup.eu.us-west-1.ec2-utilities.amazonaws.com.' with encoding ascii", "timestamp": 1726414317.6833508, "attack_type": "DNS Query"}
{"message": "Decoded DNS Query: Q1L7fBbd.madeupsetup.eu.us-west-1.ec2-utilities.amazonaws.com.", "timestamp": 1726414317.8088682, "attack_type": "DNS Query"}
{"message": "Intrusion Detected: Possible DNS exfiltration in query Q1L7fBbd.madeupsetup.eu.us-west-1.ec2-utilities.amazonaws.com.", "timestamp": 1726414317.9086692, "attack_type": "DNS Exfiltration"}
{"message": "Detected DNS Query: b'Q1L7fBbd.madeupsetup.eu.us-west-1.ec2-utilities.amazonaws.com.' with encoding ascii", "timestamp": 1726414318.0675082, "attack_type": "DNS Query"}
{"message": "Decoded DNS Query: Q1L7fBbd.madeupsetup.eu.us-west-1.ec2-utilities.amazonaws.com.", "timestamp": 1726414318.2173862, "attack_type": "DNS Query"}
{"message": "Intrusion Detected: Possible DNS exfiltration in query Q1L7fBbd.madeupsetup.eu.us-west-1.ec2-utilities.amazonaws.com.", "timestamp": 1726414318.3754702, "attack_type": "DNS Exfiltration"}
{"message": "Intrusion Detected: Port scanning detected from 8.8.8.8", "timestamp": 1726414318.5004804, "attack_type": "Port Scan"}
{"message": "Detected DNS Query: b'Q1L7fBbd.madeupsetup.eu.windomain.local.' with encoding ascii", "timestamp": 1726414318.5911214, "attack_type": "DNS Query"}
{"message": "Decoded DNS Query: Q1L7fBbd.madeupsetup.eu.windomain.local.", "timestamp": 1726414318.781707, "attack_type": "DNS Query"}
{"message": "Detected DNS Query: b'Q1L7fBbd.madeupsetup.eu.windomain.local.' with encoding ascii", "timestamp": 1726414318.95052, "attack_type": "DNS Query"}
{"message": "Decoded DNS Query: Q1L7fBbd.madeupsetup.eu.windomain.local.", "timestamp": 1726414319.1176379, "attack_type": "DNS Query"}
{"message": "Intrusion Detected: Port scanning detected from 8.8.8.8", "timestamp": 1726414319.29155, "attack_type": "Port Scan"}
{"message": "Detected DNS Query: b'ODQ0m9DK.madeupsetup.eu.' with encoding ascii", "timestamp": 1726414319.416637, "attack_type": "DNS Query"}
{"message": "Decoded DNS Query: ODQ0m9DK.madeupsetup.eu.", "timestamp": 1726414319.5247045, "attack_type": "DNS Query"}
[INFO] Flow: ('8.8.8.8', '192.168.38.104', 53, 49476, 'UDP'), Data Transferred: 174 bytes
[INFO] Flow: ('192.168.38.104', '8.8.8.8', 49477, 53, 'UDP'), Data Transferred: 83 bytes
[INFO] Flow: ('8.8.8.8', '192.168.38.104', 53, 49477, 'UDP'), Data Transferred: 162 bytes
[INFO] Flow: ('192.168.38.104', '8.8.8.8', 49478, 53, 'UDP'), Data Transferred: 121 bytes
[INFO] Flow: ('8.8.8.8', '192.168.38.104', 53, 49478, 'UDP'), Data Transferred: 209 bytes
[INFO] Flow: ('192.168.38.104', '8.8.8.8', 49479, 53, 'UDP'), Data Transferred: 99 bytes
[INFO] Flow: ('8.8.8.8', '192.168.38.104', 53, 49479, 'UDP'), Data Transferred: 174 bytes
[INFO] Flow: ('192.168.38.104', '8.8.8.8', 49480, 53, 'UDP'), Data Transferred: 83 bytes
[INFO] Flow: ('192.168.38.104', '18.217.1.57', 63687, 80, 'TCP'), Data Transferred: 66 bytes
[INFO] Flow: ('192.168.38.104', '18.217.1.57', 63686, 80, 'TCP'), Data Transferred: 623 bytes
{"message": "Intrusion Detected: HTTP Covert Channel Detected in User-Agent: Mozilla/5.0 (Windows NT 10.0; Win64; x64) AppleWebKit/537.36 (KHTML, like Gecko) Chrome/84.0.4147.105 Safari/537.36", "timestamp": 1726414319.6844819, "attack_type": "HTTP Covert Channel"}
{"message": "Traffic Anomaly Detected: 192.168.38.104 shows sudden traffic spike. Current: 623, Avg: 147.7", "timestamp": 1726414319.8253582, "attack_type": "Traffic Anomaly"}
{"message": "Detected DNS Query: b'ODQ0m9DK.madeupsetup.eu.' with encoding ascii", "timestamp": 1726414319.9505582, "attack_type": "DNS Query"}
{"message": "Decoded DNS Query: ODQ0m9DK.madeupsetup.eu.", "timestamp": 1726414320.108712, "attack_type": "DNS Query"}
{"message": "Intrusion Detected: Port scanning detected from 8.8.8.8", "timestamp": 1726414320.241091, "attack_type": "Port Scan"}
{"message": "Detected DNS Query: b'ODQ0m9DK.madeupsetup.eu.us-west-1.ec2-utilities.amazonaws.com.' with encoding ascii", "timestamp": 1726414320.3923328, "attack_type": "DNS Query"}
{"message": "Decoded DNS Query: ODQ0m9DK.madeupsetup.eu.us-west-1.ec2-utilities.amazonaws.com.", "timestamp": 1726414320.5580688, "attack_type": "DNS Query"}
{"message": "Intrusion Detected: Possible DNS exfiltration in query ODQ0m9DK.madeupsetup.eu.us-west-1.ec2-utilities.amazonaws.com.", "timestamp": 1726414320.650835, "attack_type": "DNS Exfiltration"}
{"message": "Detected DNS Query: b'ODQ0m9DK.madeupsetup.eu.us-west-1.ec2-utilities.amazonaws.com.' with encoding ascii", "timestamp": 1726414320.817548, "attack_type": "DNS Query"}
{"message": "Decoded DNS Query: ODQ0m9DK.madeupsetup.eu.us-west-1.ec2-utilities.amazonaws.com.", "timestamp": 1726414320.9662907, "attack_type": "DNS Query"}
{"message": "Intrusion Detected: Possible DNS exfiltration in query ODQ0m9DK.madeupsetup.eu.us-west-1.ec2-utilities.amazonaws.com.", "timestamp": 1726414321.1846392, "attack_type": "DNS Exfiltration"}
{"message": "Intrusion Detected: Port scanning detected from 8.8.8.8", "timestamp": 1726414321.2666595, "attack_type": "Port Scan"}
{"message": "Detected DNS Query: b'ODQ0m9DK.madeupsetup.eu.windomain.local.' with encoding ascii", "timestamp": 1726414321.4176095, "attack_type": "DNS Query"}
{"message": "Decoded DNS Query: ODQ0m9DK.madeupsetup.eu.windomain.local.", "timestamp": 1726414321.5585265, "attack_type": "DNS Query"}
{"message": "Detected DNS Query: b'ODQ0m9DK.madeupsetup.eu.windomain.local.' with encoding ascii", "timestamp": 1726414321.7174323, "attack_type": "DNS Query"}
{"message": "Decoded DNS Query: ODQ0m9DK.madeupsetup.eu.windomain.local.", "timestamp": 1726414321.8170204, "attack_type": "DNS Query"}
{"message": "Intrusion Detected: Port scanning detected from 8.8.8.8", "timestamp": 1726414321.9504163, "attack_type": "Port Scan"}
{"message": "Detected DNS Query: b'iX+Zn2Gq.madeupsetup.eu.' with encoding ascii", "timestamp": 1726414322.0757258, "attack_type": "DNS Query"}
{"message": "Decoded DNS Query: iX+Zn2Gq.madeupsetup.eu.", "timestamp": 1726414322.199515, "attack_type": "DNS Query"}
[INFO] Flow: ('8.8.8.8', '192.168.38.104', 53, 49480, 'UDP'), Data Transferred: 162 bytes
[INFO] Flow: ('192.168.38.104', '8.8.8.8', 49481, 53, 'UDP'), Data Transferred: 121 bytes
[INFO] Flow: ('8.8.8.8', '192.168.38.104', 53, 49481, 'UDP'), Data Transferred: 209 bytes
[INFO] Flow: ('192.168.38.104', '8.8.8.8', 49482, 53, 'UDP'), Data Transferred: 99 bytes
[INFO] Flow: ('8.8.8.8', '192.168.38.104', 53, 49482, 'UDP'), Data Transferred: 174 bytes
[INFO] Flow: ('192.168.38.104', '8.8.8.8', 49483, 53, 'UDP'), Data Transferred: 83 bytes
[INFO] Packet dropped: Invalid TCP packet characteristics
[INFO] Flow: ('192.168.38.104', '18.217.1.57', 63687, 80, 'TCP'), Data Transferred: 120 bytes
[INFO] Flow: ('18.217.1.57', '192.168.38.104', 80, 63686, 'TCP'), Data Transferred: 54 bytes
[INFO] Flow: ('18.217.1.57', '192.168.38.104', 80, 63686, 'TCP'), Data Transferred: 125 bytes
{"message": "Traffic Anomaly Detected: 192.168.38.104 shows sudden traffic spike. Current: 677, Avg: 209.2", "timestamp": 1726414322.2761364, "attack_type": "Traffic Anomaly"}
{"message": "Detected DNS Query: b'iX+Zn2Gq.madeupsetup.eu.' with encoding ascii", "timestamp": 1726414322.3998208, "attack_type": "DNS Query"}
{"message": "Decoded DNS Query: iX+Zn2Gq.madeupsetup.eu.", "timestamp": 1726414322.5672033, "attack_type": "DNS Query"}
{"message": "Intrusion Detected: Port scanning detected from 8.8.8.8", "timestamp": 1726414322.733844, "attack_type": "Port Scan"}
{"message": "Detected DNS Query: b'iX+Zn2Gq.madeupsetup.eu.us-west-1.ec2-utilities.amazonaws.com.' with encoding ascii", "timestamp": 1726414322.924706, "attack_type": "DNS Query"}
{"message": "Decoded DNS Query: iX+Zn2Gq.madeupsetup.eu.us-west-1.ec2-utilities.amazonaws.com.", "timestamp": 1726414323.0503523, "attack_type": "DNS Query"}
{"message": "Intrusion Detected: Possible DNS exfiltration in query iX+Zn2Gq.madeupsetup.eu.us-west-1.ec2-utilities.amazonaws.com.", "timestamp": 1726414323.1923618, "attack_type": "DNS Exfiltration"}
{"message": "Detected DNS Query: b'iX+Zn2Gq.madeupsetup.eu.us-west-1.ec2-utilities.amazonaws.com.' with encoding ascii", "timestamp": 1726414323.3602102, "attack_type": "DNS Query"}
{"message": "Decoded DNS Query: iX+Zn2Gq.madeupsetup.eu.us-west-1.ec2-utilities.amazonaws.com.", "timestamp": 1726414323.508385, "attack_type": "DNS Query"}
{"message": "Intrusion Detected: Possible DNS exfiltration in query iX+Zn2Gq.madeupsetup.eu.us-west-1.ec2-utilities.amazonaws.com.", "timestamp": 1726414323.5995755, "attack_type": "DNS Exfiltration"}
{"message": "Intrusion Detected: Port scanning detected from 8.8.8.8", "timestamp": 1726414323.741675, "attack_type": "Port Scan"}
{"message": "Detected DNS Query: b'iX+Zn2Gq.madeupsetup.eu.windomain.local.' with encoding ascii", "timestamp": 1726414323.8925195, "attack_type": "DNS Query"}
{"message": "Decoded DNS Query: iX+Zn2Gq.madeupsetup.eu.windomain.local.", "timestamp": 1726414324.0088418, "attack_type": "DNS Query"}
{"message": "Detected DNS Query: b'iX+Zn2Gq.madeupsetup.eu.windomain.local.' with encoding ascii", "timestamp": 1726414324.1439812, "attack_type": "DNS Query"}
{"message": "Decoded DNS Query: iX+Zn2Gq.madeupsetup.eu.windomain.local.", "timestamp": 1726414324.2332385, "attack_type": "DNS Query"}
{"message": "Intrusion Detected: Port scanning detected from 8.8.8.8", "timestamp": 1726414324.3749943, "attack_type": "Port Scan"}
{"message": "Detected DNS Query: b'JUKUkUYn.madeupsetup.eu.' with encoding ascii", "timestamp": 1726414324.509238, "attack_type": "DNS Query"}
{"message": "Decoded DNS Query: JUKUkUYn.madeupsetup.eu.", "timestamp": 1726414324.5915987, "attack_type": "DNS Query"}
[INFO] Packet dropped: Invalid TCP packet characteristics
[INFO] Flow: ('192.168.38.104', '18.217.1.57', 63686, 80, 'TCP'), Data Transferred: 677 bytes
[INFO] Packet dropped: Invalid TCP packet characteristics
[INFO] Flow: ('8.8.8.8', '192.168.38.104', 53, 49483, 'UDP'), Data Transferred: 162 bytes
[INFO] Flow: ('192.168.38.104', '8.8.8.8', 49484, 53, 'UDP'), Data Transferred: 121 bytes
[INFO] Flow: ('8.8.8.8', '192.168.38.104', 53, 49484, 'UDP'), Data Transferred: 209 bytes
[INFO] Flow: ('192.168.38.104', '8.8.8.8', 49485, 53, 'UDP'), Data Transferred: 99 bytes
[INFO] Flow: ('8.8.8.8', '192.168.38.104', 53, 49485, 'UDP'), Data Transferred: 174 bytes
[INFO] Flow: ('192.168.38.104', '8.8.8.8', 49486, 53, 'UDP'), Data Transferred: 83 bytes
[INFO] Flow: ('18.217.1.57', '192.168.38.104', 80, 63686, 'TCP'), Data Transferred: 179 bytes
{"message": "Detected DNS Query: b'JUKUkUYn.madeupsetup.eu.' with encoding ascii", "timestamp": 1726414324.6677518, "attack_type": "DNS Query"}
{"message": "Decoded DNS Query: JUKUkUYn.madeupsetup.eu.", "timestamp": 1726414324.8526862, "attack_type": "DNS Query"}
{"message": "Intrusion Detected: Port scanning detected from 8.8.8.8", "timestamp": 1726414325.000364, "attack_type": "Port Scan"}
{"message": "Detected DNS Query: b'JUKUkUYn.madeupsetup.eu.us-west-1.ec2-utilities.amazonaws.com.' with encoding ascii", "timestamp": 1726414325.178789, "attack_type": "DNS Query"}
{"message": "Decoded DNS Query: JUKUkUYn.madeupsetup.eu.us-west-1.ec2-utilities.amazonaws.com.", "timestamp": 1726414325.324687, "attack_type": "DNS Query"}
{"message": "Intrusion Detected: Possible DNS exfiltration in query JUKUkUYn.madeupsetup.eu.us-west-1.ec2-utilities.amazonaws.com.", "timestamp": 1726414325.4000099, "attack_type": "DNS Exfiltration"}
{"message": "Detected DNS Query: b'JUKUkUYn.madeupsetup.eu.us-west-1.ec2-utilities.amazonaws.com.' with encoding ascii", "timestamp": 1726414325.5414884, "attack_type": "DNS Query"}
{"message": "Decoded DNS Query: JUKUkUYn.madeupsetup.eu.us-west-1.ec2-utilities.amazonaws.com.", "timestamp": 1726414325.6663501, "attack_type": "DNS Query"}
{"message": "Intrusion Detected: Possible DNS exfiltration in query JUKUkUYn.madeupsetup.eu.us-west-1.ec2-utilities.amazonaws.com.", "timestamp": 1726414325.8168151, "attack_type": "DNS Exfiltration"}
{"message": "Intrusion Detected: Port scanning detected from 8.8.8.8", "timestamp": 1726414325.9912226, "attack_type": "Port Scan"}
{"message": "Detected DNS Query: b'JUKUkUYn.madeupsetup.eu.windomain.local.' with encoding ascii", "timestamp": 1726414326.1674852, "attack_type": "DNS Query"}
{"message": "Decoded DNS Query: JUKUkUYn.madeupsetup.eu.windomain.local.", "timestamp": 1726414326.3163083, "attack_type": "DNS Query"}
{"message": "Detected DNS Query: b'JUKUkUYn.madeupsetup.eu.windomain.local.' with encoding ascii", "timestamp": 1726414326.4093843, "attack_type": "DNS Query"}
{"message": "Decoded DNS Query: JUKUkUYn.madeupsetup.eu.windomain.local.", "timestamp": 1726414326.5916007, "attack_type": "DNS Query"}
{"message": "Intrusion Detected: Port scanning detected from 8.8.8.8", "timestamp": 1726414326.6754742, "attack_type": "Port Scan"}
{"message": "Detected DNS Query: b'eWUnpoWH.madeupsetup.eu.' with encoding ascii", "timestamp": 1726414326.7756703, "attack_type": "DNS Query"}
{"message": "Decoded DNS Query: eWUnpoWH.madeupsetup.eu.", "timestamp": 1726414326.9995801, "attack_type": "DNS Query"}
{"message": "Intrusion Detected: HTTP Covert Channel Detected in User-Agent: Mozilla/5.0 (Windows NT 10.0; Win64; x64) AppleWebKit/537.36 (KHTML, like Gecko) Chrome/84.0.4147.105 Safari/537.36", "timestamp": 1726414327.0838172, "attack_type": "HTTP Covert Channel"}
{"message": "Traffic Anomaly Detected: 192.168.38.104 shows sudden traffic spike. Current: 623, Avg: 209.2", "timestamp": 1726414327.2163563, "attack_type": "Traffic Anomaly"}
{"message": "Detected DNS Query: b'eWUnpoWH.madeupsetup.eu.' with encoding ascii", "timestamp": 1726414327.3583517, "attack_type": "DNS Query"}
{"message": "Decoded DNS Query: eWUnpoWH.madeupsetup.eu.", "timestamp": 1726414327.4993606, "attack_type": "DNS Query"}
{"message": "Intrusion Detected: Port scanning detected from 8.8.8.8", "timestamp": 1726414327.6415718, "attack_type": "Port Scan"}
[INFO] Flow: ('8.8.8.8', '192.168.38.104', 53, 49486, 'UDP'), Data Transferred: 162 bytes
[INFO] Flow: ('192.168.38.104', '8.8.8.8', 49487, 53, 'UDP'), Data Transferred: 121 bytes
[INFO] Flow: ('8.8.8.8', '192.168.38.104', 53, 49487, 'UDP'), Data Transferred: 209 bytes
[INFO] Flow: ('192.168.38.104', '8.8.8.8', 49488, 53, 'UDP'), Data Transferred: 99 bytes
[INFO] Flow: ('8.8.8.8', '192.168.38.104', 53, 49488, 'UDP'), Data Transferred: 174 bytes
[INFO] Flow: ('192.168.38.104', '18.217.1.57', 63688, 80, 'TCP'), Data Transferred: 66 bytes
[INFO] Flow: ('192.168.38.104', '8.8.8.8', 49489, 53, 'UDP'), Data Transferred: 83 bytes
[INFO] Flow: ('192.168.38.104', '18.217.1.57', 63687, 80, 'TCP'), Data Transferred: 623 bytes
[INFO] Flow: ('8.8.8.8', '192.168.38.104', 53, 49489, 'UDP'), Data Transferred: 162 bytes
[INFO] Flow: ('192.168.38.104', '8.8.8.8', 49490, 53, 'UDP'), Data Transferred: 121 bytes
{"message": "Detected DNS Query: b'eWUnpoWH.madeupsetup.eu.us-west-1.ec2-utilities.amazonaws.com.' with encoding ascii", "timestamp": 1726414327.725483, "attack_type": "DNS Query"}
{"message": "Decoded DNS Query: eWUnpoWH.madeupsetup.eu.us-west-1.ec2-utilities.amazonaws.com.", "timestamp": 1726414327.8746316, "attack_type": "DNS Query"}
{"message": "Intrusion Detected: Possible DNS exfiltration in query eWUnpoWH.madeupsetup.eu.us-west-1.ec2-utilities.amazonaws.com.", "timestamp": 1726414328.0006564, "attack_type": "DNS Exfiltration"}
{"message": "Detected DNS Query: b'eWUnpoWH.madeupsetup.eu.us-west-1.ec2-utilities.amazonaws.com.' with encoding ascii", "timestamp": 1726414328.1502433, "attack_type": "DNS Query"}
{"message": "Decoded DNS Query: eWUnpoWH.madeupsetup.eu.us-west-1.ec2-utilities.amazonaws.com.", "timestamp": 1726414328.324884, "attack_type": "DNS Query"}
{"message": "Intrusion Detected: Possible DNS exfiltration in query eWUnpoWH.madeupsetup.eu.us-west-1.ec2-utilities.amazonaws.com.", "timestamp": 1726414328.376659, "attack_type": "DNS Exfiltration"}
{"message": "Detected DNS Query: b'eWUnpoWH.madeupsetup.eu.windomain.local.' with encoding ascii", "timestamp": 1726414328.8203585, "attack_type": "DNS Query"}
{"message": "Decoded DNS Query: eWUnpoWH.madeupsetup.eu.windomain.local.", "timestamp": 1726414328.9002545, "attack_type": "DNS Query"}
{"message": "Detected DNS Query: b'eWUnpoWH.madeupsetup.eu.windomain.local.' with encoding ascii", "timestamp": 1726414329.0349543, "attack_type": "DNS Query"}
{"message": "Decoded DNS Query: eWUnpoWH.madeupsetup.eu.windomain.local.", "timestamp": 1726414329.1667328, "attack_type": "DNS Query"}
{"message": "Detected DNS Query: b'Zf688UTz.madeupsetup.eu.' with encoding ascii", "timestamp": 1726414329.316698, "attack_type": "DNS Query"}
{"message": "Decoded DNS Query: Zf688UTz.madeupsetup.eu.", "timestamp": 1726414329.4581122, "attack_type": "DNS Query"}
{"message": "Intrusion Detected: Port scanning detected from 18.217.1.57", "timestamp": 1726414329.5505438, "attack_type": "Port Scan"}
{"message": "Intrusion Detected: Port scanning detected from 18.217.1.57", "timestamp": 1726414329.7170172, "attack_type": "Port Scan"}
[INFO] Flow: ('8.8.8.8', '192.168.38.104', 53, 49490, 'UDP'), Data Transferred: 209 bytes
[INFO] Flow: ('192.168.38.104', '8.8.8.8', 49491, 53, 'UDP'), Data Transferred: 99 bytes
[INFO] Flow: ('8.8.8.8', '192.168.38.104', 53, 49491, 'UDP'), Data Transferred: 174 bytes
[INFO] Flow: ('192.168.38.104', '8.8.8.8', 49492, 53, 'UDP'), Data Transferred: 83 bytes
[INFO] Flow: ('18.217.1.57', '192.168.38.104', 80, 63687, 'TCP'), Data Transferred: 54 bytes
[INFO] Packet dropped: Invalid TCP packet characteristics
[INFO] Flow: ('192.168.38.104', '18.217.1.57', 63688, 80, 'TCP'), Data Transferred: 120 bytes
[INFO] Flow: ('18.217.1.57', '192.168.38.104', 80, 63687, 'TCP'), Data Transferred: 125 bytes
[INFO] Packet dropped: Invalid TCP packet characteristics
[INFO] Flow: ('192.168.38.104', '18.217.1.57', 63687, 80, 'TCP'), Data Transferred: 677 bytes
{"message": "Traffic Anomaly Detected: 192.168.38.104 shows sudden traffic spike. Current: 677, Avg: 209.2", "timestamp": 1726414329.876234, "attack_type": "Traffic Anomaly"}
{"message": "Detected DNS Query: b'Zf688UTz.madeupsetup.eu.' with encoding ascii", "timestamp": 1726414330.0329287, "attack_type": "DNS Query"}
{"message": "Decoded DNS Query: Zf688UTz.madeupsetup.eu.", "timestamp": 1726414330.2164996, "attack_type": "DNS Query"}
{"message": "Detected DNS Query: b'Zf688UTz.madeupsetup.eu.us-west-1.ec2-utilities.amazonaws.com.' with encoding ascii", "timestamp": 1726414330.374887, "attack_type": "DNS Query"}
{"message": "Decoded DNS Query: Zf688UTz.madeupsetup.eu.us-west-1.ec2-utilities.amazonaws.com.", "timestamp": 1726414330.5328777, "attack_type": "DNS Query"}
{"message": "Intrusion Detected: Possible DNS exfiltration in query Zf688UTz.madeupsetup.eu.us-west-1.ec2-utilities.amazonaws.com.", "timestamp": 1726414330.6664762, "attack_type": "DNS Exfiltration"}
{"message": "Intrusion Detected: Port scanning detected from 18.217.1.57", "timestamp": 1726414330.8165667, "attack_type": "Port Scan"}
{"message": "Detected DNS Query: b'Zf688UTz.madeupsetup.eu.us-west-1.ec2-utilities.amazonaws.com.' with encoding ascii", "timestamp": 1726414330.975433, "attack_type": "DNS Query"}
{"message": "Decoded DNS Query: Zf688UTz.madeupsetup.eu.us-west-1.ec2-utilities.amazonaws.com.", "timestamp": 1726414331.1074665, "attack_type": "DNS Query"}
{"message": "Intrusion Detected: Possible DNS exfiltration in query Zf688UTz.madeupsetup.eu.us-west-1.ec2-utilities.amazonaws.com.", "timestamp": 1726414331.282565, "attack_type": "DNS Exfiltration"}
{"message": "Detected DNS Query: b'Zf688UTz.madeupsetup.eu.windomain.local.' with encoding ascii", "timestamp": 1726414331.4248462, "attack_type": "DNS Query"}
{"message": "Decoded DNS Query: Zf688UTz.madeupsetup.eu.windomain.local.", "timestamp": 1726414331.5077844, "attack_type": "DNS Query"}
{"message": "Detected DNS Query: b'Zf688UTz.madeupsetup.eu.windomain.local.' with encoding ascii", "timestamp": 1726414331.6426513, "attack_type": "DNS Query"}
{"message": "Decoded DNS Query: Zf688UTz.madeupsetup.eu.windomain.local.", "timestamp": 1726414331.7996776, "attack_type": "DNS Query"}
{"message": "Detected DNS Query: b'uFH0VpwO.madeupsetup.eu.' with encoding ascii", "timestamp": 1726414331.9510174, "attack_type": "DNS Query"}
{"message": "Decoded DNS Query: uFH0VpwO.madeupsetup.eu.", "timestamp": 1726414332.0996714, "attack_type": "DNS Query"}
{"message": "Detected DNS Query: b'uFH0VpwO.madeupsetup.eu.' with encoding ascii", "timestamp": 1726414332.2589557, "attack_type": "DNS Query"}
{"message": "Decoded DNS Query: uFH0VpwO.madeupsetup.eu.", "timestamp": 1726414332.4246185, "attack_type": "DNS Query"}
[INFO] Packet dropped: Invalid TCP packet characteristics
[INFO] Flow: ('8.8.8.8', '192.168.38.104', 53, 49492, 'UDP'), Data Transferred: 162 bytes
[INFO] Flow: ('192.168.38.104', '8.8.8.8', 49493, 53, 'UDP'), Data Transferred: 121 bytes
[INFO] Flow: ('18.217.1.57', '192.168.38.104', 80, 63687, 'TCP'), Data Transferred: 179 bytes
[INFO] Flow: ('8.8.8.8', '192.168.38.104', 53, 49493, 'UDP'), Data Transferred: 209 bytes
[INFO] Flow: ('192.168.38.104', '8.8.8.8', 49494, 53, 'UDP'), Data Transferred: 99 bytes
[INFO] Flow: ('8.8.8.8', '192.168.38.104', 53, 49494, 'UDP'), Data Transferred: 174 bytes
[INFO] Flow: ('192.168.38.104', '8.8.8.8', 49495, 53, 'UDP'), Data Transferred: 83 bytes
[INFO] Flow: ('8.8.8.8', '192.168.38.104', 53, 49495, 'UDP'), Data Transferred: 162 bytes
[INFO] Flow: ('192.168.38.104', '8.8.8.8', 49496, 53, 'UDP'), Data Transferred: 121 bytes
{"message": "Detected DNS Query: b'uFH0VpwO.madeupsetup.eu.us-west-1.ec2-utilities.amazonaws.com.' with encoding ascii", "timestamp": 1726414332.525192, "attack_type": "DNS Query"}
{"message": "Decoded DNS Query: uFH0VpwO.madeupsetup.eu.us-west-1.ec2-utilities.amazonaws.com.", "timestamp": 1726414332.6576133, "attack_type": "DNS Query"}
{"message": "Intrusion Detected: Possible DNS exfiltration in query uFH0VpwO.madeupsetup.eu.us-west-1.ec2-utilities.amazonaws.com.", "timestamp": 1726414332.7995849, "attack_type": "DNS Exfiltration"}
{"message": "Intrusion Detected: HTTP Covert Channel Detected in User-Agent: Mozilla/5.0 (Windows NT 10.0; Win64; x64) AppleWebKit/537.36 (KHTML, like Gecko) Chrome/84.0.4147.105 Safari/537.36", "timestamp": 1726414332.9507902, "attack_type": "HTTP Covert Channel"}
{"message": "Traffic Anomaly Detected: 192.168.38.104 shows sudden traffic spike. Current: 623, Avg: 209.2", "timestamp": 1726414333.0490181, "attack_type": "Traffic Anomaly"}
{"message": "Detected DNS Query: b'uFH0VpwO.madeupsetup.eu.us-west-1.ec2-utilities.amazonaws.com.' with encoding ascii", "timestamp": 1726414333.165934, "attack_type": "DNS Query"}
{"message": "Decoded DNS Query: uFH0VpwO.madeupsetup.eu.us-west-1.ec2-utilities.amazonaws.com.", "timestamp": 1726414333.3071077, "attack_type": "DNS Query"}
{"message": "Intrusion Detected: Possible DNS exfiltration in query uFH0VpwO.madeupsetup.eu.us-west-1.ec2-utilities.amazonaws.com.", "timestamp": 1726414333.4415295, "attack_type": "DNS Exfiltration"}
{"message": "Detected DNS Query: b'uFH0VpwO.madeupsetup.eu.windomain.local.' with encoding ascii", "timestamp": 1726414333.533419, "attack_type": "DNS Query"}
{"message": "Decoded DNS Query: uFH0VpwO.madeupsetup.eu.windomain.local.", "timestamp": 1726414333.6156063, "attack_type": "DNS Query"}
{"message": "Detected DNS Query: b'uFH0VpwO.madeupsetup.eu.windomain.local.' with encoding ascii", "timestamp": 1726414333.7834804, "attack_type": "DNS Query"}
{"message": "Decoded DNS Query: uFH0VpwO.madeupsetup.eu.windomain.local.", "timestamp": 1726414333.8764567, "attack_type": "DNS Query"}
{"message": "Detected DNS Query: b'bJS/rrk1.madeupsetup.eu.' with encoding ascii", "timestamp": 1726414334.0503829, "attack_type": "DNS Query"}
{"message": "Decoded DNS Query: bJS/rrk1.madeupsetup.eu.", "timestamp": 1726414334.1408117, "attack_type": "DNS Query"}
{"message": "Intrusion Detected: Port scanning detected from 18.217.1.57", "timestamp": 1726414334.2245076, "attack_type": "Port Scan"}
[INFO] Flow: ('192.168.38.104', '18.217.1.57', 63689, 80, 'TCP'), Data Transferred: 66 bytes
[INFO] Flow: ('192.168.38.104', '18.217.1.57', 63688, 80, 'TCP'), Data Transferred: 623 bytes
[INFO] Flow: ('8.8.8.8', '192.168.38.104', 53, 49496, 'UDP'), Data Transferred: 209 bytes
[INFO] Flow: ('192.168.38.104', '8.8.8.8', 49497, 53, 'UDP'), Data Transferred: 99 bytes
[INFO] Flow: ('8.8.8.8', '192.168.38.104', 53, 49497, 'UDP'), Data Transferred: 174 bytes
[INFO] Flow: ('192.168.38.104', '8.8.8.8', 49498, 53, 'UDP'), Data Transferred: 83 bytes
[INFO] Packet dropped: Invalid TCP packet characteristics
[INFO] Flow: ('192.168.38.104', '18.217.1.57', 63689, 80, 'TCP'), Data Transferred: 120 bytes
[INFO] Flow: ('18.217.1.57', '192.168.38.104', 80, 63688, 'TCP'), Data Transferred: 54 bytes
[INFO] Flow: ('18.217.1.57', '192.168.38.104', 80, 63688, 'TCP'), Data Transferred: 125 bytes
{"message": "Intrusion Detected: Port scanning detected from 18.217.1.57", "timestamp": 1726414334.3078558, "attack_type": "Port Scan"}
{"message": "Traffic Anomaly Detected: 192.168.38.104 shows sudden traffic spike. Current: 677, Avg: 209.2", "timestamp": 1726414334.4407685, "attack_type": "Traffic Anomaly"}
{"message": "Detected DNS Query: b'bJS/rrk1.madeupsetup.eu.' with encoding ascii", "timestamp": 1726414334.5159788, "attack_type": "DNS Query"}
{"message": "Decoded DNS Query: bJS/rrk1.madeupsetup.eu.", "timestamp": 1726414334.6656404, "attack_type": "DNS Query"}
{"message": "Detected DNS Query: b'bJS/rrk1.madeupsetup.eu.us-west-1.ec2-utilities.amazonaws.com.' with encoding ascii", "timestamp": 1726414334.7913315, "attack_type": "DNS Query"}
{"message": "Decoded DNS Query: bJS/rrk1.madeupsetup.eu.us-west-1.ec2-utilities.amazonaws.com.", "timestamp": 1726414334.948831, "attack_type": "DNS Query"}
{"message": "Intrusion Detected: Possible DNS exfiltration in query bJS/rrk1.madeupsetup.eu.us-west-1.ec2-utilities.amazonaws.com.", "timestamp": 1726414335.220647, "attack_type": "DNS Exfiltration"}
{"message": "Detected DNS Query: b'bJS/rrk1.madeupsetup.eu.us-west-1.ec2-utilities.amazonaws.com.' with encoding ascii", "timestamp": 1726414335.308259, "attack_type": "DNS Query"}
{"message": "Decoded DNS Query: bJS/rrk1.madeupsetup.eu.us-west-1.ec2-utilities.amazonaws.com.", "timestamp": 1726414335.4405448, "attack_type": "DNS Query"}
{"message": "Intrusion Detected: Possible DNS exfiltration in query bJS/rrk1.madeupsetup.eu.us-west-1.ec2-utilities.amazonaws.com.", "timestamp": 1726414335.5911274, "attack_type": "DNS Exfiltration"}
{"message": "Detected DNS Query: b'bJS/rrk1.madeupsetup.eu.windomain.local.' with encoding ascii", "timestamp": 1726414335.749963, "attack_type": "DNS Query"}
{"message": "Decoded DNS Query: bJS/rrk1.madeupsetup.eu.windomain.local.", "timestamp": 1726414335.8324447, "attack_type": "DNS Query"}
{"message": "Detected DNS Query: b'bJS/rrk1.madeupsetup.eu.windomain.local.' with encoding ascii", "timestamp": 1726414335.9827042, "attack_type": "DNS Query"}
{"message": "Decoded DNS Query: bJS/rrk1.madeupsetup.eu.windomain.local.", "timestamp": 1726414336.1325126, "attack_type": "DNS Query"}
{"message": "Intrusion Detected: Port scanning detected from 8.8.8.8", "timestamp": 1726414336.2654045, "attack_type": "Port Scan"}
{"message": "Traffic Anomaly Detected: 192.168.38.104 shows sudden traffic spike. Current: 910969, Avg: 91297.8", "timestamp": 1726414336.399598, "attack_type": "Traffic Anomaly"}
[INFO] Packet dropped: Invalid TCP packet characteristics
[INFO] Flow: ('192.168.38.104', '18.217.1.57', 63688, 80, 'TCP'), Data Transferred: 677 bytes
[INFO] Packet dropped: Invalid TCP packet characteristics
[INFO] Flow: ('8.8.8.8', '192.168.38.104', 53, 49498, 'UDP'), Data Transferred: 162 bytes
[INFO] Flow: ('192.168.38.104', '8.8.8.8', 49499, 53, 'UDP'), Data Transferred: 121 bytes
[INFO] Flow: ('8.8.8.8', '192.168.38.104', 53, 49499, 'UDP'), Data Transferred: 209 bytes
[INFO] Flow: ('192.168.38.104', '8.8.8.8', 49500, 53, 'UDP'), Data Transferred: 99 bytes
[INFO] Flow: ('8.8.8.8', '192.168.38.104', 53, 49500, 'UDP'), Data Transferred: 174 bytes
[INFO] Flow: ('192.168.38.104', '192.168.38.103', 63580, 5985, 'TCP'), Data Transferred: 910969 bytes
[INFO] Flow: ('192.168.38.104', '192.168.38.103', 63580, 5985, 'TCP'), Data Transferred: 918275 bytes
{"message": "Traffic Anomaly Detected: 192.168.38.104 shows sudden traffic spike. Current: 918275, Avg: 183113.2", "timestamp": 1726414336.5075269, "attack_type": "Traffic Anomaly"}
{"message": "Detected DNS Query: b'YQuKySPc.madeupsetup.eu.' with encoding ascii", "timestamp": 1726414336.7406583, "attack_type": "DNS Query"}
{"message": "Decoded DNS Query: YQuKySPc.madeupsetup.eu.", "timestamp": 1726414336.8494596, "attack_type": "DNS Query"}
{"message": "Traffic Anomaly Detected: 192.168.38.104 shows sudden traffic spike. Current: 918329, Avg: 274885.5", "timestamp": 1726414336.9908018, "attack_type": "Traffic Anomaly"}
{"message": "Traffic Anomaly Detected: 192.168.38.104 shows sudden traffic spike. Current: 918719, Avg: 366747.5", "timestamp": 1726414337.1657043, "attack_type": "Traffic Anomaly"}
{"message": "Traffic Anomaly Detected: 192.168.38.104 shows sudden traffic spike. Current: 926322, Avg: 459371.4", "timestamp": 1726414337.361459, "attack_type": "Traffic Anomaly"}
[INFO] Flow: ('192.168.38.104', '8.8.8.8', 49501, 53, 'UDP'), Data Transferred: 83 bytes
[INFO] Flow: ('192.168.38.103', '192.168.38.104', 5985, 63580, 'TCP'), Data Transferred: 239835 bytes
[INFO] Flow: ('192.168.38.103', '192.168.38.104', 5985, 63580, 'TCP'), Data Transferred: 241349 bytes
[INFO] Flow: ('192.168.38.103', '192.168.38.104', 5985, 63580, 'TCP'), Data Transferred: 241902 bytes
[INFO] Flow: ('192.168.38.104', '192.168.38.103', 63580, 5985, 'TCP'), Data Transferred: 918329 bytes
[INFO] Flow: ('192.168.38.104', '192.168.38.103', 63580, 5985, 'TCP'), Data Transferred: 918719 bytes
[INFO] Flow: ('192.168.38.104', '192.168.38.103', 63580, 5985, 'TCP'), Data Transferred: 926322 bytes
[INFO] Flow: ('192.168.38.103', '192.168.38.104', 5985, 63580, 'TCP'), Data Transferred: 241956 bytes
[INFO] Flow: ('192.168.38.103', '192.168.38.104', 5985, 63580, 'TCP'), Data Transferred: 243470 bytes
[INFO] Flow: ('192.168.38.103', '192.168.38.104', 5985, 63580, 'TCP'), Data Transferred: 244023 bytes
[INFO] Flow: ('192.168.38.104', '192.168.38.103', 63580, 5985, 'TCP'), Data Transferred: 926376 bytes
[INFO] Flow: ('192.168.38.104', '192.168.38.103', 63580, 5985, 'TCP'), Data Transferred: 926766 bytes
[INFO] Flow: ('192.168.38.104', '192.168.38.103', 63580, 5985, 'TCP'), Data Transferred: 934381 bytes
[INFO] Flow: ('192.168.38.103', '192.168.38.104', 5985, 63580, 'TCP'), Data Transferred: 244077 bytes
[INFO] Flow: ('192.168.38.103', '192.168.38.104', 5985, 63580, 'TCP'), Data Transferred: 245591 bytes
[INFO] Flow: ('192.168.38.103', '192.168.38.104', 5985, 63580, 'TCP'), Data Transferred: 246144 bytes
[INFO] Flow: ('192.168.38.104', '192.168.38.103', 63580, 5985, 'TCP'), Data Transferred: 934435 bytes
[INFO] Flow: ('192.168.38.104', '192.168.38.103', 63580, 5985, 'TCP'), Data Transferred: 934825 bytes
[INFO] Flow: ('192.168.38.104', '192.168.38.103', 63580, 5985, 'TCP'), Data Transferred: 942432 bytes
[INFO] Flow: ('192.168.38.103', '192.168.38.104', 5985, 63580, 'TCP'), Data Transferred: 246198 bytes
{"message": "Intrusion Detected: Port scanning detected from 18.217.1.57", "timestamp": 1726414337.4634998, "attack_type": "Port Scan"}
[INFO] Flow: ('18.217.1.57', '192.168.38.104', 80, 63688, 'TCP'), Data Transferred: 179 bytes
[INFO] Flow: ('192.168.38.103', '192.168.38.104', 5985, 63580, 'TCP'), Data Transferred: 247712 bytes
[INFO] Flow: ('192.168.38.103', '192.168.38.104', 5985, 63580, 'TCP'), Data Transferred: 248265 bytes
[INFO] Flow: ('192.168.38.104', '192.168.38.103', 63580, 5985, 'TCP'), Data Transferred: 942486 bytes
[INFO] Flow: ('192.168.38.104', '192.168.38.103', 63580, 5985, 'TCP'), Data Transferred: 942876 bytes
[INFO] Flow: ('192.168.38.104', '192.168.38.103', 63580, 5985, 'TCP'), Data Transferred: 950487 bytes
[INFO] Flow: ('192.168.38.103', '192.168.38.104', 5985, 63580, 'TCP'), Data Transferred: 248319 bytes
[INFO] Flow: ('192.168.38.103', '192.168.38.104', 5985, 63580, 'TCP'), Data Transferred: 249833 bytes
[INFO] Flow: ('192.168.38.103', '192.168.38.104', 5985, 63580, 'TCP'), Data Transferred: 250386 bytes
[INFO] Flow: ('192.168.38.104', '192.168.38.103', 63580, 5985, 'TCP'), Data Transferred: 950541 bytes
[INFO] Flow: ('192.168.38.104', '192.168.38.103', 63580, 5985, 'TCP'), Data Transferred: 950931 bytes
[INFO] Flow: ('192.168.38.104', '192.168.38.103', 63580, 5985, 'TCP'), Data Transferred: 958546 bytes
[INFO] Flow: ('192.168.38.103', '192.168.38.104', 5985, 63580, 'TCP'), Data Transferred: 250440 bytes
[INFO] Flow: ('192.168.38.103', '192.168.38.104', 5985, 63580, 'TCP'), Data Transferred: 251954 bytes
[INFO] Flow: ('192.168.38.103', '192.168.38.104', 5985, 63580, 'TCP'), Data Transferred: 252507 bytes
[INFO] Flow: ('192.168.38.104', '192.168.38.103', 63580, 5985, 'TCP'), Data Transferred: 958600 bytes
[INFO] Flow: ('192.168.38.104', '192.168.38.103', 63580, 5985, 'TCP'), Data Transferred: 958990 bytes
[INFO] Flow: ('192.168.38.104', '192.168.38.103', 63580, 5985, 'TCP'), Data Transferred: 966601 bytes
[INFO] Flow: ('192.168.38.103', '192.168.38.104', 5985, 63580, 'TCP'), Data Transferred: 252561 bytes
[INFO] Flow: ('192.168.38.103', '192.168.38.104', 5985, 63580, 'TCP'), Data Transferred: 254075 bytes
[INFO] Flow: ('192.168.38.103', '192.168.38.104', 5985, 63580, 'TCP'), Data Transferred: 254628 bytes
[INFO] Flow: ('192.168.38.104', '192.168.38.103', 63580, 5985, 'TCP'), Data Transferred: 966655 bytes
[INFO] Flow: ('192.168.38.104', '192.168.38.103', 63580, 5985, 'TCP'), Data Transferred: 967045 bytes
[INFO] Flow: ('192.168.38.104', '192.168.38.103', 63580, 5985, 'TCP'), Data Transferred: 974648 bytes
[INFO] Flow: ('192.168.38.103', '192.168.38.104', 5985, 63580, 'TCP'), Data Transferred: 254682 bytes
[INFO] Flow: ('192.168.38.103', '192.168.38.104', 5985, 63580, 'TCP'), Data Transferred: 256196 bytes
[INFO] Flow: ('192.168.38.103', '192.168.38.104', 5985, 63580, 'TCP'), Data Transferred: 256749 bytes
[INFO] Flow: ('192.168.38.104', '192.168.38.103', 63580, 5985, 'TCP'), Data Transferred: 974702 bytes
[INFO] Flow: ('192.168.38.104', '192.168.38.103', 63580, 5985, 'TCP'), Data Transferred: 975092 bytes
[INFO] Flow: ('192.168.38.104', '192.168.38.103', 63580, 5985, 'TCP'), Data Transferred: 982699 bytes
[INFO] Flow: ('192.168.38.103', '192.168.38.104', 5985, 63580, 'TCP'), Data Transferred: 256803 bytes
[INFO] Flow: ('192.168.38.103', '192.168.38.104', 5985, 63580, 'TCP'), Data Transferred: 258317 bytes
[INFO] Flow: ('192.168.38.103', '192.168.38.104', 5985, 63580, 'TCP'), Data Transferred: 258870 bytes
[INFO] Flow: ('192.168.38.104', '192.168.38.103', 63580, 5985, 'TCP'), Data Transferred: 982753 bytes
[INFO] Flow: ('192.168.38.104', '192.168.38.103', 63580, 5985, 'TCP'), Data Transferred: 983143 bytes
[INFO] Flow: ('192.168.38.104', '192.168.38.103', 63580, 5985, 'TCP'), Data Transferred: 990750 bytes
[INFO] Flow: ('192.168.38.103', '192.168.38.104', 5985, 63580, 'TCP'), Data Transferred: 258924 bytes
[INFO] Flow: ('192.168.38.103', '192.168.38.104', 5985, 63580, 'TCP'), Data Transferred: 260438 bytes
[INFO] Flow: ('192.168.38.103', '192.168.38.104', 5985, 63580, 'TCP'), Data Transferred: 260991 bytes
[INFO] Flow: ('192.168.38.104', '192.168.38.103', 63580, 5985, 'TCP'), Data Transferred: 990804 bytes
{"message": "Intrusion Detected: HTTP Covert Channel Detected in User-Agent: Mozilla/5.0 (Windows NT 10.0; Win64; x64) AppleWebKit/537.36 (KHTML, like Gecko) Chrome/84.0.4147.105 Safari/537.36", "timestamp": 1726414337.5963216, "attack_type": "HTTP Covert Channel"}
{"message": "Detected DNS Query: b'YQuKySPc.madeupsetup.eu.' with encoding ascii", "timestamp": 1726414337.7330256, "attack_type": "DNS Query"}
{"message": "Decoded DNS Query: YQuKySPc.madeupsetup.eu.", "timestamp": 1726414337.8986151, "attack_type": "DNS Query"}
{"message": "Intrusion Detected: Port scanning detected from 8.8.8.8", "timestamp": 1726414338.0324087, "attack_type": "Port Scan"}
{"message": "Detected DNS Query: b'YQuKySPc.madeupsetup.eu.us-west-1.ec2-utilities.amazonaws.com.' with encoding ascii", "timestamp": 1726414338.1176066, "attack_type": "DNS Query"}
{"message": "Decoded DNS Query: YQuKySPc.madeupsetup.eu.us-west-1.ec2-utilities.amazonaws.com.", "timestamp": 1726414338.2073605, "attack_type": "DNS Query"}
{"message": "Intrusion Detected: Possible DNS exfiltration in query YQuKySPc.madeupsetup.eu.us-west-1.ec2-utilities.amazonaws.com.", "timestamp": 1726414338.2993774, "attack_type": "DNS Exfiltration"}
[INFO] Flow: ('192.168.38.104', '18.217.1.57', 63690, 80, 'TCP'), Data Transferred: 66 bytes
[INFO] Flow: ('192.168.38.104', '18.217.1.57', 63689, 80, 'TCP'), Data Transferred: 623 bytes
[INFO] Flow: ('8.8.8.8', '192.168.38.104', 53, 49501, 'UDP'), Data Transferred: 162 bytes
[INFO] Flow: ('192.168.38.104', '192.168.38.103', 63580, 5985, 'TCP'), Data Transferred: 991194 bytes
[INFO] Flow: ('192.168.38.104', '192.168.38.103', 63580, 5985, 'TCP'), Data Transferred: 998805 bytes
[INFO] Flow: ('192.168.38.104', '8.8.8.8', 49502, 53, 'UDP'), Data Transferred: 121 bytes
[INFO] Flow: ('192.168.38.103', '192.168.38.104', 5985, 63580, 'TCP'), Data Transferred: 261045 bytes
[INFO] Flow: ('192.168.38.103', '192.168.38.104', 5985, 63580, 'TCP'), Data Transferred: 262559 bytes
[INFO] Flow: ('192.168.38.103', '192.168.38.104', 5985, 63580, 'TCP'), Data Transferred: 263112 bytes
[INFO] Flow: ('192.168.38.104', '192.168.38.103', 63580, 5985, 'TCP'), Data Transferred: 998859 bytes
{"message": "Detected DNS Query: b'YQuKySPc.madeupsetup.eu.us-west-1.ec2-utilities.amazonaws.com.' with encoding ascii", "timestamp": 1726414339.0088677, "attack_type": "DNS Query"}
{"message": "Decoded DNS Query: YQuKySPc.madeupsetup.eu.us-west-1.ec2-utilities.amazonaws.com.", "timestamp": 1726414339.182322, "attack_type": "DNS Query"}
{"message": "Intrusion Detected: Possible DNS exfiltration in query YQuKySPc.madeupsetup.eu.us-west-1.ec2-utilities.amazonaws.com.", "timestamp": 1726414339.3573148, "attack_type": "DNS Exfiltration"}
{"message": "Intrusion Detected: Port scanning detected from 8.8.8.8", "timestamp": 1726414339.5071971, "attack_type": "Port Scan"}
[INFO] Flow: ('192.168.38.104', '192.168.38.103', 63580, 5985, 'TCP'), Data Transferred: 999249 bytes
[INFO] Flow: ('192.168.38.104', '192.168.38.103', 63580, 5985, 'TCP'), Data Transferred: 1006860 bytes
[INFO] Potential Data Exfiltration Detected: Flow ('192.168.38.104', '192.168.38.103', 63580, 5985, 'TCP'), Bytes transferred: 1006860
[INFO] Flow: ('192.168.38.103', '192.168.38.104', 5985, 63580, 'TCP'), Data Transferred: 263166 bytes
[INFO] Flow: ('192.168.38.103', '192.168.38.104', 5985, 63580, 'TCP'), Data Transferred: 264680 bytes
[INFO] Flow: ('192.168.38.103', '192.168.38.104', 5985, 63580, 'TCP'), Data Transferred: 265233 bytes
[INFO] Flow: ('192.168.38.104', '192.168.38.103', 63580, 5985, 'TCP'), Data Transferred: 1006914 bytes
[INFO] Potential Data Exfiltration Detected: Flow ('192.168.38.104', '192.168.38.103', 63580, 5985, 'TCP'), Bytes transferred: 1006914
[INFO] Flow: ('8.8.8.8', '192.168.38.104', 53, 49502, 'UDP'), Data Transferred: 209 bytes
[INFO] Flow: ('192.168.38.104', '8.8.8.8', 49503, 53, 'UDP'), Data Transferred: 99 bytes
{"message": "Detected DNS Query: b'YQuKySPc.madeupsetup.eu.windomain.local.' with encoding ascii", "timestamp": 1726414339.6414478, "attack_type": "DNS Query"}
{"message": "Decoded DNS Query: YQuKySPc.madeupsetup.eu.windomain.local.", "timestamp": 1726414339.73251, "attack_type": "DNS Query"}
[INFO] Flow: ('192.168.38.104', '192.168.38.103', 63580, 5985, 'TCP'), Data Transferred: 1007304 bytes
[INFO] Potential Data Exfiltration Detected: Flow ('192.168.38.104', '192.168.38.103', 63580, 5985, 'TCP'), Bytes transferred: 1007304
[INFO] Flow: ('192.168.38.104', '192.168.38.103', 63580, 5985, 'TCP'), Data Transferred: 1014915 bytes
[INFO] Potential Data Exfiltration Detected: Flow ('192.168.38.104', '192.168.38.103', 63580, 5985, 'TCP'), Bytes transferred: 1014915
[INFO] Flow: ('192.168.38.103', '192.168.38.104', 5985, 63580, 'TCP'), Data Transferred: 265287 bytes
[INFO] Flow: ('192.168.38.103', '192.168.38.104', 5985, 63580, 'TCP'), Data Transferred: 266801 bytes
[INFO] Flow: ('192.168.38.103', '192.168.38.104', 5985, 63580, 'TCP'), Data Transferred: 267354 bytes
[INFO] Flow: ('192.168.38.104', '192.168.38.103', 63580, 5985, 'TCP'), Data Transferred: 1014969 bytes
[INFO] Potential Data Exfiltration Detected: Flow ('192.168.38.104', '192.168.38.103', 63580, 5985, 'TCP'), Bytes transferred: 1014969
[INFO] Flow: ('192.168.38.104', '192.168.38.103', 63580, 5985, 'TCP'), Data Transferred: 1015359 bytes
{"message": "Detected DNS Query: b'YQuKySPc.madeupsetup.eu.windomain.local.' with encoding ascii", "timestamp": 1726414340.7240932, "attack_type": "DNS Query"}
{"message": "Decoded DNS Query: YQuKySPc.madeupsetup.eu.windomain.local.", "timestamp": 1726414340.882663, "attack_type": "DNS Query"}
{"message": "Intrusion Detected: Port scanning detected from 8.8.8.8", "timestamp": 1726414341.0157535, "attack_type": "Port Scan"}
[INFO] Potential Data Exfiltration Detected: Flow ('192.168.38.104', '192.168.38.103', 63580, 5985, 'TCP'), Bytes transferred: 1015359
[INFO] Flow: ('192.168.38.104', '192.168.38.103', 63580, 5985, 'TCP'), Data Transferred: 1022966 bytes
[INFO] Potential Data Exfiltration Detected: Flow ('192.168.38.104', '192.168.38.103', 63580, 5985, 'TCP'), Bytes transferred: 1022966
[INFO] Flow: ('192.168.38.103', '192.168.38.104', 5985, 63580, 'TCP'), Data Transferred: 267408 bytes
[INFO] Flow: ('192.168.38.103', '192.168.38.104', 5985, 63580, 'TCP'), Data Transferred: 268922 bytes
[INFO] Flow: ('192.168.38.103', '192.168.38.104', 5985, 63580, 'TCP'), Data Transferred: 269475 bytes
[INFO] Flow: ('192.168.38.104', '192.168.38.103', 63580, 5985, 'TCP'), Data Transferred: 1023020 bytes
[INFO] Potential Data Exfiltration Detected: Flow ('192.168.38.104', '192.168.38.103', 63580, 5985, 'TCP'), Bytes transferred: 1023020
[INFO] Flow: ('8.8.8.8', '192.168.38.104', 53, 49503, 'UDP'), Data Transferred: 174 bytes
[INFO] Flow: ('192.168.38.104', '8.8.8.8', 49504, 53, 'UDP'), Data Transferred: 83 bytes
{"message": "Detected DNS Query: b'Vo/M+HTl.madeupsetup.eu.' with encoding ascii", "timestamp": 1726414341.174412, "attack_type": "DNS Query"}
{"message": "Decoded DNS Query: Vo/M+HTl.madeupsetup.eu.", "timestamp": 1726414341.3066638, "attack_type": "DNS Query"}
[INFO] Flow: ('192.168.38.104', '192.168.38.103', 63580, 5985, 'TCP'), Data Transferred: 1023410 bytes
[INFO] Potential Data Exfiltration Detected: Flow ('192.168.38.104', '192.168.38.103', 63580, 5985, 'TCP'), Bytes transferred: 1023410
[INFO] Flow: ('192.168.38.104', '192.168.38.103', 63580, 5985, 'TCP'), Data Transferred: 1031025 bytes
[INFO] Potential Data Exfiltration Detected: Flow ('192.168.38.104', '192.168.38.103', 63580, 5985, 'TCP'), Bytes transferred: 1031025
[INFO] Flow: ('192.168.38.103', '192.168.38.104', 5985, 63580, 'TCP'), Data Transferred: 269529 bytes
[INFO] Flow: ('192.168.38.103', '192.168.38.104', 5985, 63580, 'TCP'), Data Transferred: 271043 bytes
[INFO] Flow: ('192.168.38.103', '192.168.38.104', 5985, 63580, 'TCP'), Data Transferred: 271596 bytes
[INFO] Flow: ('192.168.38.104', '192.168.38.103', 63580, 5985, 'TCP'), Data Transferred: 1031079 bytes
[INFO] Potential Data Exfiltration Detected: Flow ('192.168.38.104', '192.168.38.103', 63580, 5985, 'TCP'), Bytes transferred: 1031079
[INFO] Flow: ('192.168.38.104', '192.168.38.103', 63580, 5985, 'TCP'), Data Transferred: 1031469 bytes
[INFO] Potential Data Exfiltration Detected: Flow ('192.168.38.104', '192.168.38.103', 63580, 5985, 'TCP'), Bytes transferred: 1031469
[INFO] Flow: ('192.168.38.104', '192.168.38.103', 63580, 5985, 'TCP'), Data Transferred: 1039080 bytes
[INFO] Potential Data Exfiltration Detected: Flow ('192.168.38.104', '192.168.38.103', 63580, 5985, 'TCP'), Bytes transferred: 1039080
[INFO] Flow: ('192.168.38.103', '192.168.38.104', 5985, 63580, 'TCP'), Data Transferred: 271650 bytes
[INFO] Flow: ('192.168.38.103', '192.168.38.104', 5985, 63580, 'TCP'), Data Transferred: 273164 bytes
[INFO] Flow: ('192.168.38.103', '192.168.38.104', 5985, 63580, 'TCP'), Data Transferred: 273717 bytes
[INFO] Flow: ('192.168.38.104', '192.168.38.103', 63580, 5985, 'TCP'), Data Transferred: 1039134 bytes
[INFO] Potential Data Exfiltration Detected: Flow ('192.168.38.104', '192.168.38.103', 63580, 5985, 'TCP'), Bytes transferred: 1039134
[INFO] Flow: ('192.168.38.104', '192.168.38.103', 63580, 5985, 'TCP'), Data Transferred: 1039524 bytes
[INFO] Potential Data Exfiltration Detected: Flow ('192.168.38.104', '192.168.38.103', 63580, 5985, 'TCP'), Bytes transferred: 1039524
[INFO] Flow: ('192.168.38.104', '192.168.38.103', 63580, 5985, 'TCP'), Data Transferred: 1047131 bytes
[INFO] Potential Data Exfiltration Detected: Flow ('192.168.38.104', '192.168.38.103', 63580, 5985, 'TCP'), Bytes transferred: 1047131
[INFO] Flow: ('192.168.38.103', '192.168.38.104', 5985, 63580, 'TCP'), Data Transferred: 273771 bytes
[INFO] Flow: ('192.168.38.103', '192.168.38.104', 5985, 63580, 'TCP'), Data Transferred: 275285 bytes
[INFO] Flow: ('192.168.38.103', '192.168.38.104', 5985, 63580, 'TCP'), Data Transferred: 275838 bytes
[INFO] Flow: ('192.168.38.104', '192.168.38.103', 63580, 5985, 'TCP'), Data Transferred: 1047185 bytes
[INFO] Potential Data Exfiltration Detected: Flow ('192.168.38.104', '192.168.38.103', 63580, 5985, 'TCP'), Bytes transferred: 1047185
[INFO] Flow: ('192.168.38.104', '192.168.38.103', 63580, 5985, 'TCP'), Data Transferred: 1047575 bytes
[INFO] Potential Data Exfiltration Detected: Flow ('192.168.38.104', '192.168.38.103', 63580, 5985, 'TCP'), Bytes transferred: 1047575
[INFO] Flow: ('192.168.38.104', '192.168.38.103', 63580, 5985, 'TCP'), Data Transferred: 1055182 bytes
{"message": "Intrusion Detected: Port scanning detected from 18.217.1.57", "timestamp": 1726414342.7245355, "attack_type": "Port Scan"}
[INFO] Potential Data Exfiltration Detected: Flow ('192.168.38.104', '192.168.38.103', 63580, 5985, 'TCP'), Bytes transferred: 1055182
[INFO] Flow: ('192.168.38.103', '192.168.38.104', 5985, 63580, 'TCP'), Data Transferred: 275892 bytes
[INFO] Flow: ('192.168.38.103', '192.168.38.104', 5985, 63580, 'TCP'), Data Transferred: 277406 bytes
[INFO] Flow: ('192.168.38.103', '192.168.38.104', 5985, 63580, 'TCP'), Data Transferred: 277959 bytes
[INFO] Flow: ('192.168.38.104', '192.168.38.103', 63580, 5985, 'TCP'), Data Transferred: 1055236 bytes
[INFO] Potential Data Exfiltration Detected: Flow ('192.168.38.104', '192.168.38.103', 63580, 5985, 'TCP'), Bytes transferred: 1055236
[INFO] Packet dropped: Invalid TCP packet characteristics
[INFO] Flow: ('192.168.38.104', '18.217.1.57', 63690, 80, 'TCP'), Data Transferred: 120 bytes
[INFO] Flow: ('18.217.1.57', '192.168.38.104', 80, 63689, 'TCP'), Data Transferred: 54 bytes
[INFO] Flow: ('8.8.8.8', '192.168.38.104', 53, 49504, 'UDP'), Data Transferred: 162 bytes
{"message": "Detected DNS Query: b'Vo/M+HTl.madeupsetup.eu.' with encoding ascii", "timestamp": 1726414342.799536, "attack_type": "DNS Query"}
{"message": "Decoded DNS Query: Vo/M+HTl.madeupsetup.eu.", "timestamp": 1726414342.8990395, "attack_type": "DNS Query"}
{"message": "Intrusion Detected: Port scanning detected from 8.8.8.8", "timestamp": 1726414342.974247, "attack_type": "Port Scan"}
{"message": "Intrusion Detected: Port scanning detected from 18.217.1.57", "timestamp": 1726414343.1162212, "attack_type": "Port Scan"}
{"message": "Detected DNS Query: b'Vo/M+HTl.madeupsetup.eu.us-west-1.ec2-utilities.amazonaws.com.' with encoding ascii", "timestamp": 1726414343.23252, "attack_type": "DNS Query"}
{"message": "Decoded DNS Query: Vo/M+HTl.madeupsetup.eu.us-west-1.ec2-utilities.amazonaws.com.", "timestamp": 1726414343.323615, "attack_type": "DNS Query"}
{"message": "Intrusion Detected: Possible DNS exfiltration in query Vo/M+HTl.madeupsetup.eu.us-west-1.ec2-utilities.amazonaws.com.", "timestamp": 1726414343.4575121, "attack_type": "DNS Exfiltration"}
{"message": "Detected DNS Query: b'Vo/M+HTl.madeupsetup.eu.us-west-1.ec2-utilities.amazonaws.com.' with encoding ascii", "timestamp": 1726414343.6163075, "attack_type": "DNS Query"}
{"message": "Decoded DNS Query: Vo/M+HTl.madeupsetup.eu.us-west-1.ec2-utilities.amazonaws.com.", "timestamp": 1726414343.756931, "attack_type": "DNS Query"}
{"message": "Intrusion Detected: Possible DNS exfiltration in query Vo/M+HTl.madeupsetup.eu.us-west-1.ec2-utilities.amazonaws.com.", "timestamp": 1726414343.8488092, "attack_type": "DNS Exfiltration"}
{"message": "Intrusion Detected: Port scanning detected from 8.8.8.8", "timestamp": 1726414343.9824066, "attack_type": "Port Scan"}
{"message": "Detected DNS Query: b'Vo/M+HTl.madeupsetup.eu.windomain.local.' with encoding ascii", "timestamp": 1726414344.1335974, "attack_type": "DNS Query"}
{"message": "Decoded DNS Query: Vo/M+HTl.madeupsetup.eu.windomain.local.", "timestamp": 1726414344.256945, "attack_type": "DNS Query"}
{"message": "Detected DNS Query: b'Vo/M+HTl.madeupsetup.eu.windomain.local.' with encoding ascii", "timestamp": 1726414344.4247062, "attack_type": "DNS Query"}
{"message": "Decoded DNS Query: Vo/M+HTl.madeupsetup.eu.windomain.local.", "timestamp": 1726414344.507022, "attack_type": "DNS Query"}
{"message": "Intrusion Detected: Port scanning detected from 8.8.8.8", "timestamp": 1726414344.7232144, "attack_type": "Port Scan"}
{"message": "Detected DNS Query: b'7BBZdhts.madeupsetup.eu.' with encoding ascii", "timestamp": 1726414344.807266, "attack_type": "DNS Query"}
{"message": "Decoded DNS Query: 7BBZdhts.madeupsetup.eu.", "timestamp": 1726414344.9656804, "attack_type": "DNS Query"}
[INFO] Flow: ('18.217.1.57', '192.168.38.104', 80, 63689, 'TCP'), Data Transferred: 125 bytes
[INFO] Packet dropped: Invalid TCP packet characteristics
[INFO] Flow: ('192.168.38.104', '18.217.1.57', 63689, 80, 'TCP'), Data Transferred: 677 bytes
[INFO] Flow: ('192.168.38.104', '8.8.8.8', 49505, 53, 'UDP'), Data Transferred: 121 bytes
[INFO] Packet dropped: Invalid TCP packet characteristics
[INFO] Flow: ('8.8.8.8', '192.168.38.104', 53, 49505, 'UDP'), Data Transferred: 221 bytes
[INFO] Flow: ('192.168.38.104', '8.8.8.8', 49506, 53, 'UDP'), Data Transferred: 99 bytes
[INFO] Flow: ('8.8.8.8', '192.168.38.104', 53, 49506, 'UDP'), Data Transferred: 174 bytes
[INFO] Flow: ('192.168.38.104', '8.8.8.8', 49507, 53, 'UDP'), Data Transferred: 83 bytes
[INFO] Flow: ('192.168.38.104', '192.168.38.103', 63580, 5985, 'TCP'), Data Transferred: 1055626 bytes
{"message": "Traffic Anomaly Detected: 192.168.38.104 shows sudden traffic spike. Current: 1055626, Avg: 526190.4", "timestamp": 1726414345.2655385, "attack_type": "Traffic Anomaly"}
{"message": "Traffic Anomaly Detected: 192.168.38.104 shows sudden traffic spike. Current: 1063233, Avg: 527795.2", "timestamp": 1726414345.5413632, "attack_type": "Traffic Anomaly"}
{"message": "Traffic Anomaly Detected: 192.168.38.104 shows sudden traffic spike. Current: 1063287, Avg: 529366.4", "timestamp": 1726414345.782351, "attack_type": "Traffic Anomaly"}
{"message": "Detected DNS Query: b'7BBZdhts.madeupsetup.eu.' with encoding ascii", "timestamp": 1726414345.8571167, "attack_type": "DNS Query"}
{"message": "Decoded DNS Query: 7BBZdhts.madeupsetup.eu.", "timestamp": 1726414345.9752417, "attack_type": "DNS Query"}
{"message": "Intrusion Detected: Port scanning detected from 8.8.8.8", "timestamp": 1726414346.0649865, "attack_type": "Port Scan"}
[INFO] Potential Data Exfiltration Detected: Flow ('192.168.38.104', '192.168.38.103', 63580, 5985, 'TCP'), Bytes transferred: 1055626
[INFO] Flow: ('192.168.38.104', '192.168.38.103', 63580, 5985, 'TCP'), Data Transferred: 1063233 bytes
[INFO] Potential Data Exfiltration Detected: Flow ('192.168.38.104', '192.168.38.103', 63580, 5985, 'TCP'), Bytes transferred: 1063233
[INFO] Flow: ('192.168.38.103', '192.168.38.104', 5985, 63580, 'TCP'), Data Transferred: 278013 bytes
[INFO] Flow: ('192.168.38.103', '192.168.38.104', 5985, 63580, 'TCP'), Data Transferred: 279527 bytes
[INFO] Flow: ('192.168.38.103', '192.168.38.104', 5985, 63580, 'TCP'), Data Transferred: 280080 bytes
[INFO] Flow: ('192.168.38.104', '192.168.38.103', 63580, 5985, 'TCP'), Data Transferred: 1063287 bytes
[INFO] Potential Data Exfiltration Detected: Flow ('192.168.38.104', '192.168.38.103', 63580, 5985, 'TCP'), Bytes transferred: 1063287
[INFO] Flow: ('8.8.8.8', '192.168.38.104', 53, 49507, 'UDP'), Data Transferred: 162 bytes
[INFO] Flow: ('192.168.38.104', '8.8.8.8', 49508, 53, 'UDP'), Data Transferred: 121 bytes
{"message": "Detected DNS Query: b'7BBZdhts.madeupsetup.eu.us-west-1.ec2-utilities.amazonaws.com.' with encoding ascii", "timestamp": 1726414346.156895, "attack_type": "DNS Query"}
{"message": "Decoded DNS Query: 7BBZdhts.madeupsetup.eu.us-west-1.ec2-utilities.amazonaws.com.", "timestamp": 1726414346.2988179, "attack_type": "DNS Query"}
{"message": "Intrusion Detected: Possible DNS exfiltration in query 7BBZdhts.madeupsetup.eu.us-west-1.ec2-utilities.amazonaws.com.", "timestamp": 1726414346.382287, "attack_type": "DNS Exfiltration"}
{"message": "Traffic Anomaly Detected: 192.168.38.104 shows sudden traffic spike. Current: 1063677, Avg: 424704.4", "timestamp": 1726414346.6816185, "attack_type": "Traffic Anomaly"}
{"message": "Traffic Anomaly Detected: 192.168.38.104 shows sudden traffic spike. Current: 1071284, Avg: 531820.8", "timestamp": 1726414346.9732773, "attack_type": "Traffic Anomaly"}
[INFO] Flow: ('192.168.38.104', '192.168.38.103', 63580, 5985, 'TCP'), Data Transferred: 1063677 bytes
[INFO] Potential Data Exfiltration Detected: Flow ('192.168.38.104', '192.168.38.103', 63580, 5985, 'TCP'), Bytes transferred: 1063677
[INFO] Flow: ('192.168.38.104', '192.168.38.103', 63580, 5985, 'TCP'), Data Transferred: 1071284 bytes
[INFO] Potential Data Exfiltration Detected: Flow ('192.168.38.104', '192.168.38.103', 63580, 5985, 'TCP'), Bytes transferred: 1071284
[INFO] Flow: ('192.168.38.103', '192.168.38.104', 5985, 63580, 'TCP'), Data Transferred: 280134 bytes
[INFO] Flow: ('192.168.38.103', '192.168.38.104', 5985, 63580, 'TCP'), Data Transferred: 281648 bytes
[INFO] Flow: ('192.168.38.103', '192.168.38.104', 5985, 63580, 'TCP'), Data Transferred: 282201 bytes
[INFO] Flow: ('192.168.38.104', '192.168.38.103', 63580, 5985, 'TCP'), Data Transferred: 1071338 bytes
[INFO] Potential Data Exfiltration Detected: Flow ('192.168.38.104', '192.168.38.103', 63580, 5985, 'TCP'), Bytes transferred: 1071338
[INFO] Flow: ('192.168.38.104', '192.168.38.103', 63580, 5985, 'TCP'), Data Transferred: 1071728 bytes
{"message": "Detected DNS Query: b'7BBZdhts.madeupsetup.eu.us-west-1.ec2-utilities.amazonaws.com.' with encoding ascii", "timestamp": 1726414347.4324179, "attack_type": "DNS Query"}
{"message": "Decoded DNS Query: 7BBZdhts.madeupsetup.eu.us-west-1.ec2-utilities.amazonaws.com.", "timestamp": 1726414347.590183, "attack_type": "DNS Query"}
{"message": "Intrusion Detected: Possible DNS exfiltration in query 7BBZdhts.madeupsetup.eu.us-west-1.ec2-utilities.amazonaws.com.", "timestamp": 1726414347.7400072, "attack_type": "DNS Exfiltration"}
{"message": "Intrusion Detected: Port scanning detected from 8.8.8.8", "timestamp": 1726414347.87345, "attack_type": "Port Scan"}
[INFO] Potential Data Exfiltration Detected: Flow ('192.168.38.104', '192.168.38.103', 63580, 5985, 'TCP'), Bytes transferred: 1071728
[INFO] Flow: ('192.168.38.104', '192.168.38.103', 63580, 5985, 'TCP'), Data Transferred: 1079335 bytes
[INFO] Potential Data Exfiltration Detected: Flow ('192.168.38.104', '192.168.38.103', 63580, 5985, 'TCP'), Bytes transferred: 1079335
[INFO] Flow: ('192.168.38.103', '192.168.38.104', 5985, 63580, 'TCP'), Data Transferred: 282255 bytes
[INFO] Flow: ('8.8.8.8', '192.168.38.104', 53, 49508, 'UDP'), Data Transferred: 221 bytes
[INFO] Flow: ('192.168.38.103', '192.168.38.104', 5985, 63580, 'TCP'), Data Transferred: 283769 bytes
[INFO] Flow: ('192.168.38.103', '192.168.38.104', 5985, 63580, 'TCP'), Data Transferred: 284322 bytes
[INFO] Flow: ('192.168.38.104', '192.168.38.103', 63580, 5985, 'TCP'), Data Transferred: 1079389 bytes
[INFO] Potential Data Exfiltration Detected: Flow ('192.168.38.104', '192.168.38.103', 63580, 5985, 'TCP'), Bytes transferred: 1079389
[INFO] Flow: ('192.168.38.104', '8.8.8.8', 49509, 53, 'UDP'), Data Transferred: 99 bytes
{"message": "Detected DNS Query: b'7BBZdhts.madeupsetup.eu.windomain.local.' with encoding ascii", "timestamp": 1726414348.0655715, "attack_type": "DNS Query"}
{"message": "Decoded DNS Query: 7BBZdhts.madeupsetup.eu.windomain.local.", "timestamp": 1726414348.1566017, "attack_type": "DNS Query"}
[INFO] Flow: ('18.217.1.57', '192.168.38.104', 80, 63689, 'TCP'), Data Transferred: 179 bytes
[INFO] Flow: ('192.168.38.104', '192.168.38.103', 63580, 5985, 'TCP'), Data Transferred: 1079779 bytes
[INFO] Potential Data Exfiltration Detected: Flow ('192.168.38.104', '192.168.38.103', 63580, 5985, 'TCP'), Bytes transferred: 1079779
[INFO] Flow: ('192.168.38.104', '192.168.38.103', 63580, 5985, 'TCP'), Data Transferred: 1087378 bytes
[INFO] Potential Data Exfiltration Detected: Flow ('192.168.38.104', '192.168.38.103', 63580, 5985, 'TCP'), Bytes transferred: 1087378
[INFO] Flow: ('192.168.38.103', '192.168.38.104', 5985, 63580, 'TCP'), Data Transferred: 284376 bytes
[INFO] Flow: ('192.168.38.103', '192.168.38.104', 5985, 63580, 'TCP'), Data Transferred: 285890 bytes
[INFO] Flow: ('192.168.38.103', '192.168.38.104', 5985, 63580, 'TCP'), Data Transferred: 286443 bytes
[INFO] Flow: ('192.168.38.104', '192.168.38.103', 63580, 5985, 'TCP'), Data Transferred: 1087432 bytes
[INFO] Potential Data Exfiltration Detected: Flow ('192.168.38.104', '192.168.38.103', 63580, 5985, 'TCP'), Bytes transferred: 1087432
{"message": "Detected DNS Query: b'7BBZdhts.madeupsetup.eu.windomain.local.' with encoding ascii", "timestamp": 1726414348.74075, "attack_type": "DNS Query"}
{"message": "Decoded DNS Query: 7BBZdhts.madeupsetup.eu.windomain.local.", "timestamp": 1726414348.815401, "attack_type": "DNS Query"}
{"message": "Intrusion Detected: Port scanning detected from 8.8.8.8", "timestamp": 1726414348.9566674, "attack_type": "Port Scan"}
{"message": "Detected DNS Query: b'iN4OTru2.madeupsetup.eu.' with encoding ascii", "timestamp": 1726414349.0985866, "attack_type": "DNS Query"}
{"message": "Decoded DNS Query: iN4OTru2.madeupsetup.eu.", "timestamp": 1726414349.237582, "attack_type": "DNS Query"}
{"message": "Detected DNS Query: b'iN4OTru2.madeupsetup.eu.' with encoding ascii", "timestamp": 1726414349.3402543, "attack_type": "DNS Query"}
{"message": "Decoded DNS Query: iN4OTru2.madeupsetup.eu.", "timestamp": 1726414349.4739938, "attack_type": "DNS Query"}
{"message": "Intrusion Detected: Port scanning detected from 8.8.8.8", "timestamp": 1726414349.6240146, "attack_type": "Port Scan"}
{"message": "Detected DNS Query: b'iN4OTru2.madeupsetup.eu.us-west-1.ec2-utilities.amazonaws.com.' with encoding ascii", "timestamp": 1726414349.7749786, "attack_type": "DNS Query"}
{"message": "Decoded DNS Query: iN4OTru2.madeupsetup.eu.us-west-1.ec2-utilities.amazonaws.com.", "timestamp": 1726414349.9064884, "attack_type": "DNS Query"}
{"message": "Intrusion Detected: Possible DNS exfiltration in query iN4OTru2.madeupsetup.eu.us-west-1.ec2-utilities.amazonaws.com.", "timestamp": 1726414350.0739472, "attack_type": "DNS Exfiltration"}
{"message": "Intrusion Detected: HTTP Covert Channel Detected in User-Agent: Mozilla/5.0 (Windows NT 10.0; Win64; x64) AppleWebKit/537.36 (KHTML, like Gecko) Chrome/84.0.4147.105 Safari/537.36", "timestamp": 1726414350.1904838, "attack_type": "HTTP Covert Channel"}
{"message": "Detected DNS Query: b'iN4OTru2.madeupsetup.eu.us-west-1.ec2-utilities.amazonaws.com.' with encoding ascii", "timestamp": 1726414350.2746396, "attack_type": "DNS Query"}
{"message": "Decoded DNS Query: iN4OTru2.madeupsetup.eu.us-west-1.ec2-utilities.amazonaws.com.", "timestamp": 1726414350.415225, "attack_type": "DNS Query"}
{"message": "Intrusion Detected: Possible DNS exfiltration in query iN4OTru2.madeupsetup.eu.us-west-1.ec2-utilities.amazonaws.com.", "timestamp": 1726414350.5069616, "attack_type": "DNS Exfiltration"}
{"message": "Intrusion Detected: Port scanning detected from 8.8.8.8", "timestamp": 1726414350.6487215, "attack_type": "Port Scan"}
{"message": "Detected DNS Query: b'iN4OTru2.madeupsetup.eu.windomain.local.' with encoding ascii", "timestamp": 1726414350.773717, "attack_type": "DNS Query"}
{"message": "Decoded DNS Query: iN4OTru2.madeupsetup.eu.windomain.local.", "timestamp": 1726414350.9151156, "attack_type": "DNS Query"}
{"message": "Detected DNS Query: b'iN4OTru2.madeupsetup.eu.windomain.local.' with encoding ascii", "timestamp": 1726414351.007451, "attack_type": "DNS Query"}
{"message": "Decoded DNS Query: iN4OTru2.madeupsetup.eu.windomain.local.", "timestamp": 1726414351.14945, "attack_type": "DNS Query"}
{"message": "Intrusion Detected: Port scanning detected from 8.8.8.8", "timestamp": 1726414351.2825096, "attack_type": "Port Scan"}
[INFO] Flow: ('8.8.8.8', '192.168.38.104', 53, 49509, 'UDP'), Data Transferred: 174 bytes
[INFO] Flow: ('192.168.38.104', '8.8.8.8', 49510, 53, 'UDP'), Data Transferred: 83 bytes
[INFO] Flow: ('8.8.8.8', '192.168.38.104', 53, 49510, 'UDP'), Data Transferred: 162 bytes
[INFO] Flow: ('192.168.38.104', '8.8.8.8', 49511, 53, 'UDP'), Data Transferred: 121 bytes
[INFO] Flow: ('192.168.38.104', '18.217.1.57', 63691, 80, 'TCP'), Data Transferred: 66 bytes
[INFO] Flow: ('192.168.38.104', '18.217.1.57', 63690, 80, 'TCP'), Data Transferred: 623 bytes
[INFO] Flow: ('8.8.8.8', '192.168.38.104', 53, 49511, 'UDP'), Data Transferred: 221 bytes
[INFO] Flow: ('192.168.38.104', '8.8.8.8', 49512, 53, 'UDP'), Data Transferred: 99 bytes
[INFO] Flow: ('8.8.8.8', '192.168.38.104', 53, 49512, 'UDP'), Data Transferred: 174 bytes
[INFO] Flow: ('192.168.38.104', '8.8.8.8', 49513, 53, 'UDP'), Data Transferred: 83 bytes
{"message": "Detected DNS Query: b'GoUf559H.madeupsetup.eu.' with encoding ascii", "timestamp": 1726414351.6060646, "attack_type": "DNS Query"}
{"message": "Decoded DNS Query: GoUf559H.madeupsetup.eu.", "timestamp": 1726414351.7232385, "attack_type": "DNS Query"}
{"message": "Detected DNS Query: b'GoUf559H.madeupsetup.eu.' with encoding ascii", "timestamp": 1726414351.8576298, "attack_type": "DNS Query"}
{"message": "Decoded DNS Query: GoUf559H.madeupsetup.eu.", "timestamp": 1726414352.0151813, "attack_type": "DNS Query"}
{"message": "Intrusion Detected: Port scanning detected from 8.8.8.8", "timestamp": 1726414352.0902727, "attack_type": "Port Scan"}
{"message": "Detected DNS Query: b'GoUf559H.madeupsetup.eu.us-west-1.ec2-utilities.amazonaws.com.' with encoding ascii", "timestamp": 1726414352.2155187, "attack_type": "DNS Query"}
{"message": "Decoded DNS Query: GoUf559H.madeupsetup.eu.us-west-1.ec2-utilities.amazonaws.com.", "timestamp": 1726414352.3565817, "attack_type": "DNS Query"}
{"message": "Intrusion Detected: Possible DNS exfiltration in query GoUf559H.madeupsetup.eu.us-west-1.ec2-utilities.amazonaws.com.", "timestamp": 1726414352.4816594, "attack_type": "DNS Exfiltration"}
{"message": "Detected DNS Query: b'GoUf559H.madeupsetup.eu.us-west-1.ec2-utilities.amazonaws.com.' with encoding ascii", "timestamp": 1726414352.8495204, "attack_type": "DNS Query"}
{"message": "Decoded DNS Query: GoUf559H.madeupsetup.eu.us-west-1.ec2-utilities.amazonaws.com.", "timestamp": 1726414352.9395187, "attack_type": "DNS Query"}
{"message": "Intrusion Detected: Possible DNS exfiltration in query GoUf559H.madeupsetup.eu.us-west-1.ec2-utilities.amazonaws.com.", "timestamp": 1726414353.0734892, "attack_type": "DNS Exfiltration"}
{"message": "Intrusion Detected: Port scanning detected from 8.8.8.8", "timestamp": 1726414353.2060935, "attack_type": "Port Scan"}
{"message": "Detected DNS Query: b'GoUf559H.madeupsetup.eu.windomain.local.' with encoding ascii", "timestamp": 1726414353.3656092, "attack_type": "DNS Query"}
{"message": "Decoded DNS Query: GoUf559H.madeupsetup.eu.windomain.local.", "timestamp": 1726414353.5233123, "attack_type": "DNS Query"}
[INFO] Flow: ('8.8.8.8', '192.168.38.104', 53, 49513, 'UDP'), Data Transferred: 162 bytes
[INFO] Flow: ('192.168.38.104', '8.8.8.8', 49514, 53, 'UDP'), Data Transferred: 121 bytes
[INFO] Flow: ('8.8.8.8', '192.168.38.104', 53, 49514, 'UDP'), Data Transferred: 221 bytes
[INFO] Flow: ('192.168.38.104', '8.8.8.8', 49515, 53, 'UDP'), Data Transferred: 99 bytes
[INFO] Flow: ('18.217.1.57', '192.168.38.104', 80, 63690, 'TCP'), Data Transferred: 54 bytes
[INFO] Packet dropped: Invalid TCP packet characteristics
[INFO] Flow: ('192.168.38.104', '18.217.1.57', 63691, 80, 'TCP'), Data Transferred: 120 bytes
[INFO] Flow: ('18.217.1.57', '192.168.38.104', 80, 63690, 'TCP'), Data Transferred: 125 bytes
[INFO] Packet dropped: Invalid TCP packet characteristics
[INFO] Flow: ('192.168.38.104', '18.217.1.57', 63690, 80, 'TCP'), Data Transferred: 677 bytes
{"message": "Traffic Anomaly Detected: 192.168.38.104 shows sudden traffic spike. Current: 677, Avg: 209.2", "timestamp": 1726414353.6570046, "attack_type": "Traffic Anomaly"}
{"message": "Detected DNS Query: b'GoUf559H.madeupsetup.eu.windomain.local.' with encoding ascii", "timestamp": 1726414353.8239164, "attack_type": "DNS Query"}
{"message": "Decoded DNS Query: GoUf559H.madeupsetup.eu.windomain.local.", "timestamp": 1726414353.9645784, "attack_type": "DNS Query"}
{"message": "Intrusion Detected: Port scanning detected from 8.8.8.8", "timestamp": 1726414354.140239, "attack_type": "Port Scan"}
{"message": "Detected DNS Query: b'zEBnIu8y.madeupsetup.eu.' with encoding ascii", "timestamp": 1726414354.2654283, "attack_type": "DNS Query"}
{"message": "Decoded DNS Query: zEBnIu8y.madeupsetup.eu.", "timestamp": 1726414354.423668, "attack_type": "DNS Query"}
{"message": "Detected DNS Query: b'zEBnIu8y.madeupsetup.eu.' with encoding ascii", "timestamp": 1726414354.5072563, "attack_type": "DNS Query"}
{"message": "Decoded DNS Query: zEBnIu8y.madeupsetup.eu.", "timestamp": 1726414354.7297792, "attack_type": "DNS Query"}
{"message": "Intrusion Detected: Port scanning detected from 8.8.8.8", "timestamp": 1726414354.8309705, "attack_type": "Port Scan"}
{"message": "Detected DNS Query: b'zEBnIu8y.madeupsetup.eu.us-west-1.ec2-utilities.amazonaws.com.' with encoding ascii", "timestamp": 1726414354.9981434, "attack_type": "DNS Query"}
{"message": "Decoded DNS Query: zEBnIu8y.madeupsetup.eu.us-west-1.ec2-utilities.amazonaws.com.", "timestamp": 1726414355.172699, "attack_type": "DNS Query"}
{"message": "Intrusion Detected: Possible DNS exfiltration in query zEBnIu8y.madeupsetup.eu.us-west-1.ec2-utilities.amazonaws.com.", "timestamp": 1726414355.3397233, "attack_type": "DNS Exfiltration"}
{"message": "Detected DNS Query: b'zEBnIu8y.madeupsetup.eu.us-west-1.ec2-utilities.amazonaws.com.' with encoding ascii", "timestamp": 1726414355.4904478, "attack_type": "DNS Query"}
{"message": "Decoded DNS Query: zEBnIu8y.madeupsetup.eu.us-west-1.ec2-utilities.amazonaws.com.", "timestamp": 1726414355.6234481, "attack_type": "DNS Query"}
{"message": "Intrusion Detected: Possible DNS exfiltration in query zEBnIu8y.madeupsetup.eu.us-west-1.ec2-utilities.amazonaws.com.", "timestamp": 1726414355.756097, "attack_type": "DNS Exfiltration"}
{"message": "Intrusion Detected: Port scanning detected from 8.8.8.8", "timestamp": 1726414355.9227352, "attack_type": "Port Scan"}
{"message": "Detected DNS Query: b'zEBnIu8y.madeupsetup.eu.windomain.local.' with encoding ascii", "timestamp": 1726414356.0809288, "attack_type": "DNS Query"}
{"message": "Decoded DNS Query: zEBnIu8y.madeupsetup.eu.windomain.local.", "timestamp": 1726414356.214786, "attack_type": "DNS Query"}
{"message": "Detected DNS Query: b'zEBnIu8y.madeupsetup.eu.windomain.local.' with encoding ascii", "timestamp": 1726414356.3574297, "attack_type": "DNS Query"}
{"message": "Decoded DNS Query: zEBnIu8y.madeupsetup.eu.windomain.local.", "timestamp": 1726414356.4807332, "attack_type": "DNS Query"}
{"message": "Intrusion Detected: Port scanning detected from 8.8.8.8", "timestamp": 1726414356.564545, "attack_type": "Port Scan"}
{"message": "Detected DNS Query: b'5ShcZekS.madeupsetup.eu.' with encoding ascii", "timestamp": 1726414356.7228284, "attack_type": "DNS Query"}
{"message": "Decoded DNS Query: 5ShcZekS.madeupsetup.eu.", "timestamp": 1726414356.8898017, "attack_type": "DNS Query"}
[INFO] Packet dropped: Invalid TCP packet characteristics
[INFO] Flow: ('8.8.8.8', '192.168.38.104', 53, 49515, 'UDP'), Data Transferred: 174 bytes
[INFO] Flow: ('192.168.38.104', '8.8.8.8', 49516, 53, 'UDP'), Data Transferred: 83 bytes
[INFO] Flow: ('8.8.8.8', '192.168.38.104', 53, 49516, 'UDP'), Data Transferred: 162 bytes
[INFO] Flow: ('192.168.38.104', '8.8.8.8', 49517, 53, 'UDP'), Data Transferred: 121 bytes
[INFO] Flow: ('8.8.8.8', '192.168.38.104', 53, 49517, 'UDP'), Data Transferred: 221 bytes
[INFO] Flow: ('192.168.38.104', '8.8.8.8', 49518, 53, 'UDP'), Data Transferred: 99 bytes
[INFO] Flow: ('8.8.8.8', '192.168.38.104', 53, 49518, 'UDP'), Data Transferred: 174 bytes
[INFO] Flow: ('192.168.38.104', '8.8.8.8', 49519, 53, 'UDP'), Data Transferred: 83 bytes
[INFO] Flow: ('8.8.8.8', '192.168.38.104', 53, 49519, 'UDP'), Data Transferred: 162 bytes
{"message": "Detected DNS Query: b'5ShcZekS.madeupsetup.eu.' with encoding ascii", "timestamp": 1726414357.0408967, "attack_type": "DNS Query"}
{"message": "Decoded DNS Query: 5ShcZekS.madeupsetup.eu.", "timestamp": 1726414357.1814096, "attack_type": "DNS Query"}
{"message": "Intrusion Detected: Port scanning detected from 8.8.8.8", "timestamp": 1726414357.306024, "attack_type": "Port Scan"}
{"message": "Detected DNS Query: b'5ShcZekS.madeupsetup.eu.us-west-1.ec2-utilities.amazonaws.com.' with encoding ascii", "timestamp": 1726414357.4308612, "attack_type": "DNS Query"}
{"message": "Decoded DNS Query: 5ShcZekS.madeupsetup.eu.us-west-1.ec2-utilities.amazonaws.com.", "timestamp": 1726414357.4979658, "attack_type": "DNS Query"}
{"message": "Intrusion Detected: Possible DNS exfiltration in query 5ShcZekS.madeupsetup.eu.us-west-1.ec2-utilities.amazonaws.com.", "timestamp": 1726414357.6398623, "attack_type": "DNS Exfiltration"}
{"message": "Detected DNS Query: b'5ShcZekS.madeupsetup.eu.us-west-1.ec2-utilities.amazonaws.com.' with encoding ascii", "timestamp": 1726414357.7648804, "attack_type": "DNS Query"}
{"message": "Decoded DNS Query: 5ShcZekS.madeupsetup.eu.us-west-1.ec2-utilities.amazonaws.com.", "timestamp": 1726414357.8978777, "attack_type": "DNS Query"}
{"message": "Intrusion Detected: Possible DNS exfiltration in query 5ShcZekS.madeupsetup.eu.us-west-1.ec2-utilities.amazonaws.com.", "timestamp": 1726414357.9892907, "attack_type": "DNS Exfiltration"}
{"message": "Intrusion Detected: Port scanning detected from 8.8.8.8", "timestamp": 1726414358.1313322, "attack_type": "Port Scan"}
{"message": "Detected DNS Query: b'5ShcZekS.madeupsetup.eu.windomain.local.' with encoding ascii", "timestamp": 1726414358.2983878, "attack_type": "DNS Query"}
{"message": "Decoded DNS Query: 5ShcZekS.madeupsetup.eu.windomain.local.", "timestamp": 1726414358.472382, "attack_type": "DNS Query"}
{"message": "Detected DNS Query: b'5ShcZekS.madeupsetup.eu.windomain.local.' with encoding ascii", "timestamp": 1726414358.6150625, "attack_type": "DNS Query"}
{"message": "Decoded DNS Query: 5ShcZekS.madeupsetup.eu.windomain.local.", "timestamp": 1726414358.8393757, "attack_type": "DNS Query"}
{"message": "Intrusion Detected: Port scanning detected from 8.8.8.8", "timestamp": 1726414358.9808705, "attack_type": "Port Scan"}
{"message": "Detected DNS Query: b'M6XVMW0N.madeupsetup.eu.' with encoding ascii", "timestamp": 1726414359.0747058, "attack_type": "DNS Query"}
{"message": "Decoded DNS Query: M6XVMW0N.madeupsetup.eu.", "timestamp": 1726414359.223378, "attack_type": "DNS Query"}
{"message": "Detected DNS Query: b'M6XVMW0N.madeupsetup.eu.' with encoding ascii", "timestamp": 1726414359.3813913, "attack_type": "DNS Query"}
{"message": "Decoded DNS Query: M6XVMW0N.madeupsetup.eu.", "timestamp": 1726414359.52287, "attack_type": "DNS Query"}
{"message": "Intrusion Detected: Port scanning detected from 8.8.8.8", "timestamp": 1726414359.6894624, "attack_type": "Port Scan"}
{"message": "Intrusion Detected: HTTP Covert Channel Detected in User-Agent: Mozilla/5.0 (Windows NT 10.0; Win64; x64) AppleWebKit/537.36 (KHTML, like Gecko) Chrome/84.0.4147.105 Safari/537.36", "timestamp": 1726414359.815917, "attack_type": "HTTP Covert Channel"}
{"message": "Traffic Anomaly Detected: 192.168.38.104 shows sudden traffic spike. Current: 623, Avg: 205.5", "timestamp": 1726414359.8987215, "attack_type": "Traffic Anomaly"}
[INFO] Flow: ('192.168.38.104', '8.8.8.8', 49520, 53, 'UDP'), Data Transferred: 121 bytes
[INFO] Flow: ('18.217.1.57', '192.168.38.104', 80, 63690, 'TCP'), Data Transferred: 179 bytes
[INFO] Flow: ('8.8.8.8', '192.168.38.104', 53, 49520, 'UDP'), Data Transferred: 209 bytes
[INFO] Flow: ('192.168.38.104', '8.8.8.8', 49521, 53, 'UDP'), Data Transferred: 99 bytes
[INFO] Flow: ('8.8.8.8', '192.168.38.104', 53, 49521, 'UDP'), Data Transferred: 174 bytes
[INFO] Flow: ('192.168.38.104', '8.8.8.8', 49522, 53, 'UDP'), Data Transferred: 83 bytes
[INFO] Flow: ('8.8.8.8', '192.168.38.104', 53, 49522, 'UDP'), Data Transferred: 162 bytes
[INFO] Flow: ('192.168.38.104', '18.217.1.57', 63692, 80, 'TCP'), Data Transferred: 66 bytes
[INFO] Flow: ('192.168.38.104', '18.217.1.57', 63691, 80, 'TCP'), Data Transferred: 623 bytes
[INFO] Flow: ('192.168.38.104', '8.8.8.8', 49523, 53, 'UDP'), Data Transferred: 121 bytes
{"message": "Detected DNS Query: b'M6XVMW0N.madeupsetup.eu.us-west-1.ec2-utilities.amazonaws.com.' with encoding ascii", "timestamp": 1726414360.0448415, "attack_type": "DNS Query"}
{"message": "Decoded DNS Query: M6XVMW0N.madeupsetup.eu.us-west-1.ec2-utilities.amazonaws.com.", "timestamp": 1726414360.222698, "attack_type": "DNS Query"}
{"message": "Intrusion Detected: Possible DNS exfiltration in query M6XVMW0N.madeupsetup.eu.us-west-1.ec2-utilities.amazonaws.com.", "timestamp": 1726414360.3975878, "attack_type": "DNS Exfiltration"}
{"message": "Detected DNS Query: b'M6XVMW0N.madeupsetup.eu.us-west-1.ec2-utilities.amazonaws.com.' with encoding ascii", "timestamp": 1726414360.5487633, "attack_type": "DNS Query"}
{"message": "Decoded DNS Query: M6XVMW0N.madeupsetup.eu.us-west-1.ec2-utilities.amazonaws.com.", "timestamp": 1726414360.6893644, "attack_type": "DNS Query"}
{"message": "Intrusion Detected: Possible DNS exfiltration in query M6XVMW0N.madeupsetup.eu.us-west-1.ec2-utilities.amazonaws.com.", "timestamp": 1726414360.823169, "attack_type": "DNS Exfiltration"}
{"message": "Intrusion Detected: Port scanning detected from 8.8.8.8", "timestamp": 1726414360.9065151, "attack_type": "Port Scan"}
{"message": "Detected DNS Query: b'M6XVMW0N.madeupsetup.eu.windomain.local.' with encoding ascii", "timestamp": 1726414361.0900712, "attack_type": "DNS Query"}
{"message": "Decoded DNS Query: M6XVMW0N.madeupsetup.eu.windomain.local.", "timestamp": 1726414361.2310038, "attack_type": "DNS Query"}
{"message": "Detected DNS Query: b'M6XVMW0N.madeupsetup.eu.windomain.local.' with encoding ascii", "timestamp": 1726414361.4072196, "attack_type": "DNS Query"}
{"message": "Decoded DNS Query: M6XVMW0N.madeupsetup.eu.windomain.local.", "timestamp": 1726414361.5474231, "attack_type": "DNS Query"}
{"message": "Intrusion Detected: Port scanning detected from 8.8.8.8", "timestamp": 1726414361.697441, "attack_type": "Port Scan"}
{"message": "Detected DNS Query: b'DqAPj5pX.madeupsetup.eu.' with encoding ascii", "timestamp": 1726414361.8317788, "attack_type": "DNS Query"}
{"message": "Decoded DNS Query: DqAPj5pX.madeupsetup.eu.", "timestamp": 1726414361.972513, "attack_type": "DNS Query"}
{"message": "Detected DNS Query: b'DqAPj5pX.madeupsetup.eu.' with encoding ascii", "timestamp": 1726414362.1067994, "attack_type": "DNS Query"}
{"message": "Decoded DNS Query: DqAPj5pX.madeupsetup.eu.", "timestamp": 1726414362.2896261, "attack_type": "DNS Query"}
{"message": "Intrusion Detected: Port scanning detected from 8.8.8.8", "timestamp": 1726414362.447575, "attack_type": "Port Scan"}
{"message": "Detected DNS Query: b'DqAPj5pX.madeupsetup.eu.us-west-1.ec2-utilities.amazonaws.com.' with encoding ascii", "timestamp": 1726414362.5223293, "attack_type": "DNS Query"}
{"message": "Decoded DNS Query: DqAPj5pX.madeupsetup.eu.us-west-1.ec2-utilities.amazonaws.com.", "timestamp": 1726414362.6895227, "attack_type": "DNS Query"}
{"message": "Intrusion Detected: Possible DNS exfiltration in query DqAPj5pX.madeupsetup.eu.us-west-1.ec2-utilities.amazonaws.com.", "timestamp": 1726414362.8222744, "attack_type": "DNS Exfiltration"}
[INFO] Flow: ('8.8.8.8', '192.168.38.104', 53, 49523, 'UDP'), Data Transferred: 221 bytes
[INFO] Flow: ('192.168.38.104', '8.8.8.8', 49524, 53, 'UDP'), Data Transferred: 99 bytes
[INFO] Flow: ('8.8.8.8', '192.168.38.104', 53, 49524, 'UDP'), Data Transferred: 174 bytes
[INFO] Flow: ('192.168.38.104', '8.8.8.8', 49525, 53, 'UDP'), Data Transferred: 83 bytes
[INFO] Flow: ('8.8.8.8', '192.168.38.104', 53, 49525, 'UDP'), Data Transferred: 162 bytes
[INFO] Flow: ('192.168.38.104', '8.8.8.8', 49526, 53, 'UDP'), Data Transferred: 121 bytes
[INFO] Packet dropped: Invalid TCP packet characteristics
[INFO] Flow: ('192.168.38.104', '18.217.1.57', 63692, 80, 'TCP'), Data Transferred: 120 bytes
[INFO] Flow: ('18.217.1.57', '192.168.38.104', 80, 63691, 'TCP'), Data Transferred: 54 bytes
[INFO] Flow: ('18.217.1.57', '192.168.38.104', 80, 63691, 'TCP'), Data Transferred: 125 bytes
{"message": "Traffic Anomaly Detected: 192.168.38.104 shows sudden traffic spike. Current: 677, Avg: 209.2", "timestamp": 1726414362.9834828, "attack_type": "Traffic Anomaly"}
{"message": "Detected DNS Query: b'DqAPj5pX.madeupsetup.eu.us-west-1.ec2-utilities.amazonaws.com.' with encoding ascii", "timestamp": 1726414363.1564791, "attack_type": "DNS Query"}
{"message": "Decoded DNS Query: DqAPj5pX.madeupsetup.eu.us-west-1.ec2-utilities.amazonaws.com.", "timestamp": 1726414363.2975285, "attack_type": "DNS Query"}
{"message": "Intrusion Detected: Possible DNS exfiltration in query DqAPj5pX.madeupsetup.eu.us-west-1.ec2-utilities.amazonaws.com.", "timestamp": 1726414363.4308083, "attack_type": "DNS Exfiltration"}
{"message": "Intrusion Detected: Port scanning detected from 8.8.8.8", "timestamp": 1726414363.5558033, "attack_type": "Port Scan"}
{"message": "Detected DNS Query: b'DqAPj5pX.madeupsetup.eu.windomain.local.' with encoding ascii", "timestamp": 1726414363.6314962, "attack_type": "DNS Query"}
{"message": "Decoded DNS Query: DqAPj5pX.madeupsetup.eu.windomain.local.", "timestamp": 1726414363.7736747, "attack_type": "DNS Query"}
{"message": "Detected DNS Query: b'DqAPj5pX.madeupsetup.eu.windomain.local.' with encoding ascii", "timestamp": 1726414363.9306216, "attack_type": "DNS Query"}
{"message": "Decoded DNS Query: DqAPj5pX.madeupsetup.eu.windomain.local.", "timestamp": 1726414364.0814412, "attack_type": "DNS Query"}
{"message": "Intrusion Detected: Port scanning detected from 8.8.8.8", "timestamp": 1726414364.205873, "attack_type": "Port Scan"}
{"message": "Detected DNS Query: b'6iKi0zDD.madeupsetup.eu.' with encoding ascii", "timestamp": 1726414364.356634, "attack_type": "DNS Query"}
{"message": "Decoded DNS Query: 6iKi0zDD.madeupsetup.eu.", "timestamp": 1726414364.5136013, "attack_type": "DNS Query"}
{"message": "Detected DNS Query: b'6iKi0zDD.madeupsetup.eu.' with encoding ascii", "timestamp": 1726414364.6810439, "attack_type": "DNS Query"}
{"message": "Decoded DNS Query: 6iKi0zDD.madeupsetup.eu.", "timestamp": 1726414364.855433, "attack_type": "DNS Query"}
{"message": "Intrusion Detected: Port scanning detected from 8.8.8.8", "timestamp": 1726414365.0401392, "attack_type": "Port Scan"}
{"message": "Detected DNS Query: b'6iKi0zDD.madeupsetup.eu.us-west-1.ec2-utilities.amazonaws.com.' with encoding ascii", "timestamp": 1726414365.1809547, "attack_type": "DNS Query"}
{"message": "Decoded DNS Query: 6iKi0zDD.madeupsetup.eu.us-west-1.ec2-utilities.amazonaws.com.", "timestamp": 1726414365.3148172, "attack_type": "DNS Query"}
{"message": "Intrusion Detected: Possible DNS exfiltration in query 6iKi0zDD.madeupsetup.eu.us-west-1.ec2-utilities.amazonaws.com.", "timestamp": 1726414365.4144192, "attack_type": "DNS Exfiltration"}
[INFO] Packet dropped: Invalid TCP packet characteristics
[INFO] Flow: ('192.168.38.104', '18.217.1.57', 63691, 80, 'TCP'), Data Transferred: 677 bytes
[INFO] Packet dropped: Invalid TCP packet characteristics
[INFO] Flow: ('8.8.8.8', '192.168.38.104', 53, 49526, 'UDP'), Data Transferred: 221 bytes
[INFO] Flow: ('192.168.38.104', '8.8.8.8', 49527, 53, 'UDP'), Data Transferred: 99 bytes
[INFO] Flow: ('8.8.8.8', '192.168.38.104', 53, 49527, 'UDP'), Data Transferred: 174 bytes
[INFO] Flow: ('192.168.38.104', '8.8.8.8', 49528, 53, 'UDP'), Data Transferred: 83 bytes
[INFO] Flow: ('8.8.8.8', '192.168.38.104', 53, 49528, 'UDP'), Data Transferred: 162 bytes
[INFO] Flow: ('192.168.38.104', '8.8.8.8', 49529, 53, 'UDP'), Data Transferred: 121 bytes
[INFO] Flow: ('8.8.8.8', '192.168.38.104', 53, 49529, 'UDP'), Data Transferred: 221 bytes
{"message": "Detected DNS Query: b'6iKi0zDD.madeupsetup.eu.us-west-1.ec2-utilities.amazonaws.com.' with encoding ascii", "timestamp": 1726414365.5716221, "attack_type": "DNS Query"}
{"message": "Decoded DNS Query: 6iKi0zDD.madeupsetup.eu.us-west-1.ec2-utilities.amazonaws.com.", "timestamp": 1726414365.7475104, "attack_type": "DNS Query"}
{"message": "Intrusion Detected: Possible DNS exfiltration in query 6iKi0zDD.madeupsetup.eu.us-west-1.ec2-utilities.amazonaws.com.", "timestamp": 1726414365.88917, "attack_type": "DNS Exfiltration"}
{"message": "Intrusion Detected: Port scanning detected from 8.8.8.8", "timestamp": 1726414366.0468566, "attack_type": "Port Scan"}
{"message": "Detected DNS Query: b'6iKi0zDD.madeupsetup.eu.windomain.local.' with encoding ascii", "timestamp": 1726414366.2147472, "attack_type": "DNS Query"}
{"message": "Decoded DNS Query: 6iKi0zDD.madeupsetup.eu.windomain.local.", "timestamp": 1726414366.3636854, "attack_type": "DNS Query"}
{"message": "Detected DNS Query: b'6iKi0zDD.madeupsetup.eu.windomain.local.' with encoding ascii", "timestamp": 1726414366.5480728, "attack_type": "DNS Query"}
{"message": "Decoded DNS Query: 6iKi0zDD.madeupsetup.eu.windomain.local.", "timestamp": 1726414366.7223785, "attack_type": "DNS Query"}
{"message": "Intrusion Detected: Port scanning detected from 8.8.8.8", "timestamp": 1726414366.8810503, "attack_type": "Port Scan"}
{"message": "Detected DNS Query: b'x5KkdeHb.madeupsetup.eu.' with encoding ascii", "timestamp": 1726414367.0477614, "attack_type": "DNS Query"}
{"message": "Decoded DNS Query: x5KkdeHb.madeupsetup.eu.", "timestamp": 1726414367.1893694, "attack_type": "DNS Query"}
{"message": "Detected DNS Query: b'x5KkdeHb.madeupsetup.eu.' with encoding ascii", "timestamp": 1726414367.3400323, "attack_type": "DNS Query"}
{"message": "Decoded DNS Query: x5KkdeHb.madeupsetup.eu.", "timestamp": 1726414367.4807374, "attack_type": "DNS Query"}
{"message": "Intrusion Detected: Port scanning detected from 8.8.8.8", "timestamp": 1726414367.6624784, "attack_type": "Port Scan"}
{"message": "Detected DNS Query: b'x5KkdeHb.madeupsetup.eu.us-west-1.ec2-utilities.amazonaws.com.' with encoding ascii", "timestamp": 1726414367.955501, "attack_type": "DNS Query"}
{"message": "Decoded DNS Query: x5KkdeHb.madeupsetup.eu.us-west-1.ec2-utilities.amazonaws.com.", "timestamp": 1726414368.139535, "attack_type": "DNS Query"}
{"message": "Intrusion Detected: Possible DNS exfiltration in query x5KkdeHb.madeupsetup.eu.us-west-1.ec2-utilities.amazonaws.com.", "timestamp": 1726414368.2646081, "attack_type": "DNS Exfiltration"}
{"message": "Intrusion Detected: HTTP Covert Channel Detected in User-Agent: Mozilla/5.0 (Windows NT 10.0; Win64; x64) AppleWebKit/537.36 (KHTML, like Gecko) Chrome/84.0.4147.105 Safari/537.36", "timestamp": 1726414368.3483052, "attack_type": "HTTP Covert Channel"}
{"message": "Traffic Anomaly Detected: 192.168.38.104 shows sudden traffic spike. Current: 623, Avg: 209.2", "timestamp": 1726414368.4810536, "attack_type": "Traffic Anomaly"}
{"message": "Detected DNS Query: b'x5KkdeHb.madeupsetup.eu.us-west-1.ec2-utilities.amazonaws.com.' with encoding ascii", "timestamp": 1726414368.6137934, "attack_type": "DNS Query"}
{"message": "Decoded DNS Query: x5KkdeHb.madeupsetup.eu.us-west-1.ec2-utilities.amazonaws.com.", "timestamp": 1726414368.7554533, "attack_type": "DNS Query"}
{"message": "Intrusion Detected: Possible DNS exfiltration in query x5KkdeHb.madeupsetup.eu.us-west-1.ec2-utilities.amazonaws.com.", "timestamp": 1726414368.830608, "attack_type": "DNS Exfiltration"}
{"message": "Intrusion Detected: Port scanning detected from 8.8.8.8", "timestamp": 1726414368.955352, "attack_type": "Port Scan"}
[INFO] Flow: ('192.168.38.104', '8.8.8.8', 49530, 53, 'UDP'), Data Transferred: 99 bytes
[INFO] Flow: ('18.217.1.57', '192.168.38.104', 80, 63691, 'TCP'), Data Transferred: 179 bytes
[INFO] Flow: ('8.8.8.8', '192.168.38.104', 53, 49530, 'UDP'), Data Transferred: 174 bytes
[INFO] Flow: ('192.168.38.104', '8.8.8.8', 49531, 53, 'UDP'), Data Transferred: 83 bytes
[INFO] Flow: ('8.8.8.8', '192.168.38.104', 53, 49531, 'UDP'), Data Transferred: 162 bytes
[INFO] Flow: ('192.168.38.104', '8.8.8.8', 49532, 53, 'UDP'), Data Transferred: 121 bytes
[INFO] Flow: ('192.168.38.104', '18.217.1.57', 63693, 80, 'TCP'), Data Transferred: 66 bytes
[INFO] Flow: ('192.168.38.104', '18.217.1.57', 63692, 80, 'TCP'), Data Transferred: 623 bytes
[INFO] Flow: ('8.8.8.8', '192.168.38.104', 53, 49532, 'UDP'), Data Transferred: 209 bytes
[INFO] Flow: ('192.168.38.104', '8.8.8.8', 49533, 53, 'UDP'), Data Transferred: 99 bytes
{"message": "Detected DNS Query: b'x5KkdeHb.madeupsetup.eu.windomain.local.' with encoding ascii", "timestamp": 1726414369.1470187, "attack_type": "DNS Query"}
{"message": "Decoded DNS Query: x5KkdeHb.madeupsetup.eu.windomain.local.", "timestamp": 1726414369.2976792, "attack_type": "DNS Query"}
{"message": "Detected DNS Query: b'x5KkdeHb.madeupsetup.eu.windomain.local.' with encoding ascii", "timestamp": 1726414369.4652581, "attack_type": "DNS Query"}
{"message": "Decoded DNS Query: x5KkdeHb.madeupsetup.eu.windomain.local.", "timestamp": 1726414369.6226437, "attack_type": "DNS Query"}
{"message": "Intrusion Detected: Port scanning detected from 8.8.8.8", "timestamp": 1726414369.797688, "attack_type": "Port Scan"}
{"message": "Detected DNS Query: b'9z6F1Kjc.madeupsetup.eu.' with encoding ascii", "timestamp": 1726414369.922614, "attack_type": "DNS Query"}
{"message": "Decoded DNS Query: 9z6F1Kjc.madeupsetup.eu.", "timestamp": 1726414370.0634546, "attack_type": "DNS Query"}
{"message": "Traffic Anomaly Detected: 192.168.38.104 shows sudden traffic spike. Current: 677, Avg: 209.2", "timestamp": 1726414370.1565986, "attack_type": "Traffic Anomaly"}
[INFO] Flow: ('8.8.8.8', '192.168.38.104', 53, 49533, 'UDP'), Data Transferred: 174 bytes
[INFO] Flow: ('192.168.38.104', '8.8.8.8', 49534, 53, 'UDP'), Data Transferred: 83 bytes
[INFO] Flow: ('18.217.1.57', '192.168.38.104', 80, 63692, 'TCP'), Data Transferred: 54 bytes
[INFO] Packet dropped: Invalid TCP packet characteristics
[INFO] Flow: ('192.168.38.104', '18.217.1.57', 63693, 80, 'TCP'), Data Transferred: 120 bytes
[INFO] Flow: ('18.217.1.57', '192.168.38.104', 80, 63692, 'TCP'), Data Transferred: 125 bytes
[INFO] Packet dropped: Invalid TCP packet characteristics
[INFO] Flow: ('192.168.38.104', '18.217.1.57', 63692, 80, 'TCP'), Data Transferred: 677 bytes
[INFO] Packet dropped: Invalid TCP packet characteristics
[INFO] Flow: ('8.8.8.8', '192.168.38.104', 53, 49534, 'UDP'), Data Transferred: 162 bytes
{"message": "Detected DNS Query: b'9z6F1Kjc.madeupsetup.eu.' with encoding ascii", "timestamp": 1726414370.3141017, "attack_type": "DNS Query"}
{"message": "Decoded DNS Query: 9z6F1Kjc.madeupsetup.eu.", "timestamp": 1726414370.4307814, "attack_type": "DNS Query"}
{"message": "Intrusion Detected: Port scanning detected from 8.8.8.8", "timestamp": 1726414370.580953, "attack_type": "Port Scan"}
{"message": "Detected DNS Query: b'9z6F1Kjc.madeupsetup.eu.us-west-1.ec2-utilities.amazonaws.com.' with encoding ascii", "timestamp": 1726414370.7397375, "attack_type": "DNS Query"}
{"message": "Decoded DNS Query: 9z6F1Kjc.madeupsetup.eu.us-west-1.ec2-utilities.amazonaws.com.", "timestamp": 1726414370.8305566, "attack_type": "DNS Query"}
{"message": "Intrusion Detected: Possible DNS exfiltration in query 9z6F1Kjc.madeupsetup.eu.us-west-1.ec2-utilities.amazonaws.com.", "timestamp": 1726414370.9560952, "attack_type": "DNS Exfiltration"}
{"message": "Detected DNS Query: b'9z6F1Kjc.madeupsetup.eu.us-west-1.ec2-utilities.amazonaws.com.' with encoding ascii", "timestamp": 1726414371.112893, "attack_type": "DNS Query"}
{"message": "Decoded DNS Query: 9z6F1Kjc.madeupsetup.eu.us-west-1.ec2-utilities.amazonaws.com.", "timestamp": 1726414371.2723541, "attack_type": "DNS Query"}
{"message": "Intrusion Detected: Possible DNS exfiltration in query 9z6F1Kjc.madeupsetup.eu.us-west-1.ec2-utilities.amazonaws.com.", "timestamp": 1726414371.4204326, "attack_type": "DNS Exfiltration"}
{"message": "Intrusion Detected: Port scanning detected from 8.8.8.8", "timestamp": 1726414371.5640755, "attack_type": "Port Scan"}
{"message": "Detected DNS Query: b'9z6F1Kjc.madeupsetup.eu.windomain.local.' with encoding ascii", "timestamp": 1726414371.6478255, "attack_type": "DNS Query"}
{"message": "Decoded DNS Query: 9z6F1Kjc.madeupsetup.eu.windomain.local.", "timestamp": 1726414371.78069, "attack_type": "DNS Query"}
{"message": "Detected DNS Query: b'9z6F1Kjc.madeupsetup.eu.windomain.local.' with encoding ascii", "timestamp": 1726414371.92282, "attack_type": "DNS Query"}
{"message": "Decoded DNS Query: 9z6F1Kjc.madeupsetup.eu.windomain.local.", "timestamp": 1726414372.0471287, "attack_type": "DNS Query"}
{"message": "Intrusion Detected: Port scanning detected from 8.8.8.8", "timestamp": 1726414372.2057886, "attack_type": "Port Scan"}
{"message": "Detected DNS Query: b'NoqVsSW2.madeupsetup.eu.' with encoding ascii", "timestamp": 1726414372.3560538, "attack_type": "DNS Query"}
{"message": "Decoded DNS Query: NoqVsSW2.madeupsetup.eu.", "timestamp": 1726414372.4385502, "attack_type": "DNS Query"}
[INFO] Flow: ('192.168.38.104', '8.8.8.8', 49535, 53, 'UDP'), Data Transferred: 121 bytes
[INFO] Flow: ('8.8.8.8', '192.168.38.104', 53, 49535, 'UDP'), Data Transferred: 209 bytes
[INFO] Flow: ('192.168.38.104', '8.8.8.8', 49536, 53, 'UDP'), Data Transferred: 99 bytes
[INFO] Flow: ('8.8.8.8', '192.168.38.104', 53, 49536, 'UDP'), Data Transferred: 174 bytes
[INFO] Flow: ('192.168.38.104', '8.8.8.8', 49537, 53, 'UDP'), Data Transferred: 83 bytes
[INFO] Flow: ('18.217.1.57', '192.168.38.104', 80, 63692, 'TCP'), Data Transferred: 179 bytes
[INFO] Packet dropped: Invalid TCP packet characteristics
[INFO] Flow: ('192.168.38.105', '192.168.38.104', 8412, 63645, 'TCP'), Data Transferred: 1879 bytes
[INFO] Packet dropped: Invalid TCP packet characteristics
[INFO] Packet dropped: Invalid TCP packet characteristics
{"message": "Traffic Anomaly Detected: 192.168.38.104 shows sudden traffic spike. Current: 691, Avg: 215.9", "timestamp": 1726414372.5893762, "attack_type": "Traffic Anomaly"}
{"message": "Traffic Anomaly Detected: 192.168.38.104 shows sudden traffic spike. Current: 809, Avg: 286.9", "timestamp": 1726414372.7307575, "attack_type": "Traffic Anomaly"}
{"message": "Detected DNS Query: b'NoqVsSW2.madeupsetup.eu.' with encoding ascii", "timestamp": 1726414372.8727086, "attack_type": "DNS Query"}
{"message": "Decoded DNS Query: NoqVsSW2.madeupsetup.eu.", "timestamp": 1726414373.0306792, "attack_type": "DNS Query"}
{"message": "Intrusion Detected: Port scanning detected from 8.8.8.8", "timestamp": 1726414373.1223123, "attack_type": "Port Scan"}
{"message": "Detected DNS Query: b'NoqVsSW2.madeupsetup.eu.us-west-1.ec2-utilities.amazonaws.com.' with encoding ascii", "timestamp": 1726414373.2733126, "attack_type": "DNS Query"}
{"message": "Decoded DNS Query: NoqVsSW2.madeupsetup.eu.us-west-1.ec2-utilities.amazonaws.com.", "timestamp": 1726414373.4058225, "attack_type": "DNS Query"}
{"message": "Intrusion Detected: Possible DNS exfiltration in query NoqVsSW2.madeupsetup.eu.us-west-1.ec2-utilities.amazonaws.com.", "timestamp": 1726414373.5559042, "attack_type": "DNS Exfiltration"}
[INFO] Flow: ('192.168.38.104', '192.168.38.105', 63694, 8412, 'TCP'), Data Transferred: 66 bytes
[INFO] Packet dropped: Invalid TCP packet characteristics
[INFO] Flow: ('192.168.38.104', '192.168.38.105', 63694, 8412, 'TCP'), Data Transferred: 120 bytes
[INFO] Flow: ('192.168.38.104', '192.168.38.105', 63694, 8412, 'TCP'), Data Transferred: 691 bytes
[INFO] Flow: ('192.168.38.105', '192.168.38.104', 8412, 63694, 'TCP'), Data Transferred: 54 bytes
[INFO] Flow: ('192.168.38.105', '192.168.38.104', 8412, 63694, 'TCP'), Data Transferred: 1474 bytes
[INFO] Flow: ('192.168.38.104', '192.168.38.105', 63694, 8412, 'TCP'), Data Transferred: 809 bytes
[INFO] Flow: ('8.8.8.8', '192.168.38.104', 53, 49537, 'UDP'), Data Transferred: 162 bytes
[INFO] Flow: ('192.168.38.104', '8.8.8.8', 49538, 53, 'UDP'), Data Transferred: 121 bytes
[INFO] Flow: ('8.8.8.8', '192.168.38.104', 53, 49538, 'UDP'), Data Transferred: 209 bytes
{"message": "Detected DNS Query: b'NoqVsSW2.madeupsetup.eu.us-west-1.ec2-utilities.amazonaws.com.' with encoding ascii", "timestamp": 1726414373.689402, "attack_type": "DNS Query"}
{"message": "Decoded DNS Query: NoqVsSW2.madeupsetup.eu.us-west-1.ec2-utilities.amazonaws.com.", "timestamp": 1726414373.8384817, "attack_type": "DNS Query"}
{"message": "Intrusion Detected: Possible DNS exfiltration in query NoqVsSW2.madeupsetup.eu.us-west-1.ec2-utilities.amazonaws.com.", "timestamp": 1726414373.9144073, "attack_type": "DNS Exfiltration"}
{"message": "Intrusion Detected: Port scanning detected from 8.8.8.8", "timestamp": 1726414374.0723894, "attack_type": "Port Scan"}
{"message": "Detected DNS Query: b'NoqVsSW2.madeupsetup.eu.windomain.local.' with encoding ascii", "timestamp": 1726414374.2056606, "attack_type": "DNS Query"}
{"message": "Decoded DNS Query: NoqVsSW2.madeupsetup.eu.windomain.local.", "timestamp": 1726414374.3552861, "attack_type": "DNS Query"}
{"message": "Slowloris attack detected from 192.168.38.104: 51 half-open connections.", "timestamp": 1726414374.4975119, "attack_type": "Slowloris Attack"}
{"message": "Intrusion Detected: HTTP Covert Channel Detected in User-Agent: Mozilla/5.0 (Windows NT 10.0; Win64; x64) AppleWebKit/537.36 (KHTML, like Gecko) Chrome/84.0.4147.105 Safari/537.36", "timestamp": 1726414374.5893052, "attack_type": "HTTP Covert Channel"}
{"message": "Traffic Anomaly Detected: 192.168.38.104 shows sudden traffic spike. Current: 623, Avg: 277.7", "timestamp": 1726414374.72241, "attack_type": "Traffic Anomaly"}
{"message": "Detected DNS Query: b'NoqVsSW2.madeupsetup.eu.windomain.local.' with encoding ascii", "timestamp": 1726414374.9469726, "attack_type": "DNS Query"}
{"message": "Decoded DNS Query: NoqVsSW2.madeupsetup.eu.windomain.local.", "timestamp": 1726414375.0971975, "attack_type": "DNS Query"}
{"message": "Intrusion Detected: Port scanning detected from 8.8.8.8", "timestamp": 1726414375.2553818, "attack_type": "Port Scan"}
{"message": "Detected DNS Query: b'NLjPcplu.madeupsetup.eu.' with encoding ascii", "timestamp": 1726414375.3477902, "attack_type": "DNS Query"}
{"message": "Decoded DNS Query: NLjPcplu.madeupsetup.eu.", "timestamp": 1726414375.4970706, "attack_type": "DNS Query"}
{"message": "Traffic Anomaly Detected: 192.168.38.104 shows sudden traffic spike. Current: 1304, Avg: 398.2", "timestamp": 1726414375.6645, "attack_type": "Traffic Anomaly"}
{"message": "Detected DNS Query: b'NLjPcplu.madeupsetup.eu.' with encoding ascii", "timestamp": 1726414375.8225958, "attack_type": "DNS Query"}
{"message": "Decoded DNS Query: NLjPcplu.madeupsetup.eu.", "timestamp": 1726414376.0055866, "attack_type": "DNS Query"}
{"message": "Intrusion Detected: Port scanning detected from 8.8.8.8", "timestamp": 1726414376.171673, "attack_type": "Port Scan"}
[INFO] Flow: ('192.168.38.104', '8.8.8.8', 49539, 53, 'UDP'), Data Transferred: 99 bytes
[INFO] Flow: ('192.168.38.104', '18.217.1.57', 63695, 80, 'TCP'), Data Transferred: 66 bytes
[INFO] Flow: ('192.168.38.104', '18.217.1.57', 63693, 80, 'TCP'), Data Transferred: 623 bytes
[INFO] Flow: ('8.8.8.8', '192.168.38.104', 53, 49539, 'UDP'), Data Transferred: 174 bytes
[INFO] Flow: ('192.168.38.104', '8.8.8.8', 49540, 53, 'UDP'), Data Transferred: 83 bytes
[INFO] Flow: ('192.168.38.105', '192.168.38.104', 8412, 63694, 'TCP'), Data Transferred: 1528 bytes
[INFO] Flow: ('192.168.38.104', '192.168.38.105', 63694, 8412, 'TCP'), Data Transferred: 1304 bytes
[INFO] Flow: ('192.168.38.105', '192.168.38.104', 8412, 63694, 'TCP'), Data Transferred: 1582 bytes
[INFO] Flow: ('8.8.8.8', '192.168.38.104', 53, 49540, 'UDP'), Data Transferred: 162 bytes
[INFO] Flow: ('192.168.38.105', '192.168.38.104', 8412, 63694, 'TCP'), Data Transferred: 1801 bytes
{"message": "Detected DNS Query: b'NLjPcplu.madeupsetup.eu.us-west-1.ec2-utilities.amazonaws.com.' with encoding ascii", "timestamp": 1726414376.3457692, "attack_type": "DNS Query"}
{"message": "Decoded DNS Query: NLjPcplu.madeupsetup.eu.us-west-1.ec2-utilities.amazonaws.com.", "timestamp": 1726414376.4883068, "attack_type": "DNS Query"}
{"message": "Intrusion Detected: Possible DNS exfiltration in query NLjPcplu.madeupsetup.eu.us-west-1.ec2-utilities.amazonaws.com.", "timestamp": 1726414376.6226902, "attack_type": "DNS Exfiltration"}
{"message": "Detected DNS Query: b'NLjPcplu.madeupsetup.eu.us-west-1.ec2-utilities.amazonaws.com.' with encoding ascii", "timestamp": 1726414376.7555914, "attack_type": "DNS Query"}
{"message": "Decoded DNS Query: NLjPcplu.madeupsetup.eu.us-west-1.ec2-utilities.amazonaws.com.", "timestamp": 1726414376.8967683, "attack_type": "DNS Query"}
{"message": "Intrusion Detected: Possible DNS exfiltration in query NLjPcplu.madeupsetup.eu.us-west-1.ec2-utilities.amazonaws.com.", "timestamp": 1726414376.9726412, "attack_type": "DNS Exfiltration"}
{"message": "Intrusion Detected: Port scanning detected from 8.8.8.8", "timestamp": 1726414377.138454, "attack_type": "Port Scan"}
{"message": "Detected DNS Query: b'NLjPcplu.madeupsetup.eu.windomain.local.' with encoding ascii", "timestamp": 1726414377.26424, "attack_type": "DNS Query"}
{"message": "Decoded DNS Query: NLjPcplu.madeupsetup.eu.windomain.local.", "timestamp": 1726414377.4057274, "attack_type": "DNS Query"}
{"message": "Detected DNS Query: b'NLjPcplu.madeupsetup.eu.windomain.local.' with encoding ascii", "timestamp": 1726414377.5802386, "attack_type": "DNS Query"}
{"message": "Decoded DNS Query: NLjPcplu.madeupsetup.eu.windomain.local.", "timestamp": 1726414377.7468338, "attack_type": "DNS Query"}
{"message": "Intrusion Detected: Port scanning detected from 8.8.8.8", "timestamp": 1726414377.8885694, "attack_type": "Port Scan"}
{"message": "Detected DNS Query: b'v/Wnu7vs.madeupsetup.eu.' with encoding ascii", "timestamp": 1726414378.0308368, "attack_type": "DNS Query"}
{"message": "Decoded DNS Query: v/Wnu7vs.madeupsetup.eu.", "timestamp": 1726414378.1225612, "attack_type": "DNS Query"}
[INFO] Flow: ('192.168.38.104', '8.8.8.8', 49541, 53, 'UDP'), Data Transferred: 121 bytes
[INFO] Flow: ('8.8.8.8', '192.168.38.104', 53, 49541, 'UDP'), Data Transferred: 209 bytes
[INFO] Flow: ('192.168.38.104', '8.8.8.8', 49542, 53, 'UDP'), Data Transferred: 99 bytes
[INFO] Flow: ('8.8.8.8', '192.168.38.104', 53, 49542, 'UDP'), Data Transferred: 174 bytes
[INFO] Flow: ('192.168.38.104', '8.8.8.8', 49543, 53, 'UDP'), Data Transferred: 83 bytes
[INFO] Packet dropped: Invalid TCP packet characteristics
[INFO] Flow: ('192.168.38.104', '18.217.1.57', 63695, 80, 'TCP'), Data Transferred: 120 bytes
[INFO] Flow: ('18.217.1.57', '192.168.38.104', 80, 63693, 'TCP'), Data Transferred: 54 bytes
[INFO] Flow: ('18.217.1.57', '192.168.38.104', 80, 63693, 'TCP'), Data Transferred: 125 bytes
[INFO] Packet dropped: Invalid TCP packet characteristics
{"message": "Traffic Anomaly Detected: 192.168.38.104 shows sudden traffic spike. Current: 677, Avg: 327.5", "timestamp": 1726414378.2558355, "attack_type": "Traffic Anomaly"}
{"message": "Detected DNS Query: b'v/Wnu7vs.madeupsetup.eu.' with encoding ascii", "timestamp": 1726414378.4055882, "attack_type": "DNS Query"}
{"message": "Decoded DNS Query: v/Wnu7vs.madeupsetup.eu.", "timestamp": 1726414378.5714834, "attack_type": "DNS Query"}
{"message": "Intrusion Detected: Port scanning detected from 8.8.8.8", "timestamp": 1726414378.7213356, "attack_type": "Port Scan"}
{"message": "Detected DNS Query: b'v/Wnu7vs.madeupsetup.eu.us-west-1.ec2-utilities.amazonaws.com.' with encoding ascii", "timestamp": 1726414378.8644207, "attack_type": "DNS Query"}
{"message": "Decoded DNS Query: v/Wnu7vs.madeupsetup.eu.us-west-1.ec2-utilities.amazonaws.com.", "timestamp": 1726414379.0139546, "attack_type": "DNS Query"}
{"message": "Intrusion Detected: Possible DNS exfiltration in query v/Wnu7vs.madeupsetup.eu.us-west-1.ec2-utilities.amazonaws.com.", "timestamp": 1726414379.0968986, "attack_type": "DNS Exfiltration"}
{"message": "Traffic Anomaly Detected: 192.168.38.104 shows sudden traffic spike. Current: 1358, Avg: 458.9", "timestamp": 1726414379.2467523, "attack_type": "Traffic Anomaly"}
{"message": "Detected DNS Query: b'v/Wnu7vs.madeupsetup.eu.us-west-1.ec2-utilities.amazonaws.com.' with encoding ascii", "timestamp": 1726414379.3802059, "attack_type": "DNS Query"}
{"message": "Decoded DNS Query: v/Wnu7vs.madeupsetup.eu.us-west-1.ec2-utilities.amazonaws.com.", "timestamp": 1726414379.5131514, "attack_type": "DNS Query"}
{"message": "Intrusion Detected: Possible DNS exfiltration in query v/Wnu7vs.madeupsetup.eu.us-west-1.ec2-utilities.amazonaws.com.", "timestamp": 1726414379.6551728, "attack_type": "DNS Exfiltration"}
{"message": "Intrusion Detected: Port scanning detected from 8.8.8.8", "timestamp": 1726414379.8049598, "attack_type": "Port Scan"}
{"message": "Detected DNS Query: b'v/Wnu7vs.madeupsetup.eu.windomain.local.' with encoding ascii", "timestamp": 1726414379.8891213, "attack_type": "DNS Query"}
{"message": "Decoded DNS Query: v/Wnu7vs.madeupsetup.eu.windomain.local.", "timestamp": 1726414380.0711696, "attack_type": "DNS Query"}
{"message": "Detected DNS Query: b'v/Wnu7vs.madeupsetup.eu.windomain.local.' with encoding ascii", "timestamp": 1726414380.2050219, "attack_type": "DNS Query"}
{"message": "Decoded DNS Query: v/Wnu7vs.madeupsetup.eu.windomain.local.", "timestamp": 1726414380.3471186, "attack_type": "DNS Query"}
{"message": "Intrusion Detected: Port scanning detected from 8.8.8.8", "timestamp": 1726414380.5712278, "attack_type": "Port Scan"}
{"message": "Detected DNS Query: b'QZ7XVpoz.madeupsetup.eu.' with encoding ascii", "timestamp": 1726414381.0387373, "attack_type": "DNS Query"}
{"message": "Decoded DNS Query: QZ7XVpoz.madeupsetup.eu.", "timestamp": 1726414381.1296086, "attack_type": "DNS Query"}
[INFO] Flow: ('192.168.38.104', '18.217.1.57', 63693, 80, 'TCP'), Data Transferred: 677 bytes
[INFO] Packet dropped: Invalid TCP packet characteristics
[INFO] Flow: ('8.8.8.8', '192.168.38.104', 53, 49543, 'UDP'), Data Transferred: 162 bytes
[INFO] Flow: ('192.168.38.104', '8.8.8.8', 49544, 53, 'UDP'), Data Transferred: 121 bytes
[INFO] Flow: ('192.168.38.104', '192.168.38.105', 63694, 8412, 'TCP'), Data Transferred: 1358 bytes
[INFO] Flow: ('8.8.8.8', '192.168.38.104', 53, 49544, 'UDP'), Data Transferred: 209 bytes
[INFO] Flow: ('192.168.38.104', '8.8.8.8', 49545, 53, 'UDP'), Data Transferred: 99 bytes
[INFO] Flow: ('8.8.8.8', '192.168.38.104', 53, 49545, 'UDP'), Data Transferred: 174 bytes
[INFO] Flow: ('192.168.38.104', '8.8.8.8', 49546, 53, 'UDP'), Data Transferred: 83 bytes
[INFO] Flow: ('8.8.8.8', '192.168.38.104', 53, 49546, 'UDP'), Data Transferred: 162 bytes
{"message": "Detected DNS Query: b'QZ7XVpoz.madeupsetup.eu.' with encoding ascii", "timestamp": 1726414381.272436, "attack_type": "DNS Query"}
{"message": "Decoded DNS Query: QZ7XVpoz.madeupsetup.eu.", "timestamp": 1726414381.4547474, "attack_type": "DNS Query"}
{"message": "Intrusion Detected: Port scanning detected from 8.8.8.8", "timestamp": 1726414381.6217346, "attack_type": "Port Scan"}
{"message": "Detected DNS Query: b'QZ7XVpoz.madeupsetup.eu.us-west-1.ec2-utilities.amazonaws.com.' with encoding ascii", "timestamp": 1726414381.77262, "attack_type": "DNS Query"}
{"message": "Decoded DNS Query: QZ7XVpoz.madeupsetup.eu.us-west-1.ec2-utilities.amazonaws.com.", "timestamp": 1726414381.9129179, "attack_type": "DNS Query"}
{"message": "Intrusion Detected: Possible DNS exfiltration in query QZ7XVpoz.madeupsetup.eu.us-west-1.ec2-utilities.amazonaws.com.", "timestamp": 1726414382.0780382, "attack_type": "DNS Exfiltration"}
{"message": "Detected DNS Query: b'QZ7XVpoz.madeupsetup.eu.us-west-1.ec2-utilities.amazonaws.com.' with encoding ascii", "timestamp": 1726414382.2383938, "attack_type": "DNS Query"}
{"message": "Decoded DNS Query: QZ7XVpoz.madeupsetup.eu.us-west-1.ec2-utilities.amazonaws.com.", "timestamp": 1726414382.3217666, "attack_type": "DNS Query"}
{"message": "Intrusion Detected: Possible DNS exfiltration in query QZ7XVpoz.madeupsetup.eu.us-west-1.ec2-utilities.amazonaws.com.", "timestamp": 1726414382.4553726, "attack_type": "DNS Exfiltration"}
{"message": "Intrusion Detected: Port scanning detected from 8.8.8.8", "timestamp": 1726414382.6304436, "attack_type": "Port Scan"}
{"message": "Detected DNS Query: b'QZ7XVpoz.madeupsetup.eu.windomain.local.' with encoding ascii", "timestamp": 1726414382.8053954, "attack_type": "DNS Query"}
{"message": "Decoded DNS Query: QZ7XVpoz.madeupsetup.eu.windomain.local.", "timestamp": 1726414382.963264, "attack_type": "DNS Query"}
{"message": "Detected DNS Query: b'QZ7XVpoz.madeupsetup.eu.windomain.local.' with encoding ascii", "timestamp": 1726414383.1304288, "attack_type": "DNS Query"}
{"message": "Decoded DNS Query: QZ7XVpoz.madeupsetup.eu.windomain.local.", "timestamp": 1726414383.2958534, "attack_type": "DNS Query"}
{"message": "Intrusion Detected: Port scanning detected from 8.8.8.8", "timestamp": 1726414383.4383836, "attack_type": "Port Scan"}
{"message": "Detected DNS Query: b'LWUxNjd9.madeupsetup.eu.' with encoding ascii", "timestamp": 1726414383.571118, "attack_type": "DNS Query"}
{"message": "Decoded DNS Query: LWUxNjd9.madeupsetup.eu.", "timestamp": 1726414383.7126818, "attack_type": "DNS Query"}
{"message": "Slowloris attack detected from 192.168.38.104: 52 half-open connections.", "timestamp": 1726414383.877995, "attack_type": "Slowloris Attack"}
{"message": "Intrusion Detected: HTTP Covert Channel Detected in User-Agent: Mozilla/5.0 (Windows NT 10.0; Win64; x64) AppleWebKit/537.36 (KHTML, like Gecko) Chrome/84.0.4147.105 Safari/537.36", "timestamp": 1726414384.021578, "attack_type": "HTTP Covert Channel"}
{"message": "Detected DNS Query: b'LWUxNjd9.madeupsetup.eu.' with encoding ascii", "timestamp": 1726414384.1145132, "attack_type": "DNS Query"}
{"message": "Decoded DNS Query: LWUxNjd9.madeupsetup.eu.", "timestamp": 1726414384.3470647, "attack_type": "DNS Query"}
[INFO] Flow: ('192.168.38.104', '8.8.8.8', 49547, 53, 'UDP'), Data Transferred: 121 bytes
[INFO] Flow: ('8.8.8.8', '192.168.38.104', 53, 49547, 'UDP'), Data Transferred: 221 bytes
[INFO] Flow: ('192.168.38.104', '8.8.8.8', 49548, 53, 'UDP'), Data Transferred: 99 bytes
[INFO] Flow: ('18.217.1.57', '192.168.38.104', 80, 63693, 'TCP'), Data Transferred: 179 bytes
[INFO] Flow: ('8.8.8.8', '192.168.38.104', 53, 49548, 'UDP'), Data Transferred: 174 bytes
[INFO] Flow: ('192.168.38.104', '18.217.1.57', 49549, 53, 'UDP'), Data Transferred: 83 bytes
[INFO] Flow: ('192.168.38.104', '18.217.1.57', 63696, 80, 'TCP'), Data Transferred: 66 bytes
[INFO] Flow: ('192.168.38.104', '18.217.1.57', 63695, 80, 'TCP'), Data Transferred: 623 bytes
[INFO] Flow: ('18.217.1.57', '192.168.38.104', 53, 49549, 'UDP'), Data Transferred: 162 bytes
[INFO] Flow: ('192.168.38.104', '18.217.1.57', 49550, 53, 'UDP'), Data Transferred: 121 bytes
{"message": "Detected DNS Query: b'LWUxNjd9.madeupsetup.eu.us-west-1.ec2-utilities.amazonaws.com.' with encoding ascii", "timestamp": 1726414384.496704, "attack_type": "DNS Query"}
{"message": "Decoded DNS Query: LWUxNjd9.madeupsetup.eu.us-west-1.ec2-utilities.amazonaws.com.", "timestamp": 1726414384.662372, "attack_type": "DNS Query"}
{"message": "Intrusion Detected: Possible DNS exfiltration in query LWUxNjd9.madeupsetup.eu.us-west-1.ec2-utilities.amazonaws.com.", "timestamp": 1726414384.7883968, "attack_type": "DNS Exfiltration"}
{"message": "Traffic Anomaly Detected: 192.168.38.104 shows sudden traffic spike. Current: 677, Avg: 209.2", "timestamp": 1726414384.9144812, "attack_type": "Traffic Anomaly"}
{"message": "Detected DNS Query: b'LWUxNjd9.madeupsetup.eu.us-west-1.ec2-utilities.amazonaws.com.' with encoding ascii", "timestamp": 1726414385.0297058, "attack_type": "DNS Query"}
{"message": "Decoded DNS Query: LWUxNjd9.madeupsetup.eu.us-west-1.ec2-utilities.amazonaws.com.", "timestamp": 1726414385.1124997, "attack_type": "DNS Query"}
{"message": "Intrusion Detected: Possible DNS exfiltration in query LWUxNjd9.madeupsetup.eu.us-west-1.ec2-utilities.amazonaws.com.", "timestamp": 1726414385.2634287, "attack_type": "DNS Exfiltration"}
{"message": "Detected DNS Query: b'LWUxNjd9.madeupsetup.eu.windomain.local.' with encoding ascii", "timestamp": 1726414385.3968642, "attack_type": "DNS Query"}
{"message": "Decoded DNS Query: LWUxNjd9.madeupsetup.eu.windomain.local.", "timestamp": 1726414385.5624006, "attack_type": "DNS Query"}
[INFO] Flow: ('18.217.1.57', '192.168.38.104', 80, 63695, 'TCP'), Data Transferred: 54 bytes
[INFO] Packet dropped: Invalid TCP packet characteristics
[INFO] Flow: ('192.168.38.104', '18.217.1.57', 63696, 80, 'TCP'), Data Transferred: 120 bytes
[INFO] Flow: ('18.217.1.57', '192.168.38.104', 80, 63695, 'TCP'), Data Transferred: 125 bytes
[INFO] Packet dropped: Invalid TCP packet characteristics
[INFO] Flow: ('192.168.38.104', '18.217.1.57', 63695, 80, 'TCP'), Data Transferred: 677 bytes
[INFO] Packet dropped: Invalid TCP packet characteristics
[INFO] Flow: ('18.217.1.57', '192.168.38.104', 53, 49550, 'UDP'), Data Transferred: 209 bytes
[INFO] Flow: ('192.168.38.104', '18.217.1.57', 49551, 53, 'UDP'), Data Transferred: 99 bytes
[INFO] Flow: ('18.217.1.57', '192.168.38.104', 80, 63695, 'TCP'), Data Transferred: 179 bytes
{"message": "Detected DNS Query: b'LWUxNjd9.madeupsetup.eu.windomain.local.' with encoding ascii", "timestamp": 1726414385.6484382, "attack_type": "DNS Query"}
{"message": "Decoded DNS Query: LWUxNjd9.madeupsetup.eu.windomain.local.", "timestamp": 1726414385.8045642, "attack_type": "DNS Query"}
{"message": "Detected DNS Query: b'vT6zzM2J.madeupsetup.eu.' with encoding ascii", "timestamp": 1726414385.9548514, "attack_type": "DNS Query"}
{"message": "Decoded DNS Query: vT6zzM2J.madeupsetup.eu.", "timestamp": 1726414386.0884128, "attack_type": "DNS Query"}
{"message": "Detected DNS Query: b'vT6zzM2J.madeupsetup.eu.' with encoding ascii", "timestamp": 1726414386.2557788, "attack_type": "DNS Query"}
{"message": "Decoded DNS Query: vT6zzM2J.madeupsetup.eu.", "timestamp": 1726414386.4064822, "attack_type": "DNS Query"}
{"message": "Intrusion Detected: Port scanning detected from 8.8.8.8", "timestamp": 1726414386.5545428, "attack_type": "Port Scan"}
{"message": "Detected DNS Query: b'vT6zzM2J.madeupsetup.eu.us-west-1.ec2-utilities.amazonaws.com.' with encoding ascii", "timestamp": 1726414386.6890519, "attack_type": "DNS Query"}
{"message": "Decoded DNS Query: vT6zzM2J.madeupsetup.eu.us-west-1.ec2-utilities.amazonaws.com.", "timestamp": 1726414386.8298073, "attack_type": "DNS Query"}
{"message": "Intrusion Detected: Possible DNS exfiltration in query vT6zzM2J.madeupsetup.eu.us-west-1.ec2-utilities.amazonaws.com.", "timestamp": 1726414386.9796424, "attack_type": "DNS Exfiltration"}
{"message": "Detected DNS Query: b'vT6zzM2J.madeupsetup.eu.us-west-1.ec2-utilities.amazonaws.com.' with encoding ascii", "timestamp": 1726414387.146588, "attack_type": "DNS Query"}
{"message": "Decoded DNS Query: vT6zzM2J.madeupsetup.eu.us-west-1.ec2-utilities.amazonaws.com.", "timestamp": 1726414387.3215308, "attack_type": "DNS Query"}
{"message": "Intrusion Detected: Possible DNS exfiltration in query vT6zzM2J.madeupsetup.eu.us-west-1.ec2-utilities.amazonaws.com.", "timestamp": 1726414387.4126244, "attack_type": "DNS Exfiltration"}
{"message": "Intrusion Detected: Port scanning detected from 8.8.8.8", "timestamp": 1726414387.5964367, "attack_type": "Port Scan"}
{"message": "Detected DNS Query: b'vT6zzM2J.madeupsetup.eu.windomain.local.' with encoding ascii", "timestamp": 1726414387.7883883, "attack_type": "DNS Query"}
{"message": "Decoded DNS Query: vT6zzM2J.madeupsetup.eu.windomain.local.", "timestamp": 1726414387.920628, "attack_type": "DNS Query"}
{"message": "Detected DNS Query: b'vT6zzM2J.madeupsetup.eu.windomain.local.' with encoding ascii", "timestamp": 1726414388.0884066, "attack_type": "DNS Query"}
{"message": "Decoded DNS Query: vT6zzM2J.madeupsetup.eu.windomain.local.", "timestamp": 1726414388.2458882, "attack_type": "DNS Query"}
{"message": "Intrusion Detected: Port scanning detected from 8.8.8.8", "timestamp": 1726414388.4047725, "attack_type": "Port Scan"}
{"message": "Detected DNS Query: b'yXzo0cCL.madeupsetup.eu.' with encoding ascii", "timestamp": 1726414388.5632899, "attack_type": "DNS Query"}
{"message": "Decoded DNS Query: yXzo0cCL.madeupsetup.eu.", "timestamp": 1726414388.7214313, "attack_type": "DNS Query"}
{"message": "Detected DNS Query: b'yXzo0cCL.madeupsetup.eu.' with encoding ascii", "timestamp": 1726414388.8633807, "attack_type": "DNS Query"}
{"message": "Decoded DNS Query: yXzo0cCL.madeupsetup.eu.", "timestamp": 1726414388.9957204, "attack_type": "DNS Query"}
[INFO] Flow: ('18.217.1.57', '192.168.38.104', 53, 49551, 'UDP'), Data Transferred: 174 bytes
[INFO] Flow: ('192.168.38.104', '8.8.8.8', 49552, 53, 'UDP'), Data Transferred: 83 bytes
[INFO] Flow: ('8.8.8.8', '192.168.38.104', 53, 49552, 'UDP'), Data Transferred: 162 bytes
[INFO] Flow: ('192.168.38.104', '8.8.8.8', 49553, 53, 'UDP'), Data Transferred: 121 bytes
[INFO] Flow: ('8.8.8.8', '192.168.38.104', 53, 49553, 'UDP'), Data Transferred: 209 bytes
[INFO] Flow: ('192.168.38.104', '8.8.8.8', 49554, 53, 'UDP'), Data Transferred: 99 bytes
[INFO] Flow: ('8.8.8.8', '192.168.38.104', 53, 49554, 'UDP'), Data Transferred: 174 bytes
[INFO] Flow: ('192.168.38.104', '8.8.8.8', 49555, 53, 'UDP'), Data Transferred: 83 bytes
[INFO] Flow: ('8.8.8.8', '192.168.38.104', 53, 49555, 'UDP'), Data Transferred: 162 bytes
[INFO] Flow: ('192.168.38.104', '8.8.8.8', 49556, 53, 'UDP'), Data Transferred: 121 bytes
{"message": "Detected DNS Query: b'yXzo0cCL.madeupsetup.eu.us-west-1.ec2-utilities.amazonaws.com.' with encoding ascii", "timestamp": 1726414389.1470292, "attack_type": "DNS Query"}
{"message": "Decoded DNS Query: yXzo0cCL.madeupsetup.eu.us-west-1.ec2-utilities.amazonaws.com.", "timestamp": 1726414389.287316, "attack_type": "DNS Query"}
{"message": "Intrusion Detected: Possible DNS exfiltration in query yXzo0cCL.madeupsetup.eu.us-west-1.ec2-utilities.amazonaws.com.", "timestamp": 1726414389.4373734, "attack_type": "DNS Exfiltration"}
{"message": "Slowloris attack detected from 192.168.38.104: 53 half-open connections.", "timestamp": 1726414389.6047034, "attack_type": "Slowloris Attack"}
{"message": "Intrusion Detected: HTTP Covert Channel Detected in User-Agent: Mozilla/5.0 (Windows NT 10.0; Win64; x64) AppleWebKit/537.36 (KHTML, like Gecko) Chrome/84.0.4147.105 Safari/537.36", "timestamp": 1726414389.7711926, "attack_type": "HTTP Covert Channel"}
{"message": "Traffic Anomaly Detected: 192.168.38.104 shows sudden traffic spike. Current: 623, Avg: 209.2", "timestamp": 1726414389.8714728, "attack_type": "Traffic Anomaly"}
{"message": "Detected DNS Query: b'yXzo0cCL.madeupsetup.eu.us-west-1.ec2-utilities.amazonaws.com.' with encoding ascii", "timestamp": 1726414390.0154836, "attack_type": "DNS Query"}
{"message": "Decoded DNS Query: yXzo0cCL.madeupsetup.eu.us-west-1.ec2-utilities.amazonaws.com.", "timestamp": 1726414390.1462815, "attack_type": "DNS Query"}
{"message": "Intrusion Detected: Possible DNS exfiltration in query yXzo0cCL.madeupsetup.eu.us-west-1.ec2-utilities.amazonaws.com.", "timestamp": 1726414390.3125882, "attack_type": "DNS Exfiltration"}
{"message": "Detected DNS Query: b'yXzo0cCL.madeupsetup.eu.windomain.local.' with encoding ascii", "timestamp": 1726414390.446417, "attack_type": "DNS Query"}
{"message": "Decoded DNS Query: yXzo0cCL.madeupsetup.eu.windomain.local.", "timestamp": 1726414390.5294726, "attack_type": "DNS Query"}
{"message": "Detected DNS Query: b'yXzo0cCL.madeupsetup.eu.windomain.local.' with encoding ascii", "timestamp": 1726414390.6797059, "attack_type": "DNS Query"}
{"message": "Decoded DNS Query: yXzo0cCL.madeupsetup.eu.windomain.local.", "timestamp": 1726414390.8128269, "attack_type": "DNS Query"}
{"message": "Detected DNS Query: b'a+xLgs3W.madeupsetup.eu.' with encoding ascii", "timestamp": 1726414390.938414, "attack_type": "DNS Query"}
{"message": "Decoded DNS Query: a+xLgs3W.madeupsetup.eu.", "timestamp": 1726414391.1038983, "attack_type": "DNS Query"}
{"message": "Detected DNS Query: b'a+xLgs3W.madeupsetup.eu.' with encoding ascii", "timestamp": 1726414391.2549424, "attack_type": "DNS Query"}
{"message": "Decoded DNS Query: a+xLgs3W.madeupsetup.eu.", "timestamp": 1726414391.4045494, "attack_type": "DNS Query"}
{"message": "Detected DNS Query: b'a+xLgs3W.madeupsetup.eu.us-west-1.ec2-utilities.amazonaws.com.' with encoding ascii", "timestamp": 1726414391.5886524, "attack_type": "DNS Query"}
{"message": "Decoded DNS Query: a+xLgs3W.madeupsetup.eu.us-west-1.ec2-utilities.amazonaws.com.", "timestamp": 1726414391.7380505, "attack_type": "DNS Query"}
{"message": "Intrusion Detected: Possible DNS exfiltration in query a+xLgs3W.madeupsetup.eu.us-west-1.ec2-utilities.amazonaws.com.", "timestamp": 1726414391.871251, "attack_type": "DNS Exfiltration"}
{"message": "Detected DNS Query: b'a+xLgs3W.madeupsetup.eu.us-west-1.ec2-utilities.amazonaws.com.' with encoding ascii", "timestamp": 1726414392.0468233, "attack_type": "DNS Query"}
{"message": "Decoded DNS Query: a+xLgs3W.madeupsetup.eu.us-west-1.ec2-utilities.amazonaws.com.", "timestamp": 1726414392.171249, "attack_type": "DNS Query"}
{"message": "Intrusion Detected: Possible DNS exfiltration in query a+xLgs3W.madeupsetup.eu.us-west-1.ec2-utilities.amazonaws.com.", "timestamp": 1726414392.2377486, "attack_type": "DNS Exfiltration"}
[INFO] Flow: ('192.168.38.104', '18.217.1.57', 63697, 80, 'TCP'), Data Transferred: 66 bytes
[INFO] Flow: ('192.168.38.104', '18.217.1.57', 63696, 80, 'TCP'), Data Transferred: 623 bytes
[INFO] Flow: ('8.8.8.8', '192.168.38.104', 53, 49556, 'UDP'), Data Transferred: 209 bytes
[INFO] Flow: ('192.168.38.104', '8.8.8.8', 49557, 53, 'UDP'), Data Transferred: 99 bytes
[INFO] Flow: ('8.8.8.8', '192.168.38.104', 53, 49557, 'UDP'), Data Transferred: 174 bytes
[INFO] Flow: ('192.168.38.104', '8.8.8.8', 49558, 53, 'UDP'), Data Transferred: 83 bytes
[INFO] Flow: ('8.8.8.8', '192.168.38.104', 53, 49558, 'UDP'), Data Transferred: 162 bytes
[INFO] Flow: ('192.168.38.104', '8.8.8.8', 49559, 53, 'UDP'), Data Transferred: 121 bytes
[INFO] Flow: ('8.8.8.8', '192.168.38.104', 53, 49559, 'UDP'), Data Transferred: 209 bytes
[INFO] Flow: ('192.168.38.104', '8.8.8.8', 49560, 53, 'UDP'), Data Transferred: 99 bytes
{"message": "Detected DNS Query: b'a+xLgs3W.madeupsetup.eu.windomain.local.' with encoding ascii", "timestamp": 1726414392.4046144, "attack_type": "DNS Query"}
{"message": "Decoded DNS Query: a+xLgs3W.madeupsetup.eu.windomain.local.", "timestamp": 1726414392.5609977, "attack_type": "DNS Query"}
{"message": "Detected DNS Query: b'a+xLgs3W.madeupsetup.eu.windomain.local.' with encoding ascii", "timestamp": 1726414392.705723, "attack_type": "DNS Query"}
{"message": "Decoded DNS Query: a+xLgs3W.madeupsetup.eu.windomain.local.", "timestamp": 1726414392.853905, "attack_type": "DNS Query"}
{"message": "Detected DNS Query: b'Yju2a1Nt.madeupsetup.eu.' with encoding ascii", "timestamp": 1726414393.0138085, "attack_type": "DNS Query"}
{"message": "Decoded DNS Query: Yju2a1Nt.madeupsetup.eu.", "timestamp": 1726414393.1624136, "attack_type": "DNS Query"}
{"message": "Traffic Anomaly Detected: 192.168.38.104 shows sudden traffic spike. Current: 677, Avg: 209.2", "timestamp": 1726414393.317419, "attack_type": "Traffic Anomaly"}
[INFO] Packet dropped: Invalid TCP packet characteristics
[INFO] Flow: ('192.168.38.104', '18.217.1.57', 63697, 80, 'TCP'), Data Transferred: 120 bytes
[INFO] Flow: ('8.8.8.8', '192.168.38.104', 53, 49560, 'UDP'), Data Transferred: 174 bytes
[INFO] Flow: ('18.217.1.57', '192.168.38.104', 80, 63696, 'TCP'), Data Transferred: 54 bytes
[INFO] Flow: ('192.168.38.104', '8.8.8.8', 49561, 53, 'UDP'), Data Transferred: 83 bytes
[INFO] Flow: ('18.217.1.57', '192.168.38.104', 80, 63696, 'TCP'), Data Transferred: 125 bytes
[INFO] Packet dropped: Invalid TCP packet characteristics
[INFO] Flow: ('192.168.38.104', '18.217.1.57', 63696, 80, 'TCP'), Data Transferred: 677 bytes
[INFO] Packet dropped: Invalid TCP packet characteristics
[INFO] Flow: ('8.8.8.8', '192.168.38.104', 53, 49561, 'UDP'), Data Transferred: 162 bytes
{"message": "Detected DNS Query: b'Yju2a1Nt.madeupsetup.eu.' with encoding ascii", "timestamp": 1726414393.4210682, "attack_type": "DNS Query"}
{"message": "Decoded DNS Query: Yju2a1Nt.madeupsetup.eu.", "timestamp": 1726414393.5876994, "attack_type": "DNS Query"}
{"message": "Detected DNS Query: b'Yju2a1Nt.madeupsetup.eu.us-west-1.ec2-utilities.amazonaws.com.' with encoding ascii", "timestamp": 1726414393.8133721, "attack_type": "DNS Query"}
{"message": "Decoded DNS Query: Yju2a1Nt.madeupsetup.eu.us-west-1.ec2-utilities.amazonaws.com.", "timestamp": 1726414393.92069, "attack_type": "DNS Query"}
{"message": "Intrusion Detected: Possible DNS exfiltration in query Yju2a1Nt.madeupsetup.eu.us-west-1.ec2-utilities.amazonaws.com.", "timestamp": 1726414394.0543823, "attack_type": "DNS Exfiltration"}
{"message": "Detected DNS Query: b'Yju2a1Nt.madeupsetup.eu.us-west-1.ec2-utilities.amazonaws.com.' with encoding ascii", "timestamp": 1726414394.2164998, "attack_type": "DNS Query"}
{"message": "Decoded DNS Query: Yju2a1Nt.madeupsetup.eu.us-west-1.ec2-utilities.amazonaws.com.", "timestamp": 1726414394.370663, "attack_type": "DNS Query"}
{"message": "Intrusion Detected: Possible DNS exfiltration in query Yju2a1Nt.madeupsetup.eu.us-west-1.ec2-utilities.amazonaws.com.", "timestamp": 1726414394.529564, "attack_type": "DNS Exfiltration"}
{"message": "Detected DNS Query: b'Yju2a1Nt.madeupsetup.eu.windomain.local.' with encoding ascii", "timestamp": 1726414394.6625218, "attack_type": "DNS Query"}
{"message": "Decoded DNS Query: Yju2a1Nt.madeupsetup.eu.windomain.local.", "timestamp": 1726414394.8039718, "attack_type": "DNS Query"}
{"message": "Detected DNS Query: b'Yju2a1Nt.madeupsetup.eu.windomain.local.' with encoding ascii", "timestamp": 1726414394.9043815, "attack_type": "DNS Query"}
{"message": "Decoded DNS Query: Yju2a1Nt.madeupsetup.eu.windomain.local.", "timestamp": 1726414395.0543222, "attack_type": "DNS Query"}
{"message": "Detected DNS Query: b'wLVUgWou.madeupsetup.eu.' with encoding ascii", "timestamp": 1726414395.2047205, "attack_type": "DNS Query"}
{"message": "Decoded DNS Query: wLVUgWou.madeupsetup.eu.", "timestamp": 1726414395.3372018, "attack_type": "DNS Query"}
{"message": "Detected DNS Query: b'wLVUgWou.madeupsetup.eu.' with encoding ascii", "timestamp": 1726414395.479322, "attack_type": "DNS Query"}
{"message": "Decoded DNS Query: wLVUgWou.madeupsetup.eu.", "timestamp": 1726414395.6209, "attack_type": "DNS Query"}
{"message": "Detected DNS Query: b'wLVUgWou.madeupsetup.eu.us-west-1.ec2-utilities.amazonaws.com.' with encoding ascii", "timestamp": 1726414395.7210329, "attack_type": "DNS Query"}
{"message": "Decoded DNS Query: wLVUgWou.madeupsetup.eu.us-west-1.ec2-utilities.amazonaws.com.", "timestamp": 1726414395.8796618, "attack_type": "DNS Query"}
{"message": "Intrusion Detected: Possible DNS exfiltration in query wLVUgWou.madeupsetup.eu.us-west-1.ec2-utilities.amazonaws.com.", "timestamp": 1726414396.0124862, "attack_type": "DNS Exfiltration"}
{"message": "Slowloris attack detected from 192.168.38.104: 54 half-open connections.", "timestamp": 1726414396.1471817, "attack_type": "Slowloris Attack"}
[INFO] Flow: ('192.168.38.104', '8.8.8.8', 49562, 53, 'UDP'), Data Transferred: 121 bytes
[INFO] Flow: ('8.8.8.8', '192.168.38.104', 53, 49562, 'UDP'), Data Transferred: 221 bytes
[INFO] Flow: ('192.168.38.104', '8.8.8.8', 49563, 53, 'UDP'), Data Transferred: 99 bytes
[INFO] Flow: ('8.8.8.8', '192.168.38.104', 53, 49563, 'UDP'), Data Transferred: 174 bytes
[INFO] Flow: ('192.168.38.104', '8.8.8.8', 49564, 53, 'UDP'), Data Transferred: 83 bytes
[INFO] Flow: ('18.217.1.57', '192.168.38.104', 80, 63696, 'TCP'), Data Transferred: 179 bytes
[INFO] Flow: ('8.8.8.8', '192.168.38.104', 53, 49564, 'UDP'), Data Transferred: 162 bytes
[INFO] Flow: ('192.168.38.104', '8.8.8.8', 49565, 53, 'UDP'), Data Transferred: 121 bytes
[INFO] Flow: ('192.168.38.104', '18.217.1.57', 63698, 80, 'TCP'), Data Transferred: 66 bytes
[INFO] Flow: ('192.168.38.104', '18.217.1.57', 63697, 80, 'TCP'), Data Transferred: 623 bytes
{"message": "Intrusion Detected: HTTP Covert Channel Detected in User-Agent: Mozilla/5.0 (Windows NT 10.0; Win64; x64) AppleWebKit/537.36 (KHTML, like Gecko) Chrome/84.0.4147.105 Safari/537.36", "timestamp": 1726414396.245995, "attack_type": "HTTP Covert Channel"}
{"message": "Traffic Anomaly Detected: 192.168.38.104 shows sudden traffic spike. Current: 623, Avg: 209.2", "timestamp": 1726414396.4038506, "attack_type": "Traffic Anomaly"}
{"message": "Detected DNS Query: b'wLVUgWou.madeupsetup.eu.us-west-1.ec2-utilities.amazonaws.com.' with encoding ascii", "timestamp": 1726414396.5627754, "attack_type": "DNS Query"}
{"message": "Decoded DNS Query: wLVUgWou.madeupsetup.eu.us-west-1.ec2-utilities.amazonaws.com.", "timestamp": 1726414396.7792344, "attack_type": "DNS Query"}
{"message": "Intrusion Detected: Possible DNS exfiltration in query wLVUgWou.madeupsetup.eu.us-west-1.ec2-utilities.amazonaws.com.", "timestamp": 1726414396.929452, "attack_type": "DNS Exfiltration"}
{"message": "Intrusion Detected: Port scanning detected from 8.8.8.8", "timestamp": 1726414397.0793066, "attack_type": "Port Scan"}
{"message": "Detected DNS Query: b'wLVUgWou.madeupsetup.eu.windomain.local.' with encoding ascii", "timestamp": 1726414397.1877596, "attack_type": "DNS Query"}
{"message": "Decoded DNS Query: wLVUgWou.madeupsetup.eu.windomain.local.", "timestamp": 1726414397.3459451, "attack_type": "DNS Query"}
{"message": "Detected DNS Query: b'wLVUgWou.madeupsetup.eu.windomain.local.' with encoding ascii", "timestamp": 1726414397.4887693, "attack_type": "DNS Query"}
{"message": "Decoded DNS Query: wLVUgWou.madeupsetup.eu.windomain.local.", "timestamp": 1726414397.6287305, "attack_type": "DNS Query"}
{"message": "Intrusion Detected: Port scanning detected from 8.8.8.8", "timestamp": 1726414397.860813, "attack_type": "Port Scan"}
{"message": "Detected DNS Query: b'lvqrjuAa.madeupsetup.eu.' with encoding ascii", "timestamp": 1726414398.0209699, "attack_type": "DNS Query"}
{"message": "Decoded DNS Query: lvqrjuAa.madeupsetup.eu.", "timestamp": 1726414398.1793265, "attack_type": "DNS Query"}
{"message": "Detected DNS Query: b'lvqrjuAa.madeupsetup.eu.' with encoding ascii", "timestamp": 1726414398.321023, "attack_type": "DNS Query"}
{"message": "Decoded DNS Query: lvqrjuAa.madeupsetup.eu.", "timestamp": 1726414398.4034154, "attack_type": "DNS Query"}
{"message": "Intrusion Detected: Port scanning detected from 8.8.8.8", "timestamp": 1726414398.5612085, "attack_type": "Port Scan"}
{"message": "Detected DNS Query: b'lvqrjuAa.madeupsetup.eu.us-west-1.ec2-utilities.amazonaws.com.' with encoding ascii", "timestamp": 1726414398.6880105, "attack_type": "DNS Query"}
{"message": "Decoded DNS Query: lvqrjuAa.madeupsetup.eu.us-west-1.ec2-utilities.amazonaws.com.", "timestamp": 1726414398.853109, "attack_type": "DNS Query"}
{"message": "Intrusion Detected: Possible DNS exfiltration in query lvqrjuAa.madeupsetup.eu.us-west-1.ec2-utilities.amazonaws.com.", "timestamp": 1726414398.9546883, "attack_type": "DNS Exfiltration"}
{"message": "Intrusion Detected: Port scanning detected from 18.217.1.57", "timestamp": 1726414399.0876591, "attack_type": "Port Scan"}
[INFO] Flow: ('8.8.8.8', '192.168.38.104', 53, 49565, 'UDP'), Data Transferred: 221 bytes
[INFO] Flow: ('192.168.38.104', '8.8.8.8', 49566, 53, 'UDP'), Data Transferred: 99 bytes
[INFO] Flow: ('8.8.8.8', '192.168.38.104', 53, 49566, 'UDP'), Data Transferred: 174 bytes
[INFO] Flow: ('192.168.38.104', '8.8.8.8', 49567, 53, 'UDP'), Data Transferred: 83 bytes
[INFO] Flow: ('8.8.8.8', '192.168.38.104', 53, 49567, 'UDP'), Data Transferred: 162 bytes
[INFO] Flow: ('192.168.38.104', '8.8.8.8', 49568, 53, 'UDP'), Data Transferred: 121 bytes
[INFO] Packet dropped: Invalid TCP packet characteristics
[INFO] Flow: ('192.168.38.104', '18.217.1.57', 63698, 80, 'TCP'), Data Transferred: 120 bytes
[INFO] Flow: ('18.217.1.57', '192.168.38.104', 80, 63697, 'TCP'), Data Transferred: 54 bytes
[INFO] Flow: ('8.8.8.8', '192.168.38.104', 53, 49568, 'UDP'), Data Transferred: 209 bytes
{"message": "Detected DNS Query: b'lvqrjuAa.madeupsetup.eu.us-west-1.ec2-utilities.amazonaws.com.' with encoding ascii", "timestamp": 1726414399.271193, "attack_type": "DNS Query"}
{"message": "Decoded DNS Query: lvqrjuAa.madeupsetup.eu.us-west-1.ec2-utilities.amazonaws.com.", "timestamp": 1726414399.4212043, "attack_type": "DNS Query"}
{"message": "Intrusion Detected: Possible DNS exfiltration in query lvqrjuAa.madeupsetup.eu.us-west-1.ec2-utilities.amazonaws.com.", "timestamp": 1726414399.5629673, "attack_type": "DNS Exfiltration"}
{"message": "Intrusion Detected: Port scanning detected from 8.8.8.8", "timestamp": 1726414399.7125065, "attack_type": "Port Scan"}
{"message": "Intrusion Detected: Port scanning detected from 18.217.1.57", "timestamp": 1726414399.83736, "attack_type": "Port Scan"}
{"message": "Traffic Anomaly Detected: 192.168.38.104 shows sudden traffic spike. Current: 677, Avg: 209.2", "timestamp": 1726414399.979285, "attack_type": "Traffic Anomaly"}
{"message": "Detected DNS Query: b'lvqrjuAa.madeupsetup.eu.windomain.local.' with encoding ascii", "timestamp": 1726414400.079856, "attack_type": "DNS Query"}
{"message": "Decoded DNS Query: lvqrjuAa.madeupsetup.eu.windomain.local.", "timestamp": 1726414400.228655, "attack_type": "DNS Query"}
{"message": "Detected DNS Query: b'lvqrjuAa.madeupsetup.eu.windomain.local.' with encoding ascii", "timestamp": 1726414400.3796058, "attack_type": "DNS Query"}
{"message": "Decoded DNS Query: lvqrjuAa.madeupsetup.eu.windomain.local.", "timestamp": 1726414400.6189072, "attack_type": "DNS Query"}
{"message": "Intrusion Detected: Port scanning detected from 8.8.8.8", "timestamp": 1726414400.7788444, "attack_type": "Port Scan"}
{"message": "Detected DNS Query: b'j5t1Lfdo.madeupsetup.eu.' with encoding ascii", "timestamp": 1726414400.896472, "attack_type": "DNS Query"}
{"message": "Decoded DNS Query: j5t1Lfdo.madeupsetup.eu.", "timestamp": 1726414401.0374167, "attack_type": "DNS Query"}
{"message": "Detected DNS Query: b'j5t1Lfdo.madeupsetup.eu.' with encoding ascii", "timestamp": 1726414401.1234882, "attack_type": "DNS Query"}
{"message": "Decoded DNS Query: j5t1Lfdo.madeupsetup.eu.", "timestamp": 1726414401.253602, "attack_type": "DNS Query"}
{"message": "Intrusion Detected: Port scanning detected from 8.8.8.8", "timestamp": 1726414401.387365, "attack_type": "Port Scan"}
{"message": "Detected DNS Query: b'j5t1Lfdo.madeupsetup.eu.us-west-1.ec2-utilities.amazonaws.com.' with encoding ascii", "timestamp": 1726414401.5298622, "attack_type": "DNS Query"}
{"message": "Decoded DNS Query: j5t1Lfdo.madeupsetup.eu.us-west-1.ec2-utilities.amazonaws.com.", "timestamp": 1726414401.611708, "attack_type": "DNS Query"}
{"message": "Intrusion Detected: Possible DNS exfiltration in query j5t1Lfdo.madeupsetup.eu.us-west-1.ec2-utilities.amazonaws.com.", "timestamp": 1726414401.7547824, "attack_type": "DNS Exfiltration"}
[INFO] Flow: ('18.217.1.57', '192.168.38.104', 80, 63697, 'TCP'), Data Transferred: 125 bytes
[INFO] Packet dropped: Invalid TCP packet characteristics
[INFO] Flow: ('192.168.38.104', '18.217.1.57', 63697, 80, 'TCP'), Data Transferred: 677 bytes
[INFO] Flow: ('192.168.38.104', '8.8.8.8', 49569, 53, 'UDP'), Data Transferred: 99 bytes
[INFO] Packet dropped: Invalid TCP packet characteristics
[INFO] Flow: ('8.8.8.8', '192.168.38.104', 53, 49569, 'UDP'), Data Transferred: 174 bytes
[INFO] Flow: ('192.168.38.104', '8.8.8.8', 49570, 53, 'UDP'), Data Transferred: 83 bytes
[INFO] Flow: ('8.8.8.8', '192.168.38.104', 53, 49570, 'UDP'), Data Transferred: 162 bytes
[INFO] Flow: ('192.168.38.104', '8.8.8.8', 49571, 53, 'UDP'), Data Transferred: 121 bytes
[INFO] Flow: ('8.8.8.8', '192.168.38.104', 53, 49571, 'UDP'), Data Transferred: 209 bytes
{"message": "Detected DNS Query: b'j5t1Lfdo.madeupsetup.eu.us-west-1.ec2-utilities.amazonaws.com.' with encoding ascii", "timestamp": 1726414401.88757, "attack_type": "DNS Query"}
{"message": "Decoded DNS Query: j5t1Lfdo.madeupsetup.eu.us-west-1.ec2-utilities.amazonaws.com.", "timestamp": 1726414402.0616634, "attack_type": "DNS Query"}
{"message": "Intrusion Detected: Possible DNS exfiltration in query j5t1Lfdo.madeupsetup.eu.us-west-1.ec2-utilities.amazonaws.com.", "timestamp": 1726414402.2202635, "attack_type": "DNS Exfiltration"}
{"message": "Intrusion Detected: Port scanning detected from 8.8.8.8", "timestamp": 1726414402.395422, "attack_type": "Port Scan"}
{"message": "Detected DNS Query: b'j5t1Lfdo.madeupsetup.eu.windomain.local.' with encoding ascii", "timestamp": 1726414402.5456712, "attack_type": "DNS Query"}
{"message": "Decoded DNS Query: j5t1Lfdo.madeupsetup.eu.windomain.local.", "timestamp": 1726414402.7123506, "attack_type": "DNS Query"}
{"message": "Intrusion Detected: Port scanning detected from 18.217.1.57", "timestamp": 1726414402.8625956, "attack_type": "Port Scan"}
{"message": "Detected DNS Query: b'j5t1Lfdo.madeupsetup.eu.windomain.local.' with encoding ascii", "timestamp": 1726414403.0124424, "attack_type": "DNS Query"}
{"message": "Decoded DNS Query: j5t1Lfdo.madeupsetup.eu.windomain.local.", "timestamp": 1726414403.1779208, "attack_type": "DNS Query"}
{"message": "Intrusion Detected: Port scanning detected from 8.8.8.8", "timestamp": 1726414403.3703291, "attack_type": "Port Scan"}
{"message": "Detected DNS Query: b's1VHzRn6.madeupsetup.eu.' with encoding ascii", "timestamp": 1726414403.462528, "attack_type": "DNS Query"}
{"message": "Decoded DNS Query: s1VHzRn6.madeupsetup.eu.", "timestamp": 1726414403.6261811, "attack_type": "DNS Query"}
{"message": "Detected DNS Query: b's1VHzRn6.madeupsetup.eu.' with encoding ascii", "timestamp": 1726414403.7877417, "attack_type": "DNS Query"}
{"message": "Decoded DNS Query: s1VHzRn6.madeupsetup.eu.", "timestamp": 1726414403.9368606, "attack_type": "DNS Query"}
{"message": "Intrusion Detected: Port scanning detected from 8.8.8.8", "timestamp": 1726414404.1124365, "attack_type": "Port Scan"}
{"message": "Detected DNS Query: b's1VHzRn6.madeupsetup.eu.us-west-1.ec2-utilities.amazonaws.com.' with encoding ascii", "timestamp": 1726414404.2453685, "attack_type": "DNS Query"}
{"message": "Decoded DNS Query: s1VHzRn6.madeupsetup.eu.us-west-1.ec2-utilities.amazonaws.com.", "timestamp": 1726414404.3708293, "attack_type": "DNS Query"}
{"message": "Intrusion Detected: Possible DNS exfiltration in query s1VHzRn6.madeupsetup.eu.us-west-1.ec2-utilities.amazonaws.com.", "timestamp": 1726414404.4707987, "attack_type": "DNS Exfiltration"}
{"message": "Detected DNS Query: b's1VHzRn6.madeupsetup.eu.us-west-1.ec2-utilities.amazonaws.com.' with encoding ascii", "timestamp": 1726414404.6539958, "attack_type": "DNS Query"}
{"message": "Decoded DNS Query: s1VHzRn6.madeupsetup.eu.us-west-1.ec2-utilities.amazonaws.com.", "timestamp": 1726414404.7868488, "attack_type": "DNS Query"}
{"message": "Intrusion Detected: Possible DNS exfiltration in query s1VHzRn6.madeupsetup.eu.us-west-1.ec2-utilities.amazonaws.com.", "timestamp": 1726414404.9366298, "attack_type": "DNS Exfiltration"}
{"message": "Intrusion Detected: Port scanning detected from 8.8.8.8", "timestamp": 1726414405.0699203, "attack_type": "Port Scan"}
{"message": "Slowloris attack detected from 192.168.38.104: 55 half-open connections.", "timestamp": 1726414405.220942, "attack_type": "Slowloris Attack"}
{"message": "Detected DNS Query: b's1VHzRn6.madeupsetup.eu.windomain.local.' with encoding ascii", "timestamp": 1726414405.3124404, "attack_type": "DNS Query"}
{"message": "Decoded DNS Query: s1VHzRn6.madeupsetup.eu.windomain.local.", "timestamp": 1726414405.4624426, "attack_type": "DNS Query"}
[INFO] Flow: ('192.168.38.104', '8.8.8.8', 49572, 53, 'UDP'), Data Transferred: 99 bytes
[INFO] Flow: ('18.217.1.57', '192.168.38.104', 80, 63697, 'TCP'), Data Transferred: 179 bytes
[INFO] Flow: ('8.8.8.8', '192.168.38.104', 53, 49572, 'UDP'), Data Transferred: 174 bytes
[INFO] Flow: ('192.168.38.104', '8.8.8.8', 49573, 53, 'UDP'), Data Transferred: 83 bytes
[INFO] Flow: ('8.8.8.8', '192.168.38.104', 53, 49573, 'UDP'), Data Transferred: 162 bytes
[INFO] Flow: ('192.168.38.104', '8.8.8.8', 49574, 53, 'UDP'), Data Transferred: 121 bytes
[INFO] Flow: ('8.8.8.8', '192.168.38.104', 53, 49574, 'UDP'), Data Transferred: 209 bytes
[INFO] Flow: ('192.168.38.104', '18.217.1.57', 63699, 80, 'TCP'), Data Transferred: 66 bytes
[INFO] Flow: ('192.168.38.104', '8.8.8.8', 49575, 53, 'UDP'), Data Transferred: 99 bytes
[INFO] Flow: ('192.168.38.104', '18.217.1.57', 63698, 80, 'TCP'), Data Transferred: 623 bytes
{"message": "Intrusion Detected: HTTP Covert Channel Detected in User-Agent: Mozilla/5.0 (Windows NT 10.0; Win64; x64) AppleWebKit/537.36 (KHTML, like Gecko) Chrome/84.0.4147.105 Safari/537.36", "timestamp": 1726414405.603888, "attack_type": "HTTP Covert Channel"}
{"message": "Traffic Anomaly Detected: 192.168.38.104 shows sudden traffic spike. Current: 623, Avg: 207.1", "timestamp": 1726414405.74491, "attack_type": "Traffic Anomaly"}
{"message": "Detected DNS Query: b's1VHzRn6.madeupsetup.eu.windomain.local.' with encoding ascii", "timestamp": 1726414405.8878336, "attack_type": "DNS Query"}
{"message": "Decoded DNS Query: s1VHzRn6.madeupsetup.eu.windomain.local.", "timestamp": 1726414405.986516, "attack_type": "DNS Query"}
{"message": "Intrusion Detected: Port scanning detected from 8.8.8.8", "timestamp": 1726414406.1623998, "attack_type": "Port Scan"}
{"message": "Detected DNS Query: b'jM9GaAzF.madeupsetup.eu.' with encoding ascii", "timestamp": 1726414406.3370109, "attack_type": "DNS Query"}
{"message": "Decoded DNS Query: jM9GaAzF.madeupsetup.eu.", "timestamp": 1726414406.5448055, "attack_type": "DNS Query"}
{"message": "Detected DNS Query: b'jM9GaAzF.madeupsetup.eu.' with encoding ascii", "timestamp": 1726414406.629053, "attack_type": "DNS Query"}
{"message": "Decoded DNS Query: jM9GaAzF.madeupsetup.eu.", "timestamp": 1726414406.7695057, "attack_type": "DNS Query"}
{"message": "Intrusion Detected: Port scanning detected from 8.8.8.8", "timestamp": 1726414406.911469, "attack_type": "Port Scan"}
{"message": "Detected DNS Query: b'jM9GaAzF.madeupsetup.eu.us-west-1.ec2-utilities.amazonaws.com.' with encoding ascii", "timestamp": 1726414407.0705774, "attack_type": "DNS Query"}
{"message": "Decoded DNS Query: jM9GaAzF.madeupsetup.eu.us-west-1.ec2-utilities.amazonaws.com.", "timestamp": 1726414407.1616986, "attack_type": "DNS Query"}
{"message": "Intrusion Detected: Possible DNS exfiltration in query jM9GaAzF.madeupsetup.eu.us-west-1.ec2-utilities.amazonaws.com.", "timestamp": 1726414407.3369915, "attack_type": "DNS Exfiltration"}
{"message": "Detected DNS Query: b'jM9GaAzF.madeupsetup.eu.us-west-1.ec2-utilities.amazonaws.com.' with encoding ascii", "timestamp": 1726414407.479694, "attack_type": "DNS Query"}
{"message": "Decoded DNS Query: jM9GaAzF.madeupsetup.eu.us-west-1.ec2-utilities.amazonaws.com.", "timestamp": 1726414407.6205342, "attack_type": "DNS Query"}
{"message": "Intrusion Detected: Possible DNS exfiltration in query jM9GaAzF.madeupsetup.eu.us-west-1.ec2-utilities.amazonaws.com.", "timestamp": 1726414407.7784348, "attack_type": "DNS Exfiltration"}
{"message": "Intrusion Detected: Port scanning detected from 8.8.8.8", "timestamp": 1726414407.9201436, "attack_type": "Port Scan"}
{"message": "Detected DNS Query: b'jM9GaAzF.madeupsetup.eu.windomain.local.' with encoding ascii", "timestamp": 1726414408.079127, "attack_type": "DNS Query"}
{"message": "Decoded DNS Query: jM9GaAzF.madeupsetup.eu.windomain.local.", "timestamp": 1726414408.2202392, "attack_type": "DNS Query"}
{"message": "Detected DNS Query: b'jM9GaAzF.madeupsetup.eu.windomain.local.' with encoding ascii", "timestamp": 1726414408.3703544, "attack_type": "DNS Query"}
{"message": "Decoded DNS Query: jM9GaAzF.madeupsetup.eu.windomain.local.", "timestamp": 1726414408.4616802, "attack_type": "DNS Query"}
{"message": "Intrusion Detected: Port scanning detected from 8.8.8.8", "timestamp": 1726414408.6207767, "attack_type": "Port Scan"}
{"message": "Detected DNS Query: b'ecb6fGRc.madeupsetup.eu.' with encoding ascii", "timestamp": 1726414408.8123515, "attack_type": "DNS Query"}
{"message": "Decoded DNS Query: ecb6fGRc.madeupsetup.eu.", "timestamp": 1726414408.9787793, "attack_type": "DNS Query"}
[INFO] Flow: ('8.8.8.8', '192.168.38.104', 53, 49575, 'UDP'), Data Transferred: 174 bytes
[INFO] Flow: ('192.168.38.104', '8.8.8.8', 49576, 53, 'UDP'), Data Transferred: 83 bytes
[INFO] Flow: ('8.8.8.8', '192.168.38.104', 53, 49576, 'UDP'), Data Transferred: 162 bytes
[INFO] Flow: ('192.168.38.104', '8.8.8.8', 49577, 53, 'UDP'), Data Transferred: 121 bytes
[INFO] Flow: ('8.8.8.8', '192.168.38.104', 53, 49577, 'UDP'), Data Transferred: 221 bytes
[INFO] Flow: ('192.168.38.104', '8.8.8.8', 49578, 53, 'UDP'), Data Transferred: 99 bytes
[INFO] Flow: ('8.8.8.8', '192.168.38.104', 53, 49578, 'UDP'), Data Transferred: 174 bytes
[INFO] Flow: ('192.168.38.104', '8.8.8.8', 49579, 53, 'UDP'), Data Transferred: 83 bytes
[INFO] Packet dropped: Invalid TCP packet characteristics
[INFO] Flow: ('192.168.38.104', '18.217.1.57', 63699, 80, 'TCP'), Data Transferred: 120 bytes
{"message": "Traffic Anomaly Detected: 192.168.38.104 shows sudden traffic spike. Current: 677, Avg: 209.2", "timestamp": 1726414409.2211602, "attack_type": "Traffic Anomaly"}
{"message": "Detected DNS Query: b'ecb6fGRc.madeupsetup.eu.' with encoding ascii", "timestamp": 1726414409.3283298, "attack_type": "DNS Query"}
{"message": "Decoded DNS Query: ecb6fGRc.madeupsetup.eu.", "timestamp": 1726414409.5034492, "attack_type": "DNS Query"}
{"message": "Intrusion Detected: Port scanning detected from 8.8.8.8", "timestamp": 1726414409.6865926, "attack_type": "Port Scan"}
{"message": "Detected DNS Query: b'ecb6fGRc.madeupsetup.eu.us-west-1.ec2-utilities.amazonaws.com.' with encoding ascii", "timestamp": 1726414409.8205, "attack_type": "DNS Query"}
{"message": "Decoded DNS Query: ecb6fGRc.madeupsetup.eu.us-west-1.ec2-utilities.amazonaws.com.", "timestamp": 1726414409.9868233, "attack_type": "DNS Query"}
{"message": "Intrusion Detected: Possible DNS exfiltration in query ecb6fGRc.madeupsetup.eu.us-west-1.ec2-utilities.amazonaws.com.", "timestamp": 1726414410.153345, "attack_type": "DNS Exfiltration"}
{"message": "Detected DNS Query: b'ecb6fGRc.madeupsetup.eu.us-west-1.ec2-utilities.amazonaws.com.' with encoding ascii", "timestamp": 1726414410.3291686, "attack_type": "DNS Query"}
{"message": "Decoded DNS Query: ecb6fGRc.madeupsetup.eu.us-west-1.ec2-utilities.amazonaws.com.", "timestamp": 1726414410.4785326, "attack_type": "DNS Query"}
{"message": "Intrusion Detected: Possible DNS exfiltration in query ecb6fGRc.madeupsetup.eu.us-west-1.ec2-utilities.amazonaws.com.", "timestamp": 1726414410.6536562, "attack_type": "DNS Exfiltration"}
{"message": "Intrusion Detected: Port scanning detected from 8.8.8.8", "timestamp": 1726414410.7866924, "attack_type": "Port Scan"}
[INFO] Flow: ('18.217.1.57', '192.168.38.104', 80, 63698, 'TCP'), Data Transferred: 54 bytes
[INFO] Flow: ('18.217.1.57', '192.168.38.104', 80, 63698, 'TCP'), Data Transferred: 125 bytes
[INFO] Packet dropped: Invalid TCP packet characteristics
[INFO] Flow: ('192.168.38.104', '18.217.1.57', 63698, 80, 'TCP'), Data Transferred: 677 bytes
[INFO] Packet dropped: Invalid TCP packet characteristics
[INFO] Flow: ('8.8.8.8', '192.168.38.104', 53, 49579, 'UDP'), Data Transferred: 162 bytes
[INFO] Flow: ('192.168.38.104', '8.8.8.8', 49580, 53, 'UDP'), Data Transferred: 121 bytes
[INFO] Flow: ('18.217.1.57', '192.168.38.104', 80, 63698, 'TCP'), Data Transferred: 179 bytes
[INFO] Flow: ('8.8.8.8', '192.168.38.104', 53, 49580, 'UDP'), Data Transferred: 209 bytes
[INFO] Flow: ('192.168.38.104', '8.8.8.8', 49581, 53, 'UDP'), Data Transferred: 99 bytes
{"message": "Detected DNS Query: b'ecb6fGRc.madeupsetup.eu.windomain.local.' with encoding ascii", "timestamp": 1726414410.944687, "attack_type": "DNS Query"}
{"message": "Decoded DNS Query: ecb6fGRc.madeupsetup.eu.windomain.local.", "timestamp": 1726414411.1029727, "attack_type": "DNS Query"}
{"message": "Detected DNS Query: b'ecb6fGRc.madeupsetup.eu.windomain.local.' with encoding ascii", "timestamp": 1726414411.595632, "attack_type": "DNS Query"}
{"message": "Decoded DNS Query: ecb6fGRc.madeupsetup.eu.windomain.local.", "timestamp": 1726414411.7035952, "attack_type": "DNS Query"}
{"message": "Intrusion Detected: Port scanning detected from 8.8.8.8", "timestamp": 1726414411.836769, "attack_type": "Port Scan"}
{"message": "Detected DNS Query: b'N+6v2HTZ.madeupsetup.eu.' with encoding ascii", "timestamp": 1726414411.9870582, "attack_type": "DNS Query"}
{"message": "Decoded DNS Query: N+6v2HTZ.madeupsetup.eu.", "timestamp": 1726414412.1444807, "attack_type": "DNS Query"}
{"message": "Slowloris attack detected from 192.168.38.104: 56 half-open connections.", "timestamp": 1726414412.2785115, "attack_type": "Slowloris Attack"}
{"message": "Intrusion Detected: HTTP Covert Channel Detected in User-Agent: Mozilla/5.0 (Windows NT 10.0; Win64; x64) AppleWebKit/537.36 (KHTML, like Gecko) Chrome/84.0.4147.105 Safari/537.36", "timestamp": 1726414412.4281704, "attack_type": "HTTP Covert Channel"}
{"message": "Traffic Anomaly Detected: 192.168.38.104 shows sudden traffic spike. Current: 623, Avg: 209.2", "timestamp": 1726414412.5614202, "attack_type": "Traffic Anomaly"}
{"message": "Detected DNS Query: b'N+6v2HTZ.madeupsetup.eu.' with encoding ascii", "timestamp": 1726414412.745392, "attack_type": "DNS Query"}
{"message": "Decoded DNS Query: N+6v2HTZ.madeupsetup.eu.", "timestamp": 1726414412.8615067, "attack_type": "DNS Query"}
{"message": "Intrusion Detected: Port scanning detected from 8.8.8.8", "timestamp": 1726414413.0031166, "attack_type": "Port Scan"}
{"message": "Detected DNS Query: b'N+6v2HTZ.madeupsetup.eu.us-west-1.ec2-utilities.amazonaws.com.' with encoding ascii", "timestamp": 1726414413.1534114, "attack_type": "DNS Query"}
{"message": "Decoded DNS Query: N+6v2HTZ.madeupsetup.eu.us-west-1.ec2-utilities.amazonaws.com.", "timestamp": 1726414413.3029466, "attack_type": "DNS Query"}
{"message": "Intrusion Detected: Possible DNS exfiltration in query N+6v2HTZ.madeupsetup.eu.us-west-1.ec2-utilities.amazonaws.com.", "timestamp": 1726414413.4280732, "attack_type": "DNS Exfiltration"}
{"message": "Detected DNS Query: b'N+6v2HTZ.madeupsetup.eu.us-west-1.ec2-utilities.amazonaws.com.' with encoding ascii", "timestamp": 1726414413.6039164, "attack_type": "DNS Query"}
{"message": "Decoded DNS Query: N+6v2HTZ.madeupsetup.eu.us-west-1.ec2-utilities.amazonaws.com.", "timestamp": 1726414413.778539, "attack_type": "DNS Query"}
{"message": "Intrusion Detected: Possible DNS exfiltration in query N+6v2HTZ.madeupsetup.eu.us-west-1.ec2-utilities.amazonaws.com.", "timestamp": 1726414413.9279475, "attack_type": "DNS Exfiltration"}
{"message": "Intrusion Detected: Port scanning detected from 8.8.8.8", "timestamp": 1726414414.0365517, "attack_type": "Port Scan"}
{"message": "Detected DNS Query: b'N+6v2HTZ.madeupsetup.eu.windomain.local.' with encoding ascii", "timestamp": 1726414414.262406, "attack_type": "DNS Query"}
{"message": "Decoded DNS Query: N+6v2HTZ.madeupsetup.eu.windomain.local.", "timestamp": 1726414414.411142, "attack_type": "DNS Query"}
{"message": "Detected DNS Query: b'N+6v2HTZ.madeupsetup.eu.windomain.local.' with encoding ascii", "timestamp": 1726414414.587262, "attack_type": "DNS Query"}
{"message": "Decoded DNS Query: N+6v2HTZ.madeupsetup.eu.windomain.local.", "timestamp": 1726414414.6946213, "attack_type": "DNS Query"}
{"message": "Intrusion Detected: Port scanning detected from 8.8.8.8", "timestamp": 1726414414.8607643, "attack_type": "Port Scan"}
[INFO] Flow: ('8.8.8.8', '192.168.38.104', 53, 49581, 'UDP'), Data Transferred: 174 bytes
[INFO] Flow: ('192.168.38.104', '8.8.8.8', 49582, 53, 'UDP'), Data Transferred: 83 bytes
[INFO] Flow: ('192.168.38.104', '18.217.1.57', 63700, 80, 'TCP'), Data Transferred: 66 bytes
[INFO] Flow: ('192.168.38.104', '18.217.1.57', 63699, 80, 'TCP'), Data Transferred: 623 bytes
[INFO] Flow: ('8.8.8.8', '192.168.38.104', 53, 49582, 'UDP'), Data Transferred: 162 bytes
[INFO] Flow: ('192.168.38.104', '8.8.8.8', 49583, 53, 'UDP'), Data Transferred: 121 bytes
[INFO] Flow: ('8.8.8.8', '192.168.38.104', 53, 49583, 'UDP'), Data Transferred: 209 bytes
[INFO] Flow: ('192.168.38.104', '8.8.8.8', 49584, 53, 'UDP'), Data Transferred: 99 bytes
[INFO] Flow: ('8.8.8.8', '192.168.38.104', 53, 49584, 'UDP'), Data Transferred: 174 bytes
[INFO] Flow: ('192.168.38.104', '8.8.8.8', 49585, 53, 'UDP'), Data Transferred: 83 bytes
{"message": "Detected DNS Query: b'+sorXMfa.madeupsetup.eu.' with encoding ascii", "timestamp": 1726414414.9947786, "attack_type": "DNS Query"}
{"message": "Decoded DNS Query: +sorXMfa.madeupsetup.eu.", "timestamp": 1726414415.1424177, "attack_type": "DNS Query"}
{"message": "Detected DNS Query: b'+sorXMfa.madeupsetup.eu.' with encoding ascii", "timestamp": 1726414415.3203886, "attack_type": "DNS Query"}
{"message": "Decoded DNS Query: +sorXMfa.madeupsetup.eu.", "timestamp": 1726414415.5024807, "attack_type": "DNS Query"}
{"message": "Intrusion Detected: Port scanning detected from 8.8.8.8", "timestamp": 1726414415.6364002, "attack_type": "Port Scan"}
{"message": "Detected DNS Query: b'+sorXMfa.madeupsetup.eu.us-west-1.ec2-utilities.amazonaws.com.' with encoding ascii", "timestamp": 1726414415.7870884, "attack_type": "DNS Query"}
{"message": "Decoded DNS Query: +sorXMfa.madeupsetup.eu.us-west-1.ec2-utilities.amazonaws.com.", "timestamp": 1726414415.8775613, "attack_type": "DNS Query"}
{"message": "Intrusion Detected: Possible DNS exfiltration in query +sorXMfa.madeupsetup.eu.us-west-1.ec2-utilities.amazonaws.com.", "timestamp": 1726414416.03096, "attack_type": "DNS Exfiltration"}
{"message": "Traffic Anomaly Detected: 192.168.38.104 shows sudden traffic spike. Current: 677, Avg: 209.2", "timestamp": 1726414416.2116804, "attack_type": "Traffic Anomaly"}
{"message": "Detected DNS Query: b'+sorXMfa.madeupsetup.eu.us-west-1.ec2-utilities.amazonaws.com.' with encoding ascii", "timestamp": 1726414416.3615754, "attack_type": "DNS Query"}
{"message": "Decoded DNS Query: +sorXMfa.madeupsetup.eu.us-west-1.ec2-utilities.amazonaws.com.", "timestamp": 1726414416.4982553, "attack_type": "DNS Query"}
{"message": "Intrusion Detected: Possible DNS exfiltration in query +sorXMfa.madeupsetup.eu.us-west-1.ec2-utilities.amazonaws.com.", "timestamp": 1726414416.648506, "attack_type": "DNS Exfiltration"}
{"message": "Intrusion Detected: Port scanning detected from 8.8.8.8", "timestamp": 1726414416.760856, "attack_type": "Port Scan"}
[INFO] Flow: ('8.8.8.8', '192.168.38.104', 53, 49585, 'UDP'), Data Transferred: 162 bytes
[INFO] Flow: ('192.168.38.104', '8.8.8.8', 49586, 53, 'UDP'), Data Transferred: 121 bytes
[INFO] Packet dropped: Invalid TCP packet characteristics
[INFO] Flow: ('192.168.38.104', '18.217.1.57', 63700, 80, 'TCP'), Data Transferred: 120 bytes
[INFO] Flow: ('18.217.1.57', '192.168.38.104', 80, 63699, 'TCP'), Data Transferred: 54 bytes
[INFO] Flow: ('18.217.1.57', '192.168.38.104', 80, 63699, 'TCP'), Data Transferred: 125 bytes
[INFO] Packet dropped: Invalid TCP packet characteristics
[INFO] Flow: ('192.168.38.104', '18.217.1.57', 63699, 80, 'TCP'), Data Transferred: 677 bytes
[INFO] Flow: ('8.8.8.8', '192.168.38.104', 53, 49586, 'UDP'), Data Transferred: 209 bytes
[INFO] Flow: ('192.168.38.104', '8.8.8.8', 49587, 53, 'UDP'), Data Transferred: 99 bytes
{"message": "Detected DNS Query: b'+sorXMfa.madeupsetup.eu.windomain.local.' with encoding ascii", "timestamp": 1726414417.052534, "attack_type": "DNS Query"}
{"message": "Decoded DNS Query: +sorXMfa.madeupsetup.eu.windomain.local.", "timestamp": 1726414417.2027972, "attack_type": "DNS Query"}
{"message": "Detected DNS Query: b'+sorXMfa.madeupsetup.eu.windomain.local.' with encoding ascii", "timestamp": 1726414417.3447714, "attack_type": "DNS Query"}
{"message": "Decoded DNS Query: +sorXMfa.madeupsetup.eu.windomain.local.", "timestamp": 1726414417.4447138, "attack_type": "DNS Query"}
{"message": "Intrusion Detected: Port scanning detected from 8.8.8.8", "timestamp": 1726414417.5858142, "attack_type": "Port Scan"}
{"message": "Detected DNS Query: b'5FALrYGV.madeupsetup.eu.' with encoding ascii", "timestamp": 1726414417.7364473, "attack_type": "DNS Query"}
{"message": "Decoded DNS Query: 5FALrYGV.madeupsetup.eu.", "timestamp": 1726414417.919537, "attack_type": "DNS Query"}
{"message": "Detected DNS Query: b'5FALrYGV.madeupsetup.eu.' with encoding ascii", "timestamp": 1726414418.1604156, "attack_type": "DNS Query"}
{"message": "Decoded DNS Query: 5FALrYGV.madeupsetup.eu.", "timestamp": 1726414418.353039, "attack_type": "DNS Query"}
{"message": "Intrusion Detected: Port scanning detected from 8.8.8.8", "timestamp": 1726414418.486857, "attack_type": "Port Scan"}
{"message": "Detected DNS Query: b'5FALrYGV.madeupsetup.eu.us-west-1.ec2-utilities.amazonaws.com.' with encoding ascii", "timestamp": 1726414418.569746, "attack_type": "DNS Query"}
{"message": "Decoded DNS Query: 5FALrYGV.madeupsetup.eu.us-west-1.ec2-utilities.amazonaws.com.", "timestamp": 1726414418.7200644, "attack_type": "DNS Query"}
{"message": "Intrusion Detected: Possible DNS exfiltration in query 5FALrYGV.madeupsetup.eu.us-west-1.ec2-utilities.amazonaws.com.", "timestamp": 1726414418.877948, "attack_type": "DNS Exfiltration"}
{"message": "Detected DNS Query: b'5FALrYGV.madeupsetup.eu.us-west-1.ec2-utilities.amazonaws.com.' with encoding ascii", "timestamp": 1726414419.019764, "attack_type": "DNS Query"}
{"message": "Decoded DNS Query: 5FALrYGV.madeupsetup.eu.us-west-1.ec2-utilities.amazonaws.com.", "timestamp": 1726414419.1607695, "attack_type": "DNS Query"}
{"message": "Intrusion Detected: Possible DNS exfiltration in query 5FALrYGV.madeupsetup.eu.us-west-1.ec2-utilities.amazonaws.com.", "timestamp": 1726414419.3106859, "attack_type": "DNS Exfiltration"}
{"message": "Intrusion Detected: Port scanning detected from 8.8.8.8", "timestamp": 1726414419.460861, "attack_type": "Port Scan"}
{"message": "Detected DNS Query: b'5FALrYGV.madeupsetup.eu.windomain.local.' with encoding ascii", "timestamp": 1726414419.6367016, "attack_type": "DNS Query"}
{"message": "Decoded DNS Query: 5FALrYGV.madeupsetup.eu.windomain.local.", "timestamp": 1726414419.777593, "attack_type": "DNS Query"}
{"message": "Detected DNS Query: b'5FALrYGV.madeupsetup.eu.windomain.local.' with encoding ascii", "timestamp": 1726414419.8785436, "attack_type": "DNS Query"}
{"message": "Decoded DNS Query: 5FALrYGV.madeupsetup.eu.windomain.local.", "timestamp": 1726414420.0357845, "attack_type": "DNS Query"}
{"message": "Intrusion Detected: Port scanning detected from 8.8.8.8", "timestamp": 1726414420.1717417, "attack_type": "Port Scan"}
{"message": "Detected DNS Query: b'eu71Cs0V.madeupsetup.eu.' with encoding ascii", "timestamp": 1726414420.35266, "attack_type": "DNS Query"}
{"message": "Decoded DNS Query: eu71Cs0V.madeupsetup.eu.", "timestamp": 1726414420.4856646, "attack_type": "DNS Query"}
[INFO] Flow: ('8.8.8.8', '192.168.38.104', 53, 49587, 'UDP'), Data Transferred: 174 bytes
[INFO] Flow: ('192.168.38.104', '8.8.8.8', 49588, 53, 'UDP'), Data Transferred: 83 bytes
[INFO] Packet dropped: Invalid TCP packet characteristics
[INFO] Flow: ('8.8.8.8', '192.168.38.104', 53, 49588, 'UDP'), Data Transferred: 162 bytes
[INFO] Flow: ('192.168.38.104', '8.8.8.8', 49589, 53, 'UDP'), Data Transferred: 121 bytes
[INFO] Flow: ('8.8.8.8', '192.168.38.104', 53, 49589, 'UDP'), Data Transferred: 221 bytes
[INFO] Flow: ('192.168.38.104', '8.8.8.8', 49590, 53, 'UDP'), Data Transferred: 99 bytes
[INFO] Flow: ('8.8.8.8', '192.168.38.104', 53, 49590, 'UDP'), Data Transferred: 174 bytes
[INFO] Flow: ('192.168.38.104', '8.8.8.8', 49591, 53, 'UDP'), Data Transferred: 83 bytes
[INFO] Flow: ('18.217.1.57', '192.168.38.104', 80, 63699, 'TCP'), Data Transferred: 179 bytes
{"message": "Slowloris attack detected from 192.168.38.104: 57 half-open connections.", "timestamp": 1726414420.621013, "attack_type": "Slowloris Attack"}
{"message": "Intrusion Detected: HTTP Covert Channel Detected in User-Agent: Mozilla/5.0 (Windows NT 10.0; Win64; x64) AppleWebKit/537.36 (KHTML, like Gecko) Chrome/84.0.4147.105 Safari/537.36", "timestamp": 1726414420.769467, "attack_type": "HTTP Covert Channel"}
{"message": "Traffic Anomaly Detected: 192.168.38.104 shows sudden traffic spike. Current: 623, Avg: 209.2", "timestamp": 1726414420.9360852, "attack_type": "Traffic Anomaly"}
{"message": "Detected DNS Query: b'eu71Cs0V.madeupsetup.eu.' with encoding ascii", "timestamp": 1726414421.0439923, "attack_type": "DNS Query"}
{"message": "Decoded DNS Query: eu71Cs0V.madeupsetup.eu.", "timestamp": 1726414421.2280629, "attack_type": "DNS Query"}
{"message": "Intrusion Detected: Port scanning detected from 8.8.8.8", "timestamp": 1726414421.377618, "attack_type": "Port Scan"}
{"message": "Detected DNS Query: b'eu71Cs0V.madeupsetup.eu.us-west-1.ec2-utilities.amazonaws.com.' with encoding ascii", "timestamp": 1726414421.5115235, "attack_type": "DNS Query"}
{"message": "Decoded DNS Query: eu71Cs0V.madeupsetup.eu.us-west-1.ec2-utilities.amazonaws.com.", "timestamp": 1726414421.6607451, "attack_type": "DNS Query"}
{"message": "Intrusion Detected: Possible DNS exfiltration in query eu71Cs0V.madeupsetup.eu.us-west-1.ec2-utilities.amazonaws.com.", "timestamp": 1726414421.82725, "attack_type": "DNS Exfiltration"}
{"message": "Detected DNS Query: b'eu71Cs0V.madeupsetup.eu.us-west-1.ec2-utilities.amazonaws.com.' with encoding ascii", "timestamp": 1726414422.0032353, "attack_type": "DNS Query"}
{"message": "Decoded DNS Query: eu71Cs0V.madeupsetup.eu.us-west-1.ec2-utilities.amazonaws.com.", "timestamp": 1726414422.1446602, "attack_type": "DNS Query"}
{"message": "Intrusion Detected: Possible DNS exfiltration in query eu71Cs0V.madeupsetup.eu.us-west-1.ec2-utilities.amazonaws.com.", "timestamp": 1726414422.302612, "attack_type": "DNS Exfiltration"}
{"message": "Intrusion Detected: Port scanning detected from 8.8.8.8", "timestamp": 1726414422.435292, "attack_type": "Port Scan"}
{"message": "Detected DNS Query: b'eu71Cs0V.madeupsetup.eu.windomain.local.' with encoding ascii", "timestamp": 1726414422.5945501, "attack_type": "DNS Query"}
{"message": "Decoded DNS Query: eu71Cs0V.madeupsetup.eu.windomain.local.", "timestamp": 1726414422.6684844, "attack_type": "DNS Query"}
{"message": "Detected DNS Query: b'eu71Cs0V.madeupsetup.eu.windomain.local.' with encoding ascii", "timestamp": 1726414422.803692, "attack_type": "DNS Query"}
{"message": "Decoded DNS Query: eu71Cs0V.madeupsetup.eu.windomain.local.", "timestamp": 1726414422.9277868, "attack_type": "DNS Query"}
{"message": "Intrusion Detected: Port scanning detected from 8.8.8.8", "timestamp": 1726414423.0699682, "attack_type": "Port Scan"}
[INFO] Flow: ('192.168.38.104', '18.217.1.57', 63701, 80, 'TCP'), Data Transferred: 66 bytes
[INFO] Flow: ('192.168.38.104', '18.217.1.57', 63700, 80, 'TCP'), Data Transferred: 623 bytes
[INFO] Flow: ('8.8.8.8', '192.168.38.104', 53, 49591, 'UDP'), Data Transferred: 162 bytes
[INFO] Flow: ('192.168.38.104', '8.8.8.8', 49592, 53, 'UDP'), Data Transferred: 121 bytes
[INFO] Flow: ('8.8.8.8', '192.168.38.104', 53, 49592, 'UDP'), Data Transferred: 209 bytes
[INFO] Flow: ('192.168.38.104', '8.8.8.8', 49593, 53, 'UDP'), Data Transferred: 99 bytes
[INFO] Packet dropped: Invalid TCP packet characteristics
[INFO] Flow: ('192.168.38.104', '18.217.1.57', 63701, 80, 'TCP'), Data Transferred: 120 bytes
[INFO] Flow: ('8.8.8.8', '192.168.38.104', 53, 49593, 'UDP'), Data Transferred: 174 bytes
[INFO] Flow: ('192.168.38.104', '8.8.8.8', 49594, 53, 'UDP'), Data Transferred: 83 bytes
{"message": "Detected DNS Query: b'dxr+G/kl.madeupsetup.eu.' with encoding ascii", "timestamp": 1726414423.1523845, "attack_type": "DNS Query"}
{"message": "Decoded DNS Query: dxr+G/kl.madeupsetup.eu.", "timestamp": 1726414423.286788, "attack_type": "DNS Query"}
{"message": "Traffic Anomaly Detected: 192.168.38.104 shows sudden traffic spike. Current: 677, Avg: 209.2", "timestamp": 1726414423.427934, "attack_type": "Traffic Anomaly"}
{"message": "Detected DNS Query: b'dxr+G/kl.madeupsetup.eu.' with encoding ascii", "timestamp": 1726414423.602395, "attack_type": "DNS Query"}
{"message": "Decoded DNS Query: dxr+G/kl.madeupsetup.eu.", "timestamp": 1726414423.7689552, "attack_type": "DNS Query"}
{"message": "Intrusion Detected: Port scanning detected from 8.8.8.8", "timestamp": 1726414423.902708, "attack_type": "Port Scan"}
{"message": "Detected DNS Query: b'dxr+G/kl.madeupsetup.eu.us-west-1.ec2-utilities.amazonaws.com.' with encoding ascii", "timestamp": 1726414423.995184, "attack_type": "DNS Query"}
{"message": "Decoded DNS Query: dxr+G/kl.madeupsetup.eu.us-west-1.ec2-utilities.amazonaws.com.", "timestamp": 1726414424.1273215, "attack_type": "DNS Query"}
{"message": "Intrusion Detected: Possible DNS exfiltration in query dxr+G/kl.madeupsetup.eu.us-west-1.ec2-utilities.amazonaws.com.", "timestamp": 1726414424.2688498, "attack_type": "DNS Exfiltration"}
{"message": "Detected DNS Query: b'dxr+G/kl.madeupsetup.eu.us-west-1.ec2-utilities.amazonaws.com.' with encoding ascii", "timestamp": 1726414424.3945189, "attack_type": "DNS Query"}
{"message": "Decoded DNS Query: dxr+G/kl.madeupsetup.eu.us-west-1.ec2-utilities.amazonaws.com.", "timestamp": 1726414424.5272677, "attack_type": "DNS Query"}
{"message": "Intrusion Detected: Possible DNS exfiltration in query dxr+G/kl.madeupsetup.eu.us-west-1.ec2-utilities.amazonaws.com.", "timestamp": 1726414424.6026573, "attack_type": "DNS Exfiltration"}
{"message": "Intrusion Detected: Port scanning detected from 8.8.8.8", "timestamp": 1726414424.819309, "attack_type": "Port Scan"}
{"message": "Detected DNS Query: b'dxr+G/kl.madeupsetup.eu.windomain.local.' with encoding ascii", "timestamp": 1726414424.9864242, "attack_type": "DNS Query"}
{"message": "Decoded DNS Query: dxr+G/kl.madeupsetup.eu.windomain.local.", "timestamp": 1726414425.1439106, "attack_type": "DNS Query"}
[INFO] Flow: ('18.217.1.57', '192.168.38.104', 80, 63700, 'TCP'), Data Transferred: 54 bytes
[INFO] Flow: ('18.217.1.57', '192.168.38.104', 80, 63700, 'TCP'), Data Transferred: 125 bytes
[INFO] Packet dropped: Invalid TCP packet characteristics
[INFO] Flow: ('192.168.38.104', '18.217.1.57', 63700, 80, 'TCP'), Data Transferred: 677 bytes
[INFO] Packet dropped: Invalid TCP packet characteristics
[INFO] Flow: ('8.8.8.8', '192.168.38.104', 53, 49594, 'UDP'), Data Transferred: 162 bytes
[INFO] Flow: ('192.168.38.104', '8.8.8.8', 49595, 53, 'UDP'), Data Transferred: 121 bytes
[INFO] Flow: ('8.8.8.8', '192.168.38.104', 53, 49595, 'UDP'), Data Transferred: 209 bytes
[INFO] Flow: ('192.168.38.104', '8.8.8.8', 49596, 53, 'UDP'), Data Transferred: 99 bytes
[INFO] Flow: ('8.8.8.8', '192.168.38.104', 53, 49596, 'UDP'), Data Transferred: 174 bytes
{"message": "Detected DNS Query: b'dxr+G/kl.madeupsetup.eu.windomain.local.' with encoding ascii", "timestamp": 1726414425.2450845, "attack_type": "DNS Query"}
{"message": "Decoded DNS Query: dxr+G/kl.madeupsetup.eu.windomain.local.", "timestamp": 1726414425.419415, "attack_type": "DNS Query"}
{"message": "Intrusion Detected: Port scanning detected from 8.8.8.8", "timestamp": 1726414425.552573, "attack_type": "Port Scan"}
{"message": "Detected DNS Query: b'0gHMI0EI.madeupsetup.eu.' with encoding ascii", "timestamp": 1726414425.7194057, "attack_type": "DNS Query"}
{"message": "Decoded DNS Query: 0gHMI0EI.madeupsetup.eu.", "timestamp": 1726414425.893658, "attack_type": "DNS Query"}
{"message": "Detected DNS Query: b'0gHMI0EI.madeupsetup.eu.' with encoding ascii", "timestamp": 1726414426.03648, "attack_type": "DNS Query"}
{"message": "Decoded DNS Query: 0gHMI0EI.madeupsetup.eu.", "timestamp": 1726414426.193946, "attack_type": "DNS Query"}
{"message": "Intrusion Detected: Port scanning detected from 8.8.8.8", "timestamp": 1726414426.310764, "attack_type": "Port Scan"}
{"message": "Detected DNS Query: b'0gHMI0EI.madeupsetup.eu.us-west-1.ec2-utilities.amazonaws.com.' with encoding ascii", "timestamp": 1726414426.478102, "attack_type": "DNS Query"}
{"message": "Decoded DNS Query: 0gHMI0EI.madeupsetup.eu.us-west-1.ec2-utilities.amazonaws.com.", "timestamp": 1726414426.6189802, "attack_type": "DNS Query"}
{"message": "Intrusion Detected: Possible DNS exfiltration in query 0gHMI0EI.madeupsetup.eu.us-west-1.ec2-utilities.amazonaws.com.", "timestamp": 1726414426.768847, "attack_type": "DNS Exfiltration"}
{"message": "Detected DNS Query: b'0gHMI0EI.madeupsetup.eu.us-west-1.ec2-utilities.amazonaws.com.' with encoding ascii", "timestamp": 1726414426.910864, "attack_type": "DNS Query"}
{"message": "Decoded DNS Query: 0gHMI0EI.madeupsetup.eu.us-west-1.ec2-utilities.amazonaws.com.", "timestamp": 1726414427.0856762, "attack_type": "DNS Query"}
{"message": "Intrusion Detected: Possible DNS exfiltration in query 0gHMI0EI.madeupsetup.eu.us-west-1.ec2-utilities.amazonaws.com.", "timestamp": 1726414427.2355957, "attack_type": "DNS Exfiltration"}
{"message": "Intrusion Detected: Port scanning detected from 8.8.8.8", "timestamp": 1726414427.393622, "attack_type": "Port Scan"}
{"message": "Detected DNS Query: b'0gHMI0EI.madeupsetup.eu.windomain.local.' with encoding ascii", "timestamp": 1726414427.5685503, "attack_type": "DNS Query"}
{"message": "Decoded DNS Query: 0gHMI0EI.madeupsetup.eu.windomain.local.", "timestamp": 1726414427.7357147, "attack_type": "DNS Query"}
{"message": "Detected DNS Query: b'0gHMI0EI.madeupsetup.eu.windomain.local.' with encoding ascii", "timestamp": 1726414427.9111848, "attack_type": "DNS Query"}
{"message": "Decoded DNS Query: 0gHMI0EI.madeupsetup.eu.windomain.local.", "timestamp": 1726414428.035378, "attack_type": "DNS Query"}
{"message": "Intrusion Detected: Port scanning detected from 8.8.8.8", "timestamp": 1726414428.135669, "attack_type": "Port Scan"}
{"message": "Detected DNS Query: b'4n+wg52s.madeupsetup.eu.' with encoding ascii", "timestamp": 1726414428.294427, "attack_type": "DNS Query"}
{"message": "Decoded DNS Query: 4n+wg52s.madeupsetup.eu.", "timestamp": 1726414428.4525137, "attack_type": "DNS Query"}
{"message": "Slowloris attack detected from 192.168.38.104: 58 half-open connections.", "timestamp": 1726414428.6270783, "attack_type": "Slowloris Attack"}
[INFO] Flow: ('192.168.38.104', '8.8.8.8', 49597, 53, 'UDP'), Data Transferred: 83 bytes
[INFO] Flow: ('18.217.1.57', '192.168.38.104', 80, 63700, 'TCP'), Data Transferred: 179 bytes
[INFO] Flow: ('8.8.8.8', '192.168.38.104', 53, 49597, 'UDP'), Data Transferred: 162 bytes
[INFO] Flow: ('192.168.38.104', '8.8.8.8', 49598, 53, 'UDP'), Data Transferred: 121 bytes
[INFO] Flow: ('8.8.8.8', '192.168.38.104', 53, 49598, 'UDP'), Data Transferred: 209 bytes
[INFO] Flow: ('192.168.38.104', '8.8.8.8', 49599, 53, 'UDP'), Data Transferred: 99 bytes
[INFO] Flow: ('8.8.8.8', '192.168.38.104', 53, 49599, 'UDP'), Data Transferred: 174 bytes
[INFO] Flow: ('192.168.38.104', '8.8.8.8', 49600, 53, 'UDP'), Data Transferred: 83 bytes
[INFO] Flow: ('192.168.38.104', '18.217.1.57', 63702, 80, 'TCP'), Data Transferred: 66 bytes
[INFO] Flow: ('192.168.38.104', '18.217.1.57', 63701, 80, 'TCP'), Data Transferred: 623 bytes
{"message": "Intrusion Detected: HTTP Covert Channel Detected in User-Agent: Mozilla/5.0 (Windows NT 10.0; Win64; x64) AppleWebKit/537.36 (KHTML, like Gecko) Chrome/84.0.4147.105 Safari/537.36", "timestamp": 1726414428.7686713, "attack_type": "HTTP Covert Channel"}
{"message": "Traffic Anomaly Detected: 192.168.38.104 shows sudden traffic spike. Current: 623, Avg: 205.5", "timestamp": 1726414428.9105327, "attack_type": "Traffic Anomaly"}
{"message": "Detected DNS Query: b'4n+wg52s.madeupsetup.eu.' with encoding ascii", "timestamp": 1726414429.0692906, "attack_type": "DNS Query"}
{"message": "Decoded DNS Query: 4n+wg52s.madeupsetup.eu.", "timestamp": 1726414429.2277062, "attack_type": "DNS Query"}
{"message": "Intrusion Detected: Port scanning detected from 8.8.8.8", "timestamp": 1726414429.3355408, "attack_type": "Port Scan"}
{"message": "Detected DNS Query: b'4n+wg52s.madeupsetup.eu.us-west-1.ec2-utilities.amazonaws.com.' with encoding ascii", "timestamp": 1726414429.4858875, "attack_type": "DNS Query"}
{"message": "Decoded DNS Query: 4n+wg52s.madeupsetup.eu.us-west-1.ec2-utilities.amazonaws.com.", "timestamp": 1726414429.6436217, "attack_type": "DNS Query"}
{"message": "Intrusion Detected: Possible DNS exfiltration in query 4n+wg52s.madeupsetup.eu.us-west-1.ec2-utilities.amazonaws.com.", "timestamp": 1726414429.7850475, "attack_type": "DNS Exfiltration"}
{"message": "Detected DNS Query: b'4n+wg52s.madeupsetup.eu.us-west-1.ec2-utilities.amazonaws.com.' with encoding ascii", "timestamp": 1726414429.9365404, "attack_type": "DNS Query"}
{"message": "Decoded DNS Query: 4n+wg52s.madeupsetup.eu.us-west-1.ec2-utilities.amazonaws.com.", "timestamp": 1726414430.0932977, "attack_type": "DNS Query"}
{"message": "Intrusion Detected: Possible DNS exfiltration in query 4n+wg52s.madeupsetup.eu.us-west-1.ec2-utilities.amazonaws.com.", "timestamp": 1726414430.193687, "attack_type": "DNS Exfiltration"}
{"message": "Intrusion Detected: Port scanning detected from 8.8.8.8", "timestamp": 1726414430.327324, "attack_type": "Port Scan"}
{"message": "Detected DNS Query: b'4n+wg52s.madeupsetup.eu.windomain.local.' with encoding ascii", "timestamp": 1726414430.469404, "attack_type": "DNS Query"}
{"message": "Decoded DNS Query: 4n+wg52s.madeupsetup.eu.windomain.local.", "timestamp": 1726414430.6271079, "attack_type": "DNS Query"}
{"message": "Detected DNS Query: b'4n+wg52s.madeupsetup.eu.windomain.local.' with encoding ascii", "timestamp": 1726414430.8023534, "attack_type": "DNS Query"}
{"message": "Decoded DNS Query: 4n+wg52s.madeupsetup.eu.windomain.local.", "timestamp": 1726414430.934641, "attack_type": "DNS Query"}
{"message": "Intrusion Detected: Port scanning detected from 8.8.8.8", "timestamp": 1726414431.1103992, "attack_type": "Port Scan"}
{"message": "Detected DNS Query: b'9bgMWa5Z.madeupsetup.eu.' with encoding ascii", "timestamp": 1726414431.260569, "attack_type": "DNS Query"}
{"message": "Decoded DNS Query: 9bgMWa5Z.madeupsetup.eu.", "timestamp": 1726414431.4346757, "attack_type": "DNS Query"}
[INFO] Flow: ('8.8.8.8', '192.168.38.104', 53, 49600, 'UDP'), Data Transferred: 162 bytes
[INFO] Flow: ('192.168.38.104', '8.8.8.8', 49601, 53, 'UDP'), Data Transferred: 121 bytes
[INFO] Flow: ('8.8.8.8', '192.168.38.104', 53, 49601, 'UDP'), Data Transferred: 221 bytes
[INFO] Flow: ('192.168.38.104', '8.8.8.8', 49602, 53, 'UDP'), Data Transferred: 99 bytes
[INFO] Flow: ('8.8.8.8', '192.168.38.104', 53, 49602, 'UDP'), Data Transferred: 174 bytes
[INFO] Flow: ('192.168.38.104', '8.8.8.8', 49603, 53, 'UDP'), Data Transferred: 83 bytes
[INFO] Packet dropped: Invalid TCP packet characteristics
[INFO] Flow: ('192.168.38.104', '18.217.1.57', 63702, 80, 'TCP'), Data Transferred: 120 bytes
[INFO] Flow: ('18.217.1.57', '192.168.38.104', 80, 63701, 'TCP'), Data Transferred: 54 bytes
[INFO] Flow: ('18.217.1.57', '192.168.38.104', 80, 63701, 'TCP'), Data Transferred: 125 bytes
{"message": "Traffic Anomaly Detected: 192.168.38.104 shows sudden traffic spike. Current: 677, Avg: 209.2", "timestamp": 1726414431.5615723, "attack_type": "Traffic Anomaly"}
{"message": "Detected DNS Query: b'9bgMWa5Z.madeupsetup.eu.' with encoding ascii", "timestamp": 1726414431.8079429, "attack_type": "DNS Query"}
{"message": "Decoded DNS Query: 9bgMWa5Z.madeupsetup.eu.", "timestamp": 1726414431.9764812, "attack_type": "DNS Query"}
{"message": "Intrusion Detected: Port scanning detected from 8.8.8.8", "timestamp": 1726414432.135943, "attack_type": "Port Scan"}
{"message": "Detected DNS Query: b'9bgMWa5Z.madeupsetup.eu.us-west-1.ec2-utilities.amazonaws.com.' with encoding ascii", "timestamp": 1726414432.2356617, "attack_type": "DNS Query"}
{"message": "Decoded DNS Query: 9bgMWa5Z.madeupsetup.eu.us-west-1.ec2-utilities.amazonaws.com.", "timestamp": 1726414432.3854706, "attack_type": "DNS Query"}
{"message": "Intrusion Detected: Possible DNS exfiltration in query 9bgMWa5Z.madeupsetup.eu.us-west-1.ec2-utilities.amazonaws.com.", "timestamp": 1726414432.519152, "attack_type": "DNS Exfiltration"}
{"message": "Detected DNS Query: b'9bgMWa5Z.madeupsetup.eu.us-west-1.ec2-utilities.amazonaws.com.' with encoding ascii", "timestamp": 1726414432.6765547, "attack_type": "DNS Query"}
{"message": "Decoded DNS Query: 9bgMWa5Z.madeupsetup.eu.us-west-1.ec2-utilities.amazonaws.com.", "timestamp": 1726414432.8434932, "attack_type": "DNS Query"}
{"message": "Intrusion Detected: Possible DNS exfiltration in query 9bgMWa5Z.madeupsetup.eu.us-west-1.ec2-utilities.amazonaws.com.", "timestamp": 1726414432.993574, "attack_type": "DNS Exfiltration"}
{"message": "Intrusion Detected: Port scanning detected from 8.8.8.8", "timestamp": 1726414433.1346447, "attack_type": "Port Scan"}
{"message": "Detected DNS Query: b'9bgMWa5Z.madeupsetup.eu.windomain.local.' with encoding ascii", "timestamp": 1726414433.3672318, "attack_type": "DNS Query"}
{"message": "Decoded DNS Query: 9bgMWa5Z.madeupsetup.eu.windomain.local.", "timestamp": 1726414433.4766953, "attack_type": "DNS Query"}
{"message": "Detected DNS Query: b'9bgMWa5Z.madeupsetup.eu.windomain.local.' with encoding ascii", "timestamp": 1726414433.7264957, "attack_type": "DNS Query"}
{"message": "Decoded DNS Query: 9bgMWa5Z.madeupsetup.eu.windomain.local.", "timestamp": 1726414433.8267255, "attack_type": "DNS Query"}
{"message": "Intrusion Detected: Port scanning detected from 8.8.8.8", "timestamp": 1726414433.9681387, "attack_type": "Port Scan"}
[INFO] Packet dropped: Invalid TCP packet characteristics
[INFO] Flow: ('192.168.38.104', '18.217.1.57', 63701, 80, 'TCP'), Data Transferred: 677 bytes
[INFO] Packet dropped: Invalid TCP packet characteristics
[INFO] Flow: ('18.217.1.57', '192.168.38.104', 80, 63701, 'TCP'), Data Transferred: 179 bytes
[INFO] Flow: ('8.8.8.8', '192.168.38.104', 53, 49603, 'UDP'), Data Transferred: 162 bytes
[INFO] Flow: ('192.168.38.104', '8.8.8.8', 49604, 53, 'UDP'), Data Transferred: 121 bytes
[INFO] Flow: ('8.8.8.8', '192.168.38.104', 53, 49604, 'UDP'), Data Transferred: 209 bytes
[INFO] Flow: ('192.168.38.104', '8.8.8.8', 49605, 53, 'UDP'), Data Transferred: 99 bytes
[INFO] Flow: ('8.8.8.8', '192.168.38.104', 53, 49605, 'UDP'), Data Transferred: 174 bytes
[INFO] Flow: ('192.168.38.104', '8.8.8.8', 49606, 53, 'UDP'), Data Transferred: 83 bytes
{"message": "Detected DNS Query: b'bh2L8TFp.madeupsetup.eu.' with encoding ascii", "timestamp": 1726414434.1353443, "attack_type": "DNS Query"}
{"message": "Decoded DNS Query: bh2L8TFp.madeupsetup.eu.", "timestamp": 1726414434.3354027, "attack_type": "DNS Query"}
{"message": "Detected DNS Query: b'bh2L8TFp.madeupsetup.eu.' with encoding ascii", "timestamp": 1726414434.4607232, "attack_type": "DNS Query"}
{"message": "Decoded DNS Query: bh2L8TFp.madeupsetup.eu.", "timestamp": 1726414434.6013796, "attack_type": "DNS Query"}
{"message": "Intrusion Detected: Port scanning detected from 8.8.8.8", "timestamp": 1726414434.743756, "attack_type": "Port Scan"}
{"message": "Detected DNS Query: b'bh2L8TFp.madeupsetup.eu.us-west-1.ec2-utilities.amazonaws.com.' with encoding ascii", "timestamp": 1726414434.8267448, "attack_type": "DNS Query"}
{"message": "Decoded DNS Query: bh2L8TFp.madeupsetup.eu.us-west-1.ec2-utilities.amazonaws.com.", "timestamp": 1726414434.9679842, "attack_type": "DNS Query"}
{"message": "Intrusion Detected: Possible DNS exfiltration in query bh2L8TFp.madeupsetup.eu.us-west-1.ec2-utilities.amazonaws.com.", "timestamp": 1726414435.1096454, "attack_type": "DNS Exfiltration"}
{"message": "Detected DNS Query: b'bh2L8TFp.madeupsetup.eu.us-west-1.ec2-utilities.amazonaws.com.' with encoding ascii", "timestamp": 1726414435.2355723, "attack_type": "DNS Query"}
{"message": "Decoded DNS Query: bh2L8TFp.madeupsetup.eu.us-west-1.ec2-utilities.amazonaws.com.", "timestamp": 1726414435.3101637, "attack_type": "DNS Query"}
{"message": "Intrusion Detected: Possible DNS exfiltration in query bh2L8TFp.madeupsetup.eu.us-west-1.ec2-utilities.amazonaws.com.", "timestamp": 1726414435.4435897, "attack_type": "DNS Exfiltration"}
{"message": "Intrusion Detected: Port scanning detected from 8.8.8.8", "timestamp": 1726414435.601921, "attack_type": "Port Scan"}
{"message": "Detected DNS Query: b'bh2L8TFp.madeupsetup.eu.windomain.local.' with encoding ascii", "timestamp": 1726414435.7438703, "attack_type": "DNS Query"}
{"message": "Decoded DNS Query: bh2L8TFp.madeupsetup.eu.windomain.local.", "timestamp": 1726414435.8771424, "attack_type": "DNS Query"}
{"message": "Slowloris attack detected from 192.168.38.104: 59 half-open connections.", "timestamp": 1726414436.069088, "attack_type": "Slowloris Attack"}
{"message": "Intrusion Detected: HTTP Covert Channel Detected in User-Agent: Mozilla/5.0 (Windows NT 10.0; Win64; x64) AppleWebKit/537.36 (KHTML, like Gecko) Chrome/84.0.4147.105 Safari/537.36", "timestamp": 1726414436.235907, "attack_type": "HTTP Covert Channel"}
{"message": "Traffic Anomaly Detected: 192.168.38.104 shows sudden traffic spike. Current: 623, Avg: 209.2", "timestamp": 1726414436.4009836, "attack_type": "Traffic Anomaly"}
{"message": "Detected DNS Query: b'bh2L8TFp.madeupsetup.eu.windomain.local.' with encoding ascii", "timestamp": 1726414436.56938, "attack_type": "DNS Query"}
{"message": "Decoded DNS Query: bh2L8TFp.madeupsetup.eu.windomain.local.", "timestamp": 1726414436.693344, "attack_type": "DNS Query"}
{"message": "Intrusion Detected: Port scanning detected from 8.8.8.8", "timestamp": 1726414436.8349576, "attack_type": "Port Scan"}
{"message": "Detected DNS Query: b'6YyOean+.madeupsetup.eu.' with encoding ascii", "timestamp": 1726414436.9183037, "attack_type": "DNS Query"}
{"message": "Decoded DNS Query: 6YyOean+.madeupsetup.eu.", "timestamp": 1726414437.1009154, "attack_type": "DNS Query"}
[INFO] Flow: ('8.8.8.8', '192.168.38.104', 53, 49606, 'UDP'), Data Transferred: 162 bytes
[INFO] Flow: ('192.168.38.104', '8.8.8.8', 49607, 53, 'UDP'), Data Transferred: 121 bytes
[INFO] Flow: ('8.8.8.8', '192.168.38.104', 53, 49607, 'UDP'), Data Transferred: 209 bytes
[INFO] Flow: ('192.168.38.104', '8.8.8.8', 49608, 53, 'UDP'), Data Transferred: 99 bytes
[INFO] Flow: ('192.168.38.104', '18.217.1.57', 63703, 80, 'TCP'), Data Transferred: 66 bytes
[INFO] Flow: ('192.168.38.104', '18.217.1.57', 63702, 80, 'TCP'), Data Transferred: 623 bytes
[INFO] Flow: ('8.8.8.8', '192.168.38.104', 53, 49608, 'UDP'), Data Transferred: 174 bytes
[INFO] Flow: ('192.168.38.104', '8.8.8.8', 49609, 53, 'UDP'), Data Transferred: 83 bytes
[INFO] Packet dropped: Invalid TCP packet characteristics
[INFO] Flow: ('192.168.38.104', '18.217.1.57', 63703, 80, 'TCP'), Data Transferred: 120 bytes
{"message": "Traffic Anomaly Detected: 192.168.38.104 shows sudden traffic spike. Current: 677, Avg: 209.2", "timestamp": 1726414437.3165805, "attack_type": "Traffic Anomaly"}
{"message": "Detected DNS Query: b'6YyOean+.madeupsetup.eu.' with encoding ascii", "timestamp": 1726414437.4265738, "attack_type": "DNS Query"}
{"message": "Decoded DNS Query: 6YyOean+.madeupsetup.eu.", "timestamp": 1726414437.550897, "attack_type": "DNS Query"}
{"message": "Intrusion Detected: Port scanning detected from 8.8.8.8", "timestamp": 1726414437.7347019, "attack_type": "Port Scan"}
{"message": "Detected DNS Query: b'6YyOean+.madeupsetup.eu.us-west-1.ec2-utilities.amazonaws.com.' with encoding ascii", "timestamp": 1726414437.89265, "attack_type": "DNS Query"}
{"message": "Decoded DNS Query: 6YyOean+.madeupsetup.eu.us-west-1.ec2-utilities.amazonaws.com.", "timestamp": 1726414438.018382, "attack_type": "DNS Query"}
{"message": "Intrusion Detected: Possible DNS exfiltration in query 6YyOean+.madeupsetup.eu.us-west-1.ec2-utilities.amazonaws.com.", "timestamp": 1726414438.1677637, "attack_type": "DNS Exfiltration"}
{"message": "Detected DNS Query: b'6YyOean+.madeupsetup.eu.us-west-1.ec2-utilities.amazonaws.com.' with encoding ascii", "timestamp": 1726414438.2613044, "attack_type": "DNS Query"}
{"message": "Decoded DNS Query: 6YyOean+.madeupsetup.eu.us-west-1.ec2-utilities.amazonaws.com.", "timestamp": 1726414438.400942, "attack_type": "DNS Query"}
{"message": "Intrusion Detected: Possible DNS exfiltration in query 6YyOean+.madeupsetup.eu.us-west-1.ec2-utilities.amazonaws.com.", "timestamp": 1726414438.559747, "attack_type": "DNS Exfiltration"}
{"message": "Intrusion Detected: Port scanning detected from 8.8.8.8", "timestamp": 1726414438.71767, "attack_type": "Port Scan"}
{"message": "Detected DNS Query: b'6YyOean+.madeupsetup.eu.windomain.local.' with encoding ascii", "timestamp": 1726414438.8514647, "attack_type": "DNS Query"}
{"message": "Decoded DNS Query: 6YyOean+.madeupsetup.eu.windomain.local.", "timestamp": 1726414438.9847324, "attack_type": "DNS Query"}
[INFO] Flow: ('18.217.1.57', '192.168.38.104', 80, 63702, 'TCP'), Data Transferred: 54 bytes
[INFO] Flow: ('18.217.1.57', '192.168.38.104', 80, 63702, 'TCP'), Data Transferred: 125 bytes
[INFO] Packet dropped: Invalid TCP packet characteristics
[INFO] Flow: ('192.168.38.104', '18.217.1.57', 63702, 80, 'TCP'), Data Transferred: 677 bytes
[INFO] Flow: ('8.8.8.8', '192.168.38.104', 53, 49609, 'UDP'), Data Transferred: 162 bytes
[INFO] Flow: ('192.168.38.104', '8.8.8.8', 49610, 53, 'UDP'), Data Transferred: 121 bytes
[INFO] Packet dropped: Invalid TCP packet characteristics
[INFO] Flow: ('8.8.8.8', '192.168.38.104', 53, 49610, 'UDP'), Data Transferred: 209 bytes
[INFO] Flow: ('192.168.38.104', '8.8.8.8', 49611, 53, 'UDP'), Data Transferred: 99 bytes
[INFO] Flow: ('8.8.8.8', '192.168.38.104', 53, 49611, 'UDP'), Data Transferred: 174 bytes
{"message": "Detected DNS Query: b'6YyOean+.madeupsetup.eu.windomain.local.' with encoding ascii", "timestamp": 1726414439.1189027, "attack_type": "DNS Query"}
{"message": "Decoded DNS Query: 6YyOean+.madeupsetup.eu.windomain.local.", "timestamp": 1726414439.1935837, "attack_type": "DNS Query"}
{"message": "Intrusion Detected: Port scanning detected from 8.8.8.8", "timestamp": 1726414439.360564, "attack_type": "Port Scan"}
{"message": "Detected DNS Query: b'Ften8lLo.madeupsetup.eu.' with encoding ascii", "timestamp": 1726414439.5101118, "attack_type": "DNS Query"}
{"message": "Decoded DNS Query: Ften8lLo.madeupsetup.eu.", "timestamp": 1726414439.684932, "attack_type": "DNS Query"}
{"message": "Detected DNS Query: b'Ften8lLo.madeupsetup.eu.' with encoding ascii", "timestamp": 1726414439.8186228, "attack_type": "DNS Query"}
{"message": "Decoded DNS Query: Ften8lLo.madeupsetup.eu.", "timestamp": 1726414439.893306, "attack_type": "DNS Query"}
{"message": "Intrusion Detected: Port scanning detected from 8.8.8.8", "timestamp": 1726414440.0434954, "attack_type": "Port Scan"}
{"message": "Detected DNS Query: b'Ften8lLo.madeupsetup.eu.us-west-1.ec2-utilities.amazonaws.com.' with encoding ascii", "timestamp": 1726414440.1938381, "attack_type": "DNS Query"}
{"message": "Decoded DNS Query: Ften8lLo.madeupsetup.eu.us-west-1.ec2-utilities.amazonaws.com.", "timestamp": 1726414440.3597271, "attack_type": "DNS Query"}
{"message": "Intrusion Detected: Possible DNS exfiltration in query Ften8lLo.madeupsetup.eu.us-west-1.ec2-utilities.amazonaws.com.", "timestamp": 1726414440.5104506, "attack_type": "DNS Exfiltration"}
{"message": "Detected DNS Query: b'Ften8lLo.madeupsetup.eu.us-west-1.ec2-utilities.amazonaws.com.' with encoding ascii", "timestamp": 1726414440.6437669, "attack_type": "DNS Query"}
{"message": "Decoded DNS Query: Ften8lLo.madeupsetup.eu.us-west-1.ec2-utilities.amazonaws.com.", "timestamp": 1726414440.7762687, "attack_type": "DNS Query"}
{"message": "Intrusion Detected: Possible DNS exfiltration in query Ften8lLo.madeupsetup.eu.us-west-1.ec2-utilities.amazonaws.com.", "timestamp": 1726414440.8770149, "attack_type": "DNS Exfiltration"}
{"message": "Intrusion Detected: Port scanning detected from 8.8.8.8", "timestamp": 1726414441.0100253, "attack_type": "Port Scan"}
{"message": "Detected DNS Query: b'Ften8lLo.madeupsetup.eu.windomain.local.' with encoding ascii", "timestamp": 1726414441.1769502, "attack_type": "DNS Query"}
{"message": "Decoded DNS Query: Ften8lLo.madeupsetup.eu.windomain.local.", "timestamp": 1726414441.310088, "attack_type": "DNS Query"}
{"message": "Detected DNS Query: b'Ften8lLo.madeupsetup.eu.windomain.local.' with encoding ascii", "timestamp": 1726414441.41948, "attack_type": "DNS Query"}
{"message": "Decoded DNS Query: Ften8lLo.madeupsetup.eu.windomain.local.", "timestamp": 1726414441.534635, "attack_type": "DNS Query"}
{"message": "Intrusion Detected: Port scanning detected from 8.8.8.8", "timestamp": 1726414441.668267, "attack_type": "Port Scan"}
{"message": "Detected DNS Query: b'2CscKL+3.madeupsetup.eu.' with encoding ascii", "timestamp": 1726414441.8350596, "attack_type": "DNS Query"}
{"message": "Decoded DNS Query: 2CscKL+3.madeupsetup.eu.", "timestamp": 1726414441.975752, "attack_type": "DNS Query"}
{"message": "Detected DNS Query: b'2CscKL+3.madeupsetup.eu.' with encoding ascii", "timestamp": 1726414442.1188776, "attack_type": "DNS Query"}
{"message": "Decoded DNS Query: 2CscKL+3.madeupsetup.eu.", "timestamp": 1726414442.2846818, "attack_type": "DNS Query"}
{"message": "Intrusion Detected: Port scanning detected from 8.8.8.8", "timestamp": 1726414442.4266696, "attack_type": "Port Scan"}
[INFO] Flow: ('192.168.38.104', '8.8.8.8', 49612, 53, 'UDP'), Data Transferred: 83 bytes
[INFO] Flow: ('8.8.8.8', '192.168.38.104', 53, 49612, 'UDP'), Data Transferred: 162 bytes
[INFO] Flow: ('192.168.38.104', '8.8.8.8', 49613, 53, 'UDP'), Data Transferred: 121 bytes
[INFO] Flow: ('8.8.8.8', '192.168.38.104', 53, 49613, 'UDP'), Data Transferred: 209 bytes
[INFO] Flow: ('192.168.38.104', '8.8.8.8', 49614, 53, 'UDP'), Data Transferred: 99 bytes
[INFO] Flow: ('18.217.1.57', '192.168.38.104', 80, 63702, 'TCP'), Data Transferred: 179 bytes
[INFO] Flow: ('8.8.8.8', '192.168.38.104', 53, 49614, 'UDP'), Data Transferred: 174 bytes
[INFO] Flow: ('192.168.38.104', '8.8.8.8', 49615, 53, 'UDP'), Data Transferred: 83 bytes
[INFO] Flow: ('8.8.8.8', '192.168.38.104', 53, 49615, 'UDP'), Data Transferred: 162 bytes
[INFO] Flow: ('192.168.38.104', '8.8.8.8', 49616, 53, 'UDP'), Data Transferred: 121 bytes
{"message": "Detected DNS Query: b'2CscKL+3.madeupsetup.eu.us-west-1.ec2-utilities.amazonaws.com.' with encoding ascii", "timestamp": 1726414442.5517097, "attack_type": "DNS Query"}
{"message": "Decoded DNS Query: 2CscKL+3.madeupsetup.eu.us-west-1.ec2-utilities.amazonaws.com.", "timestamp": 1726414442.7664917, "attack_type": "DNS Query"}
{"message": "Intrusion Detected: Possible DNS exfiltration in query 2CscKL+3.madeupsetup.eu.us-west-1.ec2-utilities.amazonaws.com.", "timestamp": 1726414442.9180732, "attack_type": "DNS Exfiltration"}
{"message": "Detected DNS Query: b'2CscKL+3.madeupsetup.eu.us-west-1.ec2-utilities.amazonaws.com.' with encoding ascii", "timestamp": 1726414443.0854313, "attack_type": "DNS Query"}
{"message": "Decoded DNS Query: 2CscKL+3.madeupsetup.eu.us-west-1.ec2-utilities.amazonaws.com.", "timestamp": 1726414443.2347963, "attack_type": "DNS Query"}
{"message": "Intrusion Detected: Possible DNS exfiltration in query 2CscKL+3.madeupsetup.eu.us-west-1.ec2-utilities.amazonaws.com.", "timestamp": 1726414443.393348, "attack_type": "DNS Exfiltration"}
{"message": "Intrusion Detected: Port scanning detected from 8.8.8.8", "timestamp": 1726414443.5348406, "attack_type": "Port Scan"}
{"message": "Detected DNS Query: b'2CscKL+3.madeupsetup.eu.windomain.local.' with encoding ascii", "timestamp": 1726414443.669836, "attack_type": "DNS Query"}
{"message": "Decoded DNS Query: 2CscKL+3.madeupsetup.eu.windomain.local.", "timestamp": 1726414443.826643, "attack_type": "DNS Query"}
{"message": "Detected DNS Query: b'2CscKL+3.madeupsetup.eu.windomain.local.' with encoding ascii", "timestamp": 1726414444.3051238, "attack_type": "DNS Query"}
{"message": "Decoded DNS Query: 2CscKL+3.madeupsetup.eu.windomain.local.", "timestamp": 1726414444.4099383, "attack_type": "DNS Query"}
{"message": "Intrusion Detected: Port scanning detected from 8.8.8.8", "timestamp": 1726414444.543297, "attack_type": "Port Scan"}
{"message": "Detected DNS Query: b'L/5yYuuf.madeupsetup.eu.' with encoding ascii", "timestamp": 1726414444.7433534, "attack_type": "DNS Query"}
{"message": "Decoded DNS Query: L/5yYuuf.madeupsetup.eu.", "timestamp": 1726414444.900585, "attack_type": "DNS Query"}
{"message": "Slowloris attack detected from 192.168.38.104: 60 half-open connections.", "timestamp": 1726414445.0425103, "attack_type": "Slowloris Attack"}
{"message": "Intrusion Detected: HTTP Covert Channel Detected in User-Agent: Mozilla/5.0 (Windows NT 10.0; Win64; x64) AppleWebKit/537.36 (KHTML, like Gecko) Chrome/84.0.4147.105 Safari/537.36", "timestamp": 1726414445.176214, "attack_type": "HTTP Covert Channel"}
{"message": "Traffic Anomaly Detected: 192.168.38.104 shows sudden traffic spike. Current: 623, Avg: 147.7", "timestamp": 1726414445.30133, "attack_type": "Traffic Anomaly"}
{"message": "Detected DNS Query: b'L/5yYuuf.madeupsetup.eu.' with encoding ascii", "timestamp": 1726414445.400829, "attack_type": "DNS Query"}
{"message": "Decoded DNS Query: L/5yYuuf.madeupsetup.eu.", "timestamp": 1726414445.5510814, "attack_type": "DNS Query"}
{"message": "Intrusion Detected: Port scanning detected from 8.8.8.8", "timestamp": 1726414445.7093854, "attack_type": "Port Scan"}
{"message": "Detected DNS Query: b'L/5yYuuf.madeupsetup.eu.us-west-1.ec2-utilities.amazonaws.com.' with encoding ascii", "timestamp": 1726414445.8508205, "attack_type": "DNS Query"}
{"message": "Decoded DNS Query: L/5yYuuf.madeupsetup.eu.us-west-1.ec2-utilities.amazonaws.com.", "timestamp": 1726414446.0014145, "attack_type": "DNS Query"}
{"message": "Intrusion Detected: Possible DNS exfiltration in query L/5yYuuf.madeupsetup.eu.us-west-1.ec2-utilities.amazonaws.com.", "timestamp": 1726414446.1425595, "attack_type": "DNS Exfiltration"}
{"message": "Detected DNS Query: b'L/5yYuuf.madeupsetup.eu.us-west-1.ec2-utilities.amazonaws.com.' with encoding ascii", "timestamp": 1726414446.2769318, "attack_type": "DNS Query"}
{"message": "Decoded DNS Query: L/5yYuuf.madeupsetup.eu.us-west-1.ec2-utilities.amazonaws.com.", "timestamp": 1726414446.3675885, "attack_type": "DNS Query"}
{"message": "Intrusion Detected: Possible DNS exfiltration in query L/5yYuuf.madeupsetup.eu.us-west-1.ec2-utilities.amazonaws.com.", "timestamp": 1726414446.5174885, "attack_type": "DNS Exfiltration"}
{"message": "Intrusion Detected: Port scanning detected from 8.8.8.8", "timestamp": 1726414446.667876, "attack_type": "Port Scan"}
[INFO] Flow: ('8.8.8.8', '192.168.38.104', 53, 49616, 'UDP'), Data Transferred: 209 bytes
[INFO] Flow: ('192.168.38.104', '8.8.8.8', 49617, 53, 'UDP'), Data Transferred: 99 bytes
[INFO] Flow: ('8.8.8.8', '192.168.38.104', 53, 49617, 'UDP'), Data Transferred: 174 bytes
[INFO] Flow: ('192.168.38.104', '8.8.8.8', 49618, 53, 'UDP'), Data Transferred: 83 bytes
[INFO] Flow: ('192.168.38.104', '18.217.1.57', 63704, 80, 'TCP'), Data Transferred: 66 bytes
[INFO] Flow: ('192.168.38.104', '18.217.1.57', 63703, 80, 'TCP'), Data Transferred: 623 bytes
[INFO] Flow: ('8.8.8.8', '192.168.38.104', 53, 49618, 'UDP'), Data Transferred: 162 bytes
[INFO] Flow: ('192.168.38.104', '8.8.8.8', 49619, 53, 'UDP'), Data Transferred: 121 bytes
[INFO] Flow: ('8.8.8.8', '192.168.38.104', 53, 49619, 'UDP'), Data Transferred: 209 bytes
[INFO] Flow: ('192.168.38.104', '8.8.8.8', 49620, 53, 'UDP'), Data Transferred: 99 bytes
{"message": "Detected DNS Query: b'L/5yYuuf.madeupsetup.eu.windomain.local.' with encoding ascii", "timestamp": 1726414446.7929273, "attack_type": "DNS Query"}
{"message": "Decoded DNS Query: L/5yYuuf.madeupsetup.eu.windomain.local.", "timestamp": 1726414446.9346542, "attack_type": "DNS Query"}
{"message": "Detected DNS Query: b'L/5yYuuf.madeupsetup.eu.windomain.local.' with encoding ascii", "timestamp": 1726414447.0017436, "attack_type": "DNS Query"}
{"message": "Decoded DNS Query: L/5yYuuf.madeupsetup.eu.windomain.local.", "timestamp": 1726414447.2092812, "attack_type": "DNS Query"}
{"message": "Intrusion Detected: Port scanning detected from 8.8.8.8", "timestamp": 1726414447.3594217, "attack_type": "Port Scan"}
{"message": "Detected DNS Query: b'H5RvSugA.madeupsetup.eu.' with encoding ascii", "timestamp": 1726414447.4426014, "attack_type": "DNS Query"}
{"message": "Decoded DNS Query: H5RvSugA.madeupsetup.eu.", "timestamp": 1726414447.576442, "attack_type": "DNS Query"}
{"message": "Detected DNS Query: b'H5RvSugA.madeupsetup.eu.' with encoding ascii", "timestamp": 1726414447.7179146, "attack_type": "DNS Query"}
{"message": "Decoded DNS Query: H5RvSugA.madeupsetup.eu.", "timestamp": 1726414447.8512087, "attack_type": "DNS Query"}
{"message": "Intrusion Detected: Port scanning detected from 8.8.8.8", "timestamp": 1726414448.0173922, "attack_type": "Port Scan"}
{"message": "Detected DNS Query: b'H5RvSugA.madeupsetup.eu.us-west-1.ec2-utilities.amazonaws.com.' with encoding ascii", "timestamp": 1726414448.1596444, "attack_type": "DNS Query"}
{"message": "Decoded DNS Query: H5RvSugA.madeupsetup.eu.us-west-1.ec2-utilities.amazonaws.com.", "timestamp": 1726414448.2924552, "attack_type": "DNS Query"}
{"message": "Intrusion Detected: Possible DNS exfiltration in query H5RvSugA.madeupsetup.eu.us-west-1.ec2-utilities.amazonaws.com.", "timestamp": 1726414448.3348465, "attack_type": "DNS Exfiltration"}
[INFO] Flow: ('8.8.8.8', '192.168.38.104', 53, 49620, 'UDP'), Data Transferred: 174 bytes
[INFO] Flow: ('192.168.38.104', '8.8.8.8', 49621, 53, 'UDP'), Data Transferred: 83 bytes
[INFO] Flow: ('8.8.8.8', '192.168.38.104', 53, 49621, 'UDP'), Data Transferred: 162 bytes
[INFO] Flow: ('192.168.38.104', '8.8.8.8', 49622, 53, 'UDP'), Data Transferred: 121 bytes
[INFO] Packet dropped: Invalid TCP packet characteristics
[INFO] Flow: ('192.168.38.104', '18.217.1.57', 63704, 80, 'TCP'), Data Transferred: 120 bytes
[INFO] Flow: ('18.217.1.57', '192.168.38.104', 80, 63703, 'TCP'), Data Transferred: 54 bytes
[INFO] Flow: ('18.217.1.57', '192.168.38.104', 80, 63703, 'TCP'), Data Transferred: 125 bytes
[INFO] Packet dropped: Invalid TCP packet characteristics
[INFO] Flow: ('192.168.38.104', '18.217.1.57', 63703, 80, 'TCP'), Data Transferred: 677 bytes
{"message": "Traffic Anomaly Detected: 192.168.38.104 shows sudden traffic spike. Current: 677, Avg: 209.2", "timestamp": 1726414448.4068685, "attack_type": "Traffic Anomaly"}
{"message": "Detected DNS Query: b'H5RvSugA.madeupsetup.eu.us-west-1.ec2-utilities.amazonaws.com.' with encoding ascii", "timestamp": 1726414448.5345073, "attack_type": "DNS Query"}
{"message": "Decoded DNS Query: H5RvSugA.madeupsetup.eu.us-west-1.ec2-utilities.amazonaws.com.", "timestamp": 1726414448.659579, "attack_type": "DNS Query"}
{"message": "Intrusion Detected: Possible DNS exfiltration in query H5RvSugA.madeupsetup.eu.us-west-1.ec2-utilities.amazonaws.com.", "timestamp": 1726414448.784835, "attack_type": "DNS Exfiltration"}
{"message": "Intrusion Detected: Port scanning detected from 8.8.8.8", "timestamp": 1726414448.917518, "attack_type": "Port Scan"}
{"message": "Detected DNS Query: b'H5RvSugA.madeupsetup.eu.windomain.local.' with encoding ascii", "timestamp": 1726414448.9932299, "attack_type": "DNS Query"}
{"message": "Decoded DNS Query: H5RvSugA.madeupsetup.eu.windomain.local.", "timestamp": 1726414449.1508691, "attack_type": "DNS Query"}
{"message": "Detected DNS Query: b'H5RvSugA.madeupsetup.eu.windomain.local.' with encoding ascii", "timestamp": 1726414449.2687387, "attack_type": "DNS Query"}
{"message": "Decoded DNS Query: H5RvSugA.madeupsetup.eu.windomain.local.", "timestamp": 1726414449.4093215, "attack_type": "DNS Query"}
{"message": "Detected DNS Query: b'YdfbP1UZ.madeupsetup.eu.' with encoding ascii", "timestamp": 1726414449.509707, "attack_type": "DNS Query"}
{"message": "Decoded DNS Query: YdfbP1UZ.madeupsetup.eu.", "timestamp": 1726414449.826427, "attack_type": "DNS Query"}
{"message": "Detected DNS Query: b'YdfbP1UZ.madeupsetup.eu.' with encoding ascii", "timestamp": 1726414449.9929497, "attack_type": "DNS Query"}
{"message": "Decoded DNS Query: YdfbP1UZ.madeupsetup.eu.", "timestamp": 1726414450.1348937, "attack_type": "DNS Query"}
{"message": "Detected DNS Query: b'YdfbP1UZ.madeupsetup.eu.us-west-1.ec2-utilities.amazonaws.com.' with encoding ascii", "timestamp": 1726414450.2594273, "attack_type": "DNS Query"}
{"message": "Decoded DNS Query: YdfbP1UZ.madeupsetup.eu.us-west-1.ec2-utilities.amazonaws.com.", "timestamp": 1726414450.367448, "attack_type": "DNS Query"}
{"message": "Intrusion Detected: Possible DNS exfiltration in query YdfbP1UZ.madeupsetup.eu.us-west-1.ec2-utilities.amazonaws.com.", "timestamp": 1726414450.5253634, "attack_type": "DNS Exfiltration"}
{"message": "Detected DNS Query: b'YdfbP1UZ.madeupsetup.eu.us-west-1.ec2-utilities.amazonaws.com.' with encoding ascii", "timestamp": 1726414450.6927867, "attack_type": "DNS Query"}
{"message": "Decoded DNS Query: YdfbP1UZ.madeupsetup.eu.us-west-1.ec2-utilities.amazonaws.com.", "timestamp": 1726414450.8257544, "attack_type": "DNS Query"}
{"message": "Intrusion Detected: Possible DNS exfiltration in query YdfbP1UZ.madeupsetup.eu.us-west-1.ec2-utilities.amazonaws.com.", "timestamp": 1726414450.9755957, "attack_type": "DNS Exfiltration"}
{"message": "Detected DNS Query: b'YdfbP1UZ.madeupsetup.eu.windomain.local.' with encoding ascii", "timestamp": 1726414451.1179526, "attack_type": "DNS Query"}
{"message": "Decoded DNS Query: YdfbP1UZ.madeupsetup.eu.windomain.local.", "timestamp": 1726414451.2501101, "attack_type": "DNS Query"}
[INFO] Packet dropped: Invalid TCP packet characteristics
[INFO] Flow: ('8.8.8.8', '192.168.38.104', 53, 49622, 'UDP'), Data Transferred: 209 bytes
[INFO] Flow: ('192.168.38.104', '8.8.8.8', 49623, 53, 'UDP'), Data Transferred: 99 bytes
[INFO] Flow: ('8.8.8.8', '192.168.38.104', 53, 49623, 'UDP'), Data Transferred: 174 bytes
[INFO] Flow: ('192.168.38.104', '8.8.8.8', 49624, 53, 'UDP'), Data Transferred: 83 bytes
[INFO] Flow: ('8.8.8.8', '192.168.38.104', 53, 49624, 'UDP'), Data Transferred: 162 bytes
[INFO] Flow: ('192.168.38.104', '8.8.8.8', 49625, 53, 'UDP'), Data Transferred: 121 bytes
[INFO] Flow: ('8.8.8.8', '192.168.38.104', 53, 49625, 'UDP'), Data Transferred: 209 bytes
[INFO] Flow: ('192.168.38.104', '8.8.8.8', 49626, 53, 'UDP'), Data Transferred: 99 bytes
[INFO] Flow: ('18.217.1.57', '192.168.38.104', 80, 63703, 'TCP'), Data Transferred: 179 bytes
{"message": "Detected DNS Query: b'YdfbP1UZ.madeupsetup.eu.windomain.local.' with encoding ascii", "timestamp": 1726414451.3849134, "attack_type": "DNS Query"}
{"message": "Decoded DNS Query: YdfbP1UZ.madeupsetup.eu.windomain.local.", "timestamp": 1726414451.475697, "attack_type": "DNS Query"}
{"message": "Detected DNS Query: b'I4U/5r2f.madeupsetup.eu.' with encoding ascii", "timestamp": 1726414451.6350229, "attack_type": "DNS Query"}
{"message": "Decoded DNS Query: I4U/5r2f.madeupsetup.eu.", "timestamp": 1726414451.767616, "attack_type": "DNS Query"}
{"message": "Detected DNS Query: b'I4U/5r2f.madeupsetup.eu.' with encoding ascii", "timestamp": 1726414451.8933682, "attack_type": "DNS Query"}
{"message": "Decoded DNS Query: I4U/5r2f.madeupsetup.eu.", "timestamp": 1726414452.058731, "attack_type": "DNS Query"}
{"message": "Detected DNS Query: b'I4U/5r2f.madeupsetup.eu.us-west-1.ec2-utilities.amazonaws.com.' with encoding ascii", "timestamp": 1726414452.2011077, "attack_type": "DNS Query"}
{"message": "Decoded DNS Query: I4U/5r2f.madeupsetup.eu.us-west-1.ec2-utilities.amazonaws.com.", "timestamp": 1726414452.2916238, "attack_type": "DNS Query"}
{"message": "Intrusion Detected: Possible DNS exfiltration in query I4U/5r2f.madeupsetup.eu.us-west-1.ec2-utilities.amazonaws.com.", "timestamp": 1726414452.4423456, "attack_type": "DNS Exfiltration"}
{"message": "Detected DNS Query: b'I4U/5r2f.madeupsetup.eu.us-west-1.ec2-utilities.amazonaws.com.' with encoding ascii", "timestamp": 1726414452.5764441, "attack_type": "DNS Query"}
{"message": "Decoded DNS Query: I4U/5r2f.madeupsetup.eu.us-west-1.ec2-utilities.amazonaws.com.", "timestamp": 1726414452.7099636, "attack_type": "DNS Query"}
{"message": "Intrusion Detected: Possible DNS exfiltration in query I4U/5r2f.madeupsetup.eu.us-west-1.ec2-utilities.amazonaws.com.", "timestamp": 1726414452.842407, "attack_type": "DNS Exfiltration"}
{"message": "Detected DNS Query: b'I4U/5r2f.madeupsetup.eu.windomain.local.' with encoding ascii", "timestamp": 1726414453.0017676, "attack_type": "DNS Query"}
{"message": "Decoded DNS Query: I4U/5r2f.madeupsetup.eu.windomain.local.", "timestamp": 1726414453.1657503, "attack_type": "DNS Query"}
{"message": "Detected DNS Query: b'I4U/5r2f.madeupsetup.eu.windomain.local.' with encoding ascii", "timestamp": 1726414453.318076, "attack_type": "DNS Query"}
{"message": "Decoded DNS Query: I4U/5r2f.madeupsetup.eu.windomain.local.", "timestamp": 1726414453.4675071, "attack_type": "DNS Query"}
{"message": "Detected DNS Query: b'1X/s/2vy.madeupsetup.eu.' with encoding ascii", "timestamp": 1726414453.6262586, "attack_type": "DNS Query"}
{"message": "Decoded DNS Query: 1X/s/2vy.madeupsetup.eu.", "timestamp": 1726414453.784177, "attack_type": "DNS Query"}
{"message": "Detected DNS Query: b'1X/s/2vy.madeupsetup.eu.' with encoding ascii", "timestamp": 1726414453.8931212, "attack_type": "DNS Query"}
{"message": "Decoded DNS Query: 1X/s/2vy.madeupsetup.eu.", "timestamp": 1726414454.075471, "attack_type": "DNS Query"}
[INFO] Flow: ('8.8.8.8', '192.168.38.104', 53, 49626, 'UDP'), Data Transferred: 174 bytes
[INFO] Flow: ('192.168.38.104', '8.8.8.8', 49627, 53, 'UDP'), Data Transferred: 83 bytes
[INFO] Flow: ('8.8.8.8', '192.168.38.104', 53, 49627, 'UDP'), Data Transferred: 162 bytes
[INFO] Flow: ('192.168.38.104', '8.8.8.8', 49628, 53, 'UDP'), Data Transferred: 121 bytes
[INFO] Flow: ('8.8.8.8', '192.168.38.104', 53, 49628, 'UDP'), Data Transferred: 209 bytes
[INFO] Flow: ('192.168.38.104', '8.8.8.8', 49629, 53, 'UDP'), Data Transferred: 99 bytes
[INFO] Flow: ('8.8.8.8', '192.168.38.104', 53, 49629, 'UDP'), Data Transferred: 174 bytes
[INFO] Flow: ('192.168.38.104', '8.8.8.8', 49630, 53, 'UDP'), Data Transferred: 83 bytes
[INFO] Flow: ('8.8.8.8', '192.168.38.104', 53, 49630, 'UDP'), Data Transferred: 162 bytes
[INFO] Flow: ('192.168.38.104', '8.8.8.8', 49631, 53, 'UDP'), Data Transferred: 121 bytes
{"message": "Detected DNS Query: b'1X/s/2vy.madeupsetup.eu.us-west-1.ec2-utilities.amazonaws.com.' with encoding ascii", "timestamp": 1726414454.2012298, "attack_type": "DNS Query"}
{"message": "Decoded DNS Query: 1X/s/2vy.madeupsetup.eu.us-west-1.ec2-utilities.amazonaws.com.", "timestamp": 1726414454.3512416, "attack_type": "DNS Query"}
{"message": "Intrusion Detected: Possible DNS exfiltration in query 1X/s/2vy.madeupsetup.eu.us-west-1.ec2-utilities.amazonaws.com.", "timestamp": 1726414454.4839737, "attack_type": "DNS Exfiltration"}
{"message": "Slowloris attack detected from 192.168.38.104: 61 half-open connections.", "timestamp": 1726414454.618965, "attack_type": "Slowloris Attack"}
{"message": "Detected DNS Query: b'1X/s/2vy.madeupsetup.eu.us-west-1.ec2-utilities.amazonaws.com.' with encoding ascii", "timestamp": 1726414454.7008338, "attack_type": "DNS Query"}
{"message": "Decoded DNS Query: 1X/s/2vy.madeupsetup.eu.us-west-1.ec2-utilities.amazonaws.com.", "timestamp": 1726414454.851006, "attack_type": "DNS Query"}
{"message": "Intrusion Detected: Possible DNS exfiltration in query 1X/s/2vy.madeupsetup.eu.us-west-1.ec2-utilities.amazonaws.com.", "timestamp": 1726414455.058413, "attack_type": "DNS Exfiltration"}
{"message": "Detected DNS Query: b'1X/s/2vy.madeupsetup.eu.windomain.local.' with encoding ascii", "timestamp": 1726414455.1925685, "attack_type": "DNS Query"}
{"message": "Decoded DNS Query: 1X/s/2vy.madeupsetup.eu.windomain.local.", "timestamp": 1726414455.3255095, "attack_type": "DNS Query"}
{"message": "Intrusion Detected: HTTP Covert Channel Detected in User-Agent: Mozilla/5.0 (Windows NT 10.0; Win64; x64) AppleWebKit/537.36 (KHTML, like Gecko) Chrome/84.0.4147.105 Safari/537.36", "timestamp": 1726414455.4086115, "attack_type": "HTTP Covert Channel"}
{"message": "Traffic Anomaly Detected: 192.168.38.104 shows sudden traffic spike. Current: 623, Avg: 151.5", "timestamp": 1726414455.5680983, "attack_type": "Traffic Anomaly"}
{"message": "Detected DNS Query: b'1X/s/2vy.madeupsetup.eu.windomain.local.' with encoding ascii", "timestamp": 1726414455.7343087, "attack_type": "DNS Query"}
{"message": "Decoded DNS Query: 1X/s/2vy.madeupsetup.eu.windomain.local.", "timestamp": 1726414455.900767, "attack_type": "DNS Query"}
{"message": "Detected DNS Query: b'O+PFxqfF.madeupsetup.eu.' with encoding ascii", "timestamp": 1726414456.0508587, "attack_type": "DNS Query"}
{"message": "Decoded DNS Query: O+PFxqfF.madeupsetup.eu.", "timestamp": 1726414456.1834989, "attack_type": "DNS Query"}
{"message": "Detected DNS Query: b'O+PFxqfF.madeupsetup.eu.' with encoding ascii", "timestamp": 1726414456.317735, "attack_type": "DNS Query"}
{"message": "Decoded DNS Query: O+PFxqfF.madeupsetup.eu.", "timestamp": 1726414456.475868, "attack_type": "DNS Query"}
{"message": "Intrusion Detected: Port scanning detected from 8.8.8.8", "timestamp": 1726414456.6165733, "attack_type": "Port Scan"}
{"message": "Detected DNS Query: b'O+PFxqfF.madeupsetup.eu.us-west-1.ec2-utilities.amazonaws.com.' with encoding ascii", "timestamp": 1726414456.7008855, "attack_type": "DNS Query"}
{"message": "Decoded DNS Query: O+PFxqfF.madeupsetup.eu.us-west-1.ec2-utilities.amazonaws.com.", "timestamp": 1726414456.8343086, "attack_type": "DNS Query"}
{"message": "Intrusion Detected: Possible DNS exfiltration in query O+PFxqfF.madeupsetup.eu.us-west-1.ec2-utilities.amazonaws.com.", "timestamp": 1726414456.9506679, "attack_type": "DNS Exfiltration"}
{"message": "Detected DNS Query: b'O+PFxqfF.madeupsetup.eu.us-west-1.ec2-utilities.amazonaws.com.' with encoding ascii", "timestamp": 1726414457.0844781, "attack_type": "DNS Query"}
{"message": "Decoded DNS Query: O+PFxqfF.madeupsetup.eu.us-west-1.ec2-utilities.amazonaws.com.", "timestamp": 1726414457.1673412, "attack_type": "DNS Query"}
{"message": "Intrusion Detected: Possible DNS exfiltration in query O+PFxqfF.madeupsetup.eu.us-west-1.ec2-utilities.amazonaws.com.", "timestamp": 1726414457.3165858, "attack_type": "DNS Exfiltration"}
{"message": "Intrusion Detected: Port scanning detected from 8.8.8.8", "timestamp": 1726414457.4676125, "attack_type": "Port Scan"}
[INFO] Flow: ('192.168.38.104', '18.217.1.57', 63705, 80, 'TCP'), Data Transferred: 66 bytes
[INFO] Flow: ('8.8.8.8', '192.168.38.104', 53, 49631, 'UDP'), Data Transferred: 209 bytes
[INFO] Flow: ('192.168.38.104', '8.8.8.8', 49632, 53, 'UDP'), Data Transferred: 99 bytes
[INFO] Flow: ('192.168.38.104', '18.217.1.57', 63704, 80, 'TCP'), Data Transferred: 623 bytes
[INFO] Flow: ('8.8.8.8', '192.168.38.104', 53, 49632, 'UDP'), Data Transferred: 174 bytes
[INFO] Flow: ('192.168.38.104', '8.8.8.8', 49633, 53, 'UDP'), Data Transferred: 83 bytes
[INFO] Flow: ('8.8.8.8', '192.168.38.104', 53, 49633, 'UDP'), Data Transferred: 162 bytes
[INFO] Flow: ('192.168.38.104', '8.8.8.8', 49634, 53, 'UDP'), Data Transferred: 121 bytes
[INFO] Flow: ('8.8.8.8', '192.168.38.104', 53, 49634, 'UDP'), Data Transferred: 209 bytes
[INFO] Flow: ('192.168.38.104', '8.8.8.8', 49635, 53, 'UDP'), Data Transferred: 99 bytes
{"message": "Detected DNS Query: b'O+PFxqfF.madeupsetup.eu.windomain.local.' with encoding ascii", "timestamp": 1726414457.60056, "attack_type": "DNS Query"}
{"message": "Decoded DNS Query: O+PFxqfF.madeupsetup.eu.windomain.local.", "timestamp": 1726414457.7337146, "attack_type": "DNS Query"}
{"message": "Traffic Anomaly Detected: 192.168.38.104 shows sudden traffic spike. Current: 677, Avg: 209.2", "timestamp": 1726414457.8257022, "attack_type": "Traffic Anomaly"}
{"message": "Detected DNS Query: b'O+PFxqfF.madeupsetup.eu.windomain.local.' with encoding ascii", "timestamp": 1726414457.9675264, "attack_type": "DNS Query"}
{"message": "Decoded DNS Query: O+PFxqfF.madeupsetup.eu.windomain.local.", "timestamp": 1726414458.116512, "attack_type": "DNS Query"}
{"message": "Intrusion Detected: Port scanning detected from 8.8.8.8", "timestamp": 1726414458.264726, "attack_type": "Port Scan"}
{"message": "Detected DNS Query: b'Ju4eCL8V.madeupsetup.eu.' with encoding ascii", "timestamp": 1726414458.4099379, "attack_type": "DNS Query"}
{"message": "Decoded DNS Query: Ju4eCL8V.madeupsetup.eu.", "timestamp": 1726414458.5840192, "attack_type": "DNS Query"}
[INFO] Packet dropped: Invalid TCP packet characteristics
[INFO] Flow: ('192.168.38.104', '18.217.1.57', 63705, 80, 'TCP'), Data Transferred: 120 bytes
[INFO] Flow: ('18.217.1.57', '192.168.38.104', 80, 63704, 'TCP'), Data Transferred: 54 bytes
[INFO] Flow: ('18.217.1.57', '192.168.38.104', 80, 63704, 'TCP'), Data Transferred: 125 bytes
[INFO] Packet dropped: Invalid TCP packet characteristics
[INFO] Flow: ('192.168.38.104', '18.217.1.57', 63704, 80, 'TCP'), Data Transferred: 677 bytes
[INFO] Packet dropped: Invalid TCP packet characteristics
[INFO] Flow: ('8.8.8.8', '192.168.38.104', 53, 49635, 'UDP'), Data Transferred: 174 bytes
[INFO] Flow: ('192.168.38.104', '8.8.8.8', 49636, 53, 'UDP'), Data Transferred: 83 bytes
[INFO] Flow: ('8.8.8.8', '192.168.38.104', 53, 49636, 'UDP'), Data Transferred: 162 bytes
{"message": "Detected DNS Query: b'Ju4eCL8V.madeupsetup.eu.' with encoding ascii", "timestamp": 1726414458.7344916, "attack_type": "DNS Query"}
{"message": "Decoded DNS Query: Ju4eCL8V.madeupsetup.eu.", "timestamp": 1726414458.8665586, "attack_type": "DNS Query"}
{"message": "Intrusion Detected: Port scanning detected from 8.8.8.8", "timestamp": 1726414459.0337505, "attack_type": "Port Scan"}
{"message": "Detected DNS Query: b'Ju4eCL8V.madeupsetup.eu.us-west-1.ec2-utilities.amazonaws.com.' with encoding ascii", "timestamp": 1726414459.1836991, "attack_type": "DNS Query"}
{"message": "Decoded DNS Query: Ju4eCL8V.madeupsetup.eu.us-west-1.ec2-utilities.amazonaws.com.", "timestamp": 1726414459.333424, "attack_type": "DNS Query"}
{"message": "Intrusion Detected: Possible DNS exfiltration in query Ju4eCL8V.madeupsetup.eu.us-west-1.ec2-utilities.amazonaws.com.", "timestamp": 1726414459.4166439, "attack_type": "DNS Exfiltration"}
{"message": "Detected DNS Query: b'Ju4eCL8V.madeupsetup.eu.us-west-1.ec2-utilities.amazonaws.com.' with encoding ascii", "timestamp": 1726414459.5508416, "attack_type": "DNS Query"}
{"message": "Decoded DNS Query: Ju4eCL8V.madeupsetup.eu.us-west-1.ec2-utilities.amazonaws.com.", "timestamp": 1726414459.684031, "attack_type": "DNS Query"}
{"message": "Intrusion Detected: Possible DNS exfiltration in query Ju4eCL8V.madeupsetup.eu.us-west-1.ec2-utilities.amazonaws.com.", "timestamp": 1726414459.8166187, "attack_type": "DNS Exfiltration"}
{"message": "Intrusion Detected: Port scanning detected from 8.8.8.8", "timestamp": 1726414459.9416564, "attack_type": "Port Scan"}
{"message": "Detected DNS Query: b'Ju4eCL8V.madeupsetup.eu.windomain.local.' with encoding ascii", "timestamp": 1726414460.083891, "attack_type": "DNS Query"}
{"message": "Decoded DNS Query: Ju4eCL8V.madeupsetup.eu.windomain.local.", "timestamp": 1726414460.216652, "attack_type": "DNS Query"}
{"message": "Detected DNS Query: b'Ju4eCL8V.madeupsetup.eu.windomain.local.' with encoding ascii", "timestamp": 1726414460.3101678, "attack_type": "DNS Query"}
{"message": "Decoded DNS Query: Ju4eCL8V.madeupsetup.eu.windomain.local.", "timestamp": 1726414460.4753685, "attack_type": "DNS Query"}
{"message": "Intrusion Detected: Port scanning detected from 8.8.8.8", "timestamp": 1726414460.6090305, "attack_type": "Port Scan"}
{"message": "Detected DNS Query: b'JBfOkBIE.madeupsetup.eu.' with encoding ascii", "timestamp": 1726414460.7758713, "attack_type": "DNS Query"}
{"message": "Decoded DNS Query: JBfOkBIE.madeupsetup.eu.", "timestamp": 1726414460.941761, "attack_type": "DNS Query"}
{"message": "Detected DNS Query: b'JBfOkBIE.madeupsetup.eu.' with encoding ascii", "timestamp": 1726414461.08444, "attack_type": "DNS Query"}
{"message": "Decoded DNS Query: JBfOkBIE.madeupsetup.eu.", "timestamp": 1726414461.2249203, "attack_type": "DNS Query"}
{"message": "Intrusion Detected: Port scanning detected from 8.8.8.8", "timestamp": 1726414461.309165, "attack_type": "Port Scan"}
{"message": "Detected DNS Query: b'JBfOkBIE.madeupsetup.eu.us-west-1.ec2-utilities.amazonaws.com.' with encoding ascii", "timestamp": 1726414461.4523838, "attack_type": "DNS Query"}
{"message": "Decoded DNS Query: JBfOkBIE.madeupsetup.eu.us-west-1.ec2-utilities.amazonaws.com.", "timestamp": 1726414461.6000438, "attack_type": "DNS Query"}
{"message": "Intrusion Detected: Possible DNS exfiltration in query JBfOkBIE.madeupsetup.eu.us-west-1.ec2-utilities.amazonaws.com.", "timestamp": 1726414461.7664766, "attack_type": "DNS Exfiltration"}
{"message": "Detected DNS Query: b'JBfOkBIE.madeupsetup.eu.us-west-1.ec2-utilities.amazonaws.com.' with encoding ascii", "timestamp": 1726414461.9331784, "attack_type": "DNS Query"}
{"message": "Decoded DNS Query: JBfOkBIE.madeupsetup.eu.us-west-1.ec2-utilities.amazonaws.com.", "timestamp": 1726414462.0833733, "attack_type": "DNS Query"}
{"message": "Intrusion Detected: Possible DNS exfiltration in query JBfOkBIE.madeupsetup.eu.us-west-1.ec2-utilities.amazonaws.com.", "timestamp": 1726414462.2082875, "attack_type": "DNS Exfiltration"}
{"message": "Intrusion Detected: Port scanning detected from 8.8.8.8", "timestamp": 1726414462.3998337, "attack_type": "Port Scan"}
[INFO] Flow: ('192.168.38.104', '8.8.8.8', 49637, 53, 'UDP'), Data Transferred: 121 bytes
[INFO] Flow: ('8.8.8.8', '192.168.38.104', 53, 49637, 'UDP'), Data Transferred: 221 bytes
[INFO] Flow: ('192.168.38.104', '8.8.8.8', 49638, 53, 'UDP'), Data Transferred: 99 bytes
[INFO] Flow: ('8.8.8.8', '192.168.38.104', 53, 49638, 'UDP'), Data Transferred: 174 bytes
[INFO] Flow: ('192.168.38.104', '8.8.8.8', 49639, 53, 'UDP'), Data Transferred: 83 bytes
[INFO] Flow: ('18.217.1.57', '192.168.38.104', 80, 63704, 'TCP'), Data Transferred: 179 bytes
[INFO] Flow: ('8.8.8.8', '192.168.38.104', 53, 49639, 'UDP'), Data Transferred: 162 bytes
[INFO] Flow: ('192.168.38.104', '8.8.8.8', 49640, 53, 'UDP'), Data Transferred: 121 bytes
[INFO] Flow: ('8.8.8.8', '192.168.38.104', 53, 49640, 'UDP'), Data Transferred: 209 bytes
[INFO] Flow: ('192.168.38.104', '8.8.8.8', 49641, 53, 'UDP'), Data Transferred: 99 bytes
{"message": "Detected DNS Query: b'JBfOkBIE.madeupsetup.eu.windomain.local.' with encoding ascii", "timestamp": 1726414462.5595217, "attack_type": "DNS Query"}
{"message": "Decoded DNS Query: JBfOkBIE.madeupsetup.eu.windomain.local.", "timestamp": 1726414462.7174768, "attack_type": "DNS Query"}
{"message": "Detected DNS Query: b'JBfOkBIE.madeupsetup.eu.windomain.local.' with encoding ascii", "timestamp": 1726414462.8585577, "attack_type": "DNS Query"}
{"message": "Decoded DNS Query: JBfOkBIE.madeupsetup.eu.windomain.local.", "timestamp": 1726414462.9339783, "attack_type": "DNS Query"}
{"message": "Intrusion Detected: Port scanning detected from 8.8.8.8", "timestamp": 1726414463.1247115, "attack_type": "Port Scan"}
{"message": "Detected DNS Query: b'0bLbK94Z.madeupsetup.eu.' with encoding ascii", "timestamp": 1726414463.2930698, "attack_type": "DNS Query"}
{"message": "Decoded DNS Query: 0bLbK94Z.madeupsetup.eu.", "timestamp": 1726414463.4423516, "attack_type": "DNS Query"}
{"message": "Slowloris attack detected from 192.168.38.104: 62 half-open connections.", "timestamp": 1726414463.5835683, "attack_type": "Slowloris Attack"}
{"message": "Intrusion Detected: HTTP Covert Channel Detected in User-Agent: Mozilla/5.0 (Windows NT 10.0; Win64; x64) AppleWebKit/537.36 (KHTML, like Gecko) Chrome/84.0.4147.105 Safari/537.36", "timestamp": 1726414463.7426097, "attack_type": "HTTP Covert Channel"}
{"message": "Traffic Anomaly Detected: 192.168.38.104 shows sudden traffic spike. Current: 623, Avg: 205.5", "timestamp": 1726414463.8983042, "attack_type": "Traffic Anomaly"}
{"message": "Detected DNS Query: b'0bLbK94Z.madeupsetup.eu.' with encoding ascii", "timestamp": 1726414464.0086663, "attack_type": "DNS Query"}
{"message": "Decoded DNS Query: 0bLbK94Z.madeupsetup.eu.", "timestamp": 1726414464.158164, "attack_type": "DNS Query"}
{"message": "Intrusion Detected: Port scanning detected from 8.8.8.8", "timestamp": 1726414464.3089235, "attack_type": "Port Scan"}
{"message": "Detected DNS Query: b'0bLbK94Z.madeupsetup.eu.us-west-1.ec2-utilities.amazonaws.com.' with encoding ascii", "timestamp": 1726414464.4687412, "attack_type": "DNS Query"}
{"message": "Decoded DNS Query: 0bLbK94Z.madeupsetup.eu.us-west-1.ec2-utilities.amazonaws.com.", "timestamp": 1726414464.6262329, "attack_type": "DNS Query"}
{"message": "Intrusion Detected: Possible DNS exfiltration in query 0bLbK94Z.madeupsetup.eu.us-west-1.ec2-utilities.amazonaws.com.", "timestamp": 1726414464.7916663, "attack_type": "DNS Exfiltration"}
{"message": "Detected DNS Query: b'0bLbK94Z.madeupsetup.eu.us-west-1.ec2-utilities.amazonaws.com.' with encoding ascii", "timestamp": 1726414464.9173014, "attack_type": "DNS Query"}
{"message": "Decoded DNS Query: 0bLbK94Z.madeupsetup.eu.us-west-1.ec2-utilities.amazonaws.com.", "timestamp": 1726414465.0746317, "attack_type": "DNS Query"}
{"message": "Intrusion Detected: Possible DNS exfiltration in query 0bLbK94Z.madeupsetup.eu.us-west-1.ec2-utilities.amazonaws.com.", "timestamp": 1726414465.2337084, "attack_type": "DNS Exfiltration"}
{"message": "Intrusion Detected: Port scanning detected from 8.8.8.8", "timestamp": 1726414465.400182, "attack_type": "Port Scan"}
{"message": "Detected DNS Query: b'0bLbK94Z.madeupsetup.eu.windomain.local.' with encoding ascii", "timestamp": 1726414465.5337982, "attack_type": "DNS Query"}
{"message": "Decoded DNS Query: 0bLbK94Z.madeupsetup.eu.windomain.local.", "timestamp": 1726414465.6417465, "attack_type": "DNS Query"}
[INFO] Flow: ('8.8.8.8', '192.168.38.104', 53, 49641, 'UDP'), Data Transferred: 174 bytes
[INFO] Flow: ('192.168.38.104', '8.8.8.8', 49642, 53, 'UDP'), Data Transferred: 83 bytes
[INFO] Flow: ('192.168.38.104', '18.217.1.57', 63706, 80, 'TCP'), Data Transferred: 66 bytes
[INFO] Flow: ('192.168.38.104', '18.217.1.57', 63705, 80, 'TCP'), Data Transferred: 623 bytes
[INFO] Flow: ('8.8.8.8', '192.168.38.104', 53, 49642, 'UDP'), Data Transferred: 162 bytes
[INFO] Flow: ('192.168.38.104', '8.8.8.8', 49643, 53, 'UDP'), Data Transferred: 121 bytes
[INFO] Flow: ('8.8.8.8', '192.168.38.104', 53, 49643, 'UDP'), Data Transferred: 209 bytes
[INFO] Flow: ('192.168.38.104', '8.8.8.8', 49644, 53, 'UDP'), Data Transferred: 99 bytes
[INFO] Packet dropped: Invalid TCP packet characteristics
[INFO] Flow: ('192.168.38.104', '18.217.1.57', 63706, 80, 'TCP'), Data Transferred: 120 bytes
{"message": "Traffic Anomaly Detected: 192.168.38.104 shows sudden traffic spike. Current: 677, Avg: 209.2", "timestamp": 1726414465.8092997, "attack_type": "Traffic Anomaly"}
{"message": "Detected DNS Query: b'0bLbK94Z.madeupsetup.eu.windomain.local.' with encoding ascii", "timestamp": 1726414466.173589, "attack_type": "DNS Query"}
{"message": "Decoded DNS Query: 0bLbK94Z.madeupsetup.eu.windomain.local.", "timestamp": 1726414466.258523, "attack_type": "DNS Query"}
{"message": "Intrusion Detected: Port scanning detected from 8.8.8.8", "timestamp": 1726414466.3911164, "attack_type": "Port Scan"}
{"message": "Detected DNS Query: b'tEWQ8ZAi.madeupsetup.eu.' with encoding ascii", "timestamp": 1726414466.550858, "attack_type": "DNS Query"}
{"message": "Decoded DNS Query: tEWQ8ZAi.madeupsetup.eu.", "timestamp": 1726414466.699859, "attack_type": "DNS Query"}
{"message": "Detected DNS Query: b'tEWQ8ZAi.madeupsetup.eu.' with encoding ascii", "timestamp": 1726414466.8837094, "attack_type": "DNS Query"}
{"message": "Decoded DNS Query: tEWQ8ZAi.madeupsetup.eu.", "timestamp": 1726414467.0575974, "attack_type": "DNS Query"}
{"message": "Intrusion Detected: Port scanning detected from 8.8.8.8", "timestamp": 1726414467.2244306, "attack_type": "Port Scan"}
{"message": "Detected DNS Query: b'tEWQ8ZAi.madeupsetup.eu.us-west-1.ec2-utilities.amazonaws.com.' with encoding ascii", "timestamp": 1726414467.3846545, "attack_type": "DNS Query"}
{"message": "Decoded DNS Query: tEWQ8ZAi.madeupsetup.eu.us-west-1.ec2-utilities.amazonaws.com.", "timestamp": 1726414467.5245135, "attack_type": "DNS Query"}
{"message": "Intrusion Detected: Possible DNS exfiltration in query tEWQ8ZAi.madeupsetup.eu.us-west-1.ec2-utilities.amazonaws.com.", "timestamp": 1726414467.6414707, "attack_type": "DNS Exfiltration"}
[INFO] Flow: ('18.217.1.57', '192.168.38.104', 80, 63705, 'TCP'), Data Transferred: 54 bytes
[INFO] Flow: ('18.217.1.57', '192.168.38.104', 80, 63705, 'TCP'), Data Transferred: 125 bytes
[INFO] Packet dropped: Invalid TCP packet characteristics
[INFO] Flow: ('192.168.38.104', '18.217.1.57', 63705, 80, 'TCP'), Data Transferred: 677 bytes
[INFO] Packet dropped: Invalid TCP packet characteristics
[INFO] Flow: ('8.8.8.8', '192.168.38.104', 53, 49644, 'UDP'), Data Transferred: 174 bytes
[INFO] Flow: ('192.168.38.104', '8.8.8.8', 49645, 53, 'UDP'), Data Transferred: 83 bytes
[INFO] Flow: ('8.8.8.8', '192.168.38.104', 53, 49645, 'UDP'), Data Transferred: 162 bytes
[INFO] Flow: ('192.168.38.104', '8.8.8.8', 49646, 53, 'UDP'), Data Transferred: 121 bytes
[INFO] Flow: ('8.8.8.8', '192.168.38.104', 53, 49646, 'UDP'), Data Transferred: 209 bytes
{"message": "Detected DNS Query: b'tEWQ8ZAi.madeupsetup.eu.us-west-1.ec2-utilities.amazonaws.com.' with encoding ascii", "timestamp": 1726414467.7176104, "attack_type": "DNS Query"}
{"message": "Decoded DNS Query: tEWQ8ZAi.madeupsetup.eu.us-west-1.ec2-utilities.amazonaws.com.", "timestamp": 1726414467.8664048, "attack_type": "DNS Query"}
{"message": "Intrusion Detected: Possible DNS exfiltration in query tEWQ8ZAi.madeupsetup.eu.us-west-1.ec2-utilities.amazonaws.com.", "timestamp": 1726414468.0003335, "attack_type": "DNS Exfiltration"}
{"message": "Intrusion Detected: Port scanning detected from 8.8.8.8", "timestamp": 1726414468.1245415, "attack_type": "Port Scan"}
{"message": "Detected DNS Query: b'tEWQ8ZAi.madeupsetup.eu.windomain.local.' with encoding ascii", "timestamp": 1726414468.258409, "attack_type": "DNS Query"}
{"message": "Decoded DNS Query: tEWQ8ZAi.madeupsetup.eu.windomain.local.", "timestamp": 1726414468.349672, "attack_type": "DNS Query"}
{"message": "Detected DNS Query: b'tEWQ8ZAi.madeupsetup.eu.windomain.local.' with encoding ascii", "timestamp": 1726414468.4925883, "attack_type": "DNS Query"}
{"message": "Decoded DNS Query: tEWQ8ZAi.madeupsetup.eu.windomain.local.", "timestamp": 1726414468.6414337, "attack_type": "DNS Query"}
{"message": "Intrusion Detected: Port scanning detected from 8.8.8.8", "timestamp": 1726414468.7747724, "attack_type": "Port Scan"}
{"message": "Detected DNS Query: b'JBQmApX7.madeupsetup.eu.' with encoding ascii", "timestamp": 1726414468.9082444, "attack_type": "DNS Query"}
{"message": "Decoded DNS Query: JBQmApX7.madeupsetup.eu.", "timestamp": 1726414468.982899, "attack_type": "DNS Query"}
{"message": "Detected DNS Query: b'JBQmApX7.madeupsetup.eu.' with encoding ascii", "timestamp": 1726414469.1334417, "attack_type": "DNS Query"}
{"message": "Decoded DNS Query: JBQmApX7.madeupsetup.eu.", "timestamp": 1726414469.366125, "attack_type": "DNS Query"}
{"message": "Intrusion Detected: Port scanning detected from 8.8.8.8", "timestamp": 1726414469.5163577, "attack_type": "Port Scan"}
{"message": "Detected DNS Query: b'JBQmApX7.madeupsetup.eu.us-west-1.ec2-utilities.amazonaws.com.' with encoding ascii", "timestamp": 1726414469.616886, "attack_type": "DNS Query"}
{"message": "Decoded DNS Query: JBQmApX7.madeupsetup.eu.us-west-1.ec2-utilities.amazonaws.com.", "timestamp": 1726414469.7828207, "attack_type": "DNS Query"}
{"message": "Intrusion Detected: Possible DNS exfiltration in query JBQmApX7.madeupsetup.eu.us-west-1.ec2-utilities.amazonaws.com.", "timestamp": 1726414469.9325395, "attack_type": "DNS Exfiltration"}
{"message": "Detected DNS Query: b'JBQmApX7.madeupsetup.eu.us-west-1.ec2-utilities.amazonaws.com.' with encoding ascii", "timestamp": 1726414470.108658, "attack_type": "DNS Query"}
{"message": "Decoded DNS Query: JBQmApX7.madeupsetup.eu.us-west-1.ec2-utilities.amazonaws.com.", "timestamp": 1726414470.2657938, "attack_type": "DNS Query"}
{"message": "Intrusion Detected: Possible DNS exfiltration in query JBQmApX7.madeupsetup.eu.us-west-1.ec2-utilities.amazonaws.com.", "timestamp": 1726414470.4332519, "attack_type": "DNS Exfiltration"}
{"message": "Intrusion Detected: Port scanning detected from 8.8.8.8", "timestamp": 1726414470.582386, "attack_type": "Port Scan"}
{"message": "Detected DNS Query: b'JBQmApX7.madeupsetup.eu.windomain.local.' with encoding ascii", "timestamp": 1726414470.692677, "attack_type": "DNS Query"}
{"message": "Decoded DNS Query: JBQmApX7.madeupsetup.eu.windomain.local.", "timestamp": 1726414470.7825751, "attack_type": "DNS Query"}
{"message": "Detected DNS Query: b'JBQmApX7.madeupsetup.eu.windomain.local.' with encoding ascii", "timestamp": 1726414470.9416506, "attack_type": "DNS Query"}
{"message": "Decoded DNS Query: JBQmApX7.madeupsetup.eu.windomain.local.", "timestamp": 1726414471.0906527, "attack_type": "DNS Query"}
{"message": "Intrusion Detected: Port scanning detected from 8.8.8.8", "timestamp": 1726414471.2259798, "attack_type": "Port Scan"}
[INFO] Flow: ('192.168.38.104', '8.8.8.8', 49647, 53, 'UDP'), Data Transferred: 99 bytes
[INFO] Flow: ('8.8.8.8', '192.168.38.104', 53, 49647, 'UDP'), Data Transferred: 174 bytes
[INFO] Flow: ('192.168.38.104', '8.8.8.8', 49648, 53, 'UDP'), Data Transferred: 83 bytes
[INFO] Flow: ('18.217.1.57', '192.168.38.104', 80, 63705, 'TCP'), Data Transferred: 179 bytes
[INFO] Flow: ('8.8.8.8', '192.168.38.104', 53, 49648, 'UDP'), Data Transferred: 162 bytes
[INFO] Flow: ('192.168.38.104', '8.8.8.8', 49649, 53, 'UDP'), Data Transferred: 121 bytes
[INFO] Flow: ('8.8.8.8', '192.168.38.104', 53, 49649, 'UDP'), Data Transferred: 209 bytes
[INFO] Flow: ('192.168.38.104', '8.8.8.8', 49650, 53, 'UDP'), Data Transferred: 99 bytes
[INFO] Flow: ('8.8.8.8', '192.168.38.104', 53, 49650, 'UDP'), Data Transferred: 174 bytes
[INFO] Flow: ('192.168.38.104', '8.8.8.8', 49651, 53, 'UDP'), Data Transferred: 83 bytes
{"message": "Detected DNS Query: b'GQ3caS/1.madeupsetup.eu.' with encoding ascii", "timestamp": 1726414471.3589184, "attack_type": "DNS Query"}
{"message": "Decoded DNS Query: GQ3caS/1.madeupsetup.eu.", "timestamp": 1726414471.4576464, "attack_type": "DNS Query"}
{"message": "Detected DNS Query: b'GQ3caS/1.madeupsetup.eu.' with encoding ascii", "timestamp": 1726414471.5923822, "attack_type": "DNS Query"}
{"message": "Decoded DNS Query: GQ3caS/1.madeupsetup.eu.", "timestamp": 1726414471.7743003, "attack_type": "DNS Query"}
{"message": "Intrusion Detected: Port scanning detected from 8.8.8.8", "timestamp": 1726414471.9581327, "attack_type": "Port Scan"}
{"message": "Detected DNS Query: b'GQ3caS/1.madeupsetup.eu.us-west-1.ec2-utilities.amazonaws.com.' with encoding ascii", "timestamp": 1726414472.0833879, "attack_type": "DNS Query"}
{"message": "Decoded DNS Query: GQ3caS/1.madeupsetup.eu.us-west-1.ec2-utilities.amazonaws.com.", "timestamp": 1726414472.233019, "attack_type": "DNS Query"}
{"message": "Intrusion Detected: Possible DNS exfiltration in query GQ3caS/1.madeupsetup.eu.us-west-1.ec2-utilities.amazonaws.com.", "timestamp": 1726414472.3078153, "attack_type": "DNS Exfiltration"}
{"message": "Detected DNS Query: b'GQ3caS/1.madeupsetup.eu.us-west-1.ec2-utilities.amazonaws.com.' with encoding ascii", "timestamp": 1726414472.449569, "attack_type": "DNS Query"}
{"message": "Decoded DNS Query: GQ3caS/1.madeupsetup.eu.us-west-1.ec2-utilities.amazonaws.com.", "timestamp": 1726414472.5912428, "attack_type": "DNS Query"}
{"message": "Intrusion Detected: Possible DNS exfiltration in query GQ3caS/1.madeupsetup.eu.us-west-1.ec2-utilities.amazonaws.com.", "timestamp": 1726414472.7497945, "attack_type": "DNS Exfiltration"}
{"message": "Intrusion Detected: Port scanning detected from 8.8.8.8", "timestamp": 1726414472.9166133, "attack_type": "Port Scan"}
{"message": "Slowloris attack detected from 192.168.38.104: 63 half-open connections.", "timestamp": 1726414473.0669072, "attack_type": "Slowloris Attack"}
{"message": "Detected DNS Query: b'GQ3caS/1.madeupsetup.eu.windomain.local.' with encoding ascii", "timestamp": 1726414473.14998, "attack_type": "DNS Query"}
{"message": "Decoded DNS Query: GQ3caS/1.madeupsetup.eu.windomain.local.", "timestamp": 1726414473.2917392, "attack_type": "DNS Query"}
{"message": "Intrusion Detected: HTTP Covert Channel Detected in User-Agent: Mozilla/5.0 (Windows NT 10.0; Win64; x64) AppleWebKit/537.36 (KHTML, like Gecko) Chrome/84.0.4147.105 Safari/537.36", "timestamp": 1726414473.4260695, "attack_type": "HTTP Covert Channel"}
{"message": "Traffic Anomaly Detected: 192.168.38.104 shows sudden traffic spike. Current: 623, Avg: 151.5", "timestamp": 1726414473.5992417, "attack_type": "Traffic Anomaly"}
{"message": "Detected DNS Query: b'GQ3caS/1.madeupsetup.eu.windomain.local.' with encoding ascii", "timestamp": 1726414473.7838101, "attack_type": "DNS Query"}
{"message": "Decoded DNS Query: GQ3caS/1.madeupsetup.eu.windomain.local.", "timestamp": 1726414473.924642, "attack_type": "DNS Query"}
{"message": "Intrusion Detected: Port scanning detected from 8.8.8.8", "timestamp": 1726414474.0259333, "attack_type": "Port Scan"}
{"message": "Detected DNS Query: b'Yz2l3aBW.madeupsetup.eu.' with encoding ascii", "timestamp": 1726414474.1591403, "attack_type": "DNS Query"}
{"message": "Decoded DNS Query: Yz2l3aBW.madeupsetup.eu.", "timestamp": 1726414474.2997777, "attack_type": "DNS Query"}
[INFO] Flow: ('8.8.8.8', '192.168.38.104', 53, 49651, 'UDP'), Data Transferred: 162 bytes
[INFO] Flow: ('192.168.38.104', '8.8.8.8', 49652, 53, 'UDP'), Data Transferred: 121 bytes
[INFO] Flow: ('8.8.8.8', '192.168.38.104', 53, 49652, 'UDP'), Data Transferred: 209 bytes
[INFO] Flow: ('192.168.38.104', '18.217.1.57', 63707, 80, 'TCP'), Data Transferred: 66 bytes
[INFO] Flow: ('192.168.38.104', '8.8.8.8', 49653, 53, 'UDP'), Data Transferred: 99 bytes
[INFO] Flow: ('192.168.38.104', '18.217.1.57', 63706, 80, 'TCP'), Data Transferred: 623 bytes
[INFO] Flow: ('8.8.8.8', '192.168.38.104', 53, 49653, 'UDP'), Data Transferred: 174 bytes
[INFO] Flow: ('192.168.38.104', '8.8.8.8', 49654, 53, 'UDP'), Data Transferred: 83 bytes
[INFO] Flow: ('18.217.1.57', '192.168.38.104', 80, 63706, 'TCP'), Data Transferred: 54 bytes
[INFO] Packet dropped: Invalid TCP packet characteristics
{"message": "Traffic Anomaly Detected: 192.168.38.104 shows sudden traffic spike. Current: 677, Avg: 209.2", "timestamp": 1726414474.650862, "attack_type": "Traffic Anomaly"}
{"message": "Detected DNS Query: b'Yz2l3aBW.madeupsetup.eu.' with encoding ascii", "timestamp": 1726414474.8064406, "attack_type": "DNS Query"}
{"message": "Decoded DNS Query: Yz2l3aBW.madeupsetup.eu.", "timestamp": 1726414474.957858, "attack_type": "DNS Query"}
{"message": "Intrusion Detected: Port scanning detected from 8.8.8.8", "timestamp": 1726414475.0998666, "attack_type": "Port Scan"}
{"message": "Detected DNS Query: b'Yz2l3aBW.madeupsetup.eu.us-west-1.ec2-utilities.amazonaws.com.' with encoding ascii", "timestamp": 1726414475.2498555, "attack_type": "DNS Query"}
{"message": "Decoded DNS Query: Yz2l3aBW.madeupsetup.eu.us-west-1.ec2-utilities.amazonaws.com.", "timestamp": 1726414475.341394, "attack_type": "DNS Query"}
{"message": "Intrusion Detected: Possible DNS exfiltration in query Yz2l3aBW.madeupsetup.eu.us-west-1.ec2-utilities.amazonaws.com.", "timestamp": 1726414475.5154047, "attack_type": "DNS Exfiltration"}
{"message": "Detected DNS Query: b'Yz2l3aBW.madeupsetup.eu.us-west-1.ec2-utilities.amazonaws.com.' with encoding ascii", "timestamp": 1726414475.6742947, "attack_type": "DNS Query"}
{"message": "Decoded DNS Query: Yz2l3aBW.madeupsetup.eu.us-west-1.ec2-utilities.amazonaws.com.", "timestamp": 1726414475.8084152, "attack_type": "DNS Query"}
{"message": "Intrusion Detected: Possible DNS exfiltration in query Yz2l3aBW.madeupsetup.eu.us-west-1.ec2-utilities.amazonaws.com.", "timestamp": 1726414476.0000477, "attack_type": "DNS Exfiltration"}
{"message": "Intrusion Detected: Port scanning detected from 8.8.8.8", "timestamp": 1726414476.1404796, "attack_type": "Port Scan"}
{"message": "Detected DNS Query: b'Yz2l3aBW.madeupsetup.eu.windomain.local.' with encoding ascii", "timestamp": 1726414476.2837832, "attack_type": "DNS Query"}
{"message": "Decoded DNS Query: Yz2l3aBW.madeupsetup.eu.windomain.local.", "timestamp": 1726414476.3656874, "attack_type": "DNS Query"}
[INFO] Flow: ('192.168.38.104', '18.217.1.57', 63707, 80, 'TCP'), Data Transferred: 120 bytes
[INFO] Flow: ('18.217.1.57', '192.168.38.104', 80, 63706, 'TCP'), Data Transferred: 125 bytes
[INFO] Packet dropped: Invalid TCP packet characteristics
[INFO] Flow: ('192.168.38.104', '18.217.1.57', 63706, 80, 'TCP'), Data Transferred: 677 bytes
[INFO] Packet dropped: Invalid TCP packet characteristics
[INFO] Flow: ('8.8.8.8', '192.168.38.104', 53, 49654, 'UDP'), Data Transferred: 162 bytes
[INFO] Flow: ('192.168.38.104', '8.8.8.8', 49655, 53, 'UDP'), Data Transferred: 121 bytes
[INFO] Flow: ('8.8.8.8', '192.168.38.104', 53, 49655, 'UDP'), Data Transferred: 209 bytes
[INFO] Flow: ('192.168.38.104', '8.8.8.8', 49656, 53, 'UDP'), Data Transferred: 99 bytes
[INFO] Flow: ('8.8.8.8', '192.168.38.104', 53, 49656, 'UDP'), Data Transferred: 174 bytes
{"message": "Detected DNS Query: b'Yz2l3aBW.madeupsetup.eu.windomain.local.' with encoding ascii", "timestamp": 1726414476.5126574, "attack_type": "DNS Query"}
{"message": "Decoded DNS Query: Yz2l3aBW.madeupsetup.eu.windomain.local.", "timestamp": 1726414476.667146, "attack_type": "DNS Query"}
{"message": "Intrusion Detected: Port scanning detected from 8.8.8.8", "timestamp": 1726414476.7997127, "attack_type": "Port Scan"}
{"message": "Detected DNS Query: b'xA3F0VZ8.madeupsetup.eu.' with encoding ascii", "timestamp": 1726414476.9588468, "attack_type": "DNS Query"}
{"message": "Decoded DNS Query: xA3F0VZ8.madeupsetup.eu.", "timestamp": 1726414477.0568767, "attack_type": "DNS Query"}
{"message": "Detected DNS Query: b'xA3F0VZ8.madeupsetup.eu.' with encoding ascii", "timestamp": 1726414477.20016, "attack_type": "DNS Query"}
{"message": "Decoded DNS Query: xA3F0VZ8.madeupsetup.eu.", "timestamp": 1726414477.3745797, "attack_type": "DNS Query"}
{"message": "Intrusion Detected: Port scanning detected from 8.8.8.8", "timestamp": 1726414477.5079937, "attack_type": "Port Scan"}
{"message": "Detected DNS Query: b'xA3F0VZ8.madeupsetup.eu.us-west-1.ec2-utilities.amazonaws.com.' with encoding ascii", "timestamp": 1726414477.6755114, "attack_type": "DNS Query"}
{"message": "Decoded DNS Query: xA3F0VZ8.madeupsetup.eu.us-west-1.ec2-utilities.amazonaws.com.", "timestamp": 1726414477.8156142, "attack_type": "DNS Query"}
{"message": "Intrusion Detected: Possible DNS exfiltration in query xA3F0VZ8.madeupsetup.eu.us-west-1.ec2-utilities.amazonaws.com.", "timestamp": 1726414477.9075274, "attack_type": "DNS Exfiltration"}
{"message": "Detected DNS Query: b'xA3F0VZ8.madeupsetup.eu.us-west-1.ec2-utilities.amazonaws.com.' with encoding ascii", "timestamp": 1726414478.0664241, "attack_type": "DNS Query"}
{"message": "Decoded DNS Query: xA3F0VZ8.madeupsetup.eu.us-west-1.ec2-utilities.amazonaws.com.", "timestamp": 1726414478.2001643, "attack_type": "DNS Query"}
{"message": "Intrusion Detected: Possible DNS exfiltration in query xA3F0VZ8.madeupsetup.eu.us-west-1.ec2-utilities.amazonaws.com.", "timestamp": 1726414478.307443, "attack_type": "DNS Exfiltration"}
{"message": "Intrusion Detected: Port scanning detected from 8.8.8.8", "timestamp": 1726414478.4466798, "attack_type": "Port Scan"}
{"message": "Detected DNS Query: b'xA3F0VZ8.madeupsetup.eu.windomain.local.' with encoding ascii", "timestamp": 1726414478.532557, "attack_type": "DNS Query"}
{"message": "Decoded DNS Query: xA3F0VZ8.madeupsetup.eu.windomain.local.", "timestamp": 1726414478.6825445, "attack_type": "DNS Query"}
{"message": "Detected DNS Query: b'xA3F0VZ8.madeupsetup.eu.windomain.local.' with encoding ascii", "timestamp": 1726414478.8176184, "attack_type": "DNS Query"}
{"message": "Decoded DNS Query: xA3F0VZ8.madeupsetup.eu.windomain.local.", "timestamp": 1726414478.8911204, "attack_type": "DNS Query"}
{"message": "Intrusion Detected: Port scanning detected from 8.8.8.8", "timestamp": 1726414478.974408, "attack_type": "Port Scan"}
{"message": "Detected DNS Query: b'l7hTDJh3.madeupsetup.eu.' with encoding ascii", "timestamp": 1726414479.1149411, "attack_type": "DNS Query"}
{"message": "Decoded DNS Query: l7hTDJh3.madeupsetup.eu.", "timestamp": 1726414479.2824502, "attack_type": "DNS Query"}
{"message": "Slowloris attack detected from 192.168.38.104: 64 half-open connections.", "timestamp": 1726414479.4167967, "attack_type": "Slowloris Attack"}
[INFO] Flow: ('192.168.38.104', '8.8.8.8', 49657, 53, 'UDP'), Data Transferred: 83 bytes
[INFO] Flow: ('18.217.1.57', '192.168.38.104', 80, 63706, 'TCP'), Data Transferred: 179 bytes
[INFO] Flow: ('8.8.8.8', '192.168.38.104', 53, 49657, 'UDP'), Data Transferred: 162 bytes
[INFO] Flow: ('192.168.38.104', '8.8.8.8', 49658, 53, 'UDP'), Data Transferred: 121 bytes
[INFO] Flow: ('8.8.8.8', '192.168.38.104', 53, 49658, 'UDP'), Data Transferred: 221 bytes
[INFO] Flow: ('192.168.38.104', '8.8.8.8', 49659, 53, 'UDP'), Data Transferred: 99 bytes
[INFO] Flow: ('8.8.8.8', '192.168.38.104', 53, 49659, 'UDP'), Data Transferred: 174 bytes
[INFO] Flow: ('192.168.38.104', '8.8.8.8', 49660, 53, 'UDP'), Data Transferred: 83 bytes
[INFO] Flow: ('192.168.38.104', '18.217.1.57', 63708, 80, 'TCP'), Data Transferred: 66 bytes
[INFO] Flow: ('192.168.38.104', '18.217.1.57', 63707, 80, 'TCP'), Data Transferred: 623 bytes
{"message": "Intrusion Detected: HTTP Covert Channel Detected in User-Agent: Mozilla/5.0 (Windows NT 10.0; Win64; x64) AppleWebKit/537.36 (KHTML, like Gecko) Chrome/84.0.4147.105 Safari/537.36", "timestamp": 1726414479.507118, "attack_type": "HTTP Covert Channel"}
{"message": "Traffic Anomaly Detected: 192.168.38.104 shows sudden traffic spike. Current: 623, Avg: 209.2", "timestamp": 1726414479.6247327, "attack_type": "Traffic Anomaly"}
{"message": "Detected DNS Query: b'l7hTDJh3.madeupsetup.eu.' with encoding ascii", "timestamp": 1726414479.7893279, "attack_type": "DNS Query"}
{"message": "Decoded DNS Query: l7hTDJh3.madeupsetup.eu.", "timestamp": 1726414479.8904986, "attack_type": "DNS Query"}
{"message": "Intrusion Detected: Port scanning detected from 8.8.8.8", "timestamp": 1726414479.9744205, "attack_type": "Port Scan"}
{"message": "Detected DNS Query: b'l7hTDJh3.madeupsetup.eu.us-west-1.ec2-utilities.amazonaws.com.' with encoding ascii", "timestamp": 1726414480.0575385, "attack_type": "DNS Query"}
{"message": "Decoded DNS Query: l7hTDJh3.madeupsetup.eu.us-west-1.ec2-utilities.amazonaws.com.", "timestamp": 1726414480.1404698, "attack_type": "DNS Query"}
{"message": "Intrusion Detected: Possible DNS exfiltration in query l7hTDJh3.madeupsetup.eu.us-west-1.ec2-utilities.amazonaws.com.", "timestamp": 1726414480.2323375, "attack_type": "DNS Exfiltration"}
{"message": "Detected DNS Query: b'l7hTDJh3.madeupsetup.eu.us-west-1.ec2-utilities.amazonaws.com.' with encoding ascii", "timestamp": 1726414480.3993487, "attack_type": "DNS Query"}
{"message": "Decoded DNS Query: l7hTDJh3.madeupsetup.eu.us-west-1.ec2-utilities.amazonaws.com.", "timestamp": 1726414480.50788, "attack_type": "DNS Query"}
{"message": "Intrusion Detected: Possible DNS exfiltration in query l7hTDJh3.madeupsetup.eu.us-west-1.ec2-utilities.amazonaws.com.", "timestamp": 1726414480.6663713, "attack_type": "DNS Exfiltration"}
{"message": "Intrusion Detected: Port scanning detected from 8.8.8.8", "timestamp": 1726414480.8075225, "attack_type": "Port Scan"}
{"message": "Detected DNS Query: b'l7hTDJh3.madeupsetup.eu.windomain.local.' with encoding ascii", "timestamp": 1726414480.9826303, "attack_type": "DNS Query"}
{"message": "Decoded DNS Query: l7hTDJh3.madeupsetup.eu.windomain.local.", "timestamp": 1726414481.1580229, "attack_type": "DNS Query"}
{"message": "Detected DNS Query: b'l7hTDJh3.madeupsetup.eu.windomain.local.' with encoding ascii", "timestamp": 1726414481.3927667, "attack_type": "DNS Query"}
{"message": "Decoded DNS Query: l7hTDJh3.madeupsetup.eu.windomain.local.", "timestamp": 1726414481.5493565, "attack_type": "DNS Query"}
{"message": "Intrusion Detected: Port scanning detected from 8.8.8.8", "timestamp": 1726414481.6996338, "attack_type": "Port Scan"}
{"message": "Detected DNS Query: b'BN9PyNZN.madeupsetup.eu.' with encoding ascii", "timestamp": 1726414481.7915323, "attack_type": "DNS Query"}
{"message": "Decoded DNS Query: BN9PyNZN.madeupsetup.eu.", "timestamp": 1726414481.9407828, "attack_type": "DNS Query"}
[INFO] Flow: ('8.8.8.8', '192.168.38.104', 53, 49660, 'UDP'), Data Transferred: 162 bytes
[INFO] Flow: ('192.168.38.104', '8.8.8.8', 49661, 53, 'UDP'), Data Transferred: 121 bytes
[INFO] Flow: ('8.8.8.8', '192.168.38.104', 53, 49661, 'UDP'), Data Transferred: 221 bytes
[INFO] Flow: ('192.168.38.104', '8.8.8.8', 49662, 53, 'UDP'), Data Transferred: 99 bytes
[INFO] Flow: ('8.8.8.8', '192.168.38.104', 53, 49662, 'UDP'), Data Transferred: 174 bytes
[INFO] Flow: ('192.168.38.104', '8.8.8.8', 49663, 53, 'UDP'), Data Transferred: 83 bytes
[INFO] Packet dropped: Invalid TCP packet characteristics
[INFO] Flow: ('192.168.38.104', '18.217.1.57', 63708, 80, 'TCP'), Data Transferred: 120 bytes
[INFO] Flow: ('18.217.1.57', '192.168.38.104', 80, 63707, 'TCP'), Data Transferred: 54 bytes
[INFO] Flow: ('18.217.1.57', '192.168.38.104', 80, 63707, 'TCP'), Data Transferred: 125 bytes
{"message": "Traffic Anomaly Detected: 192.168.38.104 shows sudden traffic spike. Current: 677, Avg: 209.2", "timestamp": 1726414482.0354514, "attack_type": "Traffic Anomaly"}
{"message": "Detected DNS Query: b'BN9PyNZN.madeupsetup.eu.' with encoding ascii", "timestamp": 1726414482.1323256, "attack_type": "DNS Query"}
{"message": "Decoded DNS Query: BN9PyNZN.madeupsetup.eu.", "timestamp": 1726414482.397782, "attack_type": "DNS Query"}
{"message": "Intrusion Detected: Port scanning detected from 8.8.8.8", "timestamp": 1726414482.5486622, "attack_type": "Port Scan"}
{"message": "Detected DNS Query: b'BN9PyNZN.madeupsetup.eu.us-west-1.ec2-utilities.amazonaws.com.' with encoding ascii", "timestamp": 1726414482.7159634, "attack_type": "DNS Query"}
{"message": "Decoded DNS Query: BN9PyNZN.madeupsetup.eu.us-west-1.ec2-utilities.amazonaws.com.", "timestamp": 1726414482.84898, "attack_type": "DNS Query"}
{"message": "Intrusion Detected: Possible DNS exfiltration in query BN9PyNZN.madeupsetup.eu.us-west-1.ec2-utilities.amazonaws.com.", "timestamp": 1726414482.9412634, "attack_type": "DNS Exfiltration"}
{"message": "Slowloris attack detected from 192.168.38.104: 65 half-open connections.", "timestamp": 1726414483.0826724, "attack_type": "Slowloris Attack"}
{"message": "Detected DNS Query: b'BN9PyNZN.madeupsetup.eu.us-west-1.ec2-utilities.amazonaws.com.' with encoding ascii", "timestamp": 1726414483.225104, "attack_type": "DNS Query"}
{"message": "Decoded DNS Query: BN9PyNZN.madeupsetup.eu.us-west-1.ec2-utilities.amazonaws.com.", "timestamp": 1726414483.382571, "attack_type": "DNS Query"}
{"message": "Intrusion Detected: Possible DNS exfiltration in query BN9PyNZN.madeupsetup.eu.us-west-1.ec2-utilities.amazonaws.com.", "timestamp": 1726414483.5336342, "attack_type": "DNS Exfiltration"}
{"message": "Intrusion Detected: Port scanning detected from 8.8.8.8", "timestamp": 1726414483.6238759, "attack_type": "Port Scan"}
[INFO] Packet dropped: Invalid TCP packet characteristics
[INFO] Flow: ('192.168.38.104', '18.217.1.57', 63707, 80, 'TCP'), Data Transferred: 677 bytes
[INFO] Packet dropped: Invalid TCP packet characteristics
[INFO] Flow: ('8.8.8.8', '192.168.38.104', 53, 49663, 'UDP'), Data Transferred: 162 bytes
[INFO] Flow: ('192.168.38.104', '8.8.8.8', 49664, 53, 'UDP'), Data Transferred: 121 bytes
[INFO] Flow: ('192.168.38.104', '169.254.169.254', 63709, 80, 'TCP'), Data Transferred: 66 bytes
[INFO] Flow: ('8.8.8.8', '192.168.38.104', 53, 49664, 'UDP'), Data Transferred: 221 bytes
[INFO] Packet dropped: Invalid TCP packet characteristics
[INFO] Flow: ('192.168.38.104', '169.254.169.254', 63709, 80, 'TCP'), Data Transferred: 120 bytes
[INFO] Flow: ('192.168.38.104', '169.254.169.254', 63709, 80, 'TCP'), Data Transferred: 378 bytes
{"message": "Intrusion Detected: HTTP Covert Channel Detected in User-Agent: aws-sdk-go/1.25.41 (go1.12.11; windows; amd64)", "timestamp": 1726414483.8073292, "attack_type": "HTTP Covert Channel"}
{"message": "Detected DNS Query: b'BN9PyNZN.madeupsetup.eu.windomain.local.' with encoding ascii", "timestamp": 1726414483.9486027, "attack_type": "DNS Query"}
{"message": "Decoded DNS Query: BN9PyNZN.madeupsetup.eu.windomain.local.", "timestamp": 1726414484.082365, "attack_type": "DNS Query"}
{"message": "Slowloris attack detected from 192.168.38.104: 66 half-open connections.", "timestamp": 1726414484.2084403, "attack_type": "Slowloris Attack"}
[INFO] Flow: ('192.168.38.104', '8.8.8.8', 49665, 53, 'UDP'), Data Transferred: 99 bytes
[INFO] Flow: ('169.254.169.254', '192.168.38.104', 80, 63709, 'TCP'), Data Transferred: 54 bytes
[INFO] Flow: ('169.254.169.254', '192.168.38.104', 80, 63709, 'TCP'), Data Transferred: 345 bytes
[INFO] Packet dropped: Invalid TCP packet characteristics
[INFO] Flow: ('192.168.38.104', '169.254.169.254', 63709, 80, 'TCP'), Data Transferred: 432 bytes
[INFO] Packet dropped: Invalid TCP packet characteristics
[INFO] Flow: ('169.254.169.254', '192.168.38.104', 80, 63709, 'TCP'), Data Transferred: 399 bytes
[INFO] Flow: ('192.168.38.104', '169.254.169.254', 63710, 80, 'TCP'), Data Transferred: 66 bytes
[INFO] Packet dropped: Invalid TCP packet characteristics
[INFO] Flow: ('192.168.38.104', '169.254.169.254', 63710, 80, 'TCP'), Data Transferred: 120 bytes
{"message": "Intrusion Detected: HTTP Covert Channel Detected in User-Agent: aws-sdk-go/1.25.41 (go1.12.11; windows; amd64)", "timestamp": 1726414484.3488662, "attack_type": "HTTP Covert Channel"}
{"message": "Traffic Anomaly Detected: 169.254.169.254 shows sudden traffic spike. Current: 633, Avg: 297.0", "timestamp": 1726414484.4496667, "attack_type": "Traffic Anomaly"}
{"message": "Traffic Anomaly Detected: 192.168.38.104 shows sudden traffic spike. Current: 478, Avg: 230.4", "timestamp": 1726414484.5906186, "attack_type": "Traffic Anomaly"}
[INFO] Flow: ('192.168.38.104', '169.254.169.254', 63710, 80, 'TCP'), Data Transferred: 424 bytes
[INFO] Flow: ('169.254.169.254', '192.168.38.104', 80, 63710, 'TCP'), Data Transferred: 54 bytes
[INFO] Flow: ('18.217.1.57', '192.168.38.104', 80, 63707, 'TCP'), Data Transferred: 179 bytes
[INFO] Flow: ('169.254.169.254', '192.168.38.104', 80, 63710, 'TCP'), Data Transferred: 633 bytes
[INFO] Packet dropped: Invalid TCP packet characteristics
[INFO] Flow: ('192.168.38.104', '169.254.169.254', 63710, 80, 'TCP'), Data Transferred: 478 bytes
[INFO] Packet dropped: Invalid TCP packet characteristics
[INFO] Flow: ('169.254.169.254', '192.168.38.104', 80, 63710, 'TCP'), Data Transferred: 687 bytes
[INFO] Flow: ('192.168.38.105', '192.168.38.104', 9000, 58856, 'TCP'), Data Transferred: 108 bytes
[INFO] Flow: ('192.168.38.104', '192.168.38.105', 58856, 9000, 'TCP'), Data Transferred: 108 bytes
{"message": "Detected DNS Query: b'BN9PyNZN.madeupsetup.eu.windomain.local.' with encoding ascii", "timestamp": 1726414484.7717512, "attack_type": "DNS Query"}
{"message": "Decoded DNS Query: BN9PyNZN.madeupsetup.eu.windomain.local.", "timestamp": 1726414484.9153175, "attack_type": "DNS Query"}
{"message": "Intrusion Detected: Port scanning detected from 8.8.8.8", "timestamp": 1726414485.090911, "attack_type": "Port Scan"}
{"message": "Detected DNS Query: b'M9QZU6eP.madeupsetup.eu.' with encoding ascii", "timestamp": 1726414485.224946, "attack_type": "DNS Query"}
{"message": "Decoded DNS Query: M9QZU6eP.madeupsetup.eu.", "timestamp": 1726414485.357392, "attack_type": "DNS Query"}
{"message": "Detected DNS Query: b'M9QZU6eP.madeupsetup.eu.' with encoding ascii", "timestamp": 1726414485.4411497, "attack_type": "DNS Query"}
{"message": "Decoded DNS Query: M9QZU6eP.madeupsetup.eu.", "timestamp": 1726414485.5826917, "attack_type": "DNS Query"}
{"message": "Intrusion Detected: Port scanning detected from 8.8.8.8", "timestamp": 1726414485.7156188, "attack_type": "Port Scan"}
{"message": "Detected DNS Query: b'M9QZU6eP.madeupsetup.eu.us-west-1.ec2-utilities.amazonaws.com.' with encoding ascii", "timestamp": 1726414485.832524, "attack_type": "DNS Query"}
{"message": "Decoded DNS Query: M9QZU6eP.madeupsetup.eu.us-west-1.ec2-utilities.amazonaws.com.", "timestamp": 1726414485.9986765, "attack_type": "DNS Query"}
{"message": "Intrusion Detected: Possible DNS exfiltration in query M9QZU6eP.madeupsetup.eu.us-west-1.ec2-utilities.amazonaws.com.", "timestamp": 1726414486.1857023, "attack_type": "DNS Exfiltration"}
{"message": "Detected DNS Query: b'M9QZU6eP.madeupsetup.eu.us-west-1.ec2-utilities.amazonaws.com.' with encoding ascii", "timestamp": 1726414486.3069556, "attack_type": "DNS Query"}
{"message": "Decoded DNS Query: M9QZU6eP.madeupsetup.eu.us-west-1.ec2-utilities.amazonaws.com.", "timestamp": 1726414486.4655492, "attack_type": "DNS Query"}
{"message": "Intrusion Detected: Possible DNS exfiltration in query M9QZU6eP.madeupsetup.eu.us-west-1.ec2-utilities.amazonaws.com.", "timestamp": 1726414486.6071613, "attack_type": "DNS Exfiltration"}
{"message": "Intrusion Detected: Port scanning detected from 8.8.8.8", "timestamp": 1726414486.7576256, "attack_type": "Port Scan"}
{"message": "Detected DNS Query: b'M9QZU6eP.madeupsetup.eu.windomain.local.' with encoding ascii", "timestamp": 1726414486.9076958, "attack_type": "DNS Query"}
{"message": "Decoded DNS Query: M9QZU6eP.madeupsetup.eu.windomain.local.", "timestamp": 1726414487.074629, "attack_type": "DNS Query"}
{"message": "Detected DNS Query: b'M9QZU6eP.madeupsetup.eu.windomain.local.' with encoding ascii", "timestamp": 1726414487.2497656, "attack_type": "DNS Query"}
{"message": "Decoded DNS Query: M9QZU6eP.madeupsetup.eu.windomain.local.", "timestamp": 1726414487.4068208, "attack_type": "DNS Query"}
{"message": "Intrusion Detected: Port scanning detected from 8.8.8.8", "timestamp": 1726414487.490622, "attack_type": "Port Scan"}
{"message": "Detected DNS Query: b'LWUxNjd9.madeupsetup.eu.' with encoding ascii", "timestamp": 1726414487.6245413, "attack_type": "DNS Query"}
{"message": "Decoded DNS Query: LWUxNjd9.madeupsetup.eu.", "timestamp": 1726414487.8154712, "attack_type": "DNS Query"}
{"message": "Slowloris attack detected from 192.168.38.104: 67 half-open connections.", "timestamp": 1726414487.941025, "attack_type": "Slowloris Attack"}
[INFO] Flow: ('8.8.8.8', '192.168.38.104', 53, 49665, 'UDP'), Data Transferred: 174 bytes
[INFO] Flow: ('192.168.38.104', '8.8.8.8', 49666, 53, 'UDP'), Data Transferred: 83 bytes
[INFO] Flow: ('8.8.8.8', '192.168.38.104', 53, 49666, 'UDP'), Data Transferred: 162 bytes
[INFO] Flow: ('192.168.38.104', '8.8.8.8', 49667, 53, 'UDP'), Data Transferred: 121 bytes
[INFO] Flow: ('8.8.8.8', '192.168.38.104', 53, 49667, 'UDP'), Data Transferred: 221 bytes
[INFO] Flow: ('192.168.38.104', '8.8.8.8', 49668, 53, 'UDP'), Data Transferred: 99 bytes
[INFO] Flow: ('8.8.8.8', '192.168.38.104', 53, 49668, 'UDP'), Data Transferred: 174 bytes
[INFO] Flow: ('192.168.38.104', '18.217.1.57', 49669, 53, 'UDP'), Data Transferred: 83 bytes
[INFO] Flow: ('192.168.38.104', '18.217.1.57', 63711, 80, 'TCP'), Data Transferred: 66 bytes
[INFO] Flow: ('192.168.38.104', '18.217.1.57', 63708, 80, 'TCP'), Data Transferred: 623 bytes
{"message": "Intrusion Detected: HTTP Covert Channel Detected in User-Agent: Mozilla/5.0 (Windows NT 10.0; Win64; x64) AppleWebKit/537.36 (KHTML, like Gecko) Chrome/84.0.4147.105 Safari/537.36", "timestamp": 1726414488.080983, "attack_type": "HTTP Covert Channel"}
{"message": "Traffic Anomaly Detected: 192.168.38.104 shows sudden traffic spike. Current: 623, Avg: 220.5", "timestamp": 1726414488.1654725, "attack_type": "Traffic Anomaly"}
{"message": "Detected DNS Query: b'LWUxNjd9.madeupsetup.eu.' with encoding ascii", "timestamp": 1726414488.3238661, "attack_type": "DNS Query"}
{"message": "Decoded DNS Query: LWUxNjd9.madeupsetup.eu.", "timestamp": 1726414488.4653556, "attack_type": "DNS Query"}
{"message": "Detected DNS Query: b'LWUxNjd9.madeupsetup.eu.us-west-1.ec2-utilities.amazonaws.com.' with encoding ascii", "timestamp": 1726414488.61601, "attack_type": "DNS Query"}
{"message": "Decoded DNS Query: LWUxNjd9.madeupsetup.eu.us-west-1.ec2-utilities.amazonaws.com.", "timestamp": 1726414488.6982827, "attack_type": "DNS Query"}
{"message": "Intrusion Detected: Possible DNS exfiltration in query LWUxNjd9.madeupsetup.eu.us-west-1.ec2-utilities.amazonaws.com.", "timestamp": 1726414488.8323507, "attack_type": "DNS Exfiltration"}
{"message": "Traffic Anomaly Detected: 192.168.38.104 shows sudden traffic spike. Current: 677, Avg: 210.1", "timestamp": 1726414488.96703, "attack_type": "Traffic Anomaly"}
[INFO] Flow: ('18.217.1.57', '192.168.38.104', 53, 49669, 'UDP'), Data Transferred: 162 bytes
[INFO] Flow: ('192.168.38.104', '18.217.1.57', 49670, 53, 'UDP'), Data Transferred: 121 bytes
[INFO] Packet dropped: Invalid TCP packet characteristics
[INFO] Flow: ('192.168.38.104', '18.217.1.57', 63711, 80, 'TCP'), Data Transferred: 120 bytes
[INFO] Flow: ('18.217.1.57', '192.168.38.104', 80, 63708, 'TCP'), Data Transferred: 54 bytes
[INFO] Flow: ('18.217.1.57', '192.168.38.104', 80, 63708, 'TCP'), Data Transferred: 125 bytes
[INFO] Packet dropped: Invalid TCP packet characteristics
[INFO] Flow: ('192.168.38.104', '18.217.1.57', 63708, 80, 'TCP'), Data Transferred: 677 bytes
[INFO] Packet dropped: Invalid TCP packet characteristics
[INFO] Flow: ('18.217.1.57', '192.168.38.104', 53, 49670, 'UDP'), Data Transferred: 209 bytes
{"message": "Detected DNS Query: b'LWUxNjd9.madeupsetup.eu.us-west-1.ec2-utilities.amazonaws.com.' with encoding ascii", "timestamp": 1726414489.1483707, "attack_type": "DNS Query"}
{"message": "Decoded DNS Query: LWUxNjd9.madeupsetup.eu.us-west-1.ec2-utilities.amazonaws.com.", "timestamp": 1726414489.3403625, "attack_type": "DNS Query"}
{"message": "Intrusion Detected: Possible DNS exfiltration in query LWUxNjd9.madeupsetup.eu.us-west-1.ec2-utilities.amazonaws.com.", "timestamp": 1726414489.5074215, "attack_type": "DNS Exfiltration"}
{"message": "Detected DNS Query: b'LWUxNjd9.madeupsetup.eu.windomain.local.' with encoding ascii", "timestamp": 1726414489.6406229, "attack_type": "DNS Query"}
{"message": "Decoded DNS Query: LWUxNjd9.madeupsetup.eu.windomain.local.", "timestamp": 1726414489.8063338, "attack_type": "DNS Query"}
{"message": "Detected DNS Query: b'LWUxNjd9.madeupsetup.eu.windomain.local.' with encoding ascii", "timestamp": 1726414489.8908343, "attack_type": "DNS Query"}
{"message": "Decoded DNS Query: LWUxNjd9.madeupsetup.eu.windomain.local.", "timestamp": 1726414490.0465393, "attack_type": "DNS Query"}
{"message": "Slowloris attack detected from 192.168.38.104: 68 half-open connections.", "timestamp": 1726414490.2135124, "attack_type": "Slowloris Attack"}
{"message": "Intrusion Detected: HTTP Covert Channel Detected in User-Agent: Mozilla/5.0 (Windows NT 10.0; Win64; x64) AppleWebKit/537.36 (KHTML, like Gecko) Chrome/84.0.4147.105 Safari/537.36", "timestamp": 1726414490.394349, "attack_type": "HTTP Covert Channel"}
{"message": "Traffic Anomaly Detected: 192.168.38.104 shows sudden traffic spike. Current: 623, Avg: 257.7", "timestamp": 1726414490.552599, "attack_type": "Traffic Anomaly"}
[INFO] Flow: ('192.168.38.104', '18.217.1.57', 49671, 53, 'UDP'), Data Transferred: 99 bytes
[INFO] Flow: ('18.217.1.57', '192.168.38.104', 80, 63708, 'TCP'), Data Transferred: 179 bytes
[INFO] Flow: ('18.217.1.57', '192.168.38.104', 53, 49671, 'UDP'), Data Transferred: 174 bytes
[INFO] Flow: ('192.168.38.104', '18.217.1.57', 63712, 80, 'TCP'), Data Transferred: 66 bytes
[INFO] Flow: ('192.168.38.104', '18.217.1.57', 63711, 80, 'TCP'), Data Transferred: 623 bytes
[INFO] Packet dropped: Invalid TCP packet characteristics
[INFO] Flow: ('192.168.38.104', '18.217.1.57', 63712, 80, 'TCP'), Data Transferred: 120 bytes
[INFO] Flow: ('18.217.1.57', '192.168.38.104', 80, 63711, 'TCP'), Data Transferred: 54 bytes
[INFO] Flow: ('18.217.1.57', '192.168.38.104', 80, 63711, 'TCP'), Data Transferred: 125 bytes
[INFO] Packet dropped: Invalid TCP packet characteristics
{"message": "Traffic Anomaly Detected: 192.168.38.104 shows sudden traffic spike. Current: 677, Avg: 319.2", "timestamp": 1726414490.6951563, "attack_type": "Traffic Anomaly"}
{"message": "Slowloris attack detected from 192.168.38.104: 69 half-open connections.", "timestamp": 1726414490.7996387, "attack_type": "Slowloris Attack"}
{"message": "Intrusion Detected: HTTP Covert Channel Detected in User-Agent: Mozilla/5.0 (Windows NT 10.0; Win64; x64) AppleWebKit/537.36 (KHTML, like Gecko) Chrome/84.0.4147.105 Safari/537.36", "timestamp": 1726414490.9409058, "attack_type": "HTTP Covert Channel"}
[INFO] Flow: ('192.168.38.104', '18.217.1.57', 63711, 80, 'TCP'), Data Transferred: 677 bytes
[INFO] Packet dropped: Invalid TCP packet characteristics
[INFO] Flow: ('18.217.1.57', '192.168.38.104', 80, 63711, 'TCP'), Data Transferred: 179 bytes
[INFO] Flow: ('192.168.38.104', '18.217.1.57', 63713, 80, 'TCP'), Data Transferred: 66 bytes
[INFO] Flow: ('192.168.38.104', '18.217.1.57', 63712, 80, 'TCP'), Data Transferred: 623 bytes
[INFO] Packet dropped: Invalid TCP packet characteristics
[INFO] Flow: ('192.168.38.104', '18.217.1.57', 63713, 80, 'TCP'), Data Transferred: 120 bytes
[INFO] Flow: ('18.217.1.57', '192.168.38.104', 80, 63712, 'TCP'), Data Transferred: 54 bytes
[INFO] Flow: ('18.217.1.57', '192.168.38.104', 80, 63712, 'TCP'), Data Transferred: 125 bytes
[INFO] Packet dropped: Invalid TCP packet characteristics
{"message": "Slowloris attack detected from 192.168.38.104: 70 half-open connections.", "timestamp": 1726414491.0829668, "attack_type": "Slowloris Attack"}
{"message": "Intrusion Detected: HTTP Covert Channel Detected in User-Agent: Mozilla/5.0 (Windows NT 10.0; Win64; x64) AppleWebKit/537.36 (KHTML, like Gecko) Chrome/84.0.4147.105 Safari/537.36", "timestamp": 1726414491.2238176, "attack_type": "HTTP Covert Channel"}
[INFO] Flow: ('192.168.38.104', '18.217.1.57', 63712, 80, 'TCP'), Data Transferred: 677 bytes
[INFO] Packet dropped: Invalid TCP packet characteristics
[INFO] Flow: ('18.217.1.57', '192.168.38.104', 80, 63712, 'TCP'), Data Transferred: 179 bytes
[INFO] Flow: ('192.168.38.104', '18.217.1.57', 63714, 80, 'TCP'), Data Transferred: 66 bytes
[INFO] Flow: ('192.168.38.104', '18.217.1.57', 63713, 80, 'TCP'), Data Transferred: 623 bytes
[INFO] Packet dropped: Invalid TCP packet characteristics
[INFO] Flow: ('192.168.38.104', '18.217.1.57', 63714, 80, 'TCP'), Data Transferred: 120 bytes
[INFO] Flow: ('18.217.1.57', '192.168.38.104', 80, 63713, 'TCP'), Data Transferred: 54 bytes
[INFO] Flow: ('18.217.1.57', '192.168.38.104', 80, 63713, 'TCP'), Data Transferred: 125 bytes
[INFO] Packet dropped: Invalid TCP packet characteristics
{"message": "Slowloris attack detected from 192.168.38.104: 71 half-open connections.", "timestamp": 1726414491.3207111, "attack_type": "Slowloris Attack"}
{"message": "Intrusion Detected: HTTP Covert Channel Detected in User-Agent: Mozilla/5.0 (Windows NT 10.0; Win64; x64) AppleWebKit/537.36 (KHTML, like Gecko) Chrome/84.0.4147.105 Safari/537.36", "timestamp": 1726414491.4734092, "attack_type": "HTTP Covert Channel"}
[INFO] Flow: ('192.168.38.104', '18.217.1.57', 63713, 80, 'TCP'), Data Transferred: 677 bytes
[INFO] Packet dropped: Invalid TCP packet characteristics
[INFO] Flow: ('18.217.1.57', '192.168.38.104', 80, 63713, 'TCP'), Data Transferred: 179 bytes
[INFO] Flow: ('192.168.38.104', '18.217.1.57', 63715, 80, 'TCP'), Data Transferred: 66 bytes
[INFO] Flow: ('192.168.38.104', '18.217.1.57', 63714, 80, 'TCP'), Data Transferred: 623 bytes
[INFO] Packet dropped: Invalid TCP packet characteristics
[INFO] Flow: ('192.168.38.104', '18.217.1.57', 63715, 80, 'TCP'), Data Transferred: 120 bytes
[INFO] Flow: ('18.217.1.57', '192.168.38.104', 80, 63714, 'TCP'), Data Transferred: 54 bytes
[INFO] Flow: ('18.217.1.57', '192.168.38.104', 80, 63714, 'TCP'), Data Transferred: 125 bytes
[INFO] Packet dropped: Invalid TCP packet characteristics
{"message": "Slowloris attack detected from 192.168.38.104: 72 half-open connections.", "timestamp": 1726414491.6642237, "attack_type": "Slowloris Attack"}
{"message": "Intrusion Detected: HTTP Covert Channel Detected in User-Agent: Mozilla/5.0 (Windows NT 10.0; Win64; x64) AppleWebKit/537.36 (KHTML, like Gecko) Chrome/84.0.4147.105 Safari/537.36", "timestamp": 1726414491.8566828, "attack_type": "HTTP Covert Channel"}
{"message": "Intrusion Detected: Port scanning detected from 18.217.1.57", "timestamp": 1726414491.9985166, "attack_type": "Port Scan"}
[INFO] Flow: ('192.168.38.104', '18.217.1.57', 63714, 80, 'TCP'), Data Transferred: 677 bytes
[INFO] Packet dropped: Invalid TCP packet characteristics
[INFO] Flow: ('18.217.1.57', '192.168.38.104', 80, 63714, 'TCP'), Data Transferred: 179 bytes
[INFO] Flow: ('192.168.38.104', '18.217.1.57', 63716, 80, 'TCP'), Data Transferred: 66 bytes
[INFO] Flow: ('192.168.38.104', '18.217.1.57', 63715, 80, 'TCP'), Data Transferred: 623 bytes
[INFO] Flow: ('192.168.38.105', '192.168.38.104', 9000, 51315, 'TCP'), Data Transferred: 252 bytes
[INFO] Packet dropped: Invalid TCP packet characteristics
[INFO] Flow: ('192.168.38.104', '18.217.1.57', 63716, 80, 'TCP'), Data Transferred: 120 bytes
[INFO] Flow: ('18.217.1.57', '192.168.38.104', 80, 63715, 'TCP'), Data Transferred: 54 bytes
[INFO] Flow: ('18.217.1.57', '192.168.38.104', 80, 63715, 'TCP'), Data Transferred: 125 bytes
{"message": "Intrusion Detected: Port scanning detected from 18.217.1.57", "timestamp": 1726414492.4565103, "attack_type": "Port Scan"}
{"message": "Intrusion Detected: Port scanning detected from 18.217.1.57", "timestamp": 1726414492.5496514, "attack_type": "Port Scan"}
{"message": "Slowloris attack detected from 192.168.38.104: 73 half-open connections.", "timestamp": 1726414492.7273824, "attack_type": "Slowloris Attack"}
{"message": "Intrusion Detected: HTTP Covert Channel Detected in User-Agent: Mozilla/5.0 (Windows NT 10.0; Win64; x64) AppleWebKit/537.36 (KHTML, like Gecko) Chrome/84.0.4147.105 Safari/537.36", "timestamp": 1726414492.9155169, "attack_type": "HTTP Covert Channel"}
[INFO] Packet dropped: Invalid TCP packet characteristics
[INFO] Flow: ('192.168.38.104', '18.217.1.57', 63715, 80, 'TCP'), Data Transferred: 677 bytes
[INFO] Packet dropped: Invalid TCP packet characteristics
[INFO] Flow: ('192.168.38.104', '192.168.38.105', 51315, 9000, 'TCP'), Data Transferred: 162 bytes
[INFO] Flow: ('18.217.1.57', '192.168.38.104', 80, 63715, 'TCP'), Data Transferred: 179 bytes
[INFO] Flow: ('192.168.38.104', '18.217.1.57', 63717, 80, 'TCP'), Data Transferred: 66 bytes
[INFO] Flow: ('192.168.38.104', '18.217.1.57', 63716, 80, 'TCP'), Data Transferred: 623 bytes
[INFO] Packet dropped: Invalid TCP packet characteristics
[INFO] Flow: ('192.168.38.104', '18.217.1.57', 63717, 80, 'TCP'), Data Transferred: 120 bytes
[INFO] Flow: ('18.217.1.57', '192.168.38.104', 80, 63716, 'TCP'), Data Transferred: 54 bytes
{"message": "Intrusion Detected: Port scanning detected from 18.217.1.57", "timestamp": 1726414493.0946722, "attack_type": "Port Scan"}
{"message": "Intrusion Detected: Port scanning detected from 18.217.1.57", "timestamp": 1726414493.3235784, "attack_type": "Port Scan"}
{"message": "Intrusion Detected: Port scanning detected from 18.217.1.57", "timestamp": 1726414493.489559, "attack_type": "Port Scan"}
{"message": "Traffic Anomaly Detected: 192.168.38.104 shows sudden traffic spike. Current: 99961, Avg: 10309.5", "timestamp": 1726414493.6022933, "attack_type": "Traffic Anomaly"}
{"message": "Traffic Anomaly Detected: 192.168.38.104 shows sudden traffic spike. Current: 102307, Avg: 20533.6", "timestamp": 1726414493.7776437, "attack_type": "Traffic Anomaly"}
[INFO] Flow: ('18.217.1.57', '192.168.38.104', 80, 63716, 'TCP'), Data Transferred: 125 bytes
[INFO] Packet dropped: Invalid TCP packet characteristics
[INFO] Flow: ('192.168.38.104', '18.217.1.57', 63716, 80, 'TCP'), Data Transferred: 677 bytes
[INFO] Packet dropped: Invalid TCP packet characteristics
[INFO] Flow: ('18.217.1.57', '192.168.38.104', 80, 63716, 'TCP'), Data Transferred: 179 bytes
[INFO] Flow: ('192.168.38.104', '192.168.38.103', 63635, 5985, 'TCP'), Data Transferred: 99961 bytes
[INFO] Flow: ('192.168.38.104', '192.168.38.103', 63635, 5985, 'TCP'), Data Transferred: 102307 bytes
[INFO] Flow: ('192.168.38.103', '192.168.38.104', 5985, 63635, 'TCP'), Data Transferred: 57770 bytes
[INFO] Flow: ('192.168.38.103', '192.168.38.104', 5985, 63635, 'TCP'), Data Transferred: 59284 bytes
[INFO] Flow: ('192.168.38.103', '192.168.38.104', 5985, 63635, 'TCP'), Data Transferred: 59837 bytes
{"message": "Traffic Anomaly Detected: 192.168.38.104 shows sudden traffic spike. Current: 102361, Avg: 30707.4", "timestamp": 1726414493.9571397, "attack_type": "Traffic Anomaly"}
{"message": "Slowloris attack detected from 192.168.38.104: 74 half-open connections.", "timestamp": 1726414494.09883, "attack_type": "Slowloris Attack"}
{"message": "Intrusion Detected: HTTP Covert Channel Detected in User-Agent: Mozilla/5.0 (Windows NT 10.0; Win64; x64) AppleWebKit/537.36 (KHTML, like Gecko) Chrome/84.0.4147.105 Safari/537.36", "timestamp": 1726414494.2030005, "attack_type": "HTTP Covert Channel"}
{"message": "Intrusion Detected: Port scanning detected from 18.217.1.57", "timestamp": 1726414494.3609436, "attack_type": "Port Scan"}
{"message": "Intrusion Detected: Port scanning detected from 18.217.1.57", "timestamp": 1726414494.5110593, "attack_type": "Port Scan"}
[INFO] Flow: ('192.168.38.104', '192.168.38.103', 63635, 5985, 'TCP'), Data Transferred: 102361 bytes
[INFO] Flow: ('192.168.38.104', '18.217.1.57', 63718, 80, 'TCP'), Data Transferred: 66 bytes
[INFO] Flow: ('192.168.38.104', '18.217.1.57', 63717, 80, 'TCP'), Data Transferred: 623 bytes
[INFO] Flow: ('18.217.1.57', '192.168.38.104', 80, 63717, 'TCP'), Data Transferred: 54 bytes
[INFO] Packet dropped: Invalid TCP packet characteristics
[INFO] Flow: ('192.168.38.104', '18.217.1.57', 63718, 80, 'TCP'), Data Transferred: 120 bytes
[INFO] Flow: ('18.217.1.57', '192.168.38.104', 80, 63717, 'TCP'), Data Transferred: 125 bytes
[INFO] Packet dropped: Invalid TCP packet characteristics
[INFO] Flow: ('192.168.38.104', '18.217.1.57', 63717, 80, 'TCP'), Data Transferred: 677 bytes
[INFO] Packet dropped: Invalid TCP packet characteristics
{"message": "Intrusion Detected: Port scanning detected from 18.217.1.57", "timestamp": 1726414494.6698875, "attack_type": "Port Scan"}
{"message": "Slowloris attack detected from 192.168.38.104: 75 half-open connections.", "timestamp": 1726414494.8359094, "attack_type": "Slowloris Attack"}
{"message": "Intrusion Detected: HTTP Covert Channel Detected in User-Agent: Mozilla/5.0 (Windows NT 10.0; Win64; x64) AppleWebKit/537.36 (KHTML, like Gecko) Chrome/84.0.4147.105 Safari/537.36", "timestamp": 1726414494.9445734, "attack_type": "HTTP Covert Channel"}
{"message": "Intrusion Detected: Port scanning detected from 18.217.1.57", "timestamp": 1726414495.156598, "attack_type": "Port Scan"}
{"message": "Intrusion Detected: Port scanning detected from 18.217.1.57", "timestamp": 1726414495.2822666, "attack_type": "Port Scan"}
[INFO] Flow: ('18.217.1.57', '192.168.38.104', 80, 63717, 'TCP'), Data Transferred: 179 bytes
[INFO] Flow: ('192.168.38.104', '18.217.1.57', 63719, 80, 'TCP'), Data Transferred: 66 bytes
[INFO] Flow: ('192.168.38.104', '18.217.1.57', 63718, 80, 'TCP'), Data Transferred: 623 bytes
[INFO] Packet dropped: Invalid TCP packet characteristics
[INFO] Flow: ('192.168.38.104', '18.217.1.57', 63719, 80, 'TCP'), Data Transferred: 120 bytes
[INFO] Flow: ('18.217.1.57', '192.168.38.104', 80, 63718, 'TCP'), Data Transferred: 54 bytes
[INFO] Flow: ('18.217.1.57', '192.168.38.104', 80, 63718, 'TCP'), Data Transferred: 125 bytes
[INFO] Packet dropped: Invalid TCP packet characteristics
[INFO] Flow: ('192.168.38.104', '18.217.1.57', 63718, 80, 'TCP'), Data Transferred: 677 bytes
[INFO] Packet dropped: Invalid TCP packet characteristics
{"message": "Intrusion Detected: Port scanning detected from 18.217.1.57", "timestamp": 1726414495.4323146, "attack_type": "Port Scan"}
{"message": "Slowloris attack detected from 192.168.38.104: 76 half-open connections.", "timestamp": 1726414495.523733, "attack_type": "Slowloris Attack"}
{"message": "Intrusion Detected: HTTP Covert Channel Detected in User-Agent: Mozilla/5.0 (Windows NT 10.0; Win64; x64) AppleWebKit/537.36 (KHTML, like Gecko) Chrome/84.0.4147.105 Safari/537.36", "timestamp": 1726414495.6733387, "attack_type": "HTTP Covert Channel"}
{"message": "Intrusion Detected: Port scanning detected from 18.217.1.57", "timestamp": 1726414495.8154063, "attack_type": "Port Scan"}
{"message": "Intrusion Detected: Port scanning detected from 18.217.1.57", "timestamp": 1726414495.98243, "attack_type": "Port Scan"}
[INFO] Flow: ('18.217.1.57', '192.168.38.104', 80, 63718, 'TCP'), Data Transferred: 179 bytes
[INFO] Flow: ('192.168.38.104', '18.217.1.57', 63720, 80, 'TCP'), Data Transferred: 66 bytes
[INFO] Flow: ('192.168.38.104', '18.217.1.57', 63719, 80, 'TCP'), Data Transferred: 623 bytes
[INFO] Packet dropped: Invalid TCP packet characteristics
[INFO] Flow: ('192.168.38.104', '18.217.1.57', 63720, 80, 'TCP'), Data Transferred: 120 bytes
[INFO] Flow: ('18.217.1.57', '192.168.38.104', 80, 63719, 'TCP'), Data Transferred: 54 bytes
[INFO] Flow: ('18.217.1.57', '192.168.38.104', 80, 63719, 'TCP'), Data Transferred: 125 bytes
[INFO] Packet dropped: Invalid TCP packet characteristics
[INFO] Flow: ('192.168.38.104', '18.217.1.57', 63719, 80, 'TCP'), Data Transferred: 677 bytes
[INFO] Packet dropped: Invalid TCP packet characteristics
{"message": "Intrusion Detected: Port scanning detected from 18.217.1.57", "timestamp": 1726414496.1317632, "attack_type": "Port Scan"}
{"message": "Slowloris attack detected from 192.168.38.104: 77 half-open connections.", "timestamp": 1726414496.2982676, "attack_type": "Slowloris Attack"}
{"message": "Intrusion Detected: HTTP Covert Channel Detected in User-Agent: Mozilla/5.0 (Windows NT 10.0; Win64; x64) AppleWebKit/537.36 (KHTML, like Gecko) Chrome/84.0.4147.105 Safari/537.36", "timestamp": 1726414496.440022, "attack_type": "HTTP Covert Channel"}
{"message": "Intrusion Detected: Port scanning detected from 18.217.1.57", "timestamp": 1726414496.5982063, "attack_type": "Port Scan"}
{"message": "Intrusion Detected: Port scanning detected from 18.217.1.57", "timestamp": 1726414496.7477665, "attack_type": "Port Scan"}
[INFO] Flow: ('18.217.1.57', '192.168.38.104', 80, 63719, 'TCP'), Data Transferred: 179 bytes
[INFO] Flow: ('192.168.38.104', '18.217.1.57', 63721, 80, 'TCP'), Data Transferred: 66 bytes
[INFO] Flow: ('192.168.38.104', '18.217.1.57', 63720, 80, 'TCP'), Data Transferred: 623 bytes
[INFO] Flow: ('18.217.1.57', '192.168.38.104', 80, 63720, 'TCP'), Data Transferred: 54 bytes
[INFO] Packet dropped: Invalid TCP packet characteristics
[INFO] Flow: ('192.168.38.104', '18.217.1.57', 63721, 80, 'TCP'), Data Transferred: 120 bytes
[INFO] Flow: ('18.217.1.57', '192.168.38.104', 80, 63720, 'TCP'), Data Transferred: 125 bytes
[INFO] Packet dropped: Invalid TCP packet characteristics
[INFO] Flow: ('192.168.38.104', '18.217.1.57', 63720, 80, 'TCP'), Data Transferred: 677 bytes
[INFO] Packet dropped: Invalid TCP packet characteristics
{"message": "Intrusion Detected: Port scanning detected from 18.217.1.57", "timestamp": 1726414496.8811495, "attack_type": "Port Scan"}
{"message": "Slowloris attack detected from 192.168.38.104: 78 half-open connections.", "timestamp": 1726414496.9736686, "attack_type": "Slowloris Attack"}
{"message": "Intrusion Detected: HTTP Covert Channel Detected in User-Agent: Mozilla/5.0 (Windows NT 10.0; Win64; x64) AppleWebKit/537.36 (KHTML, like Gecko) Chrome/84.0.4147.105 Safari/537.36", "timestamp": 1726414497.1480112, "attack_type": "HTTP Covert Channel"}
{"message": "Intrusion Detected: Port scanning detected from 18.217.1.57", "timestamp": 1726414497.3324382, "attack_type": "Port Scan"}
{"message": "Intrusion Detected: Port scanning detected from 18.217.1.57", "timestamp": 1726414497.4733288, "attack_type": "Port Scan"}
[INFO] Flow: ('18.217.1.57', '192.168.38.104', 80, 63720, 'TCP'), Data Transferred: 179 bytes
[INFO] Flow: ('192.168.38.104', '18.217.1.57', 63722, 80, 'TCP'), Data Transferred: 66 bytes
[INFO] Flow: ('192.168.38.104', '18.217.1.57', 63721, 80, 'TCP'), Data Transferred: 623 bytes
[INFO] Packet dropped: Invalid TCP packet characteristics
[INFO] Flow: ('192.168.38.104', '18.217.1.57', 63722, 80, 'TCP'), Data Transferred: 120 bytes
[INFO] Flow: ('18.217.1.57', '192.168.38.104', 80, 63721, 'TCP'), Data Transferred: 54 bytes
[INFO] Flow: ('18.217.1.57', '192.168.38.104', 80, 63721, 'TCP'), Data Transferred: 125 bytes
[INFO] Packet dropped: Invalid TCP packet characteristics
[INFO] Flow: ('192.168.38.104', '18.217.1.57', 63721, 80, 'TCP'), Data Transferred: 677 bytes
[INFO] Packet dropped: Invalid TCP packet characteristics
{"message": "Intrusion Detected: Port scanning detected from 18.217.1.57", "timestamp": 1726414497.6671634, "attack_type": "Port Scan"}
{"message": "Slowloris attack detected from 192.168.38.104: 79 half-open connections.", "timestamp": 1726414497.7984197, "attack_type": "Slowloris Attack"}
{"message": "Intrusion Detected: HTTP Covert Channel Detected in User-Agent: Mozilla/5.0 (Windows NT 10.0; Win64; x64) AppleWebKit/537.36 (KHTML, like Gecko) Chrome/84.0.4147.105 Safari/537.36", "timestamp": 1726414497.956661, "attack_type": "HTTP Covert Channel"}
{"message": "Intrusion Detected: Port scanning detected from 18.217.1.57", "timestamp": 1726414498.0492764, "attack_type": "Port Scan"}
{"message": "Intrusion Detected: Port scanning detected from 18.217.1.57", "timestamp": 1726414498.2071981, "attack_type": "Port Scan"}
[INFO] Flow: ('18.217.1.57', '192.168.38.104', 80, 63721, 'TCP'), Data Transferred: 179 bytes
[INFO] Flow: ('192.168.38.104', '18.217.1.57', 63723, 80, 'TCP'), Data Transferred: 66 bytes
[INFO] Flow: ('192.168.38.104', '18.217.1.57', 63722, 80, 'TCP'), Data Transferred: 623 bytes
[INFO] Packet dropped: Invalid TCP packet characteristics
[INFO] Flow: ('192.168.38.104', '18.217.1.57', 63723, 80, 'TCP'), Data Transferred: 120 bytes
[INFO] Flow: ('18.217.1.57', '192.168.38.104', 80, 63722, 'TCP'), Data Transferred: 54 bytes
[INFO] Flow: ('18.217.1.57', '192.168.38.104', 80, 63722, 'TCP'), Data Transferred: 125 bytes
[INFO] Packet dropped: Invalid TCP packet characteristics
[INFO] Flow: ('192.168.38.104', '18.217.1.57', 63722, 80, 'TCP'), Data Transferred: 677 bytes
[INFO] Packet dropped: Invalid TCP packet characteristics
{"message": "Intrusion Detected: Port scanning detected from 18.217.1.57", "timestamp": 1726414498.357749, "attack_type": "Port Scan"}
{"message": "Slowloris attack detected from 192.168.38.104: 80 half-open connections.", "timestamp": 1726414498.496114, "attack_type": "Slowloris Attack"}
{"message": "Intrusion Detected: HTTP Covert Channel Detected in User-Agent: Mozilla/5.0 (Windows NT 10.0; Win64; x64) AppleWebKit/537.36 (KHTML, like Gecko) Chrome/84.0.4147.105 Safari/537.36", "timestamp": 1726414498.62521, "attack_type": "HTTP Covert Channel"}
{"message": "Intrusion Detected: Port scanning detected from 18.217.1.57", "timestamp": 1726414498.8990219, "attack_type": "Port Scan"}
{"message": "Intrusion Detected: Port scanning detected from 18.217.1.57", "timestamp": 1726414499.0395405, "attack_type": "Port Scan"}
[INFO] Flow: ('18.217.1.57', '192.168.38.104', 80, 63722, 'TCP'), Data Transferred: 179 bytes
[INFO] Flow: ('192.168.38.104', '18.217.1.57', 63724, 80, 'TCP'), Data Transferred: 66 bytes
[INFO] Flow: ('192.168.38.104', '18.217.1.57', 63723, 80, 'TCP'), Data Transferred: 623 bytes
[INFO] Packet dropped: Invalid TCP packet characteristics
[INFO] Flow: ('192.168.38.104', '18.217.1.57', 63724, 80, 'TCP'), Data Transferred: 120 bytes
[INFO] Flow: ('18.217.1.57', '192.168.38.104', 80, 63723, 'TCP'), Data Transferred: 54 bytes
[INFO] Flow: ('18.217.1.57', '192.168.38.104', 80, 63723, 'TCP'), Data Transferred: 125 bytes
[INFO] Packet dropped: Invalid TCP packet characteristics
[INFO] Flow: ('192.168.38.104', '18.217.1.57', 63723, 80, 'TCP'), Data Transferred: 677 bytes
[INFO] Packet dropped: Invalid TCP packet characteristics
{"message": "Intrusion Detected: Port scanning detected from 18.217.1.57", "timestamp": 1726414499.1990545, "attack_type": "Port Scan"}
{"message": "Slowloris attack detected from 192.168.38.104: 81 half-open connections.", "timestamp": 1726414499.3308575, "attack_type": "Slowloris Attack"}
{"message": "Intrusion Detected: HTTP Covert Channel Detected in User-Agent: Mozilla/5.0 (Windows NT 10.0; Win64; x64) AppleWebKit/537.36 (KHTML, like Gecko) Chrome/84.0.4147.105 Safari/537.36", "timestamp": 1726414499.4315093, "attack_type": "HTTP Covert Channel"}
{"message": "Intrusion Detected: Port scanning detected from 18.217.1.57", "timestamp": 1726414499.5736718, "attack_type": "Port Scan"}
{"message": "Intrusion Detected: Port scanning detected from 18.217.1.57", "timestamp": 1726414499.7310097, "attack_type": "Port Scan"}
[INFO] Flow: ('18.217.1.57', '192.168.38.104', 80, 63723, 'TCP'), Data Transferred: 179 bytes
[INFO] Flow: ('192.168.38.104', '18.217.1.57', 63725, 80, 'TCP'), Data Transferred: 66 bytes
[INFO] Flow: ('192.168.38.104', '18.217.1.57', 63724, 80, 'TCP'), Data Transferred: 623 bytes
[INFO] Packet dropped: Invalid TCP packet characteristics
[INFO] Flow: ('192.168.38.104', '18.217.1.57', 63725, 80, 'TCP'), Data Transferred: 120 bytes
[INFO] Flow: ('18.217.1.57', '192.168.38.104', 80, 63724, 'TCP'), Data Transferred: 54 bytes
[INFO] Flow: ('18.217.1.57', '192.168.38.104', 80, 63724, 'TCP'), Data Transferred: 125 bytes
[INFO] Packet dropped: Invalid TCP packet characteristics
[INFO] Flow: ('192.168.38.104', '18.217.1.57', 63724, 80, 'TCP'), Data Transferred: 677 bytes
[INFO] Packet dropped: Invalid TCP packet characteristics
{"message": "Intrusion Detected: Port scanning detected from 18.217.1.57", "timestamp": 1726414499.8826892, "attack_type": "Port Scan"}
{"message": "Slowloris attack detected from 192.168.38.104: 82 half-open connections.", "timestamp": 1726414500.015139, "attack_type": "Slowloris Attack"}
{"message": "Intrusion Detected: HTTP Covert Channel Detected in User-Agent: Mozilla/5.0 (Windows NT 10.0; Win64; x64) AppleWebKit/537.36 (KHTML, like Gecko) Chrome/84.0.4147.105 Safari/537.36", "timestamp": 1726414500.1875663, "attack_type": "HTTP Covert Channel"}
{"message": "Intrusion Detected: Port scanning detected from 18.217.1.57", "timestamp": 1726414500.3475661, "attack_type": "Port Scan"}
{"message": "Intrusion Detected: Port scanning detected from 18.217.1.57", "timestamp": 1726414500.440064, "attack_type": "Port Scan"}
[INFO] Flow: ('18.217.1.57', '192.168.38.104', 80, 63724, 'TCP'), Data Transferred: 179 bytes
[INFO] Flow: ('192.168.38.104', '18.217.1.57', 63726, 80, 'TCP'), Data Transferred: 66 bytes
[INFO] Flow: ('192.168.38.104', '18.217.1.57', 63725, 80, 'TCP'), Data Transferred: 623 bytes
[INFO] Flow: ('18.217.1.57', '192.168.38.104', 80, 63725, 'TCP'), Data Transferred: 54 bytes
[INFO] Packet dropped: Invalid TCP packet characteristics
[INFO] Flow: ('192.168.38.104', '18.217.1.57', 63726, 80, 'TCP'), Data Transferred: 120 bytes
[INFO] Flow: ('18.217.1.57', '192.168.38.104', 80, 63725, 'TCP'), Data Transferred: 125 bytes
[INFO] Packet dropped: Invalid TCP packet characteristics
[INFO] Flow: ('192.168.38.104', '18.217.1.57', 63725, 80, 'TCP'), Data Transferred: 677 bytes
[INFO] Packet dropped: Invalid TCP packet characteristics
{"message": "Intrusion Detected: Port scanning detected from 18.217.1.57", "timestamp": 1726414500.5816126, "attack_type": "Port Scan"}
{"message": "Slowloris attack detected from 192.168.38.104: 83 half-open connections.", "timestamp": 1726414500.7315762, "attack_type": "Slowloris Attack"}
{"message": "Intrusion Detected: HTTP Covert Channel Detected in User-Agent: Mozilla/5.0 (Windows NT 10.0; Win64; x64) AppleWebKit/537.36 (KHTML, like Gecko) Chrome/84.0.4147.105 Safari/537.36", "timestamp": 1726414500.8808699, "attack_type": "HTTP Covert Channel"}
{"message": "Intrusion Detected: Port scanning detected from 18.217.1.57", "timestamp": 1726414500.973813, "attack_type": "Port Scan"}
{"message": "Intrusion Detected: Port scanning detected from 18.217.1.57", "timestamp": 1726414501.0984454, "attack_type": "Port Scan"}
[INFO] Flow: ('18.217.1.57', '192.168.38.104', 80, 63725, 'TCP'), Data Transferred: 179 bytes
[INFO] Flow: ('192.168.38.104', '18.217.1.57', 63727, 80, 'TCP'), Data Transferred: 66 bytes
[INFO] Flow: ('192.168.38.104', '18.217.1.57', 63726, 80, 'TCP'), Data Transferred: 623 bytes
[INFO] Packet dropped: Invalid TCP packet characteristics
[INFO] Flow: ('192.168.38.104', '18.217.1.57', 63727, 80, 'TCP'), Data Transferred: 120 bytes
[INFO] Flow: ('18.217.1.57', '192.168.38.104', 80, 63726, 'TCP'), Data Transferred: 54 bytes
[INFO] Flow: ('18.217.1.57', '192.168.38.104', 80, 63726, 'TCP'), Data Transferred: 125 bytes
[INFO] Packet dropped: Invalid TCP packet characteristics
[INFO] Flow: ('192.168.38.104', '18.217.1.57', 63726, 80, 'TCP'), Data Transferred: 677 bytes
[INFO] Packet dropped: Invalid TCP packet characteristics
{"message": "Intrusion Detected: Port scanning detected from 18.217.1.57", "timestamp": 1726414501.230895, "attack_type": "Port Scan"}
{"message": "Slowloris attack detected from 192.168.38.104: 84 half-open connections.", "timestamp": 1726414501.3064518, "attack_type": "Slowloris Attack"}
{"message": "Intrusion Detected: HTTP Covert Channel Detected in User-Agent: Mozilla/5.0 (Windows NT 10.0; Win64; x64) AppleWebKit/537.36 (KHTML, like Gecko) Chrome/84.0.4147.105 Safari/537.36", "timestamp": 1726414501.4397779, "attack_type": "HTTP Covert Channel"}
{"message": "Intrusion Detected: Port scanning detected from 18.217.1.57", "timestamp": 1726414501.5809128, "attack_type": "Port Scan"}
{"message": "Intrusion Detected: Port scanning detected from 18.217.1.57", "timestamp": 1726414501.7643216, "attack_type": "Port Scan"}
[INFO] Flow: ('18.217.1.57', '192.168.38.104', 80, 63726, 'TCP'), Data Transferred: 179 bytes
[INFO] Flow: ('192.168.38.104', '18.217.1.57', 63728, 80, 'TCP'), Data Transferred: 66 bytes
[INFO] Flow: ('192.168.38.104', '18.217.1.57', 63727, 80, 'TCP'), Data Transferred: 623 bytes
[INFO] Packet dropped: Invalid TCP packet characteristics
[INFO] Flow: ('192.168.38.104', '18.217.1.57', 63728, 80, 'TCP'), Data Transferred: 120 bytes
[INFO] Flow: ('18.217.1.57', '192.168.38.104', 80, 63727, 'TCP'), Data Transferred: 54 bytes
[INFO] Flow: ('18.217.1.57', '192.168.38.104', 80, 63727, 'TCP'), Data Transferred: 125 bytes
[INFO] Packet dropped: Invalid TCP packet characteristics
[INFO] Flow: ('192.168.38.104', '18.217.1.57', 63727, 80, 'TCP'), Data Transferred: 677 bytes
[INFO] Packet dropped: Invalid TCP packet characteristics
{"message": "Intrusion Detected: Port scanning detected from 18.217.1.57", "timestamp": 1726414501.905928, "attack_type": "Port Scan"}
{"message": "Slowloris attack detected from 192.168.38.104: 85 half-open connections.", "timestamp": 1726414502.056057, "attack_type": "Slowloris Attack"}
{"message": "Intrusion Detected: HTTP Covert Channel Detected in User-Agent: Mozilla/5.0 (Windows NT 10.0; Win64; x64) AppleWebKit/537.36 (KHTML, like Gecko) Chrome/84.0.4147.105 Safari/537.36", "timestamp": 1726414502.1484091, "attack_type": "HTTP Covert Channel"}
{"message": "Intrusion Detected: Port scanning detected from 18.217.1.57", "timestamp": 1726414502.3065739, "attack_type": "Port Scan"}
{"message": "Intrusion Detected: Port scanning detected from 18.217.1.57", "timestamp": 1726414502.462549, "attack_type": "Port Scan"}
[INFO] Flow: ('18.217.1.57', '192.168.38.104', 80, 63727, 'TCP'), Data Transferred: 179 bytes
[INFO] Flow: ('192.168.38.104', '18.217.1.57', 63729, 80, 'TCP'), Data Transferred: 66 bytes
[INFO] Flow: ('192.168.38.104', '18.217.1.57', 63728, 80, 'TCP'), Data Transferred: 623 bytes
[INFO] Packet dropped: Invalid TCP packet characteristics
[INFO] Flow: ('192.168.38.104', '18.217.1.57', 63729, 80, 'TCP'), Data Transferred: 120 bytes
[INFO] Flow: ('18.217.1.57', '192.168.38.104', 80, 63728, 'TCP'), Data Transferred: 54 bytes
[INFO] Flow: ('18.217.1.57', '192.168.38.104', 80, 63728, 'TCP'), Data Transferred: 125 bytes
[INFO] Packet dropped: Invalid TCP packet characteristics
[INFO] Flow: ('192.168.38.104', '18.217.1.57', 63728, 80, 'TCP'), Data Transferred: 677 bytes
[INFO] Packet dropped: Invalid TCP packet characteristics
{"message": "Intrusion Detected: Port scanning detected from 18.217.1.57", "timestamp": 1726414502.9151657, "attack_type": "Port Scan"}
{"message": "Slowloris attack detected from 192.168.38.104: 86 half-open connections.", "timestamp": 1726414503.0064986, "attack_type": "Slowloris Attack"}
{"message": "Intrusion Detected: HTTP Covert Channel Detected in User-Agent: Mozilla/5.0 (Windows NT 10.0; Win64; x64) AppleWebKit/537.36 (KHTML, like Gecko) Chrome/84.0.4147.105 Safari/537.36", "timestamp": 1726414503.1401098, "attack_type": "HTTP Covert Channel"}
{"message": "Intrusion Detected: Port scanning detected from 18.217.1.57", "timestamp": 1726414503.289903, "attack_type": "Port Scan"}
{"message": "Intrusion Detected: Port scanning detected from 18.217.1.57", "timestamp": 1726414503.4308617, "attack_type": "Port Scan"}
[INFO] Flow: ('18.217.1.57', '192.168.38.104', 80, 63728, 'TCP'), Data Transferred: 179 bytes
[INFO] Flow: ('192.168.38.104', '18.217.1.57', 63730, 80, 'TCP'), Data Transferred: 66 bytes
[INFO] Flow: ('192.168.38.104', '18.217.1.57', 63729, 80, 'TCP'), Data Transferred: 623 bytes
[INFO] Flow: ('18.217.1.57', '192.168.38.104', 80, 63729, 'TCP'), Data Transferred: 54 bytes
[INFO] Packet dropped: Invalid TCP packet characteristics
[INFO] Flow: ('192.168.38.104', '18.217.1.57', 63730, 80, 'TCP'), Data Transferred: 120 bytes
[INFO] Flow: ('18.217.1.57', '192.168.38.104', 80, 63729, 'TCP'), Data Transferred: 125 bytes
[INFO] Packet dropped: Invalid TCP packet characteristics
[INFO] Flow: ('192.168.38.104', '18.217.1.57', 63729, 80, 'TCP'), Data Transferred: 677 bytes
[INFO] Packet dropped: Invalid TCP packet characteristics
{"message": "Intrusion Detected: Port scanning detected from 18.217.1.57", "timestamp": 1726414503.5559862, "attack_type": "Port Scan"}
{"message": "Slowloris attack detected from 192.168.38.104: 87 half-open connections.", "timestamp": 1726414503.6477964, "attack_type": "Slowloris Attack"}
{"message": "Intrusion Detected: HTTP Covert Channel Detected in User-Agent: Mozilla/5.0 (Windows NT 10.0; Win64; x64) AppleWebKit/537.36 (KHTML, like Gecko) Chrome/84.0.4147.105 Safari/537.36", "timestamp": 1726414503.8155892, "attack_type": "HTTP Covert Channel"}
{"message": "Intrusion Detected: Port scanning detected from 18.217.1.57", "timestamp": 1726414503.9395657, "attack_type": "Port Scan"}
{"message": "Intrusion Detected: Port scanning detected from 18.217.1.57", "timestamp": 1726414504.0743256, "attack_type": "Port Scan"}
[INFO] Flow: ('18.217.1.57', '192.168.38.104', 80, 63729, 'TCP'), Data Transferred: 179 bytes
[INFO] Flow: ('192.168.38.104', '18.217.1.57', 63731, 80, 'TCP'), Data Transferred: 66 bytes
[INFO] Flow: ('192.168.38.104', '18.217.1.57', 63730, 80, 'TCP'), Data Transferred: 623 bytes
[INFO] Flow: ('18.217.1.57', '192.168.38.104', 80, 63730, 'TCP'), Data Transferred: 54 bytes
[INFO] Packet dropped: Invalid TCP packet characteristics
[INFO] Flow: ('192.168.38.104', '18.217.1.57', 63731, 80, 'TCP'), Data Transferred: 120 bytes
[INFO] Flow: ('18.217.1.57', '192.168.38.104', 80, 63730, 'TCP'), Data Transferred: 125 bytes
[INFO] Packet dropped: Invalid TCP packet characteristics
[INFO] Flow: ('192.168.38.104', '18.217.1.57', 63730, 80, 'TCP'), Data Transferred: 677 bytes
[INFO] Packet dropped: Invalid TCP packet characteristics
{"message": "Intrusion Detected: Port scanning detected from 18.217.1.57", "timestamp": 1726414504.248495, "attack_type": "Port Scan"}
{"message": "Slowloris attack detected from 192.168.38.104: 88 half-open connections.", "timestamp": 1726414504.356705, "attack_type": "Slowloris Attack"}
{"message": "Intrusion Detected: HTTP Covert Channel Detected in User-Agent: Mozilla/5.0 (Windows NT 10.0; Win64; x64) AppleWebKit/537.36 (KHTML, like Gecko) Chrome/84.0.4147.105 Safari/537.36", "timestamp": 1726414504.5065963, "attack_type": "HTTP Covert Channel"}
{"message": "Intrusion Detected: Port scanning detected from 18.217.1.57", "timestamp": 1726414504.65664, "attack_type": "Port Scan"}
{"message": "Intrusion Detected: Port scanning detected from 18.217.1.57", "timestamp": 1726414504.8318298, "attack_type": "Port Scan"}
[INFO] Flow: ('18.217.1.57', '192.168.38.104', 80, 63730, 'TCP'), Data Transferred: 179 bytes
[INFO] Flow: ('192.168.38.104', '18.217.1.57', 63732, 80, 'TCP'), Data Transferred: 66 bytes
[INFO] Flow: ('192.168.38.104', '18.217.1.57', 63731, 80, 'TCP'), Data Transferred: 623 bytes
[INFO] Packet dropped: Invalid TCP packet characteristics
[INFO] Flow: ('192.168.38.104', '18.217.1.57', 63732, 80, 'TCP'), Data Transferred: 120 bytes
[INFO] Flow: ('18.217.1.57', '192.168.38.104', 80, 63731, 'TCP'), Data Transferred: 54 bytes
[INFO] Flow: ('18.217.1.57', '192.168.38.104', 80, 63731, 'TCP'), Data Transferred: 125 bytes
[INFO] Packet dropped: Invalid TCP packet characteristics
[INFO] Flow: ('192.168.38.104', '18.217.1.57', 63731, 80, 'TCP'), Data Transferred: 677 bytes
[INFO] Packet dropped: Invalid TCP packet characteristics
{"message": "Intrusion Detected: Port scanning detected from 18.217.1.57", "timestamp": 1726414504.9986873, "attack_type": "Port Scan"}
{"message": "Intrusion Detected: SYN flood detected from 192.168.38.104", "timestamp": 1726414505.1896286, "attack_type": "SYN Flood"}
{"message": "Slowloris attack detected from 192.168.38.104: 89 half-open connections.", "timestamp": 1726414505.3481545, "attack_type": "Slowloris Attack"}
{"message": "Intrusion Detected: HTTP Covert Channel Detected in User-Agent: Mozilla/5.0 (Windows NT 10.0; Win64; x64) AppleWebKit/537.36 (KHTML, like Gecko) Chrome/84.0.4147.105 Safari/537.36", "timestamp": 1726414505.5145316, "attack_type": "HTTP Covert Channel"}
{"message": "Intrusion Detected: Port scanning detected from 18.217.1.57", "timestamp": 1726414505.6738894, "attack_type": "Port Scan"}
{"message": "Intrusion Detected: Port scanning detected from 18.217.1.57", "timestamp": 1726414505.8237402, "attack_type": "Port Scan"}
[INFO] Flow: ('18.217.1.57', '192.168.38.104', 80, 63731, 'TCP'), Data Transferred: 179 bytes
[INFO] Flow: ('192.168.38.104', '18.217.1.57', 63733, 80, 'TCP'), Data Transferred: 66 bytes
[INFO] Flow: ('192.168.38.104', '18.217.1.57', 63732, 80, 'TCP'), Data Transferred: 623 bytes
[INFO] Packet dropped: Invalid TCP packet characteristics
[INFO] Flow: ('192.168.38.104', '18.217.1.57', 63733, 80, 'TCP'), Data Transferred: 120 bytes
[INFO] Flow: ('18.217.1.57', '192.168.38.104', 80, 63732, 'TCP'), Data Transferred: 54 bytes
[INFO] Flow: ('18.217.1.57', '192.168.38.104', 80, 63732, 'TCP'), Data Transferred: 125 bytes
[INFO] Packet dropped: Invalid TCP packet characteristics
[INFO] Flow: ('192.168.38.104', '18.217.1.57', 63732, 80, 'TCP'), Data Transferred: 677 bytes
[INFO] Packet dropped: Invalid TCP packet characteristics
{"message": "Intrusion Detected: Port scanning detected from 18.217.1.57", "timestamp": 1726414505.9564002, "attack_type": "Port Scan"}
{"message": "Intrusion Detected: SYN flood detected from 192.168.38.104", "timestamp": 1726414506.0475323, "attack_type": "SYN Flood"}
{"message": "Slowloris attack detected from 192.168.38.104: 90 half-open connections.", "timestamp": 1726414506.172486, "attack_type": "Slowloris Attack"}
{"message": "Intrusion Detected: HTTP Covert Channel Detected in User-Agent: Mozilla/5.0 (Windows NT 10.0; Win64; x64) AppleWebKit/537.36 (KHTML, like Gecko) Chrome/84.0.4147.105 Safari/537.36", "timestamp": 1726414506.297194, "attack_type": "HTTP Covert Channel"}
{"message": "Intrusion Detected: Port scanning detected from 18.217.1.57", "timestamp": 1726414506.4563515, "attack_type": "Port Scan"}
{"message": "Intrusion Detected: Port scanning detected from 18.217.1.57", "timestamp": 1726414506.5974271, "attack_type": "Port Scan"}
[INFO] Flow: ('18.217.1.57', '192.168.38.104', 80, 63732, 'TCP'), Data Transferred: 179 bytes
[INFO] Flow: ('192.168.38.104', '18.217.1.57', 63734, 80, 'TCP'), Data Transferred: 66 bytes
[INFO] Flow: ('192.168.38.104', '18.217.1.57', 63733, 80, 'TCP'), Data Transferred: 623 bytes
[INFO] Packet dropped: Invalid TCP packet characteristics
[INFO] Flow: ('192.168.38.104', '18.217.1.57', 63734, 80, 'TCP'), Data Transferred: 120 bytes
[INFO] Flow: ('18.217.1.57', '192.168.38.104', 80, 63733, 'TCP'), Data Transferred: 54 bytes
[INFO] Flow: ('18.217.1.57', '192.168.38.104', 80, 63733, 'TCP'), Data Transferred: 125 bytes
[INFO] Packet dropped: Invalid TCP packet characteristics
[INFO] Flow: ('192.168.38.104', '18.217.1.57', 63733, 80, 'TCP'), Data Transferred: 677 bytes
[INFO] Packet dropped: Invalid TCP packet characteristics
{"message": "Intrusion Detected: Port scanning detected from 18.217.1.57", "timestamp": 1726414506.6984599, "attack_type": "Port Scan"}
{"message": "Intrusion Detected: SYN flood detected from 192.168.38.104", "timestamp": 1726414506.8557935, "attack_type": "SYN Flood"}
{"message": "Slowloris attack detected from 192.168.38.104: 91 half-open connections.", "timestamp": 1726414506.997472, "attack_type": "Slowloris Attack"}
{"message": "Intrusion Detected: HTTP Covert Channel Detected in User-Agent: Mozilla/5.0 (Windows NT 10.0; Win64; x64) AppleWebKit/537.36 (KHTML, like Gecko) Chrome/84.0.4147.105 Safari/537.36", "timestamp": 1726414507.147378, "attack_type": "HTTP Covert Channel"}
{"message": "Intrusion Detected: Port scanning detected from 18.217.1.57", "timestamp": 1726414507.2814865, "attack_type": "Port Scan"}
{"message": "Intrusion Detected: Port scanning detected from 18.217.1.57", "timestamp": 1726414507.4484444, "attack_type": "Port Scan"}
[INFO] Flow: ('18.217.1.57', '192.168.38.104', 80, 63733, 'TCP'), Data Transferred: 179 bytes
[INFO] Flow: ('192.168.38.104', '18.217.1.57', 63735, 80, 'TCP'), Data Transferred: 66 bytes
[INFO] Flow: ('192.168.38.104', '18.217.1.57', 63734, 80, 'TCP'), Data Transferred: 623 bytes
[INFO] Packet dropped: Invalid TCP packet characteristics
[INFO] Flow: ('192.168.38.104', '18.217.1.57', 63735, 80, 'TCP'), Data Transferred: 120 bytes
[INFO] Flow: ('18.217.1.57', '192.168.38.104', 80, 63734, 'TCP'), Data Transferred: 54 bytes
[INFO] Flow: ('18.217.1.57', '192.168.38.104', 80, 63734, 'TCP'), Data Transferred: 125 bytes
[INFO] Packet dropped: Invalid TCP packet characteristics
[INFO] Flow: ('192.168.38.104', '18.217.1.57', 63734, 80, 'TCP'), Data Transferred: 677 bytes
[INFO] Packet dropped: Invalid TCP packet characteristics
{"message": "Intrusion Detected: Port scanning detected from 18.217.1.57", "timestamp": 1726414507.6153314, "attack_type": "Port Scan"}
{"message": "Intrusion Detected: SYN flood detected from 192.168.38.104", "timestamp": 1726414507.7807775, "attack_type": "SYN Flood"}
{"message": "Slowloris attack detected from 192.168.38.104: 92 half-open connections.", "timestamp": 1726414507.9386523, "attack_type": "Slowloris Attack"}
{"message": "Intrusion Detected: HTTP Covert Channel Detected in User-Agent: Mozilla/5.0 (Windows NT 10.0; Win64; x64) AppleWebKit/537.36 (KHTML, like Gecko) Chrome/84.0.4147.105 Safari/537.36", "timestamp": 1726414508.0954711, "attack_type": "HTTP Covert Channel"}
{"message": "Intrusion Detected: Port scanning detected from 18.217.1.57", "timestamp": 1726414508.276505, "attack_type": "Port Scan"}
{"message": "Intrusion Detected: Port scanning detected from 18.217.1.57", "timestamp": 1726414508.4046135, "attack_type": "Port Scan"}
[INFO] Flow: ('18.217.1.57', '192.168.38.104', 80, 63734, 'TCP'), Data Transferred: 179 bytes
[INFO] Flow: ('192.168.38.104', '18.217.1.57', 63736, 80, 'TCP'), Data Transferred: 66 bytes
[INFO] Flow: ('192.168.38.104', '18.217.1.57', 63735, 80, 'TCP'), Data Transferred: 623 bytes
[INFO] Packet dropped: Invalid TCP packet characteristics
[INFO] Flow: ('192.168.38.104', '18.217.1.57', 63736, 80, 'TCP'), Data Transferred: 120 bytes
[INFO] Flow: ('18.217.1.57', '192.168.38.104', 80, 63735, 'TCP'), Data Transferred: 54 bytes
[INFO] Flow: ('18.217.1.57', '192.168.38.104', 80, 63735, 'TCP'), Data Transferred: 125 bytes
[INFO] Packet dropped: Invalid TCP packet characteristics
[INFO] Flow: ('192.168.38.104', '18.217.1.57', 63735, 80, 'TCP'), Data Transferred: 677 bytes
[INFO] Packet dropped: Invalid TCP packet characteristics
{"message": "Intrusion Detected: Port scanning detected from 18.217.1.57", "timestamp": 1726414508.5065022, "attack_type": "Port Scan"}
{"message": "Intrusion Detected: SYN flood detected from 192.168.38.104", "timestamp": 1726414508.6570292, "attack_type": "SYN Flood"}
{"message": "Slowloris attack detected from 192.168.38.104: 93 half-open connections.", "timestamp": 1726414508.7894228, "attack_type": "Slowloris Attack"}
{"message": "Intrusion Detected: HTTP Covert Channel Detected in User-Agent: Mozilla/5.0 (Windows NT 10.0; Win64; x64) AppleWebKit/537.36 (KHTML, like Gecko) Chrome/84.0.4147.105 Safari/537.36", "timestamp": 1726414508.906217, "attack_type": "HTTP Covert Channel"}
{"message": "Intrusion Detected: Port scanning detected from 18.217.1.57", "timestamp": 1726414508.9815004, "attack_type": "Port Scan"}
{"message": "Intrusion Detected: Port scanning detected from 18.217.1.57", "timestamp": 1726414509.113973, "attack_type": "Port Scan"}
[INFO] Flow: ('18.217.1.57', '192.168.38.104', 80, 63735, 'TCP'), Data Transferred: 179 bytes
[INFO] Flow: ('192.168.38.104', '18.217.1.57', 63737, 80, 'TCP'), Data Transferred: 66 bytes
[INFO] Flow: ('192.168.38.104', '18.217.1.57', 63736, 80, 'TCP'), Data Transferred: 623 bytes
[INFO] Packet dropped: Invalid TCP packet characteristics
[INFO] Flow: ('192.168.38.104', '18.217.1.57', 63737, 80, 'TCP'), Data Transferred: 120 bytes
[INFO] Flow: ('18.217.1.57', '192.168.38.104', 80, 63736, 'TCP'), Data Transferred: 54 bytes
[INFO] Flow: ('18.217.1.57', '192.168.38.104', 80, 63736, 'TCP'), Data Transferred: 125 bytes
[INFO] Packet dropped: Invalid TCP packet characteristics
[INFO] Flow: ('192.168.38.104', '18.217.1.57', 63736, 80, 'TCP'), Data Transferred: 677 bytes
[INFO] Packet dropped: Invalid TCP packet characteristics
{"message": "Intrusion Detected: Port scanning detected from 18.217.1.57", "timestamp": 1726414509.24742, "attack_type": "Port Scan"}
{"message": "Traffic Anomaly Detected: 192.168.38.104 shows sudden traffic spike. Current: 102751, Avg: 10640.0", "timestamp": 1726414509.3973184, "attack_type": "Traffic Anomaly"}
{"message": "Traffic Anomaly Detected: 192.168.38.104 shows sudden traffic spike. Current: 106359, Avg: 21208.2", "timestamp": 1726414509.5568075, "attack_type": "Traffic Anomaly"}
{"message": "Traffic Anomaly Detected: 192.168.38.104 shows sudden traffic spike. Current: 106413, Avg: 31842.9", "timestamp": 1726414509.6651564, "attack_type": "Traffic Anomaly"}
{"message": "Traffic Anomaly Detected: 192.168.38.104 shows sudden traffic spike. Current: 106803, Avg: 42460.9", "timestamp": 1726414509.8407924, "attack_type": "Traffic Anomaly"}
{"message": "Traffic Anomaly Detected: 192.168.38.104 shows sudden traffic spike. Current: 109359, Avg: 53384.8", "timestamp": 1726414510.0812092, "attack_type": "Traffic Anomaly"}
[INFO] Flow: ('18.217.1.57', '192.168.38.104', 80, 63736, 'TCP'), Data Transferred: 179 bytes
[INFO] Flow: ('192.168.38.104', '192.168.38.103', 63635, 5985, 'TCP'), Data Transferred: 102751 bytes
[INFO] Flow: ('192.168.38.104', '192.168.38.103', 63635, 5985, 'TCP'), Data Transferred: 106359 bytes
[INFO] Flow: ('192.168.38.103', '192.168.38.104', 5985, 63635, 'TCP'), Data Transferred: 59891 bytes
[INFO] Flow: ('192.168.38.103', '192.168.38.104', 5985, 63635, 'TCP'), Data Transferred: 61405 bytes
[INFO] Flow: ('192.168.38.103', '192.168.38.104', 5985, 63635, 'TCP'), Data Transferred: 61958 bytes
[INFO] Flow: ('192.168.38.104', '192.168.38.103', 63635, 5985, 'TCP'), Data Transferred: 106413 bytes
[INFO] Flow: ('192.168.38.104', '192.168.38.103', 63635, 5985, 'TCP'), Data Transferred: 106803 bytes
[INFO] Flow: ('192.168.38.104', '192.168.38.103', 63635, 5985, 'TCP'), Data Transferred: 109359 bytes
[INFO] Flow: ('192.168.38.103', '192.168.38.104', 5985, 63635, 'TCP'), Data Transferred: 62012 bytes
[INFO] Flow: ('192.168.38.103', '192.168.38.104', 5985, 63635, 'TCP'), Data Transferred: 63526 bytes
[INFO] Flow: ('192.168.38.103', '192.168.38.104', 5985, 63635, 'TCP'), Data Transferred: 64079 bytes
[INFO] Flow: ('192.168.38.104', '192.168.38.103', 63635, 5985, 'TCP'), Data Transferred: 109413 bytes
[INFO] Flow: ('192.168.38.104', '192.168.38.103', 63635, 5985, 'TCP'), Data Transferred: 109803 bytes
[INFO] Flow: ('192.168.38.104', '192.168.38.103', 63635, 5985, 'TCP'), Data Transferred: 112351 bytes
[INFO] Flow: ('192.168.38.103', '192.168.38.104', 5985, 63635, 'TCP'), Data Transferred: 64133 bytes
[INFO] Flow: ('192.168.38.103', '192.168.38.104', 5985, 63635, 'TCP'), Data Transferred: 65647 bytes
[INFO] Flow: ('192.168.38.103', '192.168.38.104', 5985, 63635, 'TCP'), Data Transferred: 66200 bytes
[INFO] Flow: ('192.168.38.104', '192.168.38.103', 63635, 5985, 'TCP'), Data Transferred: 112405 bytes
[INFO] Flow: ('192.168.38.104', '192.168.38.103', 63635, 5985, 'TCP'), Data Transferred: 112795 bytes
[INFO] Flow: ('192.168.38.104', '192.168.38.103', 63635, 5985, 'TCP'), Data Transferred: 115347 bytes
[INFO] Flow: ('192.168.38.103', '192.168.38.104', 5985, 63635, 'TCP'), Data Transferred: 66254 bytes
[INFO] Flow: ('192.168.38.103', '192.168.38.104', 5985, 63635, 'TCP'), Data Transferred: 67768 bytes
[INFO] Flow: ('192.168.38.103', '192.168.38.104', 5985, 63635, 'TCP'), Data Transferred: 68321 bytes
[INFO] Flow: ('192.168.38.104', '192.168.38.103', 63635, 5985, 'TCP'), Data Transferred: 115401 bytes
[INFO] Flow: ('192.168.38.104', '192.168.38.103', 63635, 5985, 'TCP'), Data Transferred: 115791 bytes
[INFO] Flow: ('192.168.38.104', '192.168.38.103', 63635, 5985, 'TCP'), Data Transferred: 118343 bytes
[INFO] Flow: ('192.168.38.103', '192.168.38.104', 5985, 63635, 'TCP'), Data Transferred: 68375 bytes
[INFO] Flow: ('192.168.38.103', '192.168.38.104', 5985, 63635, 'TCP'), Data Transferred: 69889 bytes
[INFO] Flow: ('192.168.38.103', '192.168.38.104', 5985, 63635, 'TCP'), Data Transferred: 70442 bytes
